FFF..FFFF.FFFFFFFFFFFFFFFFFFFFFFFFFFFFFFFFFFFFFFFFFFFFFF...F.FFEFFFEEEFE [ 20%]
EEFEEFFEFFEEFFFF...F.F...FFFFFFFFFFFF.FFF..FFF..FFFFFFFFFFFFF..FFFFFFFFF [ 41%]
.FFFFF..F.F.....FFx.x.FFFFFFFFFFF...F.FFFF.F..s......................... [ 62%]
..FF..F.F.FFFFFFFF................FF....FFFFFFFFFFF.................Fsss [ 82%]
ssssssssssss..........EEEEEEEEEEEEE.........FFFFFFF.........             [100%]
==================================== ERRORS ====================================
________________ ERROR at setup of test_basic_layer_conversion _________________

    @pytest.fixture
    def layer_transformer():
        """Create a LayerTransformer instance."""
>       return LayerTransformer()

converter/tests/integration/test_zmk_to_kanata_conversion.py:23: 
_ _ _ _ _ _ _ _ _ _ _ _ _ _ _ _ _ _ _ _ _ _ _ _ _ _ _ _ _ _ _ _ _ _ _ _ _ _ _ _ 

self = <converter.layer_transformer.LayerTransformer object at 0x102f8cca0>
is_mac = False

    def __init__(self, is_mac: bool = False):
        """Initialize the transformer.
    
        Args:
            is_mac: Whether to use Mac-specific modifiers
        """
        self.hold_tap_transformer = HoldTapTransformer()
        self.macro_transformer = MacroTransformer()
        self.sticky_key_transformer = StickyKeyTransformer()
        self.key_sequence_transformer = KeySequenceTransformer()
>       self.homerow_mod_transformer = HomeRowModTransformer(is_mac=is_mac)
E       TypeError: HomerowModTransformer.__init__() got an unexpected keyword argument 'is_mac'

converter/layer_transformer.py:50: TypeError
_______________ ERROR at setup of test_complex_layer_conversion ________________

    @pytest.fixture
    def layer_transformer():
        """Create a LayerTransformer instance."""
>       return LayerTransformer()

converter/tests/integration/test_zmk_to_kanata_conversion.py:23: 
_ _ _ _ _ _ _ _ _ _ _ _ _ _ _ _ _ _ _ _ _ _ _ _ _ _ _ _ _ _ _ _ _ _ _ _ _ _ _ _ 

self = <converter.layer_transformer.LayerTransformer object at 0x102f3f430>
is_mac = False

    def __init__(self, is_mac: bool = False):
        """Initialize the transformer.
    
        Args:
            is_mac: Whether to use Mac-specific modifiers
        """
        self.hold_tap_transformer = HoldTapTransformer()
        self.macro_transformer = MacroTransformer()
        self.sticky_key_transformer = StickyKeyTransformer()
        self.key_sequence_transformer = KeySequenceTransformer()
>       self.homerow_mod_transformer = HomeRowModTransformer(is_mac=is_mac)
E       TypeError: HomerowModTransformer.__init__() got an unexpected keyword argument 'is_mac'

converter/layer_transformer.py:50: TypeError
_______________ ERROR at setup of test_mixed_behavior_conversion _______________

    @pytest.fixture
    def layer_transformer():
        """Create a LayerTransformer instance."""
>       return LayerTransformer()

converter/tests/integration/test_zmk_to_kanata_conversion.py:23: 
_ _ _ _ _ _ _ _ _ _ _ _ _ _ _ _ _ _ _ _ _ _ _ _ _ _ _ _ _ _ _ _ _ _ _ _ _ _ _ _ 

self = <converter.layer_transformer.LayerTransformer object at 0x102f56860>
is_mac = False

    def __init__(self, is_mac: bool = False):
        """Initialize the transformer.
    
        Args:
            is_mac: Whether to use Mac-specific modifiers
        """
        self.hold_tap_transformer = HoldTapTransformer()
        self.macro_transformer = MacroTransformer()
        self.sticky_key_transformer = StickyKeyTransformer()
        self.key_sequence_transformer = KeySequenceTransformer()
>       self.homerow_mod_transformer = HomeRowModTransformer(is_mac=is_mac)
E       TypeError: HomerowModTransformer.__init__() got an unexpected keyword argument 'is_mac'

converter/layer_transformer.py:50: TypeError
________________ ERROR at setup of test_empty_layer_conversion _________________

    @pytest.fixture
    def layer_transformer():
        """Create a LayerTransformer instance."""
>       return LayerTransformer()

converter/tests/integration/test_zmk_to_kanata_conversion_edge_cases.py:22: 
_ _ _ _ _ _ _ _ _ _ _ _ _ _ _ _ _ _ _ _ _ _ _ _ _ _ _ _ _ _ _ _ _ _ _ _ _ _ _ _ 

self = <converter.layer_transformer.LayerTransformer object at 0x102d7ee60>
is_mac = False

    def __init__(self, is_mac: bool = False):
        """Initialize the transformer.
    
        Args:
            is_mac: Whether to use Mac-specific modifiers
        """
        self.hold_tap_transformer = HoldTapTransformer()
        self.macro_transformer = MacroTransformer()
        self.sticky_key_transformer = StickyKeyTransformer()
        self.key_sequence_transformer = KeySequenceTransformer()
>       self.homerow_mod_transformer = HomeRowModTransformer(is_mac=is_mac)
E       TypeError: HomerowModTransformer.__init__() got an unexpected keyword argument 'is_mac'

converter/layer_transformer.py:50: TypeError
______________ ERROR at setup of test_nested_behavior_conversion _______________

    @pytest.fixture
    def layer_transformer():
        """Create a LayerTransformer instance."""
>       return LayerTransformer()

converter/tests/integration/test_zmk_to_kanata_conversion_edge_cases.py:22: 
_ _ _ _ _ _ _ _ _ _ _ _ _ _ _ _ _ _ _ _ _ _ _ _ _ _ _ _ _ _ _ _ _ _ _ _ _ _ _ _ 

self = <converter.layer_transformer.LayerTransformer object at 0x102cbfd60>
is_mac = False

    def __init__(self, is_mac: bool = False):
        """Initialize the transformer.
    
        Args:
            is_mac: Whether to use Mac-specific modifiers
        """
        self.hold_tap_transformer = HoldTapTransformer()
        self.macro_transformer = MacroTransformer()
        self.sticky_key_transformer = StickyKeyTransformer()
        self.key_sequence_transformer = KeySequenceTransformer()
>       self.homerow_mod_transformer = HomeRowModTransformer(is_mac=is_mac)
E       TypeError: HomerowModTransformer.__init__() got an unexpected keyword argument 'is_mac'

converter/layer_transformer.py:50: TypeError
_______________ ERROR at setup of test_invalid_layer_references ________________

    @pytest.fixture
    def layer_transformer():
        """Create a LayerTransformer instance."""
>       return LayerTransformer()

converter/tests/integration/test_zmk_to_kanata_conversion_edge_cases.py:22: 
_ _ _ _ _ _ _ _ _ _ _ _ _ _ _ _ _ _ _ _ _ _ _ _ _ _ _ _ _ _ _ _ _ _ _ _ _ _ _ _ 

self = <converter.layer_transformer.LayerTransformer object at 0x102d06b90>
is_mac = False

    def __init__(self, is_mac: bool = False):
        """Initialize the transformer.
    
        Args:
            is_mac: Whether to use Mac-specific modifiers
        """
        self.hold_tap_transformer = HoldTapTransformer()
        self.macro_transformer = MacroTransformer()
        self.sticky_key_transformer = StickyKeyTransformer()
        self.key_sequence_transformer = KeySequenceTransformer()
>       self.homerow_mod_transformer = HomeRowModTransformer(is_mac=is_mac)
E       TypeError: HomerowModTransformer.__init__() got an unexpected keyword argument 'is_mac'

converter/layer_transformer.py:50: TypeError
_____________ ERROR at setup of test_special_character_conversion ______________

    @pytest.fixture
    def layer_transformer():
        """Create a LayerTransformer instance."""
>       return LayerTransformer()

converter/tests/integration/test_zmk_to_kanata_conversion_edge_cases.py:22: 
_ _ _ _ _ _ _ _ _ _ _ _ _ _ _ _ _ _ _ _ _ _ _ _ _ _ _ _ _ _ _ _ _ _ _ _ _ _ _ _ 

self = <converter.layer_transformer.LayerTransformer object at 0x102dc6050>
is_mac = False

    def __init__(self, is_mac: bool = False):
        """Initialize the transformer.
    
        Args:
            is_mac: Whether to use Mac-specific modifiers
        """
        self.hold_tap_transformer = HoldTapTransformer()
        self.macro_transformer = MacroTransformer()
        self.sticky_key_transformer = StickyKeyTransformer()
        self.key_sequence_transformer = KeySequenceTransformer()
>       self.homerow_mod_transformer = HomeRowModTransformer(is_mac=is_mac)
E       TypeError: HomerowModTransformer.__init__() got an unexpected keyword argument 'is_mac'

converter/layer_transformer.py:50: TypeError
_______________ ERROR at setup of test_malformed_input_recovery ________________

    @pytest.fixture
    def layer_transformer():
        """Create a LayerTransformer instance."""
>       return LayerTransformer()

converter/tests/integration/test_zmk_to_kanata_conversion_edge_cases.py:22: 
_ _ _ _ _ _ _ _ _ _ _ _ _ _ _ _ _ _ _ _ _ _ _ _ _ _ _ _ _ _ _ _ _ _ _ _ _ _ _ _ 

self = <converter.layer_transformer.LayerTransformer object at 0x102d0e260>
is_mac = False

    def __init__(self, is_mac: bool = False):
        """Initialize the transformer.
    
        Args:
            is_mac: Whether to use Mac-specific modifiers
        """
        self.hold_tap_transformer = HoldTapTransformer()
        self.macro_transformer = MacroTransformer()
        self.sticky_key_transformer = StickyKeyTransformer()
        self.key_sequence_transformer = KeySequenceTransformer()
>       self.homerow_mod_transformer = HomeRowModTransformer(is_mac=is_mac)
E       TypeError: HomerowModTransformer.__init__() got an unexpected keyword argument 'is_mac'

converter/layer_transformer.py:50: TypeError
_________________ ERROR at setup of test_syntax_error_recovery _________________

    @pytest.fixture
    def layer_transformer():
        """Create a LayerTransformer instance."""
>       return LayerTransformer()

converter/tests/integration/test_zmk_to_kanata_error_handling.py:23: 
_ _ _ _ _ _ _ _ _ _ _ _ _ _ _ _ _ _ _ _ _ _ _ _ _ _ _ _ _ _ _ _ _ _ _ _ _ _ _ _ 

self = <converter.layer_transformer.LayerTransformer object at 0x102f8c1f0>
is_mac = False

    def __init__(self, is_mac: bool = False):
        """Initialize the transformer.
    
        Args:
            is_mac: Whether to use Mac-specific modifiers
        """
        self.hold_tap_transformer = HoldTapTransformer()
        self.macro_transformer = MacroTransformer()
        self.sticky_key_transformer = StickyKeyTransformer()
        self.key_sequence_transformer = KeySequenceTransformer()
>       self.homerow_mod_transformer = HomeRowModTransformer(is_mac=is_mac)
E       TypeError: HomerowModTransformer.__init__() got an unexpected keyword argument 'is_mac'

converter/layer_transformer.py:50: TypeError
________________ ERROR at setup of test_layer_validation_errors ________________

    @pytest.fixture
    def layer_transformer():
        """Create a LayerTransformer instance."""
>       return LayerTransformer()

converter/tests/integration/test_zmk_to_kanata_error_handling.py:23: 
_ _ _ _ _ _ _ _ _ _ _ _ _ _ _ _ _ _ _ _ _ _ _ _ _ _ _ _ _ _ _ _ _ _ _ _ _ _ _ _ 

self = <converter.layer_transformer.LayerTransformer object at 0x102573df0>
is_mac = False

    def __init__(self, is_mac: bool = False):
        """Initialize the transformer.
    
        Args:
            is_mac: Whether to use Mac-specific modifiers
        """
        self.hold_tap_transformer = HoldTapTransformer()
        self.macro_transformer = MacroTransformer()
        self.sticky_key_transformer = StickyKeyTransformer()
        self.key_sequence_transformer = KeySequenceTransformer()
>       self.homerow_mod_transformer = HomeRowModTransformer(is_mac=is_mac)
E       TypeError: HomerowModTransformer.__init__() got an unexpected keyword argument 'is_mac'

converter/layer_transformer.py:50: TypeError
___________________ ERROR at setup of test_partial_recovery ____________________

    @pytest.fixture
    def layer_transformer():
        """Create a LayerTransformer instance."""
>       return LayerTransformer()

converter/tests/integration/test_zmk_to_kanata_error_handling.py:23: 
_ _ _ _ _ _ _ _ _ _ _ _ _ _ _ _ _ _ _ _ _ _ _ _ _ _ _ _ _ _ _ _ _ _ _ _ _ _ _ _ 

self = <converter.layer_transformer.LayerTransformer object at 0x102d0f160>
is_mac = False

    def __init__(self, is_mac: bool = False):
        """Initialize the transformer.
    
        Args:
            is_mac: Whether to use Mac-specific modifiers
        """
        self.hold_tap_transformer = HoldTapTransformer()
        self.macro_transformer = MacroTransformer()
        self.sticky_key_transformer = StickyKeyTransformer()
        self.key_sequence_transformer = KeySequenceTransformer()
>       self.homerow_mod_transformer = HomeRowModTransformer(is_mac=is_mac)
E       TypeError: HomerowModTransformer.__init__() got an unexpected keyword argument 'is_mac'

converter/layer_transformer.py:50: TypeError
_______________ ERROR at setup of test_error_recovery_strategies _______________

    @pytest.fixture
    def layer_transformer():
        """Create a LayerTransformer instance."""
>       return LayerTransformer()

converter/tests/integration/test_zmk_to_kanata_error_handling.py:23: 
_ _ _ _ _ _ _ _ _ _ _ _ _ _ _ _ _ _ _ _ _ _ _ _ _ _ _ _ _ _ _ _ _ _ _ _ _ _ _ _ 

self = <converter.layer_transformer.LayerTransformer object at 0x102d05360>
is_mac = False

    def __init__(self, is_mac: bool = False):
        """Initialize the transformer.
    
        Args:
            is_mac: Whether to use Mac-specific modifiers
        """
        self.hold_tap_transformer = HoldTapTransformer()
        self.macro_transformer = MacroTransformer()
        self.sticky_key_transformer = StickyKeyTransformer()
        self.key_sequence_transformer = KeySequenceTransformer()
>       self.homerow_mod_transformer = HomeRowModTransformer(is_mac=is_mac)
E       TypeError: HomerowModTransformer.__init__() got an unexpected keyword argument 'is_mac'

converter/layer_transformer.py:50: TypeError
_______________ ERROR at setup of test_basic_key_transformations _______________

    @pytest.fixture
    def transformer():
        """Create a LayerTransformer instance."""
>       return LayerTransformer()

converter/tests/unit/transformer/test_layer_transformer.py:12: 
_ _ _ _ _ _ _ _ _ _ _ _ _ _ _ _ _ _ _ _ _ _ _ _ _ _ _ _ _ _ _ _ _ _ _ _ _ _ _ _ 

self = <converter.layer_transformer.LayerTransformer object at 0x102d689a0>
is_mac = False

    def __init__(self, is_mac: bool = False):
        """Initialize the transformer.
    
        Args:
            is_mac: Whether to use Mac-specific modifiers
        """
        self.hold_tap_transformer = HoldTapTransformer()
        self.macro_transformer = MacroTransformer()
        self.sticky_key_transformer = StickyKeyTransformer()
        self.key_sequence_transformer = KeySequenceTransformer()
>       self.homerow_mod_transformer = HomeRowModTransformer(is_mac=is_mac)
E       TypeError: HomerowModTransformer.__init__() got an unexpected keyword argument 'is_mac'

converter/layer_transformer.py:50: TypeError
______________ ERROR at setup of test_special_key_transformations ______________

    @pytest.fixture
    def transformer():
        """Create a LayerTransformer instance."""
>       return LayerTransformer()

converter/tests/unit/transformer/test_layer_transformer.py:12: 
_ _ _ _ _ _ _ _ _ _ _ _ _ _ _ _ _ _ _ _ _ _ _ _ _ _ _ _ _ _ _ _ _ _ _ _ _ _ _ _ 

self = <converter.layer_transformer.LayerTransformer object at 0x1036ffa00>
is_mac = False

    def __init__(self, is_mac: bool = False):
        """Initialize the transformer.
    
        Args:
            is_mac: Whether to use Mac-specific modifiers
        """
        self.hold_tap_transformer = HoldTapTransformer()
        self.macro_transformer = MacroTransformer()
        self.sticky_key_transformer = StickyKeyTransformer()
        self.key_sequence_transformer = KeySequenceTransformer()
>       self.homerow_mod_transformer = HomeRowModTransformer(is_mac=is_mac)
E       TypeError: HomerowModTransformer.__init__() got an unexpected keyword argument 'is_mac'

converter/layer_transformer.py:50: TypeError
_____________ ERROR at setup of test_layer_control_transformations _____________

    @pytest.fixture
    def transformer():
        """Create a LayerTransformer instance."""
>       return LayerTransformer()

converter/tests/unit/transformer/test_layer_transformer.py:12: 
_ _ _ _ _ _ _ _ _ _ _ _ _ _ _ _ _ _ _ _ _ _ _ _ _ _ _ _ _ _ _ _ _ _ _ _ _ _ _ _ 

self = <converter.layer_transformer.LayerTransformer object at 0x1026826e0>
is_mac = False

    def __init__(self, is_mac: bool = False):
        """Initialize the transformer.
    
        Args:
            is_mac: Whether to use Mac-specific modifiers
        """
        self.hold_tap_transformer = HoldTapTransformer()
        self.macro_transformer = MacroTransformer()
        self.sticky_key_transformer = StickyKeyTransformer()
        self.key_sequence_transformer = KeySequenceTransformer()
>       self.homerow_mod_transformer = HomeRowModTransformer(is_mac=is_mac)
E       TypeError: HomerowModTransformer.__init__() got an unexpected keyword argument 'is_mac'

converter/layer_transformer.py:50: TypeError
_____________ ERROR at setup of test_key_sequence_transformations ______________

    @pytest.fixture
    def transformer():
        """Create a LayerTransformer instance."""
>       return LayerTransformer()

converter/tests/unit/transformer/test_layer_transformer.py:12: 
_ _ _ _ _ _ _ _ _ _ _ _ _ _ _ _ _ _ _ _ _ _ _ _ _ _ _ _ _ _ _ _ _ _ _ _ _ _ _ _ 

self = <converter.layer_transformer.LayerTransformer object at 0x102f8d570>
is_mac = False

    def __init__(self, is_mac: bool = False):
        """Initialize the transformer.
    
        Args:
            is_mac: Whether to use Mac-specific modifiers
        """
        self.hold_tap_transformer = HoldTapTransformer()
        self.macro_transformer = MacroTransformer()
        self.sticky_key_transformer = StickyKeyTransformer()
        self.key_sequence_transformer = KeySequenceTransformer()
>       self.homerow_mod_transformer = HomeRowModTransformer(is_mac=is_mac)
E       TypeError: HomerowModTransformer.__init__() got an unexpected keyword argument 'is_mac'

converter/layer_transformer.py:50: TypeError
_________________ ERROR at setup of test_layer_transformations _________________

    @pytest.fixture
    def transformer():
        """Create a LayerTransformer instance."""
>       return LayerTransformer()

converter/tests/unit/transformer/test_layer_transformer.py:12: 
_ _ _ _ _ _ _ _ _ _ _ _ _ _ _ _ _ _ _ _ _ _ _ _ _ _ _ _ _ _ _ _ _ _ _ _ _ _ _ _ 

self = <converter.layer_transformer.LayerTransformer object at 0x1026163b0>
is_mac = False

    def __init__(self, is_mac: bool = False):
        """Initialize the transformer.
    
        Args:
            is_mac: Whether to use Mac-specific modifiers
        """
        self.hold_tap_transformer = HoldTapTransformer()
        self.macro_transformer = MacroTransformer()
        self.sticky_key_transformer = StickyKeyTransformer()
        self.key_sequence_transformer = KeySequenceTransformer()
>       self.homerow_mod_transformer = HomeRowModTransformer(is_mac=is_mac)
E       TypeError: HomerowModTransformer.__init__() got an unexpected keyword argument 'is_mac'

converter/layer_transformer.py:50: TypeError
____________ ERROR at setup of test_binding_matrix_transformations _____________

    @pytest.fixture
    def transformer():
        """Create a LayerTransformer instance."""
>       return LayerTransformer()

converter/tests/unit/transformer/test_layer_transformer.py:12: 
_ _ _ _ _ _ _ _ _ _ _ _ _ _ _ _ _ _ _ _ _ _ _ _ _ _ _ _ _ _ _ _ _ _ _ _ _ _ _ _ 

self = <converter.layer_transformer.LayerTransformer object at 0x102c856c0>
is_mac = False

    def __init__(self, is_mac: bool = False):
        """Initialize the transformer.
    
        Args:
            is_mac: Whether to use Mac-specific modifiers
        """
        self.hold_tap_transformer = HoldTapTransformer()
        self.macro_transformer = MacroTransformer()
        self.sticky_key_transformer = StickyKeyTransformer()
        self.key_sequence_transformer = KeySequenceTransformer()
>       self.homerow_mod_transformer = HomeRowModTransformer(is_mac=is_mac)
E       TypeError: HomerowModTransformer.__init__() got an unexpected keyword argument 'is_mac'

converter/layer_transformer.py:50: TypeError
______________ ERROR at setup of test_empty_layer_transformation _______________

    @pytest.fixture
    def transformer():
        """Create a LayerTransformer instance."""
>       return LayerTransformer()

converter/tests/unit/transformer/test_layer_transformer_edge_cases.py:12: 
_ _ _ _ _ _ _ _ _ _ _ _ _ _ _ _ _ _ _ _ _ _ _ _ _ _ _ _ _ _ _ _ _ _ _ _ _ _ _ _ 

self = <converter.layer_transformer.LayerTransformer object at 0x102dc67d0>
is_mac = False

    def __init__(self, is_mac: bool = False):
        """Initialize the transformer.
    
        Args:
            is_mac: Whether to use Mac-specific modifiers
        """
        self.hold_tap_transformer = HoldTapTransformer()
        self.macro_transformer = MacroTransformer()
        self.sticky_key_transformer = StickyKeyTransformer()
        self.key_sequence_transformer = KeySequenceTransformer()
>       self.homerow_mod_transformer = HomeRowModTransformer(is_mac=is_mac)
E       TypeError: HomerowModTransformer.__init__() got an unexpected keyword argument 'is_mac'

converter/layer_transformer.py:50: TypeError
_______________ ERROR at setup of test_layer_with_empty_bindings _______________

    @pytest.fixture
    def transformer():
        """Create a LayerTransformer instance."""
>       return LayerTransformer()

converter/tests/unit/transformer/test_layer_transformer_edge_cases.py:12: 
_ _ _ _ _ _ _ _ _ _ _ _ _ _ _ _ _ _ _ _ _ _ _ _ _ _ _ _ _ _ _ _ _ _ _ _ _ _ _ _ 

self = <converter.layer_transformer.LayerTransformer object at 0x102eb7610>
is_mac = False

    def __init__(self, is_mac: bool = False):
        """Initialize the transformer.
    
        Args:
            is_mac: Whether to use Mac-specific modifiers
        """
        self.hold_tap_transformer = HoldTapTransformer()
        self.macro_transformer = MacroTransformer()
        self.sticky_key_transformer = StickyKeyTransformer()
        self.key_sequence_transformer = KeySequenceTransformer()
>       self.homerow_mod_transformer = HomeRowModTransformer(is_mac=is_mac)
E       TypeError: HomerowModTransformer.__init__() got an unexpected keyword argument 'is_mac'

converter/layer_transformer.py:50: TypeError
_________________ ERROR at setup of test_complex_key_sequences _________________

    @pytest.fixture
    def transformer():
        """Create a LayerTransformer instance."""
>       return LayerTransformer()

converter/tests/unit/transformer/test_layer_transformer_edge_cases.py:12: 
_ _ _ _ _ _ _ _ _ _ _ _ _ _ _ _ _ _ _ _ _ _ _ _ _ _ _ _ _ _ _ _ _ _ _ _ _ _ _ _ 

self = <converter.layer_transformer.LayerTransformer object at 0x102d04400>
is_mac = False

    def __init__(self, is_mac: bool = False):
        """Initialize the transformer.
    
        Args:
            is_mac: Whether to use Mac-specific modifiers
        """
        self.hold_tap_transformer = HoldTapTransformer()
        self.macro_transformer = MacroTransformer()
        self.sticky_key_transformer = StickyKeyTransformer()
        self.key_sequence_transformer = KeySequenceTransformer()
>       self.homerow_mod_transformer = HomeRowModTransformer(is_mac=is_mac)
E       TypeError: HomerowModTransformer.__init__() got an unexpected keyword argument 'is_mac'

converter/layer_transformer.py:50: TypeError
_________________ ERROR at setup of test_invalid_key_mappings __________________

    @pytest.fixture
    def transformer():
        """Create a LayerTransformer instance."""
>       return LayerTransformer()

converter/tests/unit/transformer/test_layer_transformer_edge_cases.py:12: 
_ _ _ _ _ _ _ _ _ _ _ _ _ _ _ _ _ _ _ _ _ _ _ _ _ _ _ _ _ _ _ _ _ _ _ _ _ _ _ _ 

self = <converter.layer_transformer.LayerTransformer object at 0x102d82590>
is_mac = False

    def __init__(self, is_mac: bool = False):
        """Initialize the transformer.
    
        Args:
            is_mac: Whether to use Mac-specific modifiers
        """
        self.hold_tap_transformer = HoldTapTransformer()
        self.macro_transformer = MacroTransformer()
        self.sticky_key_transformer = StickyKeyTransformer()
        self.key_sequence_transformer = KeySequenceTransformer()
>       self.homerow_mod_transformer = HomeRowModTransformer(is_mac=is_mac)
E       TypeError: HomerowModTransformer.__init__() got an unexpected keyword argument 'is_mac'

converter/layer_transformer.py:50: TypeError
_________________ ERROR at setup of test_layer_name_edge_cases _________________

    @pytest.fixture
    def transformer():
        """Create a LayerTransformer instance."""
>       return LayerTransformer()

converter/tests/unit/transformer/test_layer_transformer_edge_cases.py:12: 
_ _ _ _ _ _ _ _ _ _ _ _ _ _ _ _ _ _ _ _ _ _ _ _ _ _ _ _ _ _ _ _ _ _ _ _ _ _ _ _ 

self = <converter.layer_transformer.LayerTransformer object at 0x102d362f0>
is_mac = False

    def __init__(self, is_mac: bool = False):
        """Initialize the transformer.
    
        Args:
            is_mac: Whether to use Mac-specific modifiers
        """
        self.hold_tap_transformer = HoldTapTransformer()
        self.macro_transformer = MacroTransformer()
        self.sticky_key_transformer = StickyKeyTransformer()
        self.key_sequence_transformer = KeySequenceTransformer()
>       self.homerow_mod_transformer = HomeRowModTransformer(is_mac=is_mac)
E       TypeError: HomerowModTransformer.__init__() got an unexpected keyword argument 'is_mac'

converter/layer_transformer.py:50: TypeError
_____________ ERROR at setup of test_nested_matrix_transformations _____________

    @pytest.fixture
    def transformer():
        """Create a LayerTransformer instance."""
>       return LayerTransformer()

converter/tests/unit/transformer/test_layer_transformer_edge_cases.py:12: 
_ _ _ _ _ _ _ _ _ _ _ _ _ _ _ _ _ _ _ _ _ _ _ _ _ _ _ _ _ _ _ _ _ _ _ _ _ _ _ _ 

self = <converter.layer_transformer.LayerTransformer object at 0x102eb75e0>
is_mac = False

    def __init__(self, is_mac: bool = False):
        """Initialize the transformer.
    
        Args:
            is_mac: Whether to use Mac-specific modifiers
        """
        self.hold_tap_transformer = HoldTapTransformer()
        self.macro_transformer = MacroTransformer()
        self.sticky_key_transformer = StickyKeyTransformer()
        self.key_sequence_transformer = KeySequenceTransformer()
>       self.homerow_mod_transformer = HomeRowModTransformer(is_mac=is_mac)
E       TypeError: HomerowModTransformer.__init__() got an unexpected keyword argument 'is_mac'

converter/layer_transformer.py:50: TypeError
___________ ERROR at setup of test_special_character_transformations ___________

    @pytest.fixture
    def transformer():
        """Create a LayerTransformer instance."""
>       return LayerTransformer()

converter/tests/unit/transformer/test_layer_transformer_edge_cases.py:12: 
_ _ _ _ _ _ _ _ _ _ _ _ _ _ _ _ _ _ _ _ _ _ _ _ _ _ _ _ _ _ _ _ _ _ _ _ _ _ _ _ 

self = <converter.layer_transformer.LayerTransformer object at 0x102d392d0>
is_mac = False

    def __init__(self, is_mac: bool = False):
        """Initialize the transformer.
    
        Args:
            is_mac: Whether to use Mac-specific modifiers
        """
        self.hold_tap_transformer = HoldTapTransformer()
        self.macro_transformer = MacroTransformer()
        self.sticky_key_transformer = StickyKeyTransformer()
        self.key_sequence_transformer = KeySequenceTransformer()
>       self.homerow_mod_transformer = HomeRowModTransformer(is_mac=is_mac)
E       TypeError: HomerowModTransformer.__init__() got an unexpected keyword argument 'is_mac'

converter/layer_transformer.py:50: TypeError
=================================== FAILURES ===================================
________________________ test_multi_layer_with_hold_tap ________________________

temp_test_dir = PosixPath('/var/folders/0s/42v7yl697hn0l1cdnx0vrvyr0000gn/T/tmpj_tuzll5')

    def test_multi_layer_with_hold_tap(temp_test_dir):
        """Test conversion of a multi-layer keymap with hold-tap behaviors."""
        zmk_content = """#include <behaviors.dtsi>
    #include <dt-bindings/zmk/keys.h>
    
    / {
        behaviors {
            ht: hold_tap {
                compatible = "zmk,behavior-hold-tap";
                #binding-cells = <2>;
                tapping-term-ms = <200>;
                quick-tap-ms = <150>;
                flavor = "tap-preferred";
                bindings = <&kp>, <&kp>;
            };
        };
        keymap {
            compatible = "zmk,keymap";
            default_layer {
                bindings = <
                    &ht LSHIFT A &ht LCTRL B  &mo 1
                    &ht LALT C   &ht LGUI D   &mo 2
                >;
            };
            nav_layer {
                bindings = <
                    &kp LEFT  &kp RIGHT  &trans
                    &kp UP    &kp DOWN   &mo 3
                >;
            };
            num_layer {
                bindings = <
                    &kp N1    &kp N2     &trans
                    &kp N3    &kp N4     &trans
                >;
            };
            fn_layer {
                bindings = <
                    &kp F1    &kp F2     &trans
                    &kp F3    &kp F4     &trans
                >;
            };
        };
    }; """
    
        zmk_file = temp_test_dir / "multi_layer_advanced.dtsi"
        zmk_file.write_text(zmk_content)
    
        kanata_file = temp_test_dir / "multi_layer_advanced.kbd"
    
        exit_code = main([str(zmk_file), str(kanata_file)])
>       assert exit_code == 0
E       assert None == 0

converter/tests/e2e_tests/test_advanced_features.py:57: AssertionError
------------------------------ Captured log call -------------------------------
WARNING  root:keymap_model.py:77 Key validation failed for 'ht LSHIFT A': Invalid key: ht LSHIFT A
WARNING  root:keymap_model.py:77 Key validation failed for 'ht LCTRL B': Invalid key: ht LCTRL B
WARNING  root:keymap_model.py:77 Key validation failed for 'ht LALT C': Invalid key: ht LALT C
WARNING  root:keymap_model.py:77 Key validation failed for 'ht LGUI D': Invalid key: ht LGUI D
WARNING  root:keymap_model.py:77 Key validation failed for '}': Invalid key: }
WARNING  root:keymap_model.py:77 Key validation failed for '}': Invalid key: }
WARNING  root:keymap_model.py:77 Key validation failed for '}': Invalid key: }
WARNING  root:keymap_model.py:77 Key validation failed for '}': Invalid key: }
WARNING  root:keymap_model.py:77 Key validation failed for '}': Invalid key: }
WARNING  root:keymap_model.py:77 Key validation failed for '}': Invalid key: }
____________________ test_multi_layer_with_custom_behaviors ____________________

zmk_content = '#include <behaviors.dtsi>\n#include <dt-bindings/zmk/keys.h>\n\n/ {\n    behaviors {\n        mt: mod_tap {\n        ...     &kp F1    &kp F2     &trans\n                &kp F3    &kp F4     &trans\n            >;\n        };\n    };\n}; '
output_path = '/var/folders/0s/42v7yl697hn0l1cdnx0vrvyr0000gn/T/tmpzqy54qva/multi_layer_behaviors.kbd'
error_manager = <converter.error_handling.error_manager.ErrorManager object at 0x102cbecb0>
is_mac = False

    def convert_zmk_to_kanata(
        zmk_content: str,
        output_path: Optional[str] = None,
        error_manager: Optional[ErrorManager] = None,
        is_mac: bool = False,
    ) -> Tuple[str, Dict[str, Any]]:
        """Convert ZMK keymap to Kanata format.
    
        Args:
            zmk_content: Content of the ZMK keymap file
            output_path: Optional path to write the Kanata config to
            error_manager: Optional error manager for reporting issues
            is_mac: Whether to use Mac-specific modifiers
    
        Returns:
            Tuple of (Kanata config string, metadata dict)
    
        Raises:
            Exception: If there's an error during conversion
        """
        # Set up error manager
        if error_manager:
            set_error_manager(error_manager)
        else:
            set_error_manager(ErrorManager())
    
        error_mgr = get_error_manager()
    
        try:
            # Parse ZMK keymap
            parser = ZMKParser()
            keymap_config = parser.parse(
                zmk_content
            )  # Now directly passes the content string
    
            # Transform to Kanata format
            transformer = KanataTransformer(is_mac=is_mac)
    
            # Convert directly using the transformer
>           kanata_config = transformer.transform(keymap_config)

converter/zmk_to_kanata.py:56: 
_ _ _ _ _ _ _ _ _ _ _ _ _ _ _ _ _ _ _ _ _ _ _ _ _ _ _ _ _ _ _ _ _ _ _ _ _ _ _ _ 
converter/transformer/kanata_transformer.py:59: in transform
    aliases = self._generate_hold_tap_aliases(config)
_ _ _ _ _ _ _ _ _ _ _ _ _ _ _ _ _ _ _ _ _ _ _ _ _ _ _ _ _ _ _ _ _ _ _ _ _ _ _ _ 

self = <converter.transformer.kanata_transformer.KanataTransformer object at 0x102cbdc30>
config = KeymapConfig(global_settings=GlobalSettings(tap_time=200, hold_time=250), layers=[Layer(name='default', bindings=[KeyM...key='}', sticky=False, hold_tap=None, layer=None, macro=None, sticky_key=None, key_sequence=None, homerow_mod=None)])])

    def _generate_hold_tap_aliases(self, config: KeymapConfig) -> List[str]:
        """Generate aliases for all hold-tap bindings in the config.
    
        Args:
            config: The keymap configuration.
    
        Returns:
            A list of hold-tap alias definitions.
        """
        aliases = []
        # Collect unique hold-tap bindings
        seen_bindings = set()
    
        # Scan all layers and keys for hold-tap bindings
        for layer in config.layers:
            # Skip if layer is a string (already transformed)
            if isinstance(layer, str):
                continue
    
            for row in layer.keys:
                for key in row:
                    # Skip sticky key bindings
                    if isinstance(key, StickyKeyBinding):
                        continue
    
                    if key.hold_tap:
                        ht = key.hold_tap
                        alias_name = self._generate_hold_tap_alias_name(
>                           ht.behavior_name, ht.hold_key, ht.tap_key
                        )
E                       AttributeError: 'dict' object has no attribute 'behavior_name'

converter/transformer/kanata_transformer.py:275: AttributeError

During handling of the above exception, another exception occurred:

args = ['/var/folders/0s/42v7yl697hn0l1cdnx0vrvyr0000gn/T/tmpzqy54qva/multi_layer_behaviors.dtsi', '/var/folders/0s/42v7yl697hn0l1cdnx0vrvyr0000gn/T/tmpzqy54qva/multi_layer_behaviors.kbd']

    def main(args=None):
        """Main entry point for the CLI and programmatic use."""
        parser = argparse.ArgumentParser(description="Convert ZMK keymap to Kanata format")
        parser.add_argument("input_file", help="Path to the input ZMK keymap file")
        parser.add_argument("output_file", help="Path to the output Kanata file")
        parser.add_argument(
            "-v", "--verbose", help="Enable verbose output", action="store_true"
        )
        parser.add_argument(
            "--mac",
            help="Use Mac-specific modifiers (GUI becomes CMD)",
            action="store_true",
        )
        parser.add_argument(
            "--version", help="Show version information", action="store_true"
        )
        args_parsed = parser.parse_args(args)
    
        if args_parsed.version:
            print("ZMK to Kanata Converter v1.0.0")
            sys.exit(0)
    
        # Set up error manager
        error_manager = ErrorManager(verbose=args_parsed.verbose)
    
        try:
            # Read input file
            with open(args_parsed.input_file, "r") as f:
                zmk_content = f.read()
    
            # Convert ZMK to Kanata
>           kanata_config, metadata = convert_zmk_to_kanata(
                zmk_content=zmk_content,
                output_path=args_parsed.output_file,
                error_manager=error_manager,
                is_mac=args_parsed.mac,
            )

converter/main.py:92: 
_ _ _ _ _ _ _ _ _ _ _ _ _ _ _ _ _ _ _ _ _ _ _ _ _ _ _ _ _ _ _ _ _ _ _ _ _ _ _ _ 
converter/zmk_to_kanata.py:72: in convert_zmk_to_kanata
    error_mgr.add_error(
_ _ _ _ _ _ _ _ _ _ _ _ _ _ _ _ _ _ _ _ _ _ _ _ _ _ _ _ _ _ _ _ _ _ _ _ _ _ _ _ 

self = <converter.error_handling.error_manager.ErrorManager object at 0x102cbecb0>
message = "Error during conversion: 'dict' object has no attribute 'behavior_name'"
source = 'converter', severity = <ErrorSeverity.ERROR: 3>, line_number = None
column = None, context = None
exception = AttributeError("'dict' object has no attribute 'behavior_name'")
raise_immediately = True

    def add_error(
        self,
        message: str,
        source: str,
        severity: ErrorSeverity,
        line_number: Optional[int] = None,
        column: Optional[int] = None,
        context: Optional[Dict[str, Any]] = None,
        exception: Optional[Exception] = None,
        raise_immediately: bool = False,
    ) -> None:
        """Add an error to the error manager.
    
        Args:
            message: The error message
            source: The source of the error (e.g., module name)
            severity: The severity of the error
            line_number: Optional line number where the error occurred
            column: Optional column where the error occurred
            context: Optional context dictionary with additional information
            exception: Optional exception object that caused the error
            raise_immediately: Whether to raise the error immediately
    
        Raises:
            Exception: If severity >= raise_threshold and raise_immediately
                is True
        """
        # Get traceback if exception is provided
        traceback_info = None
        if exception and self.verbose:
            traceback_info = "".join(
                traceback.format_exception(
                    type(exception), exception, exception.__traceback__
                )
            )
    
        # Create error object
        error = ConversionError(
            message=message,
            source=source,
            severity=severity,
            line_number=line_number,
            column=column,
            context=context,
            traceback_info=traceback_info,
        )
    
        # Add to the list of errors
        self.errors.append(error)
    
        # Log the error based on severity
        self._log_error(error)
    
        # Raise immediately if requested and severity is high enough
        if raise_immediately and severity.value >= self.raise_threshold.value:
>           raise Exception(str(error))
E           Exception: ERROR: [converter] - Error during conversion: 'dict' object has no attribute 'behavior_name'

converter/error_handling/error_manager.py:130: Exception

During handling of the above exception, another exception occurred:

temp_test_dir = PosixPath('/var/folders/0s/42v7yl697hn0l1cdnx0vrvyr0000gn/T/tmpzqy54qva')

    def test_multi_layer_with_custom_behaviors(temp_test_dir):
        """Test conversion of a multi-layer keymap with custom behaviors."""
        zmk_content = """#include <behaviors.dtsi>
    #include <dt-bindings/zmk/keys.h>
    
    / {
        behaviors {
            mt: mod_tap {
                compatible = "zmk,behavior-hold-tap";
                #binding-cells = <2>;
                tapping-term-ms = <200>;
                flavor = "hold-preferred";
                bindings = <&kp>, <&kp>;
            };
            td: tap_dance {
                compatible = "zmk,behavior-tap-dance";
                #binding-cells = <0>;
                tapping-term-ms = <200>;
                bindings = <&kp A>, <&kp B>, <&kp C>;
            };
        };
        keymap {
            compatible = "zmk,keymap";
            default_layer {
                bindings = <
                    &mt LSHIFT A &mt LCTRL B  &mo 1
                    &mt LALT C   &mt LGUI D   &mo 2
                >;
            };
            nav_layer {
                bindings = <
                    &kp LEFT  &kp RIGHT  &trans
                    &kp UP    &kp DOWN   &mo 3
                >;
            };
            num_layer {
                bindings = <
                    &kp N1    &kp N2     &trans
                    &kp N3    &kp N4     &trans
                >;
            };
            fn_layer {
                bindings = <
                    &kp F1    &kp F2     &trans
                    &kp F3    &kp F4     &trans
                >;
            };
        };
    }; """
    
        zmk_file = temp_test_dir / "multi_layer_behaviors.dtsi"
        zmk_file.write_text(zmk_content)
    
        kanata_file = temp_test_dir / "multi_layer_behaviors.kbd"
    
>       exit_code = main([str(zmk_file), str(kanata_file)])

converter/tests/e2e_tests/test_advanced_features.py:152: 
_ _ _ _ _ _ _ _ _ _ _ _ _ _ _ _ _ _ _ _ _ _ _ _ _ _ _ _ _ _ _ _ _ _ _ _ _ _ _ _ 
converter/cli.py:56: in main
    return convert_main(main_args)
_ _ _ _ _ _ _ _ _ _ _ _ _ _ _ _ _ _ _ _ _ _ _ _ _ _ _ _ _ _ _ _ _ _ _ _ _ _ _ _ 

args = ['/var/folders/0s/42v7yl697hn0l1cdnx0vrvyr0000gn/T/tmpzqy54qva/multi_layer_behaviors.dtsi', '/var/folders/0s/42v7yl697hn0l1cdnx0vrvyr0000gn/T/tmpzqy54qva/multi_layer_behaviors.kbd']

    def main(args=None):
        """Main entry point for the CLI and programmatic use."""
        parser = argparse.ArgumentParser(description="Convert ZMK keymap to Kanata format")
        parser.add_argument("input_file", help="Path to the input ZMK keymap file")
        parser.add_argument("output_file", help="Path to the output Kanata file")
        parser.add_argument(
            "-v", "--verbose", help="Enable verbose output", action="store_true"
        )
        parser.add_argument(
            "--mac",
            help="Use Mac-specific modifiers (GUI becomes CMD)",
            action="store_true",
        )
        parser.add_argument(
            "--version", help="Show version information", action="store_true"
        )
        args_parsed = parser.parse_args(args)
    
        if args_parsed.version:
            print("ZMK to Kanata Converter v1.0.0")
            sys.exit(0)
    
        # Set up error manager
        error_manager = ErrorManager(verbose=args_parsed.verbose)
    
        try:
            # Read input file
            with open(args_parsed.input_file, "r") as f:
                zmk_content = f.read()
    
            # Convert ZMK to Kanata
            kanata_config, metadata = convert_zmk_to_kanata(
                zmk_content=zmk_content,
                output_path=args_parsed.output_file,
                error_manager=error_manager,
                is_mac=args_parsed.mac,
            )
    
            # Write to output file
            with open(args_parsed.output_file, "w") as f:
                f.write(kanata_config)
    
            # Print any errors or warnings
            if error_manager.has_errors(ErrorSeverity.WARNING):
                for error in error_manager.get_errors(ErrorSeverity.WARNING):
                    print(f"WARNING: {error}", file=sys.stderr)
    
            if error_manager.has_errors(ErrorSeverity.ERROR):
                for error in error_manager.get_errors(ErrorSeverity.ERROR):
                    print(f"ERROR: {error}", file=sys.stderr)
                sys.exit(1)
    
        except Exception as e:
            print(f"ERROR: {str(e)}", file=sys.stderr)
            if args_parsed.verbose:
                import traceback
    
                traceback.print_exc()
>           sys.exit(1)
E           SystemExit: 1

converter/main.py:119: SystemExit
----------------------------- Captured stderr call -----------------------------
ERROR: ERROR: [converter] - Error during conversion: 'dict' object has no attribute 'behavior_name'
------------------------------ Captured log call -------------------------------
WARNING  root:keymap_model.py:77 Key validation failed for '}': Invalid key: }
WARNING  root:keymap_model.py:77 Key validation failed for '}': Invalid key: }
WARNING  root:keymap_model.py:77 Key validation failed for '}': Invalid key: }
WARNING  root:keymap_model.py:77 Key validation failed for '}': Invalid key: }
WARNING  root:keymap_model.py:77 Key validation failed for '}': Invalid key: }
WARNING  root:keymap_model.py:77 Key validation failed for '}': Invalid key: }
ERROR    converter.error_handling.error_manager:error_manager.py:147 ERROR: [converter] - Error during conversion: 'dict' object has no attribute 'behavior_name'
______________________ test_ben_vallack_config_conversion ______________________

zmk_content = '/ {\n    global {\n        tap-time = <200>;\n        hold-time = <250>;\n    };\n\n    behaviors {\n        hm: home...                 &to 0 &trans\n                                &trans &trans\n            >;\n        };\n    };\n};\n'
output_path = None, error_manager = None, is_mac = True

    def convert_zmk_to_kanata(
        zmk_content: str,
        output_path: Optional[str] = None,
        error_manager: Optional[ErrorManager] = None,
        is_mac: bool = False,
    ) -> Tuple[str, Dict[str, Any]]:
        """Convert ZMK keymap to Kanata format.
    
        Args:
            zmk_content: Content of the ZMK keymap file
            output_path: Optional path to write the Kanata config to
            error_manager: Optional error manager for reporting issues
            is_mac: Whether to use Mac-specific modifiers
    
        Returns:
            Tuple of (Kanata config string, metadata dict)
    
        Raises:
            Exception: If there's an error during conversion
        """
        # Set up error manager
        if error_manager:
            set_error_manager(error_manager)
        else:
            set_error_manager(ErrorManager())
    
        error_mgr = get_error_manager()
    
        try:
            # Parse ZMK keymap
            parser = ZMKParser()
            keymap_config = parser.parse(
                zmk_content
            )  # Now directly passes the content string
    
            # Transform to Kanata format
            transformer = KanataTransformer(is_mac=is_mac)
    
            # Convert directly using the transformer
>           kanata_config = transformer.transform(keymap_config)

converter/zmk_to_kanata.py:56: 
_ _ _ _ _ _ _ _ _ _ _ _ _ _ _ _ _ _ _ _ _ _ _ _ _ _ _ _ _ _ _ _ _ _ _ _ _ _ _ _ 
converter/transformer/kanata_transformer.py:59: in transform
    aliases = self._generate_hold_tap_aliases(config)
_ _ _ _ _ _ _ _ _ _ _ _ _ _ _ _ _ _ _ _ _ _ _ _ _ _ _ _ _ _ _ _ _ _ _ _ _ _ _ _ 

self = <converter.transformer.kanata_transformer.KanataTransformer object at 0x102c85c00>
config = KeymapConfig(global_settings=GlobalSettings(tap_time=200, hold_time=250), layers=[Layer(name='default', bindings=[KeyM...key='}', sticky=False, hold_tap=None, layer=None, macro=None, sticky_key=None, key_sequence=None, homerow_mod=None)])])

    def _generate_hold_tap_aliases(self, config: KeymapConfig) -> List[str]:
        """Generate aliases for all hold-tap bindings in the config.
    
        Args:
            config: The keymap configuration.
    
        Returns:
            A list of hold-tap alias definitions.
        """
        aliases = []
        # Collect unique hold-tap bindings
        seen_bindings = set()
    
        # Scan all layers and keys for hold-tap bindings
        for layer in config.layers:
            # Skip if layer is a string (already transformed)
            if isinstance(layer, str):
                continue
    
            for row in layer.keys:
                for key in row:
                    # Skip sticky key bindings
                    if isinstance(key, StickyKeyBinding):
                        continue
    
                    if key.hold_tap:
                        ht = key.hold_tap
                        alias_name = self._generate_hold_tap_alias_name(
>                           ht.behavior_name, ht.hold_key, ht.tap_key
                        )
E                       AttributeError: 'dict' object has no attribute 'behavior_name'

converter/transformer/kanata_transformer.py:275: AttributeError

During handling of the above exception, another exception occurred:

    def test_ben_vallack_config_conversion():
        """Test converting Ben Vallack's ZMK configuration."""
        # Load Ben's config from file
        ben_config_path = Path("ben_vallack_config.dtsi")
    
        # If the file doesn't exist in the current directory, try to find it in the test data
        if not ben_config_path.exists():
            try:
                ben_config_path = get_test_file_path("ben_vallack_config.dtsi")
            except (FileNotFoundError, OSError):
                # If still not found, create a sample for testing
                ben_config = """
    / {
        global {
            tap-time = <200>;
            hold-time = <250>;
        };
    
        behaviors {
            hm: homerow_mods {
                compatible = "zmk,behavior-hold-tap";
                label = "HOMEROW_MODS";
                #binding-cells = <2>;
                tapping-term-ms = <200>;
                quick_tap_ms = <0>;
                flavor = "tap-preferred";
                bindings = <&kp>, <&kp>;
            };
            hs: homerow_shifts {
                compatible = "zmk,behavior-hold-tap";
                label = "HOMEROW_SHIFTS";
                #binding-cells = <2>;
                tapping-term-ms = <150>;
                quick_tap_ms = <0>;
                flavor = "balanced";
                bindings = <&kp>, <&kp>;
            };
            td: tapdance {
                compatible = "zmk,behavior-hold-tap";
                label = "TAPDANCE";
                #binding-cells = <2>;
                tapping-term-ms = <150>;
                quick_tap_ms = <0>;
                flavor = "tap-preferred";
                bindings = <&kp>, <&kp>;
            };
        };
    
        keymap {
            compatible = "zmk,keymap";
    
            default_layer {
                bindings = <
                    &kp TAB &kp C &kp L &kp M &trans
                    &trans &kp F  &kp U    &kp Z  &kp BSPC
                    &kp I &hm LCTL S &hm LALT R &hm LGUI T &trans
                    &trans  &hm RGUI N &hm RALT K &hm RCTL A &kp O
                    &hs LSHIFT Q &kp V &kp W &kp D &mt LC(LS(LALT)) SPC
                    &kp E &kp H  &kp Y &td EXCL DOT &hs RSHIFT X
                                    &mt LC(LS(LALT)) SPC &trans
                                    &trans &kp E
                >;
            };
    
            left_layer {
                bindings = <
                    &trans  &kp ATSN   &td LC(LG(LS(N4))) LS(N3) &kp DLLR &trans
                    &trans &kp LS(COMMA) &kp LS(DOT) &kp CARET &trans
                    &kp TAB &hm LCTL EQUAL &hm LALT LA(RBKT) &hm LGUI LA(LS(RBKT)) &trans
                    &trans &hm RGUI LBRC &hm RALT RBRC &hm RCTL PIPE &kp AMPS
                    &hs LSHIFT TILDE &kp GRAVE &kp LA(LBKT) &kp LA(LS(LBKT)) &to 0
                    &to 2 &kp LPRN &kp RPRN &kp RBKT &kp RSHIFT
                                    &to 0 &trans
                                    &trans &to 2
                >;
            };
    
            right_layer {
                bindings = <
                    &trans &kp C_PP &kp C_PREV &kp C_NEXT &trans
                    &trans &kp N7 &kp N8 &kp N9 &trans
                    &kp TAB &trans &hm LALT C_VOL_DN &hm LGUI C_VOL_UP &trans
                    &trans &hm RGUI N4 &kp N5 &kp N6 &kp EQUAL
                    &hs LSHIFT PRCNT &kp PRCNT &kp SLASH &kp STAR &to 0
                    &trans &kp N1 &kp N2 &td DOT N3 &kp MINUS
                                    &to 0 &trans
                                    &trans &trans
                >;
            };
        };
    };
                """
            else:
                with open(ben_config_path, "r") as f:
                    ben_config = f.read()
        else:
            with open(ben_config_path, "r") as f:
                ben_config = f.read()
    
        # Convert to Kanata format
>       kanata_config, metadata = convert_zmk_to_kanata(zmk_content=ben_config, is_mac=True)

converter/tests/e2e_tests/test_ben_vallack_config.py:117: 
_ _ _ _ _ _ _ _ _ _ _ _ _ _ _ _ _ _ _ _ _ _ _ _ _ _ _ _ _ _ _ _ _ _ _ _ _ _ _ _ 
converter/zmk_to_kanata.py:72: in convert_zmk_to_kanata
    error_mgr.add_error(
_ _ _ _ _ _ _ _ _ _ _ _ _ _ _ _ _ _ _ _ _ _ _ _ _ _ _ _ _ _ _ _ _ _ _ _ _ _ _ _ 

self = <converter.error_handling.error_manager.ErrorManager object at 0x10201f730>
message = "Error during conversion: 'dict' object has no attribute 'behavior_name'"
source = 'converter', severity = <ErrorSeverity.ERROR: 3>, line_number = None
column = None, context = None
exception = AttributeError("'dict' object has no attribute 'behavior_name'")
raise_immediately = True

    def add_error(
        self,
        message: str,
        source: str,
        severity: ErrorSeverity,
        line_number: Optional[int] = None,
        column: Optional[int] = None,
        context: Optional[Dict[str, Any]] = None,
        exception: Optional[Exception] = None,
        raise_immediately: bool = False,
    ) -> None:
        """Add an error to the error manager.
    
        Args:
            message: The error message
            source: The source of the error (e.g., module name)
            severity: The severity of the error
            line_number: Optional line number where the error occurred
            column: Optional column where the error occurred
            context: Optional context dictionary with additional information
            exception: Optional exception object that caused the error
            raise_immediately: Whether to raise the error immediately
    
        Raises:
            Exception: If severity >= raise_threshold and raise_immediately
                is True
        """
        # Get traceback if exception is provided
        traceback_info = None
        if exception and self.verbose:
            traceback_info = "".join(
                traceback.format_exception(
                    type(exception), exception, exception.__traceback__
                )
            )
    
        # Create error object
        error = ConversionError(
            message=message,
            source=source,
            severity=severity,
            line_number=line_number,
            column=column,
            context=context,
            traceback_info=traceback_info,
        )
    
        # Add to the list of errors
        self.errors.append(error)
    
        # Log the error based on severity
        self._log_error(error)
    
        # Raise immediately if requested and severity is high enough
        if raise_immediately and severity.value >= self.raise_threshold.value:
>           raise Exception(str(error))
E           Exception: ERROR: [converter] - Error during conversion: 'dict' object has no attribute 'behavior_name'

converter/error_handling/error_manager.py:130: Exception
------------------------------ Captured log call -------------------------------
WARNING  root:keymap_model.py:77 Key validation failed for '}': Invalid key: }
WARNING  root:keymap_model.py:77 Key validation failed for 'ATSN': Invalid key: ATSN
WARNING  root:keymap_model.py:77 Key validation failed for 'LS(N3)': Invalid key: LS(N3)
WARNING  root:keymap_model.py:77 Key validation failed for 'LS(COMMA)': Invalid key: LS(COMMA)
WARNING  root:keymap_model.py:77 Key validation failed for 'LS(DOT)': Invalid key: LS(DOT)
WARNING  root:keymap_model.py:77 Key validation failed for 'LA(RBKT)': Invalid key: LA(RBKT)
WARNING  root:keymap_model.py:77 Key validation failed for 'LA(LS(RBKT))': Invalid key: LA(LS(RBKT))
WARNING  root:keymap_model.py:77 Key validation failed for 'LBRC': Invalid key: LBRC
WARNING  root:keymap_model.py:77 Key validation failed for 'RBRC': Invalid key: RBRC
WARNING  root:keymap_model.py:77 Key validation failed for 'LA(LBKT)': Invalid key: LA(LBKT)
WARNING  root:keymap_model.py:77 Key validation failed for 'LA(LS(LBKT))': Invalid key: LA(LS(LBKT))
WARNING  root:keymap_model.py:77 Key validation failed for 'LPRN': Invalid key: LPRN
WARNING  root:keymap_model.py:77 Key validation failed for 'RPRN': Invalid key: RPRN
WARNING  root:keymap_model.py:77 Key validation failed for '}': Invalid key: }
WARNING  root:keymap_model.py:77 Key validation failed for 'SLASH': Invalid key: SLASH
WARNING  root:keymap_model.py:77 Key validation failed for '}': Invalid key: }
WARNING  root:keymap_model.py:77 Key validation failed for '}': Invalid key: }
WARNING  root:keymap_model.py:77 Key validation failed for '}': Invalid key: }
ERROR    converter.error_handling.error_manager:error_manager.py:147 ERROR: [converter] - Error during conversion: 'dict' object has no attribute 'behavior_name'
__________________________ test_basic_file_conversion __________________________

self = <converter.parser.zmk_parser.ZMKParser object at 0x102d3aef0>
file_path_or_content = '\n#include <behaviors.dtsi>\n#include <dt-bindings/zmk/keys.h>\n\n/ {\n    keymap {\n        compatible = "zmk,keymap...      bindings = <\n                &kp A &kp B\n                &kp C &kp D\n            >;\n        };\n    };\n};\n'

    def parse(self, file_path_or_content: Union[Path, str]) -> KeymapConfig:
        """Parse a ZMK keymap file or content string.
    
        Args:
            file_path_or_content: Either a Path object to the keymap file or the content as a string.
    
        Returns:
            A KeymapConfig object containing the parsed keymap.
    
        Raises:
            ParserError: If there are any parsing errors.
        """
        try:
            # Determine if input is a Path or content string
            if isinstance(file_path_or_content, Path):
                # Input is a Path - read the file
                content = file_path_or_content.read_text()
                logger.debug("Parsing ZMK file: %s", file_path_or_content)
            else:
                # Input is a string - use directly
                content = file_path_or_content
                logger.debug("Parsing ZMK content from string")
    
            # Process file line by line
            lines = content.split('\n')
            idx = 0
            while idx < len(lines):
                self.logger.debug(f"[DEBUG] Main loop before line {idx+1}: state={self.state}")
                line = lines[idx].strip()
    
                if not line or line.startswith('//'):
                    self.current_line += 1
                    idx += 1
                    continue
    
                reparsed = False
                while True:
                    result = self._parse_line_with_reparse(line)
                    if result == 'REPARSE':
                        if reparsed:
                            self.logger.error(f"[ERROR] Infinite reparsing detected at line {self.current_line}: {line}")
                            break
                        reparsed = True
                        continue
                    break
                self.current_line += 1
                idx += 1
    
            if not self.layers:
>               raise ValueError("No layers found in ZMK file")
E               ValueError: No layers found in ZMK file

converter/parser/zmk_parser.py:173: ValueError

The above exception was the direct cause of the following exception:

zmk_content = '\n#include <behaviors.dtsi>\n#include <dt-bindings/zmk/keys.h>\n\n/ {\n    keymap {\n        compatible = "zmk,keymap...      bindings = <\n                &kp A &kp B\n                &kp C &kp D\n            >;\n        };\n    };\n};\n'
output_path = '/var/folders/0s/42v7yl697hn0l1cdnx0vrvyr0000gn/T/tmpqegf7mgc/test_config.kbd'
error_manager = <converter.error_handling.error_manager.ErrorManager object at 0x102d3bc40>
is_mac = False

    def convert_zmk_to_kanata(
        zmk_content: str,
        output_path: Optional[str] = None,
        error_manager: Optional[ErrorManager] = None,
        is_mac: bool = False,
    ) -> Tuple[str, Dict[str, Any]]:
        """Convert ZMK keymap to Kanata format.
    
        Args:
            zmk_content: Content of the ZMK keymap file
            output_path: Optional path to write the Kanata config to
            error_manager: Optional error manager for reporting issues
            is_mac: Whether to use Mac-specific modifiers
    
        Returns:
            Tuple of (Kanata config string, metadata dict)
    
        Raises:
            Exception: If there's an error during conversion
        """
        # Set up error manager
        if error_manager:
            set_error_manager(error_manager)
        else:
            set_error_manager(ErrorManager())
    
        error_mgr = get_error_manager()
    
        try:
            # Parse ZMK keymap
            parser = ZMKParser()
>           keymap_config = parser.parse(
                zmk_content
            )  # Now directly passes the content string

converter/zmk_to_kanata.py:48: 
_ _ _ _ _ _ _ _ _ _ _ _ _ _ _ _ _ _ _ _ _ _ _ _ _ _ _ _ _ _ _ _ _ _ _ _ _ _ _ _ 

self = <converter.parser.zmk_parser.ZMKParser object at 0x102d3aef0>
file_path_or_content = '\n#include <behaviors.dtsi>\n#include <dt-bindings/zmk/keys.h>\n\n/ {\n    keymap {\n        compatible = "zmk,keymap...      bindings = <\n                &kp A &kp B\n                &kp C &kp D\n            >;\n        };\n    };\n};\n'

    def parse(self, file_path_or_content: Union[Path, str]) -> KeymapConfig:
        """Parse a ZMK keymap file or content string.
    
        Args:
            file_path_or_content: Either a Path object to the keymap file or the content as a string.
    
        Returns:
            A KeymapConfig object containing the parsed keymap.
    
        Raises:
            ParserError: If there are any parsing errors.
        """
        try:
            # Determine if input is a Path or content string
            if isinstance(file_path_or_content, Path):
                # Input is a Path - read the file
                content = file_path_or_content.read_text()
                logger.debug("Parsing ZMK file: %s", file_path_or_content)
            else:
                # Input is a string - use directly
                content = file_path_or_content
                logger.debug("Parsing ZMK content from string")
    
            # Process file line by line
            lines = content.split('\n')
            idx = 0
            while idx < len(lines):
                self.logger.debug(f"[DEBUG] Main loop before line {idx+1}: state={self.state}")
                line = lines[idx].strip()
    
                if not line or line.startswith('//'):
                    self.current_line += 1
                    idx += 1
                    continue
    
                reparsed = False
                while True:
                    result = self._parse_line_with_reparse(line)
                    if result == 'REPARSE':
                        if reparsed:
                            self.logger.error(f"[ERROR] Infinite reparsing detected at line {self.current_line}: {line}")
                            break
                        reparsed = True
                        continue
                    break
                self.current_line += 1
                idx += 1
    
            if not self.layers:
                raise ValueError("No layers found in ZMK file")
    
            return KeymapConfig(
                global_settings=self.global_settings_parser.finish(),
                layers=self.layers
            )
        except ParserError as e:
            raise e
        except Exception as e:
>           raise ParserError(f"Failed to parse ZMK file: {e}") from e
E           converter.parser.parser_error.ParserError: Failed to parse ZMK file: No layers found in ZMK file

converter/parser/zmk_parser.py:182: ParserError

During handling of the above exception, another exception occurred:

args = ['/var/folders/0s/42v7yl697hn0l1cdnx0vrvyr0000gn/T/tmpqegf7mgc/test_keymap.dtsi', '/var/folders/0s/42v7yl697hn0l1cdnx0vrvyr0000gn/T/tmpqegf7mgc/test_config.kbd']

    def main(args=None):
        """Main entry point for the CLI and programmatic use."""
        parser = argparse.ArgumentParser(description="Convert ZMK keymap to Kanata format")
        parser.add_argument("input_file", help="Path to the input ZMK keymap file")
        parser.add_argument("output_file", help="Path to the output Kanata file")
        parser.add_argument(
            "-v", "--verbose", help="Enable verbose output", action="store_true"
        )
        parser.add_argument(
            "--mac",
            help="Use Mac-specific modifiers (GUI becomes CMD)",
            action="store_true",
        )
        parser.add_argument(
            "--version", help="Show version information", action="store_true"
        )
        args_parsed = parser.parse_args(args)
    
        if args_parsed.version:
            print("ZMK to Kanata Converter v1.0.0")
            sys.exit(0)
    
        # Set up error manager
        error_manager = ErrorManager(verbose=args_parsed.verbose)
    
        try:
            # Read input file
            with open(args_parsed.input_file, "r") as f:
                zmk_content = f.read()
    
            # Convert ZMK to Kanata
>           kanata_config, metadata = convert_zmk_to_kanata(
                zmk_content=zmk_content,
                output_path=args_parsed.output_file,
                error_manager=error_manager,
                is_mac=args_parsed.mac,
            )

converter/main.py:92: 
_ _ _ _ _ _ _ _ _ _ _ _ _ _ _ _ _ _ _ _ _ _ _ _ _ _ _ _ _ _ _ _ _ _ _ _ _ _ _ _ 
converter/zmk_to_kanata.py:72: in convert_zmk_to_kanata
    error_mgr.add_error(
_ _ _ _ _ _ _ _ _ _ _ _ _ _ _ _ _ _ _ _ _ _ _ _ _ _ _ _ _ _ _ _ _ _ _ _ _ _ _ _ 

self = <converter.error_handling.error_manager.ErrorManager object at 0x102d3bc40>
message = 'Error during conversion: Failed to parse ZMK file: No layers found in ZMK file'
source = 'converter', severity = <ErrorSeverity.ERROR: 3>, line_number = None
column = None, context = None
exception = ParserError('Failed to parse ZMK file: No layers found in ZMK file')
raise_immediately = True

    def add_error(
        self,
        message: str,
        source: str,
        severity: ErrorSeverity,
        line_number: Optional[int] = None,
        column: Optional[int] = None,
        context: Optional[Dict[str, Any]] = None,
        exception: Optional[Exception] = None,
        raise_immediately: bool = False,
    ) -> None:
        """Add an error to the error manager.
    
        Args:
            message: The error message
            source: The source of the error (e.g., module name)
            severity: The severity of the error
            line_number: Optional line number where the error occurred
            column: Optional column where the error occurred
            context: Optional context dictionary with additional information
            exception: Optional exception object that caused the error
            raise_immediately: Whether to raise the error immediately
    
        Raises:
            Exception: If severity >= raise_threshold and raise_immediately
                is True
        """
        # Get traceback if exception is provided
        traceback_info = None
        if exception and self.verbose:
            traceback_info = "".join(
                traceback.format_exception(
                    type(exception), exception, exception.__traceback__
                )
            )
    
        # Create error object
        error = ConversionError(
            message=message,
            source=source,
            severity=severity,
            line_number=line_number,
            column=column,
            context=context,
            traceback_info=traceback_info,
        )
    
        # Add to the list of errors
        self.errors.append(error)
    
        # Log the error based on severity
        self._log_error(error)
    
        # Raise immediately if requested and severity is high enough
        if raise_immediately and severity.value >= self.raise_threshold.value:
>           raise Exception(str(error))
E           Exception: ERROR: [converter] - Error during conversion: Failed to parse ZMK file: No layers found in ZMK file

converter/error_handling/error_manager.py:130: Exception

During handling of the above exception, another exception occurred:

temp_test_dir = PosixPath('/var/folders/0s/42v7yl697hn0l1cdnx0vrvyr0000gn/T/tmpqegf7mgc')

    def test_basic_file_conversion(temp_test_dir):
        """Test basic file conversion through the CLI."""
        # Create a sample ZMK keymap file
        zmk_content = """
    #include <behaviors.dtsi>
    #include <dt-bindings/zmk/keys.h>
    
    / {
        keymap {
            compatible = "zmk,keymap";
            default_layer {
                bindings = <
                    &kp A &kp B
                    &kp C &kp D
                >;
            };
        };
    };
    """
        zmk_file = temp_test_dir / "test_keymap.dtsi"
        zmk_file.write_text(zmk_content)
    
        # Create output path for Kanata config
        kanata_file = temp_test_dir / "test_config.kbd"
    
        # Run the conversion
>       exit_code = main([str(zmk_file), str(kanata_file)])

converter/tests/e2e_tests/test_cli.py:56: 
_ _ _ _ _ _ _ _ _ _ _ _ _ _ _ _ _ _ _ _ _ _ _ _ _ _ _ _ _ _ _ _ _ _ _ _ _ _ _ _ 
converter/cli.py:56: in main
    return convert_main(main_args)
_ _ _ _ _ _ _ _ _ _ _ _ _ _ _ _ _ _ _ _ _ _ _ _ _ _ _ _ _ _ _ _ _ _ _ _ _ _ _ _ 

args = ['/var/folders/0s/42v7yl697hn0l1cdnx0vrvyr0000gn/T/tmpqegf7mgc/test_keymap.dtsi', '/var/folders/0s/42v7yl697hn0l1cdnx0vrvyr0000gn/T/tmpqegf7mgc/test_config.kbd']

    def main(args=None):
        """Main entry point for the CLI and programmatic use."""
        parser = argparse.ArgumentParser(description="Convert ZMK keymap to Kanata format")
        parser.add_argument("input_file", help="Path to the input ZMK keymap file")
        parser.add_argument("output_file", help="Path to the output Kanata file")
        parser.add_argument(
            "-v", "--verbose", help="Enable verbose output", action="store_true"
        )
        parser.add_argument(
            "--mac",
            help="Use Mac-specific modifiers (GUI becomes CMD)",
            action="store_true",
        )
        parser.add_argument(
            "--version", help="Show version information", action="store_true"
        )
        args_parsed = parser.parse_args(args)
    
        if args_parsed.version:
            print("ZMK to Kanata Converter v1.0.0")
            sys.exit(0)
    
        # Set up error manager
        error_manager = ErrorManager(verbose=args_parsed.verbose)
    
        try:
            # Read input file
            with open(args_parsed.input_file, "r") as f:
                zmk_content = f.read()
    
            # Convert ZMK to Kanata
            kanata_config, metadata = convert_zmk_to_kanata(
                zmk_content=zmk_content,
                output_path=args_parsed.output_file,
                error_manager=error_manager,
                is_mac=args_parsed.mac,
            )
    
            # Write to output file
            with open(args_parsed.output_file, "w") as f:
                f.write(kanata_config)
    
            # Print any errors or warnings
            if error_manager.has_errors(ErrorSeverity.WARNING):
                for error in error_manager.get_errors(ErrorSeverity.WARNING):
                    print(f"WARNING: {error}", file=sys.stderr)
    
            if error_manager.has_errors(ErrorSeverity.ERROR):
                for error in error_manager.get_errors(ErrorSeverity.ERROR):
                    print(f"ERROR: {error}", file=sys.stderr)
                sys.exit(1)
    
        except Exception as e:
            print(f"ERROR: {str(e)}", file=sys.stderr)
            if args_parsed.verbose:
                import traceback
    
                traceback.print_exc()
>           sys.exit(1)
E           SystemExit: 1

converter/main.py:119: SystemExit
----------------------------- Captured stderr call -----------------------------
ERROR: ERROR: [converter] - Error during conversion: Failed to parse ZMK file: No layers found in ZMK file
------------------------------ Captured log call -------------------------------
WARNING  root:keymap_model.py:77 Key validation failed for '}': Invalid key: }
WARNING  root:keymap_model.py:77 Key validation failed for '}': Invalid key: }
WARNING  root:keymap_model.py:77 Key validation failed for '}': Invalid key: }
ERROR    converter.error_handling.error_manager:error_manager.py:147 ERROR: [converter] - Error during conversion: Failed to parse ZMK file: No layers found in ZMK file
___________________________ test_missing_input_file ____________________________

args = ['/var/folders/0s/42v7yl697hn0l1cdnx0vrvyr0000gn/T/tmpt8wqmpea/nonexistent.dtsi', '/var/folders/0s/42v7yl697hn0l1cdnx0vrvyr0000gn/T/tmpt8wqmpea/output.kbd']

    def main(args=None):
        """Main entry point for the CLI and programmatic use."""
        parser = argparse.ArgumentParser(description="Convert ZMK keymap to Kanata format")
        parser.add_argument("input_file", help="Path to the input ZMK keymap file")
        parser.add_argument("output_file", help="Path to the output Kanata file")
        parser.add_argument(
            "-v", "--verbose", help="Enable verbose output", action="store_true"
        )
        parser.add_argument(
            "--mac",
            help="Use Mac-specific modifiers (GUI becomes CMD)",
            action="store_true",
        )
        parser.add_argument(
            "--version", help="Show version information", action="store_true"
        )
        args_parsed = parser.parse_args(args)
    
        if args_parsed.version:
            print("ZMK to Kanata Converter v1.0.0")
            sys.exit(0)
    
        # Set up error manager
        error_manager = ErrorManager(verbose=args_parsed.verbose)
    
        try:
            # Read input file
>           with open(args_parsed.input_file, "r") as f:
E           FileNotFoundError: [Errno 2] No such file or directory: '/var/folders/0s/42v7yl697hn0l1cdnx0vrvyr0000gn/T/tmpt8wqmpea/nonexistent.dtsi'

converter/main.py:88: FileNotFoundError

During handling of the above exception, another exception occurred:

temp_test_dir = PosixPath('/var/folders/0s/42v7yl697hn0l1cdnx0vrvyr0000gn/T/tmpt8wqmpea')
capsys = <_pytest.capture.CaptureFixture object at 0x102cbfa30>

    def test_missing_input_file(temp_test_dir, capsys):
        """Test error handling for missing input file."""
        input_file = temp_test_dir / "nonexistent.dtsi"
        output_file = temp_test_dir / "output.kbd"
    
>       exit_code = main([str(input_file), str(output_file)])

converter/tests/e2e_tests/test_cli.py:74: 
_ _ _ _ _ _ _ _ _ _ _ _ _ _ _ _ _ _ _ _ _ _ _ _ _ _ _ _ _ _ _ _ _ _ _ _ _ _ _ _ 
converter/cli.py:56: in main
    return convert_main(main_args)
_ _ _ _ _ _ _ _ _ _ _ _ _ _ _ _ _ _ _ _ _ _ _ _ _ _ _ _ _ _ _ _ _ _ _ _ _ _ _ _ 

args = ['/var/folders/0s/42v7yl697hn0l1cdnx0vrvyr0000gn/T/tmpt8wqmpea/nonexistent.dtsi', '/var/folders/0s/42v7yl697hn0l1cdnx0vrvyr0000gn/T/tmpt8wqmpea/output.kbd']

    def main(args=None):
        """Main entry point for the CLI and programmatic use."""
        parser = argparse.ArgumentParser(description="Convert ZMK keymap to Kanata format")
        parser.add_argument("input_file", help="Path to the input ZMK keymap file")
        parser.add_argument("output_file", help="Path to the output Kanata file")
        parser.add_argument(
            "-v", "--verbose", help="Enable verbose output", action="store_true"
        )
        parser.add_argument(
            "--mac",
            help="Use Mac-specific modifiers (GUI becomes CMD)",
            action="store_true",
        )
        parser.add_argument(
            "--version", help="Show version information", action="store_true"
        )
        args_parsed = parser.parse_args(args)
    
        if args_parsed.version:
            print("ZMK to Kanata Converter v1.0.0")
            sys.exit(0)
    
        # Set up error manager
        error_manager = ErrorManager(verbose=args_parsed.verbose)
    
        try:
            # Read input file
            with open(args_parsed.input_file, "r") as f:
                zmk_content = f.read()
    
            # Convert ZMK to Kanata
            kanata_config, metadata = convert_zmk_to_kanata(
                zmk_content=zmk_content,
                output_path=args_parsed.output_file,
                error_manager=error_manager,
                is_mac=args_parsed.mac,
            )
    
            # Write to output file
            with open(args_parsed.output_file, "w") as f:
                f.write(kanata_config)
    
            # Print any errors or warnings
            if error_manager.has_errors(ErrorSeverity.WARNING):
                for error in error_manager.get_errors(ErrorSeverity.WARNING):
                    print(f"WARNING: {error}", file=sys.stderr)
    
            if error_manager.has_errors(ErrorSeverity.ERROR):
                for error in error_manager.get_errors(ErrorSeverity.ERROR):
                    print(f"ERROR: {error}", file=sys.stderr)
                sys.exit(1)
    
        except Exception as e:
            print(f"ERROR: {str(e)}", file=sys.stderr)
            if args_parsed.verbose:
                import traceback
    
                traceback.print_exc()
>           sys.exit(1)
E           SystemExit: 1

converter/main.py:119: SystemExit
----------------------------- Captured stderr call -----------------------------
ERROR: [Errno 2] No such file or directory: '/var/folders/0s/42v7yl697hn0l1cdnx0vrvyr0000gn/T/tmpt8wqmpea/nonexistent.dtsi'
__________________________ test_invalid_input_format ___________________________

self = <converter.parser.zmk_parser.ZMKParser object at 0x102c85f60>
file_path_or_content = 'This is not a valid ZMK file'

    def parse(self, file_path_or_content: Union[Path, str]) -> KeymapConfig:
        """Parse a ZMK keymap file or content string.
    
        Args:
            file_path_or_content: Either a Path object to the keymap file or the content as a string.
    
        Returns:
            A KeymapConfig object containing the parsed keymap.
    
        Raises:
            ParserError: If there are any parsing errors.
        """
        try:
            # Determine if input is a Path or content string
            if isinstance(file_path_or_content, Path):
                # Input is a Path - read the file
                content = file_path_or_content.read_text()
                logger.debug("Parsing ZMK file: %s", file_path_or_content)
            else:
                # Input is a string - use directly
                content = file_path_or_content
                logger.debug("Parsing ZMK content from string")
    
            # Process file line by line
            lines = content.split('\n')
            idx = 0
            while idx < len(lines):
                self.logger.debug(f"[DEBUG] Main loop before line {idx+1}: state={self.state}")
                line = lines[idx].strip()
    
                if not line or line.startswith('//'):
                    self.current_line += 1
                    idx += 1
                    continue
    
                reparsed = False
                while True:
                    result = self._parse_line_with_reparse(line)
                    if result == 'REPARSE':
                        if reparsed:
                            self.logger.error(f"[ERROR] Infinite reparsing detected at line {self.current_line}: {line}")
                            break
                        reparsed = True
                        continue
                    break
                self.current_line += 1
                idx += 1
    
            if not self.layers:
>               raise ValueError("No layers found in ZMK file")
E               ValueError: No layers found in ZMK file

converter/parser/zmk_parser.py:173: ValueError

The above exception was the direct cause of the following exception:

zmk_content = 'This is not a valid ZMK file'
output_path = '/var/folders/0s/42v7yl697hn0l1cdnx0vrvyr0000gn/T/tmpshwtrkj4/output.kbd'
error_manager = <converter.error_handling.error_manager.ErrorManager object at 0x102c87730>
is_mac = False

    def convert_zmk_to_kanata(
        zmk_content: str,
        output_path: Optional[str] = None,
        error_manager: Optional[ErrorManager] = None,
        is_mac: bool = False,
    ) -> Tuple[str, Dict[str, Any]]:
        """Convert ZMK keymap to Kanata format.
    
        Args:
            zmk_content: Content of the ZMK keymap file
            output_path: Optional path to write the Kanata config to
            error_manager: Optional error manager for reporting issues
            is_mac: Whether to use Mac-specific modifiers
    
        Returns:
            Tuple of (Kanata config string, metadata dict)
    
        Raises:
            Exception: If there's an error during conversion
        """
        # Set up error manager
        if error_manager:
            set_error_manager(error_manager)
        else:
            set_error_manager(ErrorManager())
    
        error_mgr = get_error_manager()
    
        try:
            # Parse ZMK keymap
            parser = ZMKParser()
>           keymap_config = parser.parse(
                zmk_content
            )  # Now directly passes the content string

converter/zmk_to_kanata.py:48: 
_ _ _ _ _ _ _ _ _ _ _ _ _ _ _ _ _ _ _ _ _ _ _ _ _ _ _ _ _ _ _ _ _ _ _ _ _ _ _ _ 

self = <converter.parser.zmk_parser.ZMKParser object at 0x102c85f60>
file_path_or_content = 'This is not a valid ZMK file'

    def parse(self, file_path_or_content: Union[Path, str]) -> KeymapConfig:
        """Parse a ZMK keymap file or content string.
    
        Args:
            file_path_or_content: Either a Path object to the keymap file or the content as a string.
    
        Returns:
            A KeymapConfig object containing the parsed keymap.
    
        Raises:
            ParserError: If there are any parsing errors.
        """
        try:
            # Determine if input is a Path or content string
            if isinstance(file_path_or_content, Path):
                # Input is a Path - read the file
                content = file_path_or_content.read_text()
                logger.debug("Parsing ZMK file: %s", file_path_or_content)
            else:
                # Input is a string - use directly
                content = file_path_or_content
                logger.debug("Parsing ZMK content from string")
    
            # Process file line by line
            lines = content.split('\n')
            idx = 0
            while idx < len(lines):
                self.logger.debug(f"[DEBUG] Main loop before line {idx+1}: state={self.state}")
                line = lines[idx].strip()
    
                if not line or line.startswith('//'):
                    self.current_line += 1
                    idx += 1
                    continue
    
                reparsed = False
                while True:
                    result = self._parse_line_with_reparse(line)
                    if result == 'REPARSE':
                        if reparsed:
                            self.logger.error(f"[ERROR] Infinite reparsing detected at line {self.current_line}: {line}")
                            break
                        reparsed = True
                        continue
                    break
                self.current_line += 1
                idx += 1
    
            if not self.layers:
                raise ValueError("No layers found in ZMK file")
    
            return KeymapConfig(
                global_settings=self.global_settings_parser.finish(),
                layers=self.layers
            )
        except ParserError as e:
            raise e
        except Exception as e:
>           raise ParserError(f"Failed to parse ZMK file: {e}") from e
E           converter.parser.parser_error.ParserError: Failed to parse ZMK file: No layers found in ZMK file

converter/parser/zmk_parser.py:182: ParserError

During handling of the above exception, another exception occurred:

args = ['/var/folders/0s/42v7yl697hn0l1cdnx0vrvyr0000gn/T/tmpshwtrkj4/invalid.dtsi', '/var/folders/0s/42v7yl697hn0l1cdnx0vrvyr0000gn/T/tmpshwtrkj4/output.kbd']

    def main(args=None):
        """Main entry point for the CLI and programmatic use."""
        parser = argparse.ArgumentParser(description="Convert ZMK keymap to Kanata format")
        parser.add_argument("input_file", help="Path to the input ZMK keymap file")
        parser.add_argument("output_file", help="Path to the output Kanata file")
        parser.add_argument(
            "-v", "--verbose", help="Enable verbose output", action="store_true"
        )
        parser.add_argument(
            "--mac",
            help="Use Mac-specific modifiers (GUI becomes CMD)",
            action="store_true",
        )
        parser.add_argument(
            "--version", help="Show version information", action="store_true"
        )
        args_parsed = parser.parse_args(args)
    
        if args_parsed.version:
            print("ZMK to Kanata Converter v1.0.0")
            sys.exit(0)
    
        # Set up error manager
        error_manager = ErrorManager(verbose=args_parsed.verbose)
    
        try:
            # Read input file
            with open(args_parsed.input_file, "r") as f:
                zmk_content = f.read()
    
            # Convert ZMK to Kanata
>           kanata_config, metadata = convert_zmk_to_kanata(
                zmk_content=zmk_content,
                output_path=args_parsed.output_file,
                error_manager=error_manager,
                is_mac=args_parsed.mac,
            )

converter/main.py:92: 
_ _ _ _ _ _ _ _ _ _ _ _ _ _ _ _ _ _ _ _ _ _ _ _ _ _ _ _ _ _ _ _ _ _ _ _ _ _ _ _ 
converter/zmk_to_kanata.py:72: in convert_zmk_to_kanata
    error_mgr.add_error(
_ _ _ _ _ _ _ _ _ _ _ _ _ _ _ _ _ _ _ _ _ _ _ _ _ _ _ _ _ _ _ _ _ _ _ _ _ _ _ _ 

self = <converter.error_handling.error_manager.ErrorManager object at 0x102c87730>
message = 'Error during conversion: Failed to parse ZMK file: No layers found in ZMK file'
source = 'converter', severity = <ErrorSeverity.ERROR: 3>, line_number = None
column = None, context = None
exception = ParserError('Failed to parse ZMK file: No layers found in ZMK file')
raise_immediately = True

    def add_error(
        self,
        message: str,
        source: str,
        severity: ErrorSeverity,
        line_number: Optional[int] = None,
        column: Optional[int] = None,
        context: Optional[Dict[str, Any]] = None,
        exception: Optional[Exception] = None,
        raise_immediately: bool = False,
    ) -> None:
        """Add an error to the error manager.
    
        Args:
            message: The error message
            source: The source of the error (e.g., module name)
            severity: The severity of the error
            line_number: Optional line number where the error occurred
            column: Optional column where the error occurred
            context: Optional context dictionary with additional information
            exception: Optional exception object that caused the error
            raise_immediately: Whether to raise the error immediately
    
        Raises:
            Exception: If severity >= raise_threshold and raise_immediately
                is True
        """
        # Get traceback if exception is provided
        traceback_info = None
        if exception and self.verbose:
            traceback_info = "".join(
                traceback.format_exception(
                    type(exception), exception, exception.__traceback__
                )
            )
    
        # Create error object
        error = ConversionError(
            message=message,
            source=source,
            severity=severity,
            line_number=line_number,
            column=column,
            context=context,
            traceback_info=traceback_info,
        )
    
        # Add to the list of errors
        self.errors.append(error)
    
        # Log the error based on severity
        self._log_error(error)
    
        # Raise immediately if requested and severity is high enough
        if raise_immediately and severity.value >= self.raise_threshold.value:
>           raise Exception(str(error))
E           Exception: ERROR: [converter] - Error during conversion: Failed to parse ZMK file: No layers found in ZMK file

converter/error_handling/error_manager.py:130: Exception

During handling of the above exception, another exception occurred:

temp_test_dir = PosixPath('/var/folders/0s/42v7yl697hn0l1cdnx0vrvyr0000gn/T/tmpshwtrkj4')
capsys = <_pytest.capture.CaptureFixture object at 0x102573c70>

    def test_invalid_input_format(temp_test_dir, capsys):
        """Test error handling for invalid input file format."""
        # Create an invalid ZMK file
        input_file = temp_test_dir / "invalid.dtsi"
        input_file.write_text("This is not a valid ZMK file")
        output_file = temp_test_dir / "output.kbd"
    
>       exit_code = main([str(input_file), str(output_file)])

converter/tests/e2e_tests/test_cli.py:90: 
_ _ _ _ _ _ _ _ _ _ _ _ _ _ _ _ _ _ _ _ _ _ _ _ _ _ _ _ _ _ _ _ _ _ _ _ _ _ _ _ 
converter/cli.py:56: in main
    return convert_main(main_args)
_ _ _ _ _ _ _ _ _ _ _ _ _ _ _ _ _ _ _ _ _ _ _ _ _ _ _ _ _ _ _ _ _ _ _ _ _ _ _ _ 

args = ['/var/folders/0s/42v7yl697hn0l1cdnx0vrvyr0000gn/T/tmpshwtrkj4/invalid.dtsi', '/var/folders/0s/42v7yl697hn0l1cdnx0vrvyr0000gn/T/tmpshwtrkj4/output.kbd']

    def main(args=None):
        """Main entry point for the CLI and programmatic use."""
        parser = argparse.ArgumentParser(description="Convert ZMK keymap to Kanata format")
        parser.add_argument("input_file", help="Path to the input ZMK keymap file")
        parser.add_argument("output_file", help="Path to the output Kanata file")
        parser.add_argument(
            "-v", "--verbose", help="Enable verbose output", action="store_true"
        )
        parser.add_argument(
            "--mac",
            help="Use Mac-specific modifiers (GUI becomes CMD)",
            action="store_true",
        )
        parser.add_argument(
            "--version", help="Show version information", action="store_true"
        )
        args_parsed = parser.parse_args(args)
    
        if args_parsed.version:
            print("ZMK to Kanata Converter v1.0.0")
            sys.exit(0)
    
        # Set up error manager
        error_manager = ErrorManager(verbose=args_parsed.verbose)
    
        try:
            # Read input file
            with open(args_parsed.input_file, "r") as f:
                zmk_content = f.read()
    
            # Convert ZMK to Kanata
            kanata_config, metadata = convert_zmk_to_kanata(
                zmk_content=zmk_content,
                output_path=args_parsed.output_file,
                error_manager=error_manager,
                is_mac=args_parsed.mac,
            )
    
            # Write to output file
            with open(args_parsed.output_file, "w") as f:
                f.write(kanata_config)
    
            # Print any errors or warnings
            if error_manager.has_errors(ErrorSeverity.WARNING):
                for error in error_manager.get_errors(ErrorSeverity.WARNING):
                    print(f"WARNING: {error}", file=sys.stderr)
    
            if error_manager.has_errors(ErrorSeverity.ERROR):
                for error in error_manager.get_errors(ErrorSeverity.ERROR):
                    print(f"ERROR: {error}", file=sys.stderr)
                sys.exit(1)
    
        except Exception as e:
            print(f"ERROR: {str(e)}", file=sys.stderr)
            if args_parsed.verbose:
                import traceback
    
                traceback.print_exc()
>           sys.exit(1)
E           SystemExit: 1

converter/main.py:119: SystemExit
----------------------------- Captured stderr call -----------------------------
ERROR: ERROR: [converter] - Error during conversion: Failed to parse ZMK file: No layers found in ZMK file
------------------------------ Captured log call -------------------------------
ERROR    converter.error_handling.error_manager:error_manager.py:147 ERROR: [converter] - Error during conversion: Failed to parse ZMK file: No layers found in ZMK file
___________________________ test_invalid_output_path ___________________________

self = <converter.parser.zmk_parser.ZMKParser object at 0x102d67fa0>
file_path_or_content = '\n#include <behaviors.dtsi>\n#include <dt-bindings/zmk/keys.h>\n\n/ {\n    keymap {\n        compatible = "zmk,keymap...      bindings = <\n                &kp A &kp B\n                &kp C &kp D\n            >;\n        };\n    };\n};\n'

    def parse(self, file_path_or_content: Union[Path, str]) -> KeymapConfig:
        """Parse a ZMK keymap file or content string.
    
        Args:
            file_path_or_content: Either a Path object to the keymap file or the content as a string.
    
        Returns:
            A KeymapConfig object containing the parsed keymap.
    
        Raises:
            ParserError: If there are any parsing errors.
        """
        try:
            # Determine if input is a Path or content string
            if isinstance(file_path_or_content, Path):
                # Input is a Path - read the file
                content = file_path_or_content.read_text()
                logger.debug("Parsing ZMK file: %s", file_path_or_content)
            else:
                # Input is a string - use directly
                content = file_path_or_content
                logger.debug("Parsing ZMK content from string")
    
            # Process file line by line
            lines = content.split('\n')
            idx = 0
            while idx < len(lines):
                self.logger.debug(f"[DEBUG] Main loop before line {idx+1}: state={self.state}")
                line = lines[idx].strip()
    
                if not line or line.startswith('//'):
                    self.current_line += 1
                    idx += 1
                    continue
    
                reparsed = False
                while True:
                    result = self._parse_line_with_reparse(line)
                    if result == 'REPARSE':
                        if reparsed:
                            self.logger.error(f"[ERROR] Infinite reparsing detected at line {self.current_line}: {line}")
                            break
                        reparsed = True
                        continue
                    break
                self.current_line += 1
                idx += 1
    
            if not self.layers:
>               raise ValueError("No layers found in ZMK file")
E               ValueError: No layers found in ZMK file

converter/parser/zmk_parser.py:173: ValueError

The above exception was the direct cause of the following exception:

zmk_content = '\n#include <behaviors.dtsi>\n#include <dt-bindings/zmk/keys.h>\n\n/ {\n    keymap {\n        compatible = "zmk,keymap...      bindings = <\n                &kp A &kp B\n                &kp C &kp D\n            >;\n        };\n    };\n};\n'
output_path = '/var/folders/0s/42v7yl697hn0l1cdnx0vrvyr0000gn/T/tmpu__9z3t3/nonexistent_dir/output.kbd'
error_manager = <converter.error_handling.error_manager.ErrorManager object at 0x102d67520>
is_mac = False

    def convert_zmk_to_kanata(
        zmk_content: str,
        output_path: Optional[str] = None,
        error_manager: Optional[ErrorManager] = None,
        is_mac: bool = False,
    ) -> Tuple[str, Dict[str, Any]]:
        """Convert ZMK keymap to Kanata format.
    
        Args:
            zmk_content: Content of the ZMK keymap file
            output_path: Optional path to write the Kanata config to
            error_manager: Optional error manager for reporting issues
            is_mac: Whether to use Mac-specific modifiers
    
        Returns:
            Tuple of (Kanata config string, metadata dict)
    
        Raises:
            Exception: If there's an error during conversion
        """
        # Set up error manager
        if error_manager:
            set_error_manager(error_manager)
        else:
            set_error_manager(ErrorManager())
    
        error_mgr = get_error_manager()
    
        try:
            # Parse ZMK keymap
            parser = ZMKParser()
>           keymap_config = parser.parse(
                zmk_content
            )  # Now directly passes the content string

converter/zmk_to_kanata.py:48: 
_ _ _ _ _ _ _ _ _ _ _ _ _ _ _ _ _ _ _ _ _ _ _ _ _ _ _ _ _ _ _ _ _ _ _ _ _ _ _ _ 

self = <converter.parser.zmk_parser.ZMKParser object at 0x102d67fa0>
file_path_or_content = '\n#include <behaviors.dtsi>\n#include <dt-bindings/zmk/keys.h>\n\n/ {\n    keymap {\n        compatible = "zmk,keymap...      bindings = <\n                &kp A &kp B\n                &kp C &kp D\n            >;\n        };\n    };\n};\n'

    def parse(self, file_path_or_content: Union[Path, str]) -> KeymapConfig:
        """Parse a ZMK keymap file or content string.
    
        Args:
            file_path_or_content: Either a Path object to the keymap file or the content as a string.
    
        Returns:
            A KeymapConfig object containing the parsed keymap.
    
        Raises:
            ParserError: If there are any parsing errors.
        """
        try:
            # Determine if input is a Path or content string
            if isinstance(file_path_or_content, Path):
                # Input is a Path - read the file
                content = file_path_or_content.read_text()
                logger.debug("Parsing ZMK file: %s", file_path_or_content)
            else:
                # Input is a string - use directly
                content = file_path_or_content
                logger.debug("Parsing ZMK content from string")
    
            # Process file line by line
            lines = content.split('\n')
            idx = 0
            while idx < len(lines):
                self.logger.debug(f"[DEBUG] Main loop before line {idx+1}: state={self.state}")
                line = lines[idx].strip()
    
                if not line or line.startswith('//'):
                    self.current_line += 1
                    idx += 1
                    continue
    
                reparsed = False
                while True:
                    result = self._parse_line_with_reparse(line)
                    if result == 'REPARSE':
                        if reparsed:
                            self.logger.error(f"[ERROR] Infinite reparsing detected at line {self.current_line}: {line}")
                            break
                        reparsed = True
                        continue
                    break
                self.current_line += 1
                idx += 1
    
            if not self.layers:
                raise ValueError("No layers found in ZMK file")
    
            return KeymapConfig(
                global_settings=self.global_settings_parser.finish(),
                layers=self.layers
            )
        except ParserError as e:
            raise e
        except Exception as e:
>           raise ParserError(f"Failed to parse ZMK file: {e}") from e
E           converter.parser.parser_error.ParserError: Failed to parse ZMK file: No layers found in ZMK file

converter/parser/zmk_parser.py:182: ParserError

During handling of the above exception, another exception occurred:

args = ['/var/folders/0s/42v7yl697hn0l1cdnx0vrvyr0000gn/T/tmpu__9z3t3/test_keymap.dtsi', '/var/folders/0s/42v7yl697hn0l1cdnx0vrvyr0000gn/T/tmpu__9z3t3/nonexistent_dir/output.kbd']

    def main(args=None):
        """Main entry point for the CLI and programmatic use."""
        parser = argparse.ArgumentParser(description="Convert ZMK keymap to Kanata format")
        parser.add_argument("input_file", help="Path to the input ZMK keymap file")
        parser.add_argument("output_file", help="Path to the output Kanata file")
        parser.add_argument(
            "-v", "--verbose", help="Enable verbose output", action="store_true"
        )
        parser.add_argument(
            "--mac",
            help="Use Mac-specific modifiers (GUI becomes CMD)",
            action="store_true",
        )
        parser.add_argument(
            "--version", help="Show version information", action="store_true"
        )
        args_parsed = parser.parse_args(args)
    
        if args_parsed.version:
            print("ZMK to Kanata Converter v1.0.0")
            sys.exit(0)
    
        # Set up error manager
        error_manager = ErrorManager(verbose=args_parsed.verbose)
    
        try:
            # Read input file
            with open(args_parsed.input_file, "r") as f:
                zmk_content = f.read()
    
            # Convert ZMK to Kanata
>           kanata_config, metadata = convert_zmk_to_kanata(
                zmk_content=zmk_content,
                output_path=args_parsed.output_file,
                error_manager=error_manager,
                is_mac=args_parsed.mac,
            )

converter/main.py:92: 
_ _ _ _ _ _ _ _ _ _ _ _ _ _ _ _ _ _ _ _ _ _ _ _ _ _ _ _ _ _ _ _ _ _ _ _ _ _ _ _ 
converter/zmk_to_kanata.py:72: in convert_zmk_to_kanata
    error_mgr.add_error(
_ _ _ _ _ _ _ _ _ _ _ _ _ _ _ _ _ _ _ _ _ _ _ _ _ _ _ _ _ _ _ _ _ _ _ _ _ _ _ _ 

self = <converter.error_handling.error_manager.ErrorManager object at 0x102d67520>
message = 'Error during conversion: Failed to parse ZMK file: No layers found in ZMK file'
source = 'converter', severity = <ErrorSeverity.ERROR: 3>, line_number = None
column = None, context = None
exception = ParserError('Failed to parse ZMK file: No layers found in ZMK file')
raise_immediately = True

    def add_error(
        self,
        message: str,
        source: str,
        severity: ErrorSeverity,
        line_number: Optional[int] = None,
        column: Optional[int] = None,
        context: Optional[Dict[str, Any]] = None,
        exception: Optional[Exception] = None,
        raise_immediately: bool = False,
    ) -> None:
        """Add an error to the error manager.
    
        Args:
            message: The error message
            source: The source of the error (e.g., module name)
            severity: The severity of the error
            line_number: Optional line number where the error occurred
            column: Optional column where the error occurred
            context: Optional context dictionary with additional information
            exception: Optional exception object that caused the error
            raise_immediately: Whether to raise the error immediately
    
        Raises:
            Exception: If severity >= raise_threshold and raise_immediately
                is True
        """
        # Get traceback if exception is provided
        traceback_info = None
        if exception and self.verbose:
            traceback_info = "".join(
                traceback.format_exception(
                    type(exception), exception, exception.__traceback__
                )
            )
    
        # Create error object
        error = ConversionError(
            message=message,
            source=source,
            severity=severity,
            line_number=line_number,
            column=column,
            context=context,
            traceback_info=traceback_info,
        )
    
        # Add to the list of errors
        self.errors.append(error)
    
        # Log the error based on severity
        self._log_error(error)
    
        # Raise immediately if requested and severity is high enough
        if raise_immediately and severity.value >= self.raise_threshold.value:
>           raise Exception(str(error))
E           Exception: ERROR: [converter] - Error during conversion: Failed to parse ZMK file: No layers found in ZMK file

converter/error_handling/error_manager.py:130: Exception

During handling of the above exception, another exception occurred:

temp_test_dir = PosixPath('/var/folders/0s/42v7yl697hn0l1cdnx0vrvyr0000gn/T/tmpu__9z3t3')
capsys = <_pytest.capture.CaptureFixture object at 0x102d66b90>

    def test_invalid_output_path(temp_test_dir, capsys):
        """Test error handling for invalid output path."""
        # Create a valid input file
        zmk_content = """
    #include <behaviors.dtsi>
    #include <dt-bindings/zmk/keys.h>
    
    / {
        keymap {
            compatible = "zmk,keymap";
            default_layer {
                bindings = <
                    &kp A &kp B
                    &kp C &kp D
                >;
            };
        };
    };
    """
        input_file = temp_test_dir / "test_keymap.dtsi"
        input_file.write_text(zmk_content)
    
        # Try to write to a nonexistent directory
        output_file = temp_test_dir / "nonexistent_dir" / "output.kbd"
    
>       exit_code = main([str(input_file), str(output_file)])

converter/tests/e2e_tests/test_cli.py:123: 
_ _ _ _ _ _ _ _ _ _ _ _ _ _ _ _ _ _ _ _ _ _ _ _ _ _ _ _ _ _ _ _ _ _ _ _ _ _ _ _ 
converter/cli.py:56: in main
    return convert_main(main_args)
_ _ _ _ _ _ _ _ _ _ _ _ _ _ _ _ _ _ _ _ _ _ _ _ _ _ _ _ _ _ _ _ _ _ _ _ _ _ _ _ 

args = ['/var/folders/0s/42v7yl697hn0l1cdnx0vrvyr0000gn/T/tmpu__9z3t3/test_keymap.dtsi', '/var/folders/0s/42v7yl697hn0l1cdnx0vrvyr0000gn/T/tmpu__9z3t3/nonexistent_dir/output.kbd']

    def main(args=None):
        """Main entry point for the CLI and programmatic use."""
        parser = argparse.ArgumentParser(description="Convert ZMK keymap to Kanata format")
        parser.add_argument("input_file", help="Path to the input ZMK keymap file")
        parser.add_argument("output_file", help="Path to the output Kanata file")
        parser.add_argument(
            "-v", "--verbose", help="Enable verbose output", action="store_true"
        )
        parser.add_argument(
            "--mac",
            help="Use Mac-specific modifiers (GUI becomes CMD)",
            action="store_true",
        )
        parser.add_argument(
            "--version", help="Show version information", action="store_true"
        )
        args_parsed = parser.parse_args(args)
    
        if args_parsed.version:
            print("ZMK to Kanata Converter v1.0.0")
            sys.exit(0)
    
        # Set up error manager
        error_manager = ErrorManager(verbose=args_parsed.verbose)
    
        try:
            # Read input file
            with open(args_parsed.input_file, "r") as f:
                zmk_content = f.read()
    
            # Convert ZMK to Kanata
            kanata_config, metadata = convert_zmk_to_kanata(
                zmk_content=zmk_content,
                output_path=args_parsed.output_file,
                error_manager=error_manager,
                is_mac=args_parsed.mac,
            )
    
            # Write to output file
            with open(args_parsed.output_file, "w") as f:
                f.write(kanata_config)
    
            # Print any errors or warnings
            if error_manager.has_errors(ErrorSeverity.WARNING):
                for error in error_manager.get_errors(ErrorSeverity.WARNING):
                    print(f"WARNING: {error}", file=sys.stderr)
    
            if error_manager.has_errors(ErrorSeverity.ERROR):
                for error in error_manager.get_errors(ErrorSeverity.ERROR):
                    print(f"ERROR: {error}", file=sys.stderr)
                sys.exit(1)
    
        except Exception as e:
            print(f"ERROR: {str(e)}", file=sys.stderr)
            if args_parsed.verbose:
                import traceback
    
                traceback.print_exc()
>           sys.exit(1)
E           SystemExit: 1

converter/main.py:119: SystemExit
----------------------------- Captured stderr call -----------------------------
ERROR: ERROR: [converter] - Error during conversion: Failed to parse ZMK file: No layers found in ZMK file
------------------------------ Captured log call -------------------------------
WARNING  root:keymap_model.py:77 Key validation failed for '}': Invalid key: }
WARNING  root:keymap_model.py:77 Key validation failed for '}': Invalid key: }
WARNING  root:keymap_model.py:77 Key validation failed for '}': Invalid key: }
ERROR    converter.error_handling.error_manager:error_manager.py:147 ERROR: [converter] - Error during conversion: Failed to parse ZMK file: No layers found in ZMK file
__________________________ test_basic_file_conversion __________________________

self = <converter.parser.zmk_parser.ZMKParser object at 0x102c61ba0>
file_path_or_content = '\n#include <behaviors.dtsi>\n#include <dt-bindings/zmk/keys.h>\n\n/ {\n    keymap {\n        compatible = "zmk,keymap...      bindings = <\n                &kp A &kp B\n                &kp C &kp D\n            >;\n        };\n    };\n};\n'

    def parse(self, file_path_or_content: Union[Path, str]) -> KeymapConfig:
        """Parse a ZMK keymap file or content string.
    
        Args:
            file_path_or_content: Either a Path object to the keymap file or the content as a string.
    
        Returns:
            A KeymapConfig object containing the parsed keymap.
    
        Raises:
            ParserError: If there are any parsing errors.
        """
        try:
            # Determine if input is a Path or content string
            if isinstance(file_path_or_content, Path):
                # Input is a Path - read the file
                content = file_path_or_content.read_text()
                logger.debug("Parsing ZMK file: %s", file_path_or_content)
            else:
                # Input is a string - use directly
                content = file_path_or_content
                logger.debug("Parsing ZMK content from string")
    
            # Process file line by line
            lines = content.split('\n')
            idx = 0
            while idx < len(lines):
                self.logger.debug(f"[DEBUG] Main loop before line {idx+1}: state={self.state}")
                line = lines[idx].strip()
    
                if not line or line.startswith('//'):
                    self.current_line += 1
                    idx += 1
                    continue
    
                reparsed = False
                while True:
                    result = self._parse_line_with_reparse(line)
                    if result == 'REPARSE':
                        if reparsed:
                            self.logger.error(f"[ERROR] Infinite reparsing detected at line {self.current_line}: {line}")
                            break
                        reparsed = True
                        continue
                    break
                self.current_line += 1
                idx += 1
    
            if not self.layers:
>               raise ValueError("No layers found in ZMK file")
E               ValueError: No layers found in ZMK file

converter/parser/zmk_parser.py:173: ValueError

The above exception was the direct cause of the following exception:

zmk_content = '\n#include <behaviors.dtsi>\n#include <dt-bindings/zmk/keys.h>\n\n/ {\n    keymap {\n        compatible = "zmk,keymap...      bindings = <\n                &kp A &kp B\n                &kp C &kp D\n            >;\n        };\n    };\n};\n'
output_path = '/var/folders/0s/42v7yl697hn0l1cdnx0vrvyr0000gn/T/tmpcwvdqatw/test_config.kbd'
error_manager = None, is_mac = False

    def convert_zmk_to_kanata(
        zmk_content: str,
        output_path: Optional[str] = None,
        error_manager: Optional[ErrorManager] = None,
        is_mac: bool = False,
    ) -> Tuple[str, Dict[str, Any]]:
        """Convert ZMK keymap to Kanata format.
    
        Args:
            zmk_content: Content of the ZMK keymap file
            output_path: Optional path to write the Kanata config to
            error_manager: Optional error manager for reporting issues
            is_mac: Whether to use Mac-specific modifiers
    
        Returns:
            Tuple of (Kanata config string, metadata dict)
    
        Raises:
            Exception: If there's an error during conversion
        """
        # Set up error manager
        if error_manager:
            set_error_manager(error_manager)
        else:
            set_error_manager(ErrorManager())
    
        error_mgr = get_error_manager()
    
        try:
            # Parse ZMK keymap
            parser = ZMKParser()
>           keymap_config = parser.parse(
                zmk_content
            )  # Now directly passes the content string

converter/zmk_to_kanata.py:48: 
_ _ _ _ _ _ _ _ _ _ _ _ _ _ _ _ _ _ _ _ _ _ _ _ _ _ _ _ _ _ _ _ _ _ _ _ _ _ _ _ 

self = <converter.parser.zmk_parser.ZMKParser object at 0x102c61ba0>
file_path_or_content = '\n#include <behaviors.dtsi>\n#include <dt-bindings/zmk/keys.h>\n\n/ {\n    keymap {\n        compatible = "zmk,keymap...      bindings = <\n                &kp A &kp B\n                &kp C &kp D\n            >;\n        };\n    };\n};\n'

    def parse(self, file_path_or_content: Union[Path, str]) -> KeymapConfig:
        """Parse a ZMK keymap file or content string.
    
        Args:
            file_path_or_content: Either a Path object to the keymap file or the content as a string.
    
        Returns:
            A KeymapConfig object containing the parsed keymap.
    
        Raises:
            ParserError: If there are any parsing errors.
        """
        try:
            # Determine if input is a Path or content string
            if isinstance(file_path_or_content, Path):
                # Input is a Path - read the file
                content = file_path_or_content.read_text()
                logger.debug("Parsing ZMK file: %s", file_path_or_content)
            else:
                # Input is a string - use directly
                content = file_path_or_content
                logger.debug("Parsing ZMK content from string")
    
            # Process file line by line
            lines = content.split('\n')
            idx = 0
            while idx < len(lines):
                self.logger.debug(f"[DEBUG] Main loop before line {idx+1}: state={self.state}")
                line = lines[idx].strip()
    
                if not line or line.startswith('//'):
                    self.current_line += 1
                    idx += 1
                    continue
    
                reparsed = False
                while True:
                    result = self._parse_line_with_reparse(line)
                    if result == 'REPARSE':
                        if reparsed:
                            self.logger.error(f"[ERROR] Infinite reparsing detected at line {self.current_line}: {line}")
                            break
                        reparsed = True
                        continue
                    break
                self.current_line += 1
                idx += 1
    
            if not self.layers:
                raise ValueError("No layers found in ZMK file")
    
            return KeymapConfig(
                global_settings=self.global_settings_parser.finish(),
                layers=self.layers
            )
        except ParserError as e:
            raise e
        except Exception as e:
>           raise ParserError(f"Failed to parse ZMK file: {e}") from e
E           converter.parser.parser_error.ParserError: Failed to parse ZMK file: No layers found in ZMK file

converter/parser/zmk_parser.py:182: ParserError

During handling of the above exception, another exception occurred:

temp_test_dir = PosixPath('/var/folders/0s/42v7yl697hn0l1cdnx0vrvyr0000gn/T/tmpcwvdqatw')

    def test_basic_file_conversion(temp_test_dir):
        """Test basic file conversion from ZMK to Kanata format."""
        # Create a sample ZMK keymap file
        zmk_content_str = """
    #include <behaviors.dtsi>
    #include <dt-bindings/zmk/keys.h>
    
    / {
        keymap {
            compatible = "zmk,keymap";
            default_layer {
                bindings = <
                    &kp A &kp B
                    &kp C &kp D
                >;
            };
        };
    };
    """
        zmk_file = temp_test_dir / "test_keymap.dtsi"
        zmk_file.write_text(zmk_content_str)
    
        # Create output path for Kanata config
        kanata_file = temp_test_dir / "test_config.kbd"
    
        # Convert the file
        # Pass content string and output path
>       convert_zmk_to_kanata(zmk_content=zmk_content_str, output_path=str(kanata_file))

converter/tests/e2e_tests/test_file_operations.py:41: 
_ _ _ _ _ _ _ _ _ _ _ _ _ _ _ _ _ _ _ _ _ _ _ _ _ _ _ _ _ _ _ _ _ _ _ _ _ _ _ _ 
converter/zmk_to_kanata.py:72: in convert_zmk_to_kanata
    error_mgr.add_error(
_ _ _ _ _ _ _ _ _ _ _ _ _ _ _ _ _ _ _ _ _ _ _ _ _ _ _ _ _ _ _ _ _ _ _ _ _ _ _ _ 

self = <converter.error_handling.error_manager.ErrorManager object at 0x102c61db0>
message = 'Error during conversion: Failed to parse ZMK file: No layers found in ZMK file'
source = 'converter', severity = <ErrorSeverity.ERROR: 3>, line_number = None
column = None, context = None
exception = ParserError('Failed to parse ZMK file: No layers found in ZMK file')
raise_immediately = True

    def add_error(
        self,
        message: str,
        source: str,
        severity: ErrorSeverity,
        line_number: Optional[int] = None,
        column: Optional[int] = None,
        context: Optional[Dict[str, Any]] = None,
        exception: Optional[Exception] = None,
        raise_immediately: bool = False,
    ) -> None:
        """Add an error to the error manager.
    
        Args:
            message: The error message
            source: The source of the error (e.g., module name)
            severity: The severity of the error
            line_number: Optional line number where the error occurred
            column: Optional column where the error occurred
            context: Optional context dictionary with additional information
            exception: Optional exception object that caused the error
            raise_immediately: Whether to raise the error immediately
    
        Raises:
            Exception: If severity >= raise_threshold and raise_immediately
                is True
        """
        # Get traceback if exception is provided
        traceback_info = None
        if exception and self.verbose:
            traceback_info = "".join(
                traceback.format_exception(
                    type(exception), exception, exception.__traceback__
                )
            )
    
        # Create error object
        error = ConversionError(
            message=message,
            source=source,
            severity=severity,
            line_number=line_number,
            column=column,
            context=context,
            traceback_info=traceback_info,
        )
    
        # Add to the list of errors
        self.errors.append(error)
    
        # Log the error based on severity
        self._log_error(error)
    
        # Raise immediately if requested and severity is high enough
        if raise_immediately and severity.value >= self.raise_threshold.value:
>           raise Exception(str(error))
E           Exception: ERROR: [converter] - Error during conversion: Failed to parse ZMK file: No layers found in ZMK file

converter/error_handling/error_manager.py:130: Exception
------------------------------ Captured log call -------------------------------
WARNING  root:keymap_model.py:77 Key validation failed for '}': Invalid key: }
WARNING  root:keymap_model.py:77 Key validation failed for '}': Invalid key: }
WARNING  root:keymap_model.py:77 Key validation failed for '}': Invalid key: }
ERROR    converter.error_handling.error_manager:error_manager.py:147 ERROR: [converter] - Error during conversion: Failed to parse ZMK file: No layers found in ZMK file
___________________________ test_output_file_format ____________________________

temp_test_dir = PosixPath('/var/folders/0s/42v7yl697hn0l1cdnx0vrvyr0000gn/T/tmpqcfwt90q')

    def test_output_file_format(temp_test_dir):
        """Test that the output file follows the Kanata format."""
        # Create a sample ZMK keymap file with multiple layers
        zmk_content_str = """
    #include <behaviors.dtsi>
    #include <dt-bindings/zmk/keys.h>
    
    / {
        keymap {
            compatible = "zmk,keymap";
            default_layer {
                bindings = <
                    &kp A &kp B
                    &kp C &kp D
                >;
            };
    
            symbol_layer {
                bindings = <
                    &kp N1 &kp N2
                    &kp N3 &kp N4
                >;
            };
        };
    };
    """
        zmk_file = temp_test_dir / "test_keymap.dtsi"
        zmk_file.write_text(zmk_content_str)
    
        # Create output path for Kanata config
        kanata_file = temp_test_dir / "test_config.kbd"
    
        # Convert the file
        # Pass content string and output path
        convert_zmk_to_kanata(zmk_content=zmk_content_str, output_path=str(kanata_file))
    
        # Read and verify the content
        kanata_content = kanata_file.read_text()
    
        # Verify layer definitions
        assert "(deflayer default" in kanata_content
>       assert "(deflayer symbol" in kanata_content
E       AssertionError: assert '(deflayer symbol' in ';; ZMK to Kanata Configuration\n;; Generated automatically - DO NOT EDIT\n\n;; Global settings\n(defvar tap-time 200)\n(defvar hold-time 250)\n\n(deflayer default\n  a  b  c\n  d  }\n)'

converter/tests/e2e_tests/test_file_operations.py:95: AssertionError
------------------------------ Captured log call -------------------------------
WARNING  root:keymap_model.py:77 Key validation failed for '}': Invalid key: }
WARNING  root:keymap_model.py:77 Key validation failed for '}': Invalid key: }
WARNING  root:keymap_model.py:77 Key validation failed for '}': Invalid key: }
WARNING  root:keymap_model.py:77 Key validation failed for '}': Invalid key: }
_________________________ test_homerow_mods_conversion _________________________

self = <converter.parser.zmk_parser.ZMKParser object at 0x102d0db40>
file_path_or_content = '\n    / {\n        keymap {\n            compatible = "zmk,keymap";\n\n            default_layer {\n                b...hm RSHFT J  &hm RCTRL K &hm RALT L &hm RGUI SEMI &kp SQT\n                >;\n            };\n        };\n    };\n    '

    def parse(self, file_path_or_content: Union[Path, str]) -> KeymapConfig:
        """Parse a ZMK keymap file or content string.
    
        Args:
            file_path_or_content: Either a Path object to the keymap file or the content as a string.
    
        Returns:
            A KeymapConfig object containing the parsed keymap.
    
        Raises:
            ParserError: If there are any parsing errors.
        """
        try:
            # Determine if input is a Path or content string
            if isinstance(file_path_or_content, Path):
                # Input is a Path - read the file
                content = file_path_or_content.read_text()
                logger.debug("Parsing ZMK file: %s", file_path_or_content)
            else:
                # Input is a string - use directly
                content = file_path_or_content
                logger.debug("Parsing ZMK content from string")
    
            # Process file line by line
            lines = content.split('\n')
            idx = 0
            while idx < len(lines):
                self.logger.debug(f"[DEBUG] Main loop before line {idx+1}: state={self.state}")
                line = lines[idx].strip()
    
                if not line or line.startswith('//'):
                    self.current_line += 1
                    idx += 1
                    continue
    
                reparsed = False
                while True:
                    result = self._parse_line_with_reparse(line)
                    if result == 'REPARSE':
                        if reparsed:
                            self.logger.error(f"[ERROR] Infinite reparsing detected at line {self.current_line}: {line}")
                            break
                        reparsed = True
                        continue
                    break
                self.current_line += 1
                idx += 1
    
            if not self.layers:
>               raise ValueError("No layers found in ZMK file")
E               ValueError: No layers found in ZMK file

converter/parser/zmk_parser.py:173: ValueError

The above exception was the direct cause of the following exception:

zmk_content = '\n    / {\n        keymap {\n            compatible = "zmk,keymap";\n\n            default_layer {\n                b...hm RSHFT J  &hm RCTRL K &hm RALT L &hm RGUI SEMI &kp SQT\n                >;\n            };\n        };\n    };\n    '
output_path = None
error_manager = <converter.error_handling.error_manager.ErrorManager object at 0x102d0c4c0>
is_mac = False

    def convert_zmk_to_kanata(
        zmk_content: str,
        output_path: Optional[str] = None,
        error_manager: Optional[ErrorManager] = None,
        is_mac: bool = False,
    ) -> Tuple[str, Dict[str, Any]]:
        """Convert ZMK keymap to Kanata format.
    
        Args:
            zmk_content: Content of the ZMK keymap file
            output_path: Optional path to write the Kanata config to
            error_manager: Optional error manager for reporting issues
            is_mac: Whether to use Mac-specific modifiers
    
        Returns:
            Tuple of (Kanata config string, metadata dict)
    
        Raises:
            Exception: If there's an error during conversion
        """
        # Set up error manager
        if error_manager:
            set_error_manager(error_manager)
        else:
            set_error_manager(ErrorManager())
    
        error_mgr = get_error_manager()
    
        try:
            # Parse ZMK keymap
            parser = ZMKParser()
>           keymap_config = parser.parse(
                zmk_content
            )  # Now directly passes the content string

converter/zmk_to_kanata.py:48: 
_ _ _ _ _ _ _ _ _ _ _ _ _ _ _ _ _ _ _ _ _ _ _ _ _ _ _ _ _ _ _ _ _ _ _ _ _ _ _ _ 

self = <converter.parser.zmk_parser.ZMKParser object at 0x102d0db40>
file_path_or_content = '\n    / {\n        keymap {\n            compatible = "zmk,keymap";\n\n            default_layer {\n                b...hm RSHFT J  &hm RCTRL K &hm RALT L &hm RGUI SEMI &kp SQT\n                >;\n            };\n        };\n    };\n    '

    def parse(self, file_path_or_content: Union[Path, str]) -> KeymapConfig:
        """Parse a ZMK keymap file or content string.
    
        Args:
            file_path_or_content: Either a Path object to the keymap file or the content as a string.
    
        Returns:
            A KeymapConfig object containing the parsed keymap.
    
        Raises:
            ParserError: If there are any parsing errors.
        """
        try:
            # Determine if input is a Path or content string
            if isinstance(file_path_or_content, Path):
                # Input is a Path - read the file
                content = file_path_or_content.read_text()
                logger.debug("Parsing ZMK file: %s", file_path_or_content)
            else:
                # Input is a string - use directly
                content = file_path_or_content
                logger.debug("Parsing ZMK content from string")
    
            # Process file line by line
            lines = content.split('\n')
            idx = 0
            while idx < len(lines):
                self.logger.debug(f"[DEBUG] Main loop before line {idx+1}: state={self.state}")
                line = lines[idx].strip()
    
                if not line or line.startswith('//'):
                    self.current_line += 1
                    idx += 1
                    continue
    
                reparsed = False
                while True:
                    result = self._parse_line_with_reparse(line)
                    if result == 'REPARSE':
                        if reparsed:
                            self.logger.error(f"[ERROR] Infinite reparsing detected at line {self.current_line}: {line}")
                            break
                        reparsed = True
                        continue
                    break
                self.current_line += 1
                idx += 1
    
            if not self.layers:
                raise ValueError("No layers found in ZMK file")
    
            return KeymapConfig(
                global_settings=self.global_settings_parser.finish(),
                layers=self.layers
            )
        except ParserError as e:
            raise e
        except Exception as e:
>           raise ParserError(f"Failed to parse ZMK file: {e}") from e
E           converter.parser.parser_error.ParserError: Failed to parse ZMK file: No layers found in ZMK file

converter/parser/zmk_parser.py:182: ParserError

During handling of the above exception, another exception occurred:

    def test_homerow_mods_conversion():
        """Test conversion of ZMK homerow mods to Kanata format."""
        # Setup test content
        zmk_content = """
        / {
            keymap {
                compatible = "zmk,keymap";
    
                default_layer {
                    bindings = <
                        &kp ESC   &hm LGUI A &hm LALT S &hm LCTRL D &hm LSHFT F &kp G
                        &kp H &hm RSHFT J  &hm RCTRL K &hm RALT L &hm RGUI SEMI &kp SQT
                    >;
                };
            };
        };
        """
    
        # Convert ZMK to Kanata
        error_manager = ErrorManager()
>       kanata_config, _ = convert_zmk_to_kanata(
            zmk_content=zmk_content, error_manager=error_manager
        )

converter/tests/e2e_tests/test_homerow_mods.py:31: 
_ _ _ _ _ _ _ _ _ _ _ _ _ _ _ _ _ _ _ _ _ _ _ _ _ _ _ _ _ _ _ _ _ _ _ _ _ _ _ _ 
converter/zmk_to_kanata.py:72: in convert_zmk_to_kanata
    error_mgr.add_error(
_ _ _ _ _ _ _ _ _ _ _ _ _ _ _ _ _ _ _ _ _ _ _ _ _ _ _ _ _ _ _ _ _ _ _ _ _ _ _ _ 

self = <converter.error_handling.error_manager.ErrorManager object at 0x102d0c4c0>
message = 'Error during conversion: Failed to parse ZMK file: No layers found in ZMK file'
source = 'converter', severity = <ErrorSeverity.ERROR: 3>, line_number = None
column = None, context = None
exception = ParserError('Failed to parse ZMK file: No layers found in ZMK file')
raise_immediately = True

    def add_error(
        self,
        message: str,
        source: str,
        severity: ErrorSeverity,
        line_number: Optional[int] = None,
        column: Optional[int] = None,
        context: Optional[Dict[str, Any]] = None,
        exception: Optional[Exception] = None,
        raise_immediately: bool = False,
    ) -> None:
        """Add an error to the error manager.
    
        Args:
            message: The error message
            source: The source of the error (e.g., module name)
            severity: The severity of the error
            line_number: Optional line number where the error occurred
            column: Optional column where the error occurred
            context: Optional context dictionary with additional information
            exception: Optional exception object that caused the error
            raise_immediately: Whether to raise the error immediately
    
        Raises:
            Exception: If severity >= raise_threshold and raise_immediately
                is True
        """
        # Get traceback if exception is provided
        traceback_info = None
        if exception and self.verbose:
            traceback_info = "".join(
                traceback.format_exception(
                    type(exception), exception, exception.__traceback__
                )
            )
    
        # Create error object
        error = ConversionError(
            message=message,
            source=source,
            severity=severity,
            line_number=line_number,
            column=column,
            context=context,
            traceback_info=traceback_info,
        )
    
        # Add to the list of errors
        self.errors.append(error)
    
        # Log the error based on severity
        self._log_error(error)
    
        # Raise immediately if requested and severity is high enough
        if raise_immediately and severity.value >= self.raise_threshold.value:
>           raise Exception(str(error))
E           Exception: ERROR: [converter] - Error during conversion: Failed to parse ZMK file: No layers found in ZMK file

converter/error_handling/error_manager.py:130: Exception
------------------------------ Captured log call -------------------------------
WARNING  root:keymap_model.py:77 Key validation failed for 'SQT': Invalid key: SQT
WARNING  root:keymap_model.py:77 Key validation failed for '}': Invalid key: }
WARNING  root:keymap_model.py:77 Key validation failed for '}': Invalid key: }
WARNING  root:keymap_model.py:77 Key validation failed for '}': Invalid key: }
ERROR    converter.error_handling.error_manager:error_manager.py:147 ERROR: [converter] - Error during conversion: Failed to parse ZMK file: No layers found in ZMK file
_______________________ test_homerow_mods_mac_conversion _______________________

self = <converter.parser.zmk_parser.ZMKParser object at 0x102dceef0>
file_path_or_content = '\n    / {\n        keymap {\n            compatible = "zmk,keymap";\n\n            default_layer {\n                b...hm RSHFT J  &hm RCTRL K &hm RALT L &hm RGUI SEMI &kp SQT\n                >;\n            };\n        };\n    };\n    '

    def parse(self, file_path_or_content: Union[Path, str]) -> KeymapConfig:
        """Parse a ZMK keymap file or content string.
    
        Args:
            file_path_or_content: Either a Path object to the keymap file or the content as a string.
    
        Returns:
            A KeymapConfig object containing the parsed keymap.
    
        Raises:
            ParserError: If there are any parsing errors.
        """
        try:
            # Determine if input is a Path or content string
            if isinstance(file_path_or_content, Path):
                # Input is a Path - read the file
                content = file_path_or_content.read_text()
                logger.debug("Parsing ZMK file: %s", file_path_or_content)
            else:
                # Input is a string - use directly
                content = file_path_or_content
                logger.debug("Parsing ZMK content from string")
    
            # Process file line by line
            lines = content.split('\n')
            idx = 0
            while idx < len(lines):
                self.logger.debug(f"[DEBUG] Main loop before line {idx+1}: state={self.state}")
                line = lines[idx].strip()
    
                if not line or line.startswith('//'):
                    self.current_line += 1
                    idx += 1
                    continue
    
                reparsed = False
                while True:
                    result = self._parse_line_with_reparse(line)
                    if result == 'REPARSE':
                        if reparsed:
                            self.logger.error(f"[ERROR] Infinite reparsing detected at line {self.current_line}: {line}")
                            break
                        reparsed = True
                        continue
                    break
                self.current_line += 1
                idx += 1
    
            if not self.layers:
>               raise ValueError("No layers found in ZMK file")
E               ValueError: No layers found in ZMK file

converter/parser/zmk_parser.py:173: ValueError

The above exception was the direct cause of the following exception:

zmk_content = '\n    / {\n        keymap {\n            compatible = "zmk,keymap";\n\n            default_layer {\n                b...hm RSHFT J  &hm RCTRL K &hm RALT L &hm RGUI SEMI &kp SQT\n                >;\n            };\n        };\n    };\n    '
output_path = None
error_manager = <converter.error_handling.error_manager.ErrorManager object at 0x102dcfb80>
is_mac = True

    def convert_zmk_to_kanata(
        zmk_content: str,
        output_path: Optional[str] = None,
        error_manager: Optional[ErrorManager] = None,
        is_mac: bool = False,
    ) -> Tuple[str, Dict[str, Any]]:
        """Convert ZMK keymap to Kanata format.
    
        Args:
            zmk_content: Content of the ZMK keymap file
            output_path: Optional path to write the Kanata config to
            error_manager: Optional error manager for reporting issues
            is_mac: Whether to use Mac-specific modifiers
    
        Returns:
            Tuple of (Kanata config string, metadata dict)
    
        Raises:
            Exception: If there's an error during conversion
        """
        # Set up error manager
        if error_manager:
            set_error_manager(error_manager)
        else:
            set_error_manager(ErrorManager())
    
        error_mgr = get_error_manager()
    
        try:
            # Parse ZMK keymap
            parser = ZMKParser()
>           keymap_config = parser.parse(
                zmk_content
            )  # Now directly passes the content string

converter/zmk_to_kanata.py:48: 
_ _ _ _ _ _ _ _ _ _ _ _ _ _ _ _ _ _ _ _ _ _ _ _ _ _ _ _ _ _ _ _ _ _ _ _ _ _ _ _ 

self = <converter.parser.zmk_parser.ZMKParser object at 0x102dceef0>
file_path_or_content = '\n    / {\n        keymap {\n            compatible = "zmk,keymap";\n\n            default_layer {\n                b...hm RSHFT J  &hm RCTRL K &hm RALT L &hm RGUI SEMI &kp SQT\n                >;\n            };\n        };\n    };\n    '

    def parse(self, file_path_or_content: Union[Path, str]) -> KeymapConfig:
        """Parse a ZMK keymap file or content string.
    
        Args:
            file_path_or_content: Either a Path object to the keymap file or the content as a string.
    
        Returns:
            A KeymapConfig object containing the parsed keymap.
    
        Raises:
            ParserError: If there are any parsing errors.
        """
        try:
            # Determine if input is a Path or content string
            if isinstance(file_path_or_content, Path):
                # Input is a Path - read the file
                content = file_path_or_content.read_text()
                logger.debug("Parsing ZMK file: %s", file_path_or_content)
            else:
                # Input is a string - use directly
                content = file_path_or_content
                logger.debug("Parsing ZMK content from string")
    
            # Process file line by line
            lines = content.split('\n')
            idx = 0
            while idx < len(lines):
                self.logger.debug(f"[DEBUG] Main loop before line {idx+1}: state={self.state}")
                line = lines[idx].strip()
    
                if not line or line.startswith('//'):
                    self.current_line += 1
                    idx += 1
                    continue
    
                reparsed = False
                while True:
                    result = self._parse_line_with_reparse(line)
                    if result == 'REPARSE':
                        if reparsed:
                            self.logger.error(f"[ERROR] Infinite reparsing detected at line {self.current_line}: {line}")
                            break
                        reparsed = True
                        continue
                    break
                self.current_line += 1
                idx += 1
    
            if not self.layers:
                raise ValueError("No layers found in ZMK file")
    
            return KeymapConfig(
                global_settings=self.global_settings_parser.finish(),
                layers=self.layers
            )
        except ParserError as e:
            raise e
        except Exception as e:
>           raise ParserError(f"Failed to parse ZMK file: {e}") from e
E           converter.parser.parser_error.ParserError: Failed to parse ZMK file: No layers found in ZMK file

converter/parser/zmk_parser.py:182: ParserError

During handling of the above exception, another exception occurred:

    def test_homerow_mods_mac_conversion():
        """Test conversion of ZMK homerow mods to Kanata format with Mac modifiers."""
        # Setup test content
        zmk_content = """
        / {
            keymap {
                compatible = "zmk,keymap";
    
                default_layer {
                    bindings = <
                        &kp ESC   &hm LGUI A &hm LALT S &hm LCTRL D &hm LSHFT F &kp G
                        &kp H &hm RSHFT J  &hm RCTRL K &hm RALT L &hm RGUI SEMI &kp SQT
                    >;
                };
            };
        };
        """
    
        # Convert ZMK to Kanata with Mac modifiers
        error_manager = ErrorManager()
>       kanata_config, _ = convert_zmk_to_kanata(
            zmk_content=zmk_content, error_manager=error_manager, is_mac=True
        )

converter/tests/e2e_tests/test_homerow_mods.py:66: 
_ _ _ _ _ _ _ _ _ _ _ _ _ _ _ _ _ _ _ _ _ _ _ _ _ _ _ _ _ _ _ _ _ _ _ _ _ _ _ _ 
converter/zmk_to_kanata.py:72: in convert_zmk_to_kanata
    error_mgr.add_error(
_ _ _ _ _ _ _ _ _ _ _ _ _ _ _ _ _ _ _ _ _ _ _ _ _ _ _ _ _ _ _ _ _ _ _ _ _ _ _ _ 

self = <converter.error_handling.error_manager.ErrorManager object at 0x102dcfb80>
message = 'Error during conversion: Failed to parse ZMK file: No layers found in ZMK file'
source = 'converter', severity = <ErrorSeverity.ERROR: 3>, line_number = None
column = None, context = None
exception = ParserError('Failed to parse ZMK file: No layers found in ZMK file')
raise_immediately = True

    def add_error(
        self,
        message: str,
        source: str,
        severity: ErrorSeverity,
        line_number: Optional[int] = None,
        column: Optional[int] = None,
        context: Optional[Dict[str, Any]] = None,
        exception: Optional[Exception] = None,
        raise_immediately: bool = False,
    ) -> None:
        """Add an error to the error manager.
    
        Args:
            message: The error message
            source: The source of the error (e.g., module name)
            severity: The severity of the error
            line_number: Optional line number where the error occurred
            column: Optional column where the error occurred
            context: Optional context dictionary with additional information
            exception: Optional exception object that caused the error
            raise_immediately: Whether to raise the error immediately
    
        Raises:
            Exception: If severity >= raise_threshold and raise_immediately
                is True
        """
        # Get traceback if exception is provided
        traceback_info = None
        if exception and self.verbose:
            traceback_info = "".join(
                traceback.format_exception(
                    type(exception), exception, exception.__traceback__
                )
            )
    
        # Create error object
        error = ConversionError(
            message=message,
            source=source,
            severity=severity,
            line_number=line_number,
            column=column,
            context=context,
            traceback_info=traceback_info,
        )
    
        # Add to the list of errors
        self.errors.append(error)
    
        # Log the error based on severity
        self._log_error(error)
    
        # Raise immediately if requested and severity is high enough
        if raise_immediately and severity.value >= self.raise_threshold.value:
>           raise Exception(str(error))
E           Exception: ERROR: [converter] - Error during conversion: Failed to parse ZMK file: No layers found in ZMK file

converter/error_handling/error_manager.py:130: Exception
------------------------------ Captured log call -------------------------------
WARNING  root:keymap_model.py:77 Key validation failed for 'SQT': Invalid key: SQT
WARNING  root:keymap_model.py:77 Key validation failed for '}': Invalid key: }
WARNING  root:keymap_model.py:77 Key validation failed for '}': Invalid key: }
WARNING  root:keymap_model.py:77 Key validation failed for '}': Invalid key: }
ERROR    converter.error_handling.error_manager:error_manager.py:147 ERROR: [converter] - Error during conversion: Failed to parse ZMK file: No layers found in ZMK file
___________________________ test_single_layer_keymap ___________________________

self = <converter.parser.zmk_parser.ZMKParser object at 0x102d07850>
file_path_or_content = '\n#include <behaviors.dtsi>\n#include <dt-bindings/zmk/keys.h>\n\n/ {\n    keymap {\n        compatible = "zmk,keymap...gs = <\n                &kp A &kp B &kp C\n                &kp D &kp E &kp F\n            >;\n        };\n    };\n};\n'

    def parse(self, file_path_or_content: Union[Path, str]) -> KeymapConfig:
        """Parse a ZMK keymap file or content string.
    
        Args:
            file_path_or_content: Either a Path object to the keymap file or the content as a string.
    
        Returns:
            A KeymapConfig object containing the parsed keymap.
    
        Raises:
            ParserError: If there are any parsing errors.
        """
        try:
            # Determine if input is a Path or content string
            if isinstance(file_path_or_content, Path):
                # Input is a Path - read the file
                content = file_path_or_content.read_text()
                logger.debug("Parsing ZMK file: %s", file_path_or_content)
            else:
                # Input is a string - use directly
                content = file_path_or_content
                logger.debug("Parsing ZMK content from string")
    
            # Process file line by line
            lines = content.split('\n')
            idx = 0
            while idx < len(lines):
                self.logger.debug(f"[DEBUG] Main loop before line {idx+1}: state={self.state}")
                line = lines[idx].strip()
    
                if not line or line.startswith('//'):
                    self.current_line += 1
                    idx += 1
                    continue
    
                reparsed = False
                while True:
                    result = self._parse_line_with_reparse(line)
                    if result == 'REPARSE':
                        if reparsed:
                            self.logger.error(f"[ERROR] Infinite reparsing detected at line {self.current_line}: {line}")
                            break
                        reparsed = True
                        continue
                    break
                self.current_line += 1
                idx += 1
    
            if not self.layers:
>               raise ValueError("No layers found in ZMK file")
E               ValueError: No layers found in ZMK file

converter/parser/zmk_parser.py:173: ValueError

The above exception was the direct cause of the following exception:

zmk_content = '\n#include <behaviors.dtsi>\n#include <dt-bindings/zmk/keys.h>\n\n/ {\n    keymap {\n        compatible = "zmk,keymap...gs = <\n                &kp A &kp B &kp C\n                &kp D &kp E &kp F\n            >;\n        };\n    };\n};\n'
output_path = '/var/folders/0s/42v7yl697hn0l1cdnx0vrvyr0000gn/T/tmpzri9dcnm/single_layer.kbd'
error_manager = <converter.error_handling.error_manager.ErrorManager object at 0x102d04790>
is_mac = False

    def convert_zmk_to_kanata(
        zmk_content: str,
        output_path: Optional[str] = None,
        error_manager: Optional[ErrorManager] = None,
        is_mac: bool = False,
    ) -> Tuple[str, Dict[str, Any]]:
        """Convert ZMK keymap to Kanata format.
    
        Args:
            zmk_content: Content of the ZMK keymap file
            output_path: Optional path to write the Kanata config to
            error_manager: Optional error manager for reporting issues
            is_mac: Whether to use Mac-specific modifiers
    
        Returns:
            Tuple of (Kanata config string, metadata dict)
    
        Raises:
            Exception: If there's an error during conversion
        """
        # Set up error manager
        if error_manager:
            set_error_manager(error_manager)
        else:
            set_error_manager(ErrorManager())
    
        error_mgr = get_error_manager()
    
        try:
            # Parse ZMK keymap
            parser = ZMKParser()
>           keymap_config = parser.parse(
                zmk_content
            )  # Now directly passes the content string

converter/zmk_to_kanata.py:48: 
_ _ _ _ _ _ _ _ _ _ _ _ _ _ _ _ _ _ _ _ _ _ _ _ _ _ _ _ _ _ _ _ _ _ _ _ _ _ _ _ 

self = <converter.parser.zmk_parser.ZMKParser object at 0x102d07850>
file_path_or_content = '\n#include <behaviors.dtsi>\n#include <dt-bindings/zmk/keys.h>\n\n/ {\n    keymap {\n        compatible = "zmk,keymap...gs = <\n                &kp A &kp B &kp C\n                &kp D &kp E &kp F\n            >;\n        };\n    };\n};\n'

    def parse(self, file_path_or_content: Union[Path, str]) -> KeymapConfig:
        """Parse a ZMK keymap file or content string.
    
        Args:
            file_path_or_content: Either a Path object to the keymap file or the content as a string.
    
        Returns:
            A KeymapConfig object containing the parsed keymap.
    
        Raises:
            ParserError: If there are any parsing errors.
        """
        try:
            # Determine if input is a Path or content string
            if isinstance(file_path_or_content, Path):
                # Input is a Path - read the file
                content = file_path_or_content.read_text()
                logger.debug("Parsing ZMK file: %s", file_path_or_content)
            else:
                # Input is a string - use directly
                content = file_path_or_content
                logger.debug("Parsing ZMK content from string")
    
            # Process file line by line
            lines = content.split('\n')
            idx = 0
            while idx < len(lines):
                self.logger.debug(f"[DEBUG] Main loop before line {idx+1}: state={self.state}")
                line = lines[idx].strip()
    
                if not line or line.startswith('//'):
                    self.current_line += 1
                    idx += 1
                    continue
    
                reparsed = False
                while True:
                    result = self._parse_line_with_reparse(line)
                    if result == 'REPARSE':
                        if reparsed:
                            self.logger.error(f"[ERROR] Infinite reparsing detected at line {self.current_line}: {line}")
                            break
                        reparsed = True
                        continue
                    break
                self.current_line += 1
                idx += 1
    
            if not self.layers:
                raise ValueError("No layers found in ZMK file")
    
            return KeymapConfig(
                global_settings=self.global_settings_parser.finish(),
                layers=self.layers
            )
        except ParserError as e:
            raise e
        except Exception as e:
>           raise ParserError(f"Failed to parse ZMK file: {e}") from e
E           converter.parser.parser_error.ParserError: Failed to parse ZMK file: No layers found in ZMK file

converter/parser/zmk_parser.py:182: ParserError

During handling of the above exception, another exception occurred:

args = ['/var/folders/0s/42v7yl697hn0l1cdnx0vrvyr0000gn/T/tmpzri9dcnm/single_layer.dtsi', '/var/folders/0s/42v7yl697hn0l1cdnx0vrvyr0000gn/T/tmpzri9dcnm/single_layer.kbd']

    def main(args=None):
        """Main entry point for the CLI and programmatic use."""
        parser = argparse.ArgumentParser(description="Convert ZMK keymap to Kanata format")
        parser.add_argument("input_file", help="Path to the input ZMK keymap file")
        parser.add_argument("output_file", help="Path to the output Kanata file")
        parser.add_argument(
            "-v", "--verbose", help="Enable verbose output", action="store_true"
        )
        parser.add_argument(
            "--mac",
            help="Use Mac-specific modifiers (GUI becomes CMD)",
            action="store_true",
        )
        parser.add_argument(
            "--version", help="Show version information", action="store_true"
        )
        args_parsed = parser.parse_args(args)
    
        if args_parsed.version:
            print("ZMK to Kanata Converter v1.0.0")
            sys.exit(0)
    
        # Set up error manager
        error_manager = ErrorManager(verbose=args_parsed.verbose)
    
        try:
            # Read input file
            with open(args_parsed.input_file, "r") as f:
                zmk_content = f.read()
    
            # Convert ZMK to Kanata
>           kanata_config, metadata = convert_zmk_to_kanata(
                zmk_content=zmk_content,
                output_path=args_parsed.output_file,
                error_manager=error_manager,
                is_mac=args_parsed.mac,
            )

converter/main.py:92: 
_ _ _ _ _ _ _ _ _ _ _ _ _ _ _ _ _ _ _ _ _ _ _ _ _ _ _ _ _ _ _ _ _ _ _ _ _ _ _ _ 
converter/zmk_to_kanata.py:72: in convert_zmk_to_kanata
    error_mgr.add_error(
_ _ _ _ _ _ _ _ _ _ _ _ _ _ _ _ _ _ _ _ _ _ _ _ _ _ _ _ _ _ _ _ _ _ _ _ _ _ _ _ 

self = <converter.error_handling.error_manager.ErrorManager object at 0x102d04790>
message = 'Error during conversion: Failed to parse ZMK file: No layers found in ZMK file'
source = 'converter', severity = <ErrorSeverity.ERROR: 3>, line_number = None
column = None, context = None
exception = ParserError('Failed to parse ZMK file: No layers found in ZMK file')
raise_immediately = True

    def add_error(
        self,
        message: str,
        source: str,
        severity: ErrorSeverity,
        line_number: Optional[int] = None,
        column: Optional[int] = None,
        context: Optional[Dict[str, Any]] = None,
        exception: Optional[Exception] = None,
        raise_immediately: bool = False,
    ) -> None:
        """Add an error to the error manager.
    
        Args:
            message: The error message
            source: The source of the error (e.g., module name)
            severity: The severity of the error
            line_number: Optional line number where the error occurred
            column: Optional column where the error occurred
            context: Optional context dictionary with additional information
            exception: Optional exception object that caused the error
            raise_immediately: Whether to raise the error immediately
    
        Raises:
            Exception: If severity >= raise_threshold and raise_immediately
                is True
        """
        # Get traceback if exception is provided
        traceback_info = None
        if exception and self.verbose:
            traceback_info = "".join(
                traceback.format_exception(
                    type(exception), exception, exception.__traceback__
                )
            )
    
        # Create error object
        error = ConversionError(
            message=message,
            source=source,
            severity=severity,
            line_number=line_number,
            column=column,
            context=context,
            traceback_info=traceback_info,
        )
    
        # Add to the list of errors
        self.errors.append(error)
    
        # Log the error based on severity
        self._log_error(error)
    
        # Raise immediately if requested and severity is high enough
        if raise_immediately and severity.value >= self.raise_threshold.value:
>           raise Exception(str(error))
E           Exception: ERROR: [converter] - Error during conversion: Failed to parse ZMK file: No layers found in ZMK file

converter/error_handling/error_manager.py:130: Exception

During handling of the above exception, another exception occurred:

temp_test_dir = PosixPath('/var/folders/0s/42v7yl697hn0l1cdnx0vrvyr0000gn/T/tmpzri9dcnm')

    def test_single_layer_keymap(temp_test_dir):
        """Test conversion of a simple single-layer keymap."""
        zmk_content = """
    #include <behaviors.dtsi>
    #include <dt-bindings/zmk/keys.h>
    
    / {
        keymap {
            compatible = "zmk,keymap";
            default_layer {
                bindings = <
                    &kp A &kp B &kp C
                    &kp D &kp E &kp F
                >;
            };
        };
    };
    """
        zmk_file = temp_test_dir / "single_layer.dtsi"
        zmk_file.write_text(zmk_content)
    
        kanata_file = temp_test_dir / "single_layer.kbd"
    
>       exit_code = main([str(zmk_file), str(kanata_file)])

converter/tests/e2e_tests/test_input_formats.py:29: 
_ _ _ _ _ _ _ _ _ _ _ _ _ _ _ _ _ _ _ _ _ _ _ _ _ _ _ _ _ _ _ _ _ _ _ _ _ _ _ _ 
converter/cli.py:56: in main
    return convert_main(main_args)
_ _ _ _ _ _ _ _ _ _ _ _ _ _ _ _ _ _ _ _ _ _ _ _ _ _ _ _ _ _ _ _ _ _ _ _ _ _ _ _ 

args = ['/var/folders/0s/42v7yl697hn0l1cdnx0vrvyr0000gn/T/tmpzri9dcnm/single_layer.dtsi', '/var/folders/0s/42v7yl697hn0l1cdnx0vrvyr0000gn/T/tmpzri9dcnm/single_layer.kbd']

    def main(args=None):
        """Main entry point for the CLI and programmatic use."""
        parser = argparse.ArgumentParser(description="Convert ZMK keymap to Kanata format")
        parser.add_argument("input_file", help="Path to the input ZMK keymap file")
        parser.add_argument("output_file", help="Path to the output Kanata file")
        parser.add_argument(
            "-v", "--verbose", help="Enable verbose output", action="store_true"
        )
        parser.add_argument(
            "--mac",
            help="Use Mac-specific modifiers (GUI becomes CMD)",
            action="store_true",
        )
        parser.add_argument(
            "--version", help="Show version information", action="store_true"
        )
        args_parsed = parser.parse_args(args)
    
        if args_parsed.version:
            print("ZMK to Kanata Converter v1.0.0")
            sys.exit(0)
    
        # Set up error manager
        error_manager = ErrorManager(verbose=args_parsed.verbose)
    
        try:
            # Read input file
            with open(args_parsed.input_file, "r") as f:
                zmk_content = f.read()
    
            # Convert ZMK to Kanata
            kanata_config, metadata = convert_zmk_to_kanata(
                zmk_content=zmk_content,
                output_path=args_parsed.output_file,
                error_manager=error_manager,
                is_mac=args_parsed.mac,
            )
    
            # Write to output file
            with open(args_parsed.output_file, "w") as f:
                f.write(kanata_config)
    
            # Print any errors or warnings
            if error_manager.has_errors(ErrorSeverity.WARNING):
                for error in error_manager.get_errors(ErrorSeverity.WARNING):
                    print(f"WARNING: {error}", file=sys.stderr)
    
            if error_manager.has_errors(ErrorSeverity.ERROR):
                for error in error_manager.get_errors(ErrorSeverity.ERROR):
                    print(f"ERROR: {error}", file=sys.stderr)
                sys.exit(1)
    
        except Exception as e:
            print(f"ERROR: {str(e)}", file=sys.stderr)
            if args_parsed.verbose:
                import traceback
    
                traceback.print_exc()
>           sys.exit(1)
E           SystemExit: 1

converter/main.py:119: SystemExit
----------------------------- Captured stderr call -----------------------------
ERROR: ERROR: [converter] - Error during conversion: Failed to parse ZMK file: No layers found in ZMK file
------------------------------ Captured log call -------------------------------
WARNING  root:keymap_model.py:77 Key validation failed for '}': Invalid key: }
WARNING  root:keymap_model.py:77 Key validation failed for '}': Invalid key: }
WARNING  root:keymap_model.py:77 Key validation failed for '}': Invalid key: }
ERROR    converter.error_handling.error_manager:error_manager.py:147 ERROR: [converter] - Error during conversion: Failed to parse ZMK file: No layers found in ZMK file
__________________________ test_multiple_layer_keymap __________________________

self = <converter.parser.zmk_parser.ZMKParser object at 0x102d648b0>
file_path_or_content = '\n#include <behaviors.dtsi>\n#include <dt-bindings/zmk/keys.h>\n\n/ {\n    keymap {\n        compatible = "zmk,keymap...  bindings = <\n                &kp N1 &kp N2\n                &trans &kp N3\n            >;\n        };\n    };\n};\n'

    def parse(self, file_path_or_content: Union[Path, str]) -> KeymapConfig:
        """Parse a ZMK keymap file or content string.
    
        Args:
            file_path_or_content: Either a Path object to the keymap file or the content as a string.
    
        Returns:
            A KeymapConfig object containing the parsed keymap.
    
        Raises:
            ParserError: If there are any parsing errors.
        """
        try:
            # Determine if input is a Path or content string
            if isinstance(file_path_or_content, Path):
                # Input is a Path - read the file
                content = file_path_or_content.read_text()
                logger.debug("Parsing ZMK file: %s", file_path_or_content)
            else:
                # Input is a string - use directly
                content = file_path_or_content
                logger.debug("Parsing ZMK content from string")
    
            # Process file line by line
            lines = content.split('\n')
            idx = 0
            while idx < len(lines):
                self.logger.debug(f"[DEBUG] Main loop before line {idx+1}: state={self.state}")
                line = lines[idx].strip()
    
                if not line or line.startswith('//'):
                    self.current_line += 1
                    idx += 1
                    continue
    
                reparsed = False
                while True:
                    result = self._parse_line_with_reparse(line)
                    if result == 'REPARSE':
                        if reparsed:
                            self.logger.error(f"[ERROR] Infinite reparsing detected at line {self.current_line}: {line}")
                            break
                        reparsed = True
                        continue
                    break
                self.current_line += 1
                idx += 1
    
            if not self.layers:
>               raise ValueError("No layers found in ZMK file")
E               ValueError: No layers found in ZMK file

converter/parser/zmk_parser.py:173: ValueError

The above exception was the direct cause of the following exception:

zmk_content = '\n#include <behaviors.dtsi>\n#include <dt-bindings/zmk/keys.h>\n\n/ {\n    keymap {\n        compatible = "zmk,keymap...  bindings = <\n                &kp N1 &kp N2\n                &trans &kp N3\n            >;\n        };\n    };\n};\n'
output_path = '/var/folders/0s/42v7yl697hn0l1cdnx0vrvyr0000gn/T/tmpnmwc4mw_/multi_layer.kbd'
error_manager = <converter.error_handling.error_manager.ErrorManager object at 0x102d67eb0>
is_mac = False

    def convert_zmk_to_kanata(
        zmk_content: str,
        output_path: Optional[str] = None,
        error_manager: Optional[ErrorManager] = None,
        is_mac: bool = False,
    ) -> Tuple[str, Dict[str, Any]]:
        """Convert ZMK keymap to Kanata format.
    
        Args:
            zmk_content: Content of the ZMK keymap file
            output_path: Optional path to write the Kanata config to
            error_manager: Optional error manager for reporting issues
            is_mac: Whether to use Mac-specific modifiers
    
        Returns:
            Tuple of (Kanata config string, metadata dict)
    
        Raises:
            Exception: If there's an error during conversion
        """
        # Set up error manager
        if error_manager:
            set_error_manager(error_manager)
        else:
            set_error_manager(ErrorManager())
    
        error_mgr = get_error_manager()
    
        try:
            # Parse ZMK keymap
            parser = ZMKParser()
>           keymap_config = parser.parse(
                zmk_content
            )  # Now directly passes the content string

converter/zmk_to_kanata.py:48: 
_ _ _ _ _ _ _ _ _ _ _ _ _ _ _ _ _ _ _ _ _ _ _ _ _ _ _ _ _ _ _ _ _ _ _ _ _ _ _ _ 

self = <converter.parser.zmk_parser.ZMKParser object at 0x102d648b0>
file_path_or_content = '\n#include <behaviors.dtsi>\n#include <dt-bindings/zmk/keys.h>\n\n/ {\n    keymap {\n        compatible = "zmk,keymap...  bindings = <\n                &kp N1 &kp N2\n                &trans &kp N3\n            >;\n        };\n    };\n};\n'

    def parse(self, file_path_or_content: Union[Path, str]) -> KeymapConfig:
        """Parse a ZMK keymap file or content string.
    
        Args:
            file_path_or_content: Either a Path object to the keymap file or the content as a string.
    
        Returns:
            A KeymapConfig object containing the parsed keymap.
    
        Raises:
            ParserError: If there are any parsing errors.
        """
        try:
            # Determine if input is a Path or content string
            if isinstance(file_path_or_content, Path):
                # Input is a Path - read the file
                content = file_path_or_content.read_text()
                logger.debug("Parsing ZMK file: %s", file_path_or_content)
            else:
                # Input is a string - use directly
                content = file_path_or_content
                logger.debug("Parsing ZMK content from string")
    
            # Process file line by line
            lines = content.split('\n')
            idx = 0
            while idx < len(lines):
                self.logger.debug(f"[DEBUG] Main loop before line {idx+1}: state={self.state}")
                line = lines[idx].strip()
    
                if not line or line.startswith('//'):
                    self.current_line += 1
                    idx += 1
                    continue
    
                reparsed = False
                while True:
                    result = self._parse_line_with_reparse(line)
                    if result == 'REPARSE':
                        if reparsed:
                            self.logger.error(f"[ERROR] Infinite reparsing detected at line {self.current_line}: {line}")
                            break
                        reparsed = True
                        continue
                    break
                self.current_line += 1
                idx += 1
    
            if not self.layers:
                raise ValueError("No layers found in ZMK file")
    
            return KeymapConfig(
                global_settings=self.global_settings_parser.finish(),
                layers=self.layers
            )
        except ParserError as e:
            raise e
        except Exception as e:
>           raise ParserError(f"Failed to parse ZMK file: {e}") from e
E           converter.parser.parser_error.ParserError: Failed to parse ZMK file: No layers found in ZMK file

converter/parser/zmk_parser.py:182: ParserError

During handling of the above exception, another exception occurred:

args = ['/var/folders/0s/42v7yl697hn0l1cdnx0vrvyr0000gn/T/tmpnmwc4mw_/multi_layer.dtsi', '/var/folders/0s/42v7yl697hn0l1cdnx0vrvyr0000gn/T/tmpnmwc4mw_/multi_layer.kbd']

    def main(args=None):
        """Main entry point for the CLI and programmatic use."""
        parser = argparse.ArgumentParser(description="Convert ZMK keymap to Kanata format")
        parser.add_argument("input_file", help="Path to the input ZMK keymap file")
        parser.add_argument("output_file", help="Path to the output Kanata file")
        parser.add_argument(
            "-v", "--verbose", help="Enable verbose output", action="store_true"
        )
        parser.add_argument(
            "--mac",
            help="Use Mac-specific modifiers (GUI becomes CMD)",
            action="store_true",
        )
        parser.add_argument(
            "--version", help="Show version information", action="store_true"
        )
        args_parsed = parser.parse_args(args)
    
        if args_parsed.version:
            print("ZMK to Kanata Converter v1.0.0")
            sys.exit(0)
    
        # Set up error manager
        error_manager = ErrorManager(verbose=args_parsed.verbose)
    
        try:
            # Read input file
            with open(args_parsed.input_file, "r") as f:
                zmk_content = f.read()
    
            # Convert ZMK to Kanata
>           kanata_config, metadata = convert_zmk_to_kanata(
                zmk_content=zmk_content,
                output_path=args_parsed.output_file,
                error_manager=error_manager,
                is_mac=args_parsed.mac,
            )

converter/main.py:92: 
_ _ _ _ _ _ _ _ _ _ _ _ _ _ _ _ _ _ _ _ _ _ _ _ _ _ _ _ _ _ _ _ _ _ _ _ _ _ _ _ 
converter/zmk_to_kanata.py:72: in convert_zmk_to_kanata
    error_mgr.add_error(
_ _ _ _ _ _ _ _ _ _ _ _ _ _ _ _ _ _ _ _ _ _ _ _ _ _ _ _ _ _ _ _ _ _ _ _ _ _ _ _ 

self = <converter.error_handling.error_manager.ErrorManager object at 0x102d67eb0>
message = 'Error during conversion: Failed to parse ZMK file: No layers found in ZMK file'
source = 'converter', severity = <ErrorSeverity.ERROR: 3>, line_number = None
column = None, context = None
exception = ParserError('Failed to parse ZMK file: No layers found in ZMK file')
raise_immediately = True

    def add_error(
        self,
        message: str,
        source: str,
        severity: ErrorSeverity,
        line_number: Optional[int] = None,
        column: Optional[int] = None,
        context: Optional[Dict[str, Any]] = None,
        exception: Optional[Exception] = None,
        raise_immediately: bool = False,
    ) -> None:
        """Add an error to the error manager.
    
        Args:
            message: The error message
            source: The source of the error (e.g., module name)
            severity: The severity of the error
            line_number: Optional line number where the error occurred
            column: Optional column where the error occurred
            context: Optional context dictionary with additional information
            exception: Optional exception object that caused the error
            raise_immediately: Whether to raise the error immediately
    
        Raises:
            Exception: If severity >= raise_threshold and raise_immediately
                is True
        """
        # Get traceback if exception is provided
        traceback_info = None
        if exception and self.verbose:
            traceback_info = "".join(
                traceback.format_exception(
                    type(exception), exception, exception.__traceback__
                )
            )
    
        # Create error object
        error = ConversionError(
            message=message,
            source=source,
            severity=severity,
            line_number=line_number,
            column=column,
            context=context,
            traceback_info=traceback_info,
        )
    
        # Add to the list of errors
        self.errors.append(error)
    
        # Log the error based on severity
        self._log_error(error)
    
        # Raise immediately if requested and severity is high enough
        if raise_immediately and severity.value >= self.raise_threshold.value:
>           raise Exception(str(error))
E           Exception: ERROR: [converter] - Error during conversion: Failed to parse ZMK file: No layers found in ZMK file

converter/error_handling/error_manager.py:130: Exception

During handling of the above exception, another exception occurred:

temp_test_dir = PosixPath('/var/folders/0s/42v7yl697hn0l1cdnx0vrvyr0000gn/T/tmpnmwc4mw_')

    def test_multiple_layer_keymap(temp_test_dir):
        """Test conversion of a keymap with multiple layers."""
        zmk_content = """
    #include <behaviors.dtsi>
    #include <dt-bindings/zmk/keys.h>
    
    / {
        keymap {
            compatible = "zmk,keymap";
            default_layer {
                bindings = <
                    &kp A &kp B
                    &mo 1 &kp C
                >;
            };
    
            layer_1 {
                bindings = <
                    &kp N1 &kp N2
                    &trans &kp N3
                >;
            };
        };
    };
    """
        zmk_file = temp_test_dir / "multi_layer.dtsi"
        zmk_file.write_text(zmk_content)
    
        kanata_file = temp_test_dir / "multi_layer.kbd"
    
>       exit_code = main([str(zmk_file), str(kanata_file)])

converter/tests/e2e_tests/test_input_formats.py:85: 
_ _ _ _ _ _ _ _ _ _ _ _ _ _ _ _ _ _ _ _ _ _ _ _ _ _ _ _ _ _ _ _ _ _ _ _ _ _ _ _ 
converter/cli.py:56: in main
    return convert_main(main_args)
_ _ _ _ _ _ _ _ _ _ _ _ _ _ _ _ _ _ _ _ _ _ _ _ _ _ _ _ _ _ _ _ _ _ _ _ _ _ _ _ 

args = ['/var/folders/0s/42v7yl697hn0l1cdnx0vrvyr0000gn/T/tmpnmwc4mw_/multi_layer.dtsi', '/var/folders/0s/42v7yl697hn0l1cdnx0vrvyr0000gn/T/tmpnmwc4mw_/multi_layer.kbd']

    def main(args=None):
        """Main entry point for the CLI and programmatic use."""
        parser = argparse.ArgumentParser(description="Convert ZMK keymap to Kanata format")
        parser.add_argument("input_file", help="Path to the input ZMK keymap file")
        parser.add_argument("output_file", help="Path to the output Kanata file")
        parser.add_argument(
            "-v", "--verbose", help="Enable verbose output", action="store_true"
        )
        parser.add_argument(
            "--mac",
            help="Use Mac-specific modifiers (GUI becomes CMD)",
            action="store_true",
        )
        parser.add_argument(
            "--version", help="Show version information", action="store_true"
        )
        args_parsed = parser.parse_args(args)
    
        if args_parsed.version:
            print("ZMK to Kanata Converter v1.0.0")
            sys.exit(0)
    
        # Set up error manager
        error_manager = ErrorManager(verbose=args_parsed.verbose)
    
        try:
            # Read input file
            with open(args_parsed.input_file, "r") as f:
                zmk_content = f.read()
    
            # Convert ZMK to Kanata
            kanata_config, metadata = convert_zmk_to_kanata(
                zmk_content=zmk_content,
                output_path=args_parsed.output_file,
                error_manager=error_manager,
                is_mac=args_parsed.mac,
            )
    
            # Write to output file
            with open(args_parsed.output_file, "w") as f:
                f.write(kanata_config)
    
            # Print any errors or warnings
            if error_manager.has_errors(ErrorSeverity.WARNING):
                for error in error_manager.get_errors(ErrorSeverity.WARNING):
                    print(f"WARNING: {error}", file=sys.stderr)
    
            if error_manager.has_errors(ErrorSeverity.ERROR):
                for error in error_manager.get_errors(ErrorSeverity.ERROR):
                    print(f"ERROR: {error}", file=sys.stderr)
                sys.exit(1)
    
        except Exception as e:
            print(f"ERROR: {str(e)}", file=sys.stderr)
            if args_parsed.verbose:
                import traceback
    
                traceback.print_exc()
>           sys.exit(1)
E           SystemExit: 1

converter/main.py:119: SystemExit
----------------------------- Captured stderr call -----------------------------
ERROR: ERROR: [converter] - Error during conversion: Failed to parse ZMK file: No layers found in ZMK file
------------------------------ Captured log call -------------------------------
WARNING  root:keymap_model.py:77 Key validation failed for '}': Invalid key: }
WARNING  root:keymap_model.py:77 Key validation failed for 'layer_1 {': Invalid key: layer_1 {
WARNING  root:keymap_model.py:77 Key validation failed for '}': Invalid key: }
WARNING  root:keymap_model.py:77 Key validation failed for '}': Invalid key: }
WARNING  root:keymap_model.py:77 Key validation failed for '}': Invalid key: }
ERROR    converter.error_handling.error_manager:error_manager.py:147 ERROR: [converter] - Error during conversion: Failed to parse ZMK file: No layers found in ZMK file
___________________________ test_empty_layer_keymap ____________________________

temp_test_dir = PosixPath('/var/folders/0s/42v7yl697hn0l1cdnx0vrvyr0000gn/T/tmph1vpec9z')

    def test_empty_layer_keymap(temp_test_dir):
        """Test handling of empty layers in keymap."""
        zmk_content = """
    #include <behaviors.dtsi>
    #include <dt-bindings/zmk/keys.h>
    
    / {
        keymap {
            compatible = "zmk,keymap";
            default_layer {
                bindings = <
                    &kp A &none
                    &mo 1 &none
                >;
            };
    
            empty_layer {
                bindings = <
                    &none &none
                    &none &none
                >;
            };
        };
    };
    """
        zmk_file = temp_test_dir / "empty_layer.dtsi"
        zmk_file.write_text(zmk_content)
    
        kanata_file = temp_test_dir / "empty_layer.kbd"
    
        exit_code = main([str(zmk_file), str(kanata_file)])
>       assert exit_code == 0
E       assert None == 0

converter/tests/e2e_tests/test_input_formats.py:128: AssertionError
------------------------------ Captured log call -------------------------------
WARNING  root:keymap_model.py:77 Key validation failed for 'none': Invalid key: none
WARNING  root:keymap_model.py:77 Key validation failed for 'none': Invalid key: none
WARNING  root:keymap_model.py:77 Key validation failed for '}': Invalid key: }
WARNING  root:keymap_model.py:77 Key validation failed for 'none': Invalid key: none
WARNING  root:keymap_model.py:77 Key validation failed for 'none': Invalid key: none
WARNING  root:keymap_model.py:77 Key validation failed for 'none': Invalid key: none
WARNING  root:keymap_model.py:77 Key validation failed for 'none': Invalid key: none
WARNING  root:keymap_model.py:77 Key validation failed for '}': Invalid key: }
WARNING  root:keymap_model.py:77 Key validation failed for '}': Invalid key: }
WARNING  root:keymap_model.py:77 Key validation failed for '}': Invalid key: }
_________________________ test_comments_and_whitespace _________________________

self = <converter.parser.zmk_parser.ZMKParser object at 0x102dcfac0>
file_path_or_content = '\n// This is a comment\n#include <behaviors.dtsi>\n#include <dt-bindings/zmk/keys.h>\n\n/* Multi-line\n   comment */\...               &kp A &kp B  // Inline comment\n\n                &kp C &kp D\n            >;\n        };\n    };\n};\n'

    def parse(self, file_path_or_content: Union[Path, str]) -> KeymapConfig:
        """Parse a ZMK keymap file or content string.
    
        Args:
            file_path_or_content: Either a Path object to the keymap file or the content as a string.
    
        Returns:
            A KeymapConfig object containing the parsed keymap.
    
        Raises:
            ParserError: If there are any parsing errors.
        """
        try:
            # Determine if input is a Path or content string
            if isinstance(file_path_or_content, Path):
                # Input is a Path - read the file
                content = file_path_or_content.read_text()
                logger.debug("Parsing ZMK file: %s", file_path_or_content)
            else:
                # Input is a string - use directly
                content = file_path_or_content
                logger.debug("Parsing ZMK content from string")
    
            # Process file line by line
            lines = content.split('\n')
            idx = 0
            while idx < len(lines):
                self.logger.debug(f"[DEBUG] Main loop before line {idx+1}: state={self.state}")
                line = lines[idx].strip()
    
                if not line or line.startswith('//'):
                    self.current_line += 1
                    idx += 1
                    continue
    
                reparsed = False
                while True:
                    result = self._parse_line_with_reparse(line)
                    if result == 'REPARSE':
                        if reparsed:
                            self.logger.error(f"[ERROR] Infinite reparsing detected at line {self.current_line}: {line}")
                            break
                        reparsed = True
                        continue
                    break
                self.current_line += 1
                idx += 1
    
            if not self.layers:
>               raise ValueError("No layers found in ZMK file")
E               ValueError: No layers found in ZMK file

converter/parser/zmk_parser.py:173: ValueError

The above exception was the direct cause of the following exception:

zmk_content = '\n// This is a comment\n#include <behaviors.dtsi>\n#include <dt-bindings/zmk/keys.h>\n\n/* Multi-line\n   comment */\...               &kp A &kp B  // Inline comment\n\n                &kp C &kp D\n            >;\n        };\n    };\n};\n'
output_path = '/var/folders/0s/42v7yl697hn0l1cdnx0vrvyr0000gn/T/tmpt1hu2ye0/commented.kbd'
error_manager = <converter.error_handling.error_manager.ErrorManager object at 0x102dcf100>
is_mac = False

    def convert_zmk_to_kanata(
        zmk_content: str,
        output_path: Optional[str] = None,
        error_manager: Optional[ErrorManager] = None,
        is_mac: bool = False,
    ) -> Tuple[str, Dict[str, Any]]:
        """Convert ZMK keymap to Kanata format.
    
        Args:
            zmk_content: Content of the ZMK keymap file
            output_path: Optional path to write the Kanata config to
            error_manager: Optional error manager for reporting issues
            is_mac: Whether to use Mac-specific modifiers
    
        Returns:
            Tuple of (Kanata config string, metadata dict)
    
        Raises:
            Exception: If there's an error during conversion
        """
        # Set up error manager
        if error_manager:
            set_error_manager(error_manager)
        else:
            set_error_manager(ErrorManager())
    
        error_mgr = get_error_manager()
    
        try:
            # Parse ZMK keymap
            parser = ZMKParser()
>           keymap_config = parser.parse(
                zmk_content
            )  # Now directly passes the content string

converter/zmk_to_kanata.py:48: 
_ _ _ _ _ _ _ _ _ _ _ _ _ _ _ _ _ _ _ _ _ _ _ _ _ _ _ _ _ _ _ _ _ _ _ _ _ _ _ _ 

self = <converter.parser.zmk_parser.ZMKParser object at 0x102dcfac0>
file_path_or_content = '\n// This is a comment\n#include <behaviors.dtsi>\n#include <dt-bindings/zmk/keys.h>\n\n/* Multi-line\n   comment */\...               &kp A &kp B  // Inline comment\n\n                &kp C &kp D\n            >;\n        };\n    };\n};\n'

    def parse(self, file_path_or_content: Union[Path, str]) -> KeymapConfig:
        """Parse a ZMK keymap file or content string.
    
        Args:
            file_path_or_content: Either a Path object to the keymap file or the content as a string.
    
        Returns:
            A KeymapConfig object containing the parsed keymap.
    
        Raises:
            ParserError: If there are any parsing errors.
        """
        try:
            # Determine if input is a Path or content string
            if isinstance(file_path_or_content, Path):
                # Input is a Path - read the file
                content = file_path_or_content.read_text()
                logger.debug("Parsing ZMK file: %s", file_path_or_content)
            else:
                # Input is a string - use directly
                content = file_path_or_content
                logger.debug("Parsing ZMK content from string")
    
            # Process file line by line
            lines = content.split('\n')
            idx = 0
            while idx < len(lines):
                self.logger.debug(f"[DEBUG] Main loop before line {idx+1}: state={self.state}")
                line = lines[idx].strip()
    
                if not line or line.startswith('//'):
                    self.current_line += 1
                    idx += 1
                    continue
    
                reparsed = False
                while True:
                    result = self._parse_line_with_reparse(line)
                    if result == 'REPARSE':
                        if reparsed:
                            self.logger.error(f"[ERROR] Infinite reparsing detected at line {self.current_line}: {line}")
                            break
                        reparsed = True
                        continue
                    break
                self.current_line += 1
                idx += 1
    
            if not self.layers:
                raise ValueError("No layers found in ZMK file")
    
            return KeymapConfig(
                global_settings=self.global_settings_parser.finish(),
                layers=self.layers
            )
        except ParserError as e:
            raise e
        except Exception as e:
>           raise ParserError(f"Failed to parse ZMK file: {e}") from e
E           converter.parser.parser_error.ParserError: Failed to parse ZMK file: No layers found in ZMK file

converter/parser/zmk_parser.py:182: ParserError

During handling of the above exception, another exception occurred:

args = ['/var/folders/0s/42v7yl697hn0l1cdnx0vrvyr0000gn/T/tmpt1hu2ye0/commented.dtsi', '/var/folders/0s/42v7yl697hn0l1cdnx0vrvyr0000gn/T/tmpt1hu2ye0/commented.kbd']

    def main(args=None):
        """Main entry point for the CLI and programmatic use."""
        parser = argparse.ArgumentParser(description="Convert ZMK keymap to Kanata format")
        parser.add_argument("input_file", help="Path to the input ZMK keymap file")
        parser.add_argument("output_file", help="Path to the output Kanata file")
        parser.add_argument(
            "-v", "--verbose", help="Enable verbose output", action="store_true"
        )
        parser.add_argument(
            "--mac",
            help="Use Mac-specific modifiers (GUI becomes CMD)",
            action="store_true",
        )
        parser.add_argument(
            "--version", help="Show version information", action="store_true"
        )
        args_parsed = parser.parse_args(args)
    
        if args_parsed.version:
            print("ZMK to Kanata Converter v1.0.0")
            sys.exit(0)
    
        # Set up error manager
        error_manager = ErrorManager(verbose=args_parsed.verbose)
    
        try:
            # Read input file
            with open(args_parsed.input_file, "r") as f:
                zmk_content = f.read()
    
            # Convert ZMK to Kanata
>           kanata_config, metadata = convert_zmk_to_kanata(
                zmk_content=zmk_content,
                output_path=args_parsed.output_file,
                error_manager=error_manager,
                is_mac=args_parsed.mac,
            )

converter/main.py:92: 
_ _ _ _ _ _ _ _ _ _ _ _ _ _ _ _ _ _ _ _ _ _ _ _ _ _ _ _ _ _ _ _ _ _ _ _ _ _ _ _ 
converter/zmk_to_kanata.py:72: in convert_zmk_to_kanata
    error_mgr.add_error(
_ _ _ _ _ _ _ _ _ _ _ _ _ _ _ _ _ _ _ _ _ _ _ _ _ _ _ _ _ _ _ _ _ _ _ _ _ _ _ _ 

self = <converter.error_handling.error_manager.ErrorManager object at 0x102dcf100>
message = 'Error during conversion: Failed to parse ZMK file: No layers found in ZMK file'
source = 'converter', severity = <ErrorSeverity.ERROR: 3>, line_number = None
column = None, context = None
exception = ParserError('Failed to parse ZMK file: No layers found in ZMK file')
raise_immediately = True

    def add_error(
        self,
        message: str,
        source: str,
        severity: ErrorSeverity,
        line_number: Optional[int] = None,
        column: Optional[int] = None,
        context: Optional[Dict[str, Any]] = None,
        exception: Optional[Exception] = None,
        raise_immediately: bool = False,
    ) -> None:
        """Add an error to the error manager.
    
        Args:
            message: The error message
            source: The source of the error (e.g., module name)
            severity: The severity of the error
            line_number: Optional line number where the error occurred
            column: Optional column where the error occurred
            context: Optional context dictionary with additional information
            exception: Optional exception object that caused the error
            raise_immediately: Whether to raise the error immediately
    
        Raises:
            Exception: If severity >= raise_threshold and raise_immediately
                is True
        """
        # Get traceback if exception is provided
        traceback_info = None
        if exception and self.verbose:
            traceback_info = "".join(
                traceback.format_exception(
                    type(exception), exception, exception.__traceback__
                )
            )
    
        # Create error object
        error = ConversionError(
            message=message,
            source=source,
            severity=severity,
            line_number=line_number,
            column=column,
            context=context,
            traceback_info=traceback_info,
        )
    
        # Add to the list of errors
        self.errors.append(error)
    
        # Log the error based on severity
        self._log_error(error)
    
        # Raise immediately if requested and severity is high enough
        if raise_immediately and severity.value >= self.raise_threshold.value:
>           raise Exception(str(error))
E           Exception: ERROR: [converter] - Error during conversion: Failed to parse ZMK file: No layers found in ZMK file

converter/error_handling/error_manager.py:130: Exception

During handling of the above exception, another exception occurred:

temp_test_dir = PosixPath('/var/folders/0s/42v7yl697hn0l1cdnx0vrvyr0000gn/T/tmpt1hu2ye0')

    def test_comments_and_whitespace(temp_test_dir):
        """Test handling of comments and whitespace in ZMK files."""
        zmk_content = """
    // This is a comment
    #include <behaviors.dtsi>
    #include <dt-bindings/zmk/keys.h>
    
    /* Multi-line
       comment */
    / {
        keymap {
            compatible = "zmk,keymap";
    
            // Layer comment
            default_layer {
                bindings = <
                    // Row comment
                    &kp A &kp B  // Inline comment
    
                    &kp C &kp D
                >;
            };
        };
    };
    """
        zmk_file = temp_test_dir / "commented.dtsi"
        zmk_file.write_text(zmk_content)
    
        kanata_file = temp_test_dir / "commented.kbd"
    
>       exit_code = main([str(zmk_file), str(kanata_file)])

converter/tests/e2e_tests/test_input_formats.py:171: 
_ _ _ _ _ _ _ _ _ _ _ _ _ _ _ _ _ _ _ _ _ _ _ _ _ _ _ _ _ _ _ _ _ _ _ _ _ _ _ _ 
converter/cli.py:56: in main
    return convert_main(main_args)
_ _ _ _ _ _ _ _ _ _ _ _ _ _ _ _ _ _ _ _ _ _ _ _ _ _ _ _ _ _ _ _ _ _ _ _ _ _ _ _ 

args = ['/var/folders/0s/42v7yl697hn0l1cdnx0vrvyr0000gn/T/tmpt1hu2ye0/commented.dtsi', '/var/folders/0s/42v7yl697hn0l1cdnx0vrvyr0000gn/T/tmpt1hu2ye0/commented.kbd']

    def main(args=None):
        """Main entry point for the CLI and programmatic use."""
        parser = argparse.ArgumentParser(description="Convert ZMK keymap to Kanata format")
        parser.add_argument("input_file", help="Path to the input ZMK keymap file")
        parser.add_argument("output_file", help="Path to the output Kanata file")
        parser.add_argument(
            "-v", "--verbose", help="Enable verbose output", action="store_true"
        )
        parser.add_argument(
            "--mac",
            help="Use Mac-specific modifiers (GUI becomes CMD)",
            action="store_true",
        )
        parser.add_argument(
            "--version", help="Show version information", action="store_true"
        )
        args_parsed = parser.parse_args(args)
    
        if args_parsed.version:
            print("ZMK to Kanata Converter v1.0.0")
            sys.exit(0)
    
        # Set up error manager
        error_manager = ErrorManager(verbose=args_parsed.verbose)
    
        try:
            # Read input file
            with open(args_parsed.input_file, "r") as f:
                zmk_content = f.read()
    
            # Convert ZMK to Kanata
            kanata_config, metadata = convert_zmk_to_kanata(
                zmk_content=zmk_content,
                output_path=args_parsed.output_file,
                error_manager=error_manager,
                is_mac=args_parsed.mac,
            )
    
            # Write to output file
            with open(args_parsed.output_file, "w") as f:
                f.write(kanata_config)
    
            # Print any errors or warnings
            if error_manager.has_errors(ErrorSeverity.WARNING):
                for error in error_manager.get_errors(ErrorSeverity.WARNING):
                    print(f"WARNING: {error}", file=sys.stderr)
    
            if error_manager.has_errors(ErrorSeverity.ERROR):
                for error in error_manager.get_errors(ErrorSeverity.ERROR):
                    print(f"ERROR: {error}", file=sys.stderr)
                sys.exit(1)
    
        except Exception as e:
            print(f"ERROR: {str(e)}", file=sys.stderr)
            if args_parsed.verbose:
                import traceback
    
                traceback.print_exc()
>           sys.exit(1)
E           SystemExit: 1

converter/main.py:119: SystemExit
----------------------------- Captured stderr call -----------------------------
ERROR: ERROR: [converter] - Error during conversion: Failed to parse ZMK file: No layers found in ZMK file
------------------------------ Captured log call -------------------------------
WARNING  root:keymap_model.py:77 Key validation failed for 'B  // Inline comment': Invalid key: B  // Inline comment
WARNING  root:keymap_model.py:77 Key validation failed for '}': Invalid key: }
WARNING  root:keymap_model.py:77 Key validation failed for '}': Invalid key: }
WARNING  root:keymap_model.py:77 Key validation failed for '}': Invalid key: }
ERROR    converter.error_handling.error_manager:error_manager.py:147 ERROR: [converter] - Error during conversion: Failed to parse ZMK file: No layers found in ZMK file
_________________________ test_basic_macro_conversion __________________________

self = <converter.parser.zmk_parser.ZMKParser object at 0x102d7e020>
file_path_or_content = '\n    / {\n        behaviors {\n            simple_macro: simple_macro {\n                compatible = "zmk,behavior-...macro &kp B &kp C\n                    &kp D &kp E &kp F\n                >;\n            };\n        };\n    };\n    '

    def parse(self, file_path_or_content: Union[Path, str]) -> KeymapConfig:
        """Parse a ZMK keymap file or content string.
    
        Args:
            file_path_or_content: Either a Path object to the keymap file or the content as a string.
    
        Returns:
            A KeymapConfig object containing the parsed keymap.
    
        Raises:
            ParserError: If there are any parsing errors.
        """
        try:
            # Determine if input is a Path or content string
            if isinstance(file_path_or_content, Path):
                # Input is a Path - read the file
                content = file_path_or_content.read_text()
                logger.debug("Parsing ZMK file: %s", file_path_or_content)
            else:
                # Input is a string - use directly
                content = file_path_or_content
                logger.debug("Parsing ZMK content from string")
    
            # Process file line by line
            lines = content.split('\n')
            idx = 0
            while idx < len(lines):
                self.logger.debug(f"[DEBUG] Main loop before line {idx+1}: state={self.state}")
                line = lines[idx].strip()
    
                if not line or line.startswith('//'):
                    self.current_line += 1
                    idx += 1
                    continue
    
                reparsed = False
                while True:
                    result = self._parse_line_with_reparse(line)
                    if result == 'REPARSE':
                        if reparsed:
                            self.logger.error(f"[ERROR] Infinite reparsing detected at line {self.current_line}: {line}")
                            break
                        reparsed = True
                        continue
                    break
                self.current_line += 1
                idx += 1
    
            if not self.layers:
>               raise ValueError("No layers found in ZMK file")
E               ValueError: No layers found in ZMK file

converter/parser/zmk_parser.py:173: ValueError

The above exception was the direct cause of the following exception:

zmk_content = '\n    / {\n        behaviors {\n            simple_macro: simple_macro {\n                compatible = "zmk,behavior-...macro &kp B &kp C\n                    &kp D &kp E &kp F\n                >;\n            };\n        };\n    };\n    '
output_path = '/private/var/folders/0s/42v7yl697hn0l1cdnx0vrvyr0000gn/T/pytest-of-malpern/pytest-7/test_basic_macro_conversion0/test_macro.kbd'
error_manager = <converter.error_handling.error_manager.ErrorManager object at 0x102d7ef80>
is_mac = False

    def convert_zmk_to_kanata(
        zmk_content: str,
        output_path: Optional[str] = None,
        error_manager: Optional[ErrorManager] = None,
        is_mac: bool = False,
    ) -> Tuple[str, Dict[str, Any]]:
        """Convert ZMK keymap to Kanata format.
    
        Args:
            zmk_content: Content of the ZMK keymap file
            output_path: Optional path to write the Kanata config to
            error_manager: Optional error manager for reporting issues
            is_mac: Whether to use Mac-specific modifiers
    
        Returns:
            Tuple of (Kanata config string, metadata dict)
    
        Raises:
            Exception: If there's an error during conversion
        """
        # Set up error manager
        if error_manager:
            set_error_manager(error_manager)
        else:
            set_error_manager(ErrorManager())
    
        error_mgr = get_error_manager()
    
        try:
            # Parse ZMK keymap
            parser = ZMKParser()
>           keymap_config = parser.parse(
                zmk_content
            )  # Now directly passes the content string

converter/zmk_to_kanata.py:48: 
_ _ _ _ _ _ _ _ _ _ _ _ _ _ _ _ _ _ _ _ _ _ _ _ _ _ _ _ _ _ _ _ _ _ _ _ _ _ _ _ 

self = <converter.parser.zmk_parser.ZMKParser object at 0x102d7e020>
file_path_or_content = '\n    / {\n        behaviors {\n            simple_macro: simple_macro {\n                compatible = "zmk,behavior-...macro &kp B &kp C\n                    &kp D &kp E &kp F\n                >;\n            };\n        };\n    };\n    '

    def parse(self, file_path_or_content: Union[Path, str]) -> KeymapConfig:
        """Parse a ZMK keymap file or content string.
    
        Args:
            file_path_or_content: Either a Path object to the keymap file or the content as a string.
    
        Returns:
            A KeymapConfig object containing the parsed keymap.
    
        Raises:
            ParserError: If there are any parsing errors.
        """
        try:
            # Determine if input is a Path or content string
            if isinstance(file_path_or_content, Path):
                # Input is a Path - read the file
                content = file_path_or_content.read_text()
                logger.debug("Parsing ZMK file: %s", file_path_or_content)
            else:
                # Input is a string - use directly
                content = file_path_or_content
                logger.debug("Parsing ZMK content from string")
    
            # Process file line by line
            lines = content.split('\n')
            idx = 0
            while idx < len(lines):
                self.logger.debug(f"[DEBUG] Main loop before line {idx+1}: state={self.state}")
                line = lines[idx].strip()
    
                if not line or line.startswith('//'):
                    self.current_line += 1
                    idx += 1
                    continue
    
                reparsed = False
                while True:
                    result = self._parse_line_with_reparse(line)
                    if result == 'REPARSE':
                        if reparsed:
                            self.logger.error(f"[ERROR] Infinite reparsing detected at line {self.current_line}: {line}")
                            break
                        reparsed = True
                        continue
                    break
                self.current_line += 1
                idx += 1
    
            if not self.layers:
                raise ValueError("No layers found in ZMK file")
    
            return KeymapConfig(
                global_settings=self.global_settings_parser.finish(),
                layers=self.layers
            )
        except ParserError as e:
            raise e
        except Exception as e:
>           raise ParserError(f"Failed to parse ZMK file: {e}") from e
E           converter.parser.parser_error.ParserError: Failed to parse ZMK file: No layers found in ZMK file

converter/parser/zmk_parser.py:182: ParserError

During handling of the above exception, another exception occurred:

args = ['/private/var/folders/0s/42v7yl697hn0l1cdnx0vrvyr0000gn/T/pytest-of-malpern/pytest-7/test_basic_macro_conversion0/tes...ar/folders/0s/42v7yl697hn0l1cdnx0vrvyr0000gn/T/pytest-of-malpern/pytest-7/test_basic_macro_conversion0/test_macro.kbd']

    def main(args=None):
        """Main entry point for the CLI and programmatic use."""
        parser = argparse.ArgumentParser(description="Convert ZMK keymap to Kanata format")
        parser.add_argument("input_file", help="Path to the input ZMK keymap file")
        parser.add_argument("output_file", help="Path to the output Kanata file")
        parser.add_argument(
            "-v", "--verbose", help="Enable verbose output", action="store_true"
        )
        parser.add_argument(
            "--mac",
            help="Use Mac-specific modifiers (GUI becomes CMD)",
            action="store_true",
        )
        parser.add_argument(
            "--version", help="Show version information", action="store_true"
        )
        args_parsed = parser.parse_args(args)
    
        if args_parsed.version:
            print("ZMK to Kanata Converter v1.0.0")
            sys.exit(0)
    
        # Set up error manager
        error_manager = ErrorManager(verbose=args_parsed.verbose)
    
        try:
            # Read input file
            with open(args_parsed.input_file, "r") as f:
                zmk_content = f.read()
    
            # Convert ZMK to Kanata
>           kanata_config, metadata = convert_zmk_to_kanata(
                zmk_content=zmk_content,
                output_path=args_parsed.output_file,
                error_manager=error_manager,
                is_mac=args_parsed.mac,
            )

converter/main.py:92: 
_ _ _ _ _ _ _ _ _ _ _ _ _ _ _ _ _ _ _ _ _ _ _ _ _ _ _ _ _ _ _ _ _ _ _ _ _ _ _ _ 
converter/zmk_to_kanata.py:72: in convert_zmk_to_kanata
    error_mgr.add_error(
_ _ _ _ _ _ _ _ _ _ _ _ _ _ _ _ _ _ _ _ _ _ _ _ _ _ _ _ _ _ _ _ _ _ _ _ _ _ _ _ 

self = <converter.error_handling.error_manager.ErrorManager object at 0x102d7ef80>
message = 'Error during conversion: Failed to parse ZMK file: No layers found in ZMK file'
source = 'converter', severity = <ErrorSeverity.ERROR: 3>, line_number = None
column = None, context = None
exception = ParserError('Failed to parse ZMK file: No layers found in ZMK file')
raise_immediately = True

    def add_error(
        self,
        message: str,
        source: str,
        severity: ErrorSeverity,
        line_number: Optional[int] = None,
        column: Optional[int] = None,
        context: Optional[Dict[str, Any]] = None,
        exception: Optional[Exception] = None,
        raise_immediately: bool = False,
    ) -> None:
        """Add an error to the error manager.
    
        Args:
            message: The error message
            source: The source of the error (e.g., module name)
            severity: The severity of the error
            line_number: Optional line number where the error occurred
            column: Optional column where the error occurred
            context: Optional context dictionary with additional information
            exception: Optional exception object that caused the error
            raise_immediately: Whether to raise the error immediately
    
        Raises:
            Exception: If severity >= raise_threshold and raise_immediately
                is True
        """
        # Get traceback if exception is provided
        traceback_info = None
        if exception and self.verbose:
            traceback_info = "".join(
                traceback.format_exception(
                    type(exception), exception, exception.__traceback__
                )
            )
    
        # Create error object
        error = ConversionError(
            message=message,
            source=source,
            severity=severity,
            line_number=line_number,
            column=column,
            context=context,
            traceback_info=traceback_info,
        )
    
        # Add to the list of errors
        self.errors.append(error)
    
        # Log the error based on severity
        self._log_error(error)
    
        # Raise immediately if requested and severity is high enough
        if raise_immediately and severity.value >= self.raise_threshold.value:
>           raise Exception(str(error))
E           Exception: ERROR: [converter] - Error during conversion: Failed to parse ZMK file: No layers found in ZMK file

converter/error_handling/error_manager.py:130: Exception

During handling of the above exception, another exception occurred:

tmp_path = PosixPath('/private/var/folders/0s/42v7yl697hn0l1cdnx0vrvyr0000gn/T/pytest-of-malpern/pytest-7/test_basic_macro_conversion0')

    def test_basic_macro_conversion(tmp_path):
        """Test converting a ZMK file with a basic macro to Kanata format."""
        # Create a temporary ZMK file with a macro
        zmk_content = """
        / {
            behaviors {
                simple_macro: simple_macro {
                    compatible = "zmk,behavior-macro";
                    #binding-cells = <0>;
                    bindings = <&kp A &kp B &kp C>;
                };
            };
    
            keymap {
                compatible = "zmk,keymap";
                default_layer {
                    bindings = <
                        &simple_macro &kp B &kp C
                        &kp D &kp E &kp F
                    >;
                };
            };
        };
        """
    
        zmk_file = tmp_path / "test_macro.keymap"
        zmk_file.write_text(zmk_content)
    
        # Create a temporary output file
        output_file = tmp_path / "test_macro.kbd"
    
        # Run the converter
        args = [str(zmk_file), str(output_file)]
>       exit_code = main(args)

converter/tests/e2e_tests/test_macro.py:39: 
_ _ _ _ _ _ _ _ _ _ _ _ _ _ _ _ _ _ _ _ _ _ _ _ _ _ _ _ _ _ _ _ _ _ _ _ _ _ _ _ 
converter/cli.py:56: in main
    return convert_main(main_args)
_ _ _ _ _ _ _ _ _ _ _ _ _ _ _ _ _ _ _ _ _ _ _ _ _ _ _ _ _ _ _ _ _ _ _ _ _ _ _ _ 

args = ['/private/var/folders/0s/42v7yl697hn0l1cdnx0vrvyr0000gn/T/pytest-of-malpern/pytest-7/test_basic_macro_conversion0/tes...ar/folders/0s/42v7yl697hn0l1cdnx0vrvyr0000gn/T/pytest-of-malpern/pytest-7/test_basic_macro_conversion0/test_macro.kbd']

    def main(args=None):
        """Main entry point for the CLI and programmatic use."""
        parser = argparse.ArgumentParser(description="Convert ZMK keymap to Kanata format")
        parser.add_argument("input_file", help="Path to the input ZMK keymap file")
        parser.add_argument("output_file", help="Path to the output Kanata file")
        parser.add_argument(
            "-v", "--verbose", help="Enable verbose output", action="store_true"
        )
        parser.add_argument(
            "--mac",
            help="Use Mac-specific modifiers (GUI becomes CMD)",
            action="store_true",
        )
        parser.add_argument(
            "--version", help="Show version information", action="store_true"
        )
        args_parsed = parser.parse_args(args)
    
        if args_parsed.version:
            print("ZMK to Kanata Converter v1.0.0")
            sys.exit(0)
    
        # Set up error manager
        error_manager = ErrorManager(verbose=args_parsed.verbose)
    
        try:
            # Read input file
            with open(args_parsed.input_file, "r") as f:
                zmk_content = f.read()
    
            # Convert ZMK to Kanata
            kanata_config, metadata = convert_zmk_to_kanata(
                zmk_content=zmk_content,
                output_path=args_parsed.output_file,
                error_manager=error_manager,
                is_mac=args_parsed.mac,
            )
    
            # Write to output file
            with open(args_parsed.output_file, "w") as f:
                f.write(kanata_config)
    
            # Print any errors or warnings
            if error_manager.has_errors(ErrorSeverity.WARNING):
                for error in error_manager.get_errors(ErrorSeverity.WARNING):
                    print(f"WARNING: {error}", file=sys.stderr)
    
            if error_manager.has_errors(ErrorSeverity.ERROR):
                for error in error_manager.get_errors(ErrorSeverity.ERROR):
                    print(f"ERROR: {error}", file=sys.stderr)
                sys.exit(1)
    
        except Exception as e:
            print(f"ERROR: {str(e)}", file=sys.stderr)
            if args_parsed.verbose:
                import traceback
    
                traceback.print_exc()
>           sys.exit(1)
E           SystemExit: 1

converter/main.py:119: SystemExit
----------------------------- Captured stderr call -----------------------------
ERROR: ERROR: [converter] - Error during conversion: Failed to parse ZMK file: No layers found in ZMK file
------------------------------ Captured log call -------------------------------
WARNING  root:keymap_model.py:77 Key validation failed for 'simple_macro': Invalid key: simple_macro
WARNING  root:keymap_model.py:77 Key validation failed for '}': Invalid key: }
WARNING  root:keymap_model.py:77 Key validation failed for '}': Invalid key: }
WARNING  root:keymap_model.py:77 Key validation failed for '}': Invalid key: }
ERROR    converter.error_handling.error_manager:error_manager.py:147 ERROR: [converter] - Error during conversion: Failed to parse ZMK file: No layers found in ZMK file
________________________ test_complex_macro_conversion _________________________

self = <converter.parser.zmk_parser.ZMKParser object at 0x102dcc760>
file_path_or_content = '\n    / {\n        behaviors {\n            complex_macro: complex_macro {\n                compatible = "zmk,behavio...macro &kp B &kp C\n                    &kp D &kp E &kp F\n                >;\n            };\n        };\n    };\n    '

    def parse(self, file_path_or_content: Union[Path, str]) -> KeymapConfig:
        """Parse a ZMK keymap file or content string.
    
        Args:
            file_path_or_content: Either a Path object to the keymap file or the content as a string.
    
        Returns:
            A KeymapConfig object containing the parsed keymap.
    
        Raises:
            ParserError: If there are any parsing errors.
        """
        try:
            # Determine if input is a Path or content string
            if isinstance(file_path_or_content, Path):
                # Input is a Path - read the file
                content = file_path_or_content.read_text()
                logger.debug("Parsing ZMK file: %s", file_path_or_content)
            else:
                # Input is a string - use directly
                content = file_path_or_content
                logger.debug("Parsing ZMK content from string")
    
            # Process file line by line
            lines = content.split('\n')
            idx = 0
            while idx < len(lines):
                self.logger.debug(f"[DEBUG] Main loop before line {idx+1}: state={self.state}")
                line = lines[idx].strip()
    
                if not line or line.startswith('//'):
                    self.current_line += 1
                    idx += 1
                    continue
    
                reparsed = False
                while True:
                    result = self._parse_line_with_reparse(line)
                    if result == 'REPARSE':
                        if reparsed:
                            self.logger.error(f"[ERROR] Infinite reparsing detected at line {self.current_line}: {line}")
                            break
                        reparsed = True
                        continue
                    break
                self.current_line += 1
                idx += 1
    
            if not self.layers:
>               raise ValueError("No layers found in ZMK file")
E               ValueError: No layers found in ZMK file

converter/parser/zmk_parser.py:173: ValueError

The above exception was the direct cause of the following exception:

zmk_content = '\n    / {\n        behaviors {\n            complex_macro: complex_macro {\n                compatible = "zmk,behavio...macro &kp B &kp C\n                    &kp D &kp E &kp F\n                >;\n            };\n        };\n    };\n    '
output_path = '/private/var/folders/0s/42v7yl697hn0l1cdnx0vrvyr0000gn/T/pytest-of-malpern/pytest-7/test_complex_macro_conversion0/test_complex_macro.kbd'
error_manager = <converter.error_handling.error_manager.ErrorManager object at 0x102dcc4f0>
is_mac = False

    def convert_zmk_to_kanata(
        zmk_content: str,
        output_path: Optional[str] = None,
        error_manager: Optional[ErrorManager] = None,
        is_mac: bool = False,
    ) -> Tuple[str, Dict[str, Any]]:
        """Convert ZMK keymap to Kanata format.
    
        Args:
            zmk_content: Content of the ZMK keymap file
            output_path: Optional path to write the Kanata config to
            error_manager: Optional error manager for reporting issues
            is_mac: Whether to use Mac-specific modifiers
    
        Returns:
            Tuple of (Kanata config string, metadata dict)
    
        Raises:
            Exception: If there's an error during conversion
        """
        # Set up error manager
        if error_manager:
            set_error_manager(error_manager)
        else:
            set_error_manager(ErrorManager())
    
        error_mgr = get_error_manager()
    
        try:
            # Parse ZMK keymap
            parser = ZMKParser()
>           keymap_config = parser.parse(
                zmk_content
            )  # Now directly passes the content string

converter/zmk_to_kanata.py:48: 
_ _ _ _ _ _ _ _ _ _ _ _ _ _ _ _ _ _ _ _ _ _ _ _ _ _ _ _ _ _ _ _ _ _ _ _ _ _ _ _ 

self = <converter.parser.zmk_parser.ZMKParser object at 0x102dcc760>
file_path_or_content = '\n    / {\n        behaviors {\n            complex_macro: complex_macro {\n                compatible = "zmk,behavio...macro &kp B &kp C\n                    &kp D &kp E &kp F\n                >;\n            };\n        };\n    };\n    '

    def parse(self, file_path_or_content: Union[Path, str]) -> KeymapConfig:
        """Parse a ZMK keymap file or content string.
    
        Args:
            file_path_or_content: Either a Path object to the keymap file or the content as a string.
    
        Returns:
            A KeymapConfig object containing the parsed keymap.
    
        Raises:
            ParserError: If there are any parsing errors.
        """
        try:
            # Determine if input is a Path or content string
            if isinstance(file_path_or_content, Path):
                # Input is a Path - read the file
                content = file_path_or_content.read_text()
                logger.debug("Parsing ZMK file: %s", file_path_or_content)
            else:
                # Input is a string - use directly
                content = file_path_or_content
                logger.debug("Parsing ZMK content from string")
    
            # Process file line by line
            lines = content.split('\n')
            idx = 0
            while idx < len(lines):
                self.logger.debug(f"[DEBUG] Main loop before line {idx+1}: state={self.state}")
                line = lines[idx].strip()
    
                if not line or line.startswith('//'):
                    self.current_line += 1
                    idx += 1
                    continue
    
                reparsed = False
                while True:
                    result = self._parse_line_with_reparse(line)
                    if result == 'REPARSE':
                        if reparsed:
                            self.logger.error(f"[ERROR] Infinite reparsing detected at line {self.current_line}: {line}")
                            break
                        reparsed = True
                        continue
                    break
                self.current_line += 1
                idx += 1
    
            if not self.layers:
                raise ValueError("No layers found in ZMK file")
    
            return KeymapConfig(
                global_settings=self.global_settings_parser.finish(),
                layers=self.layers
            )
        except ParserError as e:
            raise e
        except Exception as e:
>           raise ParserError(f"Failed to parse ZMK file: {e}") from e
E           converter.parser.parser_error.ParserError: Failed to parse ZMK file: No layers found in ZMK file

converter/parser/zmk_parser.py:182: ParserError

During handling of the above exception, another exception occurred:

args = ['/private/var/folders/0s/42v7yl697hn0l1cdnx0vrvyr0000gn/T/pytest-of-malpern/pytest-7/test_complex_macro_conversion0/t.../0s/42v7yl697hn0l1cdnx0vrvyr0000gn/T/pytest-of-malpern/pytest-7/test_complex_macro_conversion0/test_complex_macro.kbd']

    def main(args=None):
        """Main entry point for the CLI and programmatic use."""
        parser = argparse.ArgumentParser(description="Convert ZMK keymap to Kanata format")
        parser.add_argument("input_file", help="Path to the input ZMK keymap file")
        parser.add_argument("output_file", help="Path to the output Kanata file")
        parser.add_argument(
            "-v", "--verbose", help="Enable verbose output", action="store_true"
        )
        parser.add_argument(
            "--mac",
            help="Use Mac-specific modifiers (GUI becomes CMD)",
            action="store_true",
        )
        parser.add_argument(
            "--version", help="Show version information", action="store_true"
        )
        args_parsed = parser.parse_args(args)
    
        if args_parsed.version:
            print("ZMK to Kanata Converter v1.0.0")
            sys.exit(0)
    
        # Set up error manager
        error_manager = ErrorManager(verbose=args_parsed.verbose)
    
        try:
            # Read input file
            with open(args_parsed.input_file, "r") as f:
                zmk_content = f.read()
    
            # Convert ZMK to Kanata
>           kanata_config, metadata = convert_zmk_to_kanata(
                zmk_content=zmk_content,
                output_path=args_parsed.output_file,
                error_manager=error_manager,
                is_mac=args_parsed.mac,
            )

converter/main.py:92: 
_ _ _ _ _ _ _ _ _ _ _ _ _ _ _ _ _ _ _ _ _ _ _ _ _ _ _ _ _ _ _ _ _ _ _ _ _ _ _ _ 
converter/zmk_to_kanata.py:72: in convert_zmk_to_kanata
    error_mgr.add_error(
_ _ _ _ _ _ _ _ _ _ _ _ _ _ _ _ _ _ _ _ _ _ _ _ _ _ _ _ _ _ _ _ _ _ _ _ _ _ _ _ 

self = <converter.error_handling.error_manager.ErrorManager object at 0x102dcc4f0>
message = 'Error during conversion: Failed to parse ZMK file: No layers found in ZMK file'
source = 'converter', severity = <ErrorSeverity.ERROR: 3>, line_number = None
column = None, context = None
exception = ParserError('Failed to parse ZMK file: No layers found in ZMK file')
raise_immediately = True

    def add_error(
        self,
        message: str,
        source: str,
        severity: ErrorSeverity,
        line_number: Optional[int] = None,
        column: Optional[int] = None,
        context: Optional[Dict[str, Any]] = None,
        exception: Optional[Exception] = None,
        raise_immediately: bool = False,
    ) -> None:
        """Add an error to the error manager.
    
        Args:
            message: The error message
            source: The source of the error (e.g., module name)
            severity: The severity of the error
            line_number: Optional line number where the error occurred
            column: Optional column where the error occurred
            context: Optional context dictionary with additional information
            exception: Optional exception object that caused the error
            raise_immediately: Whether to raise the error immediately
    
        Raises:
            Exception: If severity >= raise_threshold and raise_immediately
                is True
        """
        # Get traceback if exception is provided
        traceback_info = None
        if exception and self.verbose:
            traceback_info = "".join(
                traceback.format_exception(
                    type(exception), exception, exception.__traceback__
                )
            )
    
        # Create error object
        error = ConversionError(
            message=message,
            source=source,
            severity=severity,
            line_number=line_number,
            column=column,
            context=context,
            traceback_info=traceback_info,
        )
    
        # Add to the list of errors
        self.errors.append(error)
    
        # Log the error based on severity
        self._log_error(error)
    
        # Raise immediately if requested and severity is high enough
        if raise_immediately and severity.value >= self.raise_threshold.value:
>           raise Exception(str(error))
E           Exception: ERROR: [converter] - Error during conversion: Failed to parse ZMK file: No layers found in ZMK file

converter/error_handling/error_manager.py:130: Exception

During handling of the above exception, another exception occurred:

tmp_path = PosixPath('/private/var/folders/0s/42v7yl697hn0l1cdnx0vrvyr0000gn/T/pytest-of-malpern/pytest-7/test_complex_macro_conversion0')

    def test_complex_macro_conversion(tmp_path):
        """Test converting a ZMK file with a complex macro to Kanata format."""
        # Create a temporary ZMK file with a complex macro
        zmk_content = """
        / {
            behaviors {
                complex_macro: complex_macro {
                    compatible = "zmk,behavior-macro";
                    #binding-cells = <0>;
                    wait-ms = <20>;
                    tap-ms = <40>;
                    bindings = <
                        &macro_press &kp LSHIFT
                        &kp A
                        &macro_release &kp LSHIFT
                        &macro_wait_time 50
                        &kp B &kp C
                    >;
                };
            };
    
            keymap {
                compatible = "zmk,keymap";
                default_layer {
                    bindings = <
                        &complex_macro &kp B &kp C
                        &kp D &kp E &kp F
                    >;
                };
            };
        };
        """
    
        zmk_file = tmp_path / "test_complex_macro.keymap"
        zmk_file.write_text(zmk_content)
    
        # Create a temporary output file
        output_file = tmp_path / "test_complex_macro.kbd"
    
        # Run the converter
        args = [str(zmk_file), str(output_file)]
>       exit_code = main(args)

converter/tests/e2e_tests/test_macro.py:99: 
_ _ _ _ _ _ _ _ _ _ _ _ _ _ _ _ _ _ _ _ _ _ _ _ _ _ _ _ _ _ _ _ _ _ _ _ _ _ _ _ 
converter/cli.py:56: in main
    return convert_main(main_args)
_ _ _ _ _ _ _ _ _ _ _ _ _ _ _ _ _ _ _ _ _ _ _ _ _ _ _ _ _ _ _ _ _ _ _ _ _ _ _ _ 

args = ['/private/var/folders/0s/42v7yl697hn0l1cdnx0vrvyr0000gn/T/pytest-of-malpern/pytest-7/test_complex_macro_conversion0/t.../0s/42v7yl697hn0l1cdnx0vrvyr0000gn/T/pytest-of-malpern/pytest-7/test_complex_macro_conversion0/test_complex_macro.kbd']

    def main(args=None):
        """Main entry point for the CLI and programmatic use."""
        parser = argparse.ArgumentParser(description="Convert ZMK keymap to Kanata format")
        parser.add_argument("input_file", help="Path to the input ZMK keymap file")
        parser.add_argument("output_file", help="Path to the output Kanata file")
        parser.add_argument(
            "-v", "--verbose", help="Enable verbose output", action="store_true"
        )
        parser.add_argument(
            "--mac",
            help="Use Mac-specific modifiers (GUI becomes CMD)",
            action="store_true",
        )
        parser.add_argument(
            "--version", help="Show version information", action="store_true"
        )
        args_parsed = parser.parse_args(args)
    
        if args_parsed.version:
            print("ZMK to Kanata Converter v1.0.0")
            sys.exit(0)
    
        # Set up error manager
        error_manager = ErrorManager(verbose=args_parsed.verbose)
    
        try:
            # Read input file
            with open(args_parsed.input_file, "r") as f:
                zmk_content = f.read()
    
            # Convert ZMK to Kanata
            kanata_config, metadata = convert_zmk_to_kanata(
                zmk_content=zmk_content,
                output_path=args_parsed.output_file,
                error_manager=error_manager,
                is_mac=args_parsed.mac,
            )
    
            # Write to output file
            with open(args_parsed.output_file, "w") as f:
                f.write(kanata_config)
    
            # Print any errors or warnings
            if error_manager.has_errors(ErrorSeverity.WARNING):
                for error in error_manager.get_errors(ErrorSeverity.WARNING):
                    print(f"WARNING: {error}", file=sys.stderr)
    
            if error_manager.has_errors(ErrorSeverity.ERROR):
                for error in error_manager.get_errors(ErrorSeverity.ERROR):
                    print(f"ERROR: {error}", file=sys.stderr)
                sys.exit(1)
    
        except Exception as e:
            print(f"ERROR: {str(e)}", file=sys.stderr)
            if args_parsed.verbose:
                import traceback
    
                traceback.print_exc()
>           sys.exit(1)
E           SystemExit: 1

converter/main.py:119: SystemExit
----------------------------- Captured stderr call -----------------------------
ERROR: ERROR: [converter] - Error during conversion: Failed to parse ZMK file: No layers found in ZMK file
------------------------------ Captured log call -------------------------------
WARNING  root:keymap_model.py:77 Key validation failed for 'complex_macro': Invalid key: complex_macro
WARNING  root:keymap_model.py:77 Key validation failed for '}': Invalid key: }
WARNING  root:keymap_model.py:77 Key validation failed for '}': Invalid key: }
WARNING  root:keymap_model.py:77 Key validation failed for '}': Invalid key: }
ERROR    converter.error_handling.error_manager:error_manager.py:147 ERROR: [converter] - Error during conversion: Failed to parse ZMK file: No layers found in ZMK file
_____________________ test_parameterized_macro_conversion ______________________

self = <converter.parser.zmk_parser.ZMKParser object at 0x102d7fa60>
file_path_or_content = '\n    / {\n        behaviors {\n            param_macro: param_macro {\n                compatible = "zmk,behavior-ma...ram_macro B &kp C\n                    &kp D &kp E &kp F\n                >;\n            };\n        };\n    };\n    '

    def parse(self, file_path_or_content: Union[Path, str]) -> KeymapConfig:
        """Parse a ZMK keymap file or content string.
    
        Args:
            file_path_or_content: Either a Path object to the keymap file or the content as a string.
    
        Returns:
            A KeymapConfig object containing the parsed keymap.
    
        Raises:
            ParserError: If there are any parsing errors.
        """
        try:
            # Determine if input is a Path or content string
            if isinstance(file_path_or_content, Path):
                # Input is a Path - read the file
                content = file_path_or_content.read_text()
                logger.debug("Parsing ZMK file: %s", file_path_or_content)
            else:
                # Input is a string - use directly
                content = file_path_or_content
                logger.debug("Parsing ZMK content from string")
    
            # Process file line by line
            lines = content.split('\n')
            idx = 0
            while idx < len(lines):
                self.logger.debug(f"[DEBUG] Main loop before line {idx+1}: state={self.state}")
                line = lines[idx].strip()
    
                if not line or line.startswith('//'):
                    self.current_line += 1
                    idx += 1
                    continue
    
                reparsed = False
                while True:
                    result = self._parse_line_with_reparse(line)
                    if result == 'REPARSE':
                        if reparsed:
                            self.logger.error(f"[ERROR] Infinite reparsing detected at line {self.current_line}: {line}")
                            break
                        reparsed = True
                        continue
                    break
                self.current_line += 1
                idx += 1
    
            if not self.layers:
>               raise ValueError("No layers found in ZMK file")
E               ValueError: No layers found in ZMK file

converter/parser/zmk_parser.py:173: ValueError

The above exception was the direct cause of the following exception:

zmk_content = '\n    / {\n        behaviors {\n            param_macro: param_macro {\n                compatible = "zmk,behavior-ma...ram_macro B &kp C\n                    &kp D &kp E &kp F\n                >;\n            };\n        };\n    };\n    '
output_path = '/private/var/folders/0s/42v7yl697hn0l1cdnx0vrvyr0000gn/T/pytest-of-malpern/pytest-7/test_parameterized_macro_conve0/test_param_macro.kbd'
error_manager = <converter.error_handling.error_manager.ErrorManager object at 0x102d7d330>
is_mac = False

    def convert_zmk_to_kanata(
        zmk_content: str,
        output_path: Optional[str] = None,
        error_manager: Optional[ErrorManager] = None,
        is_mac: bool = False,
    ) -> Tuple[str, Dict[str, Any]]:
        """Convert ZMK keymap to Kanata format.
    
        Args:
            zmk_content: Content of the ZMK keymap file
            output_path: Optional path to write the Kanata config to
            error_manager: Optional error manager for reporting issues
            is_mac: Whether to use Mac-specific modifiers
    
        Returns:
            Tuple of (Kanata config string, metadata dict)
    
        Raises:
            Exception: If there's an error during conversion
        """
        # Set up error manager
        if error_manager:
            set_error_manager(error_manager)
        else:
            set_error_manager(ErrorManager())
    
        error_mgr = get_error_manager()
    
        try:
            # Parse ZMK keymap
            parser = ZMKParser()
>           keymap_config = parser.parse(
                zmk_content
            )  # Now directly passes the content string

converter/zmk_to_kanata.py:48: 
_ _ _ _ _ _ _ _ _ _ _ _ _ _ _ _ _ _ _ _ _ _ _ _ _ _ _ _ _ _ _ _ _ _ _ _ _ _ _ _ 

self = <converter.parser.zmk_parser.ZMKParser object at 0x102d7fa60>
file_path_or_content = '\n    / {\n        behaviors {\n            param_macro: param_macro {\n                compatible = "zmk,behavior-ma...ram_macro B &kp C\n                    &kp D &kp E &kp F\n                >;\n            };\n        };\n    };\n    '

    def parse(self, file_path_or_content: Union[Path, str]) -> KeymapConfig:
        """Parse a ZMK keymap file or content string.
    
        Args:
            file_path_or_content: Either a Path object to the keymap file or the content as a string.
    
        Returns:
            A KeymapConfig object containing the parsed keymap.
    
        Raises:
            ParserError: If there are any parsing errors.
        """
        try:
            # Determine if input is a Path or content string
            if isinstance(file_path_or_content, Path):
                # Input is a Path - read the file
                content = file_path_or_content.read_text()
                logger.debug("Parsing ZMK file: %s", file_path_or_content)
            else:
                # Input is a string - use directly
                content = file_path_or_content
                logger.debug("Parsing ZMK content from string")
    
            # Process file line by line
            lines = content.split('\n')
            idx = 0
            while idx < len(lines):
                self.logger.debug(f"[DEBUG] Main loop before line {idx+1}: state={self.state}")
                line = lines[idx].strip()
    
                if not line or line.startswith('//'):
                    self.current_line += 1
                    idx += 1
                    continue
    
                reparsed = False
                while True:
                    result = self._parse_line_with_reparse(line)
                    if result == 'REPARSE':
                        if reparsed:
                            self.logger.error(f"[ERROR] Infinite reparsing detected at line {self.current_line}: {line}")
                            break
                        reparsed = True
                        continue
                    break
                self.current_line += 1
                idx += 1
    
            if not self.layers:
                raise ValueError("No layers found in ZMK file")
    
            return KeymapConfig(
                global_settings=self.global_settings_parser.finish(),
                layers=self.layers
            )
        except ParserError as e:
            raise e
        except Exception as e:
>           raise ParserError(f"Failed to parse ZMK file: {e}") from e
E           converter.parser.parser_error.ParserError: Failed to parse ZMK file: No layers found in ZMK file

converter/parser/zmk_parser.py:182: ParserError

During handling of the above exception, another exception occurred:

args = ['/private/var/folders/0s/42v7yl697hn0l1cdnx0vrvyr0000gn/T/pytest-of-malpern/pytest-7/test_parameterized_macro_conve0/...s/0s/42v7yl697hn0l1cdnx0vrvyr0000gn/T/pytest-of-malpern/pytest-7/test_parameterized_macro_conve0/test_param_macro.kbd']

    def main(args=None):
        """Main entry point for the CLI and programmatic use."""
        parser = argparse.ArgumentParser(description="Convert ZMK keymap to Kanata format")
        parser.add_argument("input_file", help="Path to the input ZMK keymap file")
        parser.add_argument("output_file", help="Path to the output Kanata file")
        parser.add_argument(
            "-v", "--verbose", help="Enable verbose output", action="store_true"
        )
        parser.add_argument(
            "--mac",
            help="Use Mac-specific modifiers (GUI becomes CMD)",
            action="store_true",
        )
        parser.add_argument(
            "--version", help="Show version information", action="store_true"
        )
        args_parsed = parser.parse_args(args)
    
        if args_parsed.version:
            print("ZMK to Kanata Converter v1.0.0")
            sys.exit(0)
    
        # Set up error manager
        error_manager = ErrorManager(verbose=args_parsed.verbose)
    
        try:
            # Read input file
            with open(args_parsed.input_file, "r") as f:
                zmk_content = f.read()
    
            # Convert ZMK to Kanata
>           kanata_config, metadata = convert_zmk_to_kanata(
                zmk_content=zmk_content,
                output_path=args_parsed.output_file,
                error_manager=error_manager,
                is_mac=args_parsed.mac,
            )

converter/main.py:92: 
_ _ _ _ _ _ _ _ _ _ _ _ _ _ _ _ _ _ _ _ _ _ _ _ _ _ _ _ _ _ _ _ _ _ _ _ _ _ _ _ 
converter/zmk_to_kanata.py:72: in convert_zmk_to_kanata
    error_mgr.add_error(
_ _ _ _ _ _ _ _ _ _ _ _ _ _ _ _ _ _ _ _ _ _ _ _ _ _ _ _ _ _ _ _ _ _ _ _ _ _ _ _ 

self = <converter.error_handling.error_manager.ErrorManager object at 0x102d7d330>
message = 'Error during conversion: Failed to parse ZMK file: No layers found in ZMK file'
source = 'converter', severity = <ErrorSeverity.ERROR: 3>, line_number = None
column = None, context = None
exception = ParserError('Failed to parse ZMK file: No layers found in ZMK file')
raise_immediately = True

    def add_error(
        self,
        message: str,
        source: str,
        severity: ErrorSeverity,
        line_number: Optional[int] = None,
        column: Optional[int] = None,
        context: Optional[Dict[str, Any]] = None,
        exception: Optional[Exception] = None,
        raise_immediately: bool = False,
    ) -> None:
        """Add an error to the error manager.
    
        Args:
            message: The error message
            source: The source of the error (e.g., module name)
            severity: The severity of the error
            line_number: Optional line number where the error occurred
            column: Optional column where the error occurred
            context: Optional context dictionary with additional information
            exception: Optional exception object that caused the error
            raise_immediately: Whether to raise the error immediately
    
        Raises:
            Exception: If severity >= raise_threshold and raise_immediately
                is True
        """
        # Get traceback if exception is provided
        traceback_info = None
        if exception and self.verbose:
            traceback_info = "".join(
                traceback.format_exception(
                    type(exception), exception, exception.__traceback__
                )
            )
    
        # Create error object
        error = ConversionError(
            message=message,
            source=source,
            severity=severity,
            line_number=line_number,
            column=column,
            context=context,
            traceback_info=traceback_info,
        )
    
        # Add to the list of errors
        self.errors.append(error)
    
        # Log the error based on severity
        self._log_error(error)
    
        # Raise immediately if requested and severity is high enough
        if raise_immediately and severity.value >= self.raise_threshold.value:
>           raise Exception(str(error))
E           Exception: ERROR: [converter] - Error during conversion: Failed to parse ZMK file: No layers found in ZMK file

converter/error_handling/error_manager.py:130: Exception

During handling of the above exception, another exception occurred:

tmp_path = PosixPath('/private/var/folders/0s/42v7yl697hn0l1cdnx0vrvyr0000gn/T/pytest-of-malpern/pytest-7/test_parameterized_macro_conve0')

    def test_parameterized_macro_conversion(tmp_path):
        """Test converting a ZMK file with a parameterized macro to Kanata format."""
        # Create a temporary ZMK file with a parameterized macro
        zmk_content = """
        / {
            behaviors {
                param_macro: param_macro {
                    compatible = "zmk,behavior-macro-one-param";
                    #binding-cells = <1>;
                    bindings = <&kp MACRO_PLACEHOLDER>;
                };
            };
    
            keymap {
                compatible = "zmk,keymap";
                default_layer {
                    bindings = <
                        &param_macro A &param_macro B &kp C
                        &kp D &kp E &kp F
                    >;
                };
            };
        };
        """
    
        zmk_file = tmp_path / "test_param_macro.keymap"
        zmk_file.write_text(zmk_content)
    
        # Create a temporary output file
        output_file = tmp_path / "test_param_macro.kbd"
    
        # Run the converter
        args = [str(zmk_file), str(output_file)]
>       exit_code = main(args)

converter/tests/e2e_tests/test_macro.py:154: 
_ _ _ _ _ _ _ _ _ _ _ _ _ _ _ _ _ _ _ _ _ _ _ _ _ _ _ _ _ _ _ _ _ _ _ _ _ _ _ _ 
converter/cli.py:56: in main
    return convert_main(main_args)
_ _ _ _ _ _ _ _ _ _ _ _ _ _ _ _ _ _ _ _ _ _ _ _ _ _ _ _ _ _ _ _ _ _ _ _ _ _ _ _ 

args = ['/private/var/folders/0s/42v7yl697hn0l1cdnx0vrvyr0000gn/T/pytest-of-malpern/pytest-7/test_parameterized_macro_conve0/...s/0s/42v7yl697hn0l1cdnx0vrvyr0000gn/T/pytest-of-malpern/pytest-7/test_parameterized_macro_conve0/test_param_macro.kbd']

    def main(args=None):
        """Main entry point for the CLI and programmatic use."""
        parser = argparse.ArgumentParser(description="Convert ZMK keymap to Kanata format")
        parser.add_argument("input_file", help="Path to the input ZMK keymap file")
        parser.add_argument("output_file", help="Path to the output Kanata file")
        parser.add_argument(
            "-v", "--verbose", help="Enable verbose output", action="store_true"
        )
        parser.add_argument(
            "--mac",
            help="Use Mac-specific modifiers (GUI becomes CMD)",
            action="store_true",
        )
        parser.add_argument(
            "--version", help="Show version information", action="store_true"
        )
        args_parsed = parser.parse_args(args)
    
        if args_parsed.version:
            print("ZMK to Kanata Converter v1.0.0")
            sys.exit(0)
    
        # Set up error manager
        error_manager = ErrorManager(verbose=args_parsed.verbose)
    
        try:
            # Read input file
            with open(args_parsed.input_file, "r") as f:
                zmk_content = f.read()
    
            # Convert ZMK to Kanata
            kanata_config, metadata = convert_zmk_to_kanata(
                zmk_content=zmk_content,
                output_path=args_parsed.output_file,
                error_manager=error_manager,
                is_mac=args_parsed.mac,
            )
    
            # Write to output file
            with open(args_parsed.output_file, "w") as f:
                f.write(kanata_config)
    
            # Print any errors or warnings
            if error_manager.has_errors(ErrorSeverity.WARNING):
                for error in error_manager.get_errors(ErrorSeverity.WARNING):
                    print(f"WARNING: {error}", file=sys.stderr)
    
            if error_manager.has_errors(ErrorSeverity.ERROR):
                for error in error_manager.get_errors(ErrorSeverity.ERROR):
                    print(f"ERROR: {error}", file=sys.stderr)
                sys.exit(1)
    
        except Exception as e:
            print(f"ERROR: {str(e)}", file=sys.stderr)
            if args_parsed.verbose:
                import traceback
    
                traceback.print_exc()
>           sys.exit(1)
E           SystemExit: 1

converter/main.py:119: SystemExit
----------------------------- Captured stderr call -----------------------------
ERROR: ERROR: [converter] - Error during conversion: Failed to parse ZMK file: No layers found in ZMK file
------------------------------ Captured log call -------------------------------
WARNING  root:keymap_model.py:77 Key validation failed for 'param_macro A': Invalid key: param_macro A
WARNING  root:keymap_model.py:77 Key validation failed for 'param_macro B': Invalid key: param_macro B
WARNING  root:keymap_model.py:77 Key validation failed for '}': Invalid key: }
WARNING  root:keymap_model.py:77 Key validation failed for '}': Invalid key: }
WARNING  root:keymap_model.py:77 Key validation failed for '}': Invalid key: }
ERROR    converter.error_handling.error_manager:error_manager.py:147 ERROR: [converter] - Error during conversion: Failed to parse ZMK file: No layers found in ZMK file
_________________________ test_output_file_permissions _________________________

self = <converter.parser.zmk_parser.ZMKParser object at 0x102d39a80>
file_path_or_content = '\n#include <behaviors.dtsi>\n#include <dt-bindings/zmk/keys.h>\n\n/ {\n    keymap {\n        compatible = "zmk,keymap...      bindings = <\n                &kp A &kp B\n                &kp C &kp D\n            >;\n        };\n    };\n};\n'

    def parse(self, file_path_or_content: Union[Path, str]) -> KeymapConfig:
        """Parse a ZMK keymap file or content string.
    
        Args:
            file_path_or_content: Either a Path object to the keymap file or the content as a string.
    
        Returns:
            A KeymapConfig object containing the parsed keymap.
    
        Raises:
            ParserError: If there are any parsing errors.
        """
        try:
            # Determine if input is a Path or content string
            if isinstance(file_path_or_content, Path):
                # Input is a Path - read the file
                content = file_path_or_content.read_text()
                logger.debug("Parsing ZMK file: %s", file_path_or_content)
            else:
                # Input is a string - use directly
                content = file_path_or_content
                logger.debug("Parsing ZMK content from string")
    
            # Process file line by line
            lines = content.split('\n')
            idx = 0
            while idx < len(lines):
                self.logger.debug(f"[DEBUG] Main loop before line {idx+1}: state={self.state}")
                line = lines[idx].strip()
    
                if not line or line.startswith('//'):
                    self.current_line += 1
                    idx += 1
                    continue
    
                reparsed = False
                while True:
                    result = self._parse_line_with_reparse(line)
                    if result == 'REPARSE':
                        if reparsed:
                            self.logger.error(f"[ERROR] Infinite reparsing detected at line {self.current_line}: {line}")
                            break
                        reparsed = True
                        continue
                    break
                self.current_line += 1
                idx += 1
    
            if not self.layers:
>               raise ValueError("No layers found in ZMK file")
E               ValueError: No layers found in ZMK file

converter/parser/zmk_parser.py:173: ValueError

The above exception was the direct cause of the following exception:

zmk_content = '\n#include <behaviors.dtsi>\n#include <dt-bindings/zmk/keys.h>\n\n/ {\n    keymap {\n        compatible = "zmk,keymap...      bindings = <\n                &kp A &kp B\n                &kp C &kp D\n            >;\n        };\n    };\n};\n'
output_path = '/var/folders/0s/42v7yl697hn0l1cdnx0vrvyr0000gn/T/tmp1jaw4a10/test_config.kbd'
error_manager = <converter.error_handling.error_manager.ErrorManager object at 0x102d39f90>
is_mac = False

    def convert_zmk_to_kanata(
        zmk_content: str,
        output_path: Optional[str] = None,
        error_manager: Optional[ErrorManager] = None,
        is_mac: bool = False,
    ) -> Tuple[str, Dict[str, Any]]:
        """Convert ZMK keymap to Kanata format.
    
        Args:
            zmk_content: Content of the ZMK keymap file
            output_path: Optional path to write the Kanata config to
            error_manager: Optional error manager for reporting issues
            is_mac: Whether to use Mac-specific modifiers
    
        Returns:
            Tuple of (Kanata config string, metadata dict)
    
        Raises:
            Exception: If there's an error during conversion
        """
        # Set up error manager
        if error_manager:
            set_error_manager(error_manager)
        else:
            set_error_manager(ErrorManager())
    
        error_mgr = get_error_manager()
    
        try:
            # Parse ZMK keymap
            parser = ZMKParser()
>           keymap_config = parser.parse(
                zmk_content
            )  # Now directly passes the content string

converter/zmk_to_kanata.py:48: 
_ _ _ _ _ _ _ _ _ _ _ _ _ _ _ _ _ _ _ _ _ _ _ _ _ _ _ _ _ _ _ _ _ _ _ _ _ _ _ _ 

self = <converter.parser.zmk_parser.ZMKParser object at 0x102d39a80>
file_path_or_content = '\n#include <behaviors.dtsi>\n#include <dt-bindings/zmk/keys.h>\n\n/ {\n    keymap {\n        compatible = "zmk,keymap...      bindings = <\n                &kp A &kp B\n                &kp C &kp D\n            >;\n        };\n    };\n};\n'

    def parse(self, file_path_or_content: Union[Path, str]) -> KeymapConfig:
        """Parse a ZMK keymap file or content string.
    
        Args:
            file_path_or_content: Either a Path object to the keymap file or the content as a string.
    
        Returns:
            A KeymapConfig object containing the parsed keymap.
    
        Raises:
            ParserError: If there are any parsing errors.
        """
        try:
            # Determine if input is a Path or content string
            if isinstance(file_path_or_content, Path):
                # Input is a Path - read the file
                content = file_path_or_content.read_text()
                logger.debug("Parsing ZMK file: %s", file_path_or_content)
            else:
                # Input is a string - use directly
                content = file_path_or_content
                logger.debug("Parsing ZMK content from string")
    
            # Process file line by line
            lines = content.split('\n')
            idx = 0
            while idx < len(lines):
                self.logger.debug(f"[DEBUG] Main loop before line {idx+1}: state={self.state}")
                line = lines[idx].strip()
    
                if not line or line.startswith('//'):
                    self.current_line += 1
                    idx += 1
                    continue
    
                reparsed = False
                while True:
                    result = self._parse_line_with_reparse(line)
                    if result == 'REPARSE':
                        if reparsed:
                            self.logger.error(f"[ERROR] Infinite reparsing detected at line {self.current_line}: {line}")
                            break
                        reparsed = True
                        continue
                    break
                self.current_line += 1
                idx += 1
    
            if not self.layers:
                raise ValueError("No layers found in ZMK file")
    
            return KeymapConfig(
                global_settings=self.global_settings_parser.finish(),
                layers=self.layers
            )
        except ParserError as e:
            raise e
        except Exception as e:
>           raise ParserError(f"Failed to parse ZMK file: {e}") from e
E           converter.parser.parser_error.ParserError: Failed to parse ZMK file: No layers found in ZMK file

converter/parser/zmk_parser.py:182: ParserError

During handling of the above exception, another exception occurred:

args = ['/var/folders/0s/42v7yl697hn0l1cdnx0vrvyr0000gn/T/tmp1jaw4a10/test_keymap.dtsi', '/var/folders/0s/42v7yl697hn0l1cdnx0vrvyr0000gn/T/tmp1jaw4a10/test_config.kbd']

    def main(args=None):
        """Main entry point for the CLI and programmatic use."""
        parser = argparse.ArgumentParser(description="Convert ZMK keymap to Kanata format")
        parser.add_argument("input_file", help="Path to the input ZMK keymap file")
        parser.add_argument("output_file", help="Path to the output Kanata file")
        parser.add_argument(
            "-v", "--verbose", help="Enable verbose output", action="store_true"
        )
        parser.add_argument(
            "--mac",
            help="Use Mac-specific modifiers (GUI becomes CMD)",
            action="store_true",
        )
        parser.add_argument(
            "--version", help="Show version information", action="store_true"
        )
        args_parsed = parser.parse_args(args)
    
        if args_parsed.version:
            print("ZMK to Kanata Converter v1.0.0")
            sys.exit(0)
    
        # Set up error manager
        error_manager = ErrorManager(verbose=args_parsed.verbose)
    
        try:
            # Read input file
            with open(args_parsed.input_file, "r") as f:
                zmk_content = f.read()
    
            # Convert ZMK to Kanata
>           kanata_config, metadata = convert_zmk_to_kanata(
                zmk_content=zmk_content,
                output_path=args_parsed.output_file,
                error_manager=error_manager,
                is_mac=args_parsed.mac,
            )

converter/main.py:92: 
_ _ _ _ _ _ _ _ _ _ _ _ _ _ _ _ _ _ _ _ _ _ _ _ _ _ _ _ _ _ _ _ _ _ _ _ _ _ _ _ 
converter/zmk_to_kanata.py:72: in convert_zmk_to_kanata
    error_mgr.add_error(
_ _ _ _ _ _ _ _ _ _ _ _ _ _ _ _ _ _ _ _ _ _ _ _ _ _ _ _ _ _ _ _ _ _ _ _ _ _ _ _ 

self = <converter.error_handling.error_manager.ErrorManager object at 0x102d39f90>
message = 'Error during conversion: Failed to parse ZMK file: No layers found in ZMK file'
source = 'converter', severity = <ErrorSeverity.ERROR: 3>, line_number = None
column = None, context = None
exception = ParserError('Failed to parse ZMK file: No layers found in ZMK file')
raise_immediately = True

    def add_error(
        self,
        message: str,
        source: str,
        severity: ErrorSeverity,
        line_number: Optional[int] = None,
        column: Optional[int] = None,
        context: Optional[Dict[str, Any]] = None,
        exception: Optional[Exception] = None,
        raise_immediately: bool = False,
    ) -> None:
        """Add an error to the error manager.
    
        Args:
            message: The error message
            source: The source of the error (e.g., module name)
            severity: The severity of the error
            line_number: Optional line number where the error occurred
            column: Optional column where the error occurred
            context: Optional context dictionary with additional information
            exception: Optional exception object that caused the error
            raise_immediately: Whether to raise the error immediately
    
        Raises:
            Exception: If severity >= raise_threshold and raise_immediately
                is True
        """
        # Get traceback if exception is provided
        traceback_info = None
        if exception and self.verbose:
            traceback_info = "".join(
                traceback.format_exception(
                    type(exception), exception, exception.__traceback__
                )
            )
    
        # Create error object
        error = ConversionError(
            message=message,
            source=source,
            severity=severity,
            line_number=line_number,
            column=column,
            context=context,
            traceback_info=traceback_info,
        )
    
        # Add to the list of errors
        self.errors.append(error)
    
        # Log the error based on severity
        self._log_error(error)
    
        # Raise immediately if requested and severity is high enough
        if raise_immediately and severity.value >= self.raise_threshold.value:
>           raise Exception(str(error))
E           Exception: ERROR: [converter] - Error during conversion: Failed to parse ZMK file: No layers found in ZMK file

converter/error_handling/error_manager.py:130: Exception

During handling of the above exception, another exception occurred:

temp_test_dir = PosixPath('/var/folders/0s/42v7yl697hn0l1cdnx0vrvyr0000gn/T/tmp1jaw4a10')

    def test_output_file_permissions(temp_test_dir):
        """Test that output files have correct read/write permissions."""
        # Create a sample ZMK keymap file
        zmk_content = """
    #include <behaviors.dtsi>
    #include <dt-bindings/zmk/keys.h>
    
    / {
        keymap {
            compatible = "zmk,keymap";
            default_layer {
                bindings = <
                    &kp A &kp B
                    &kp C &kp D
                >;
            };
        };
    };
    """
        zmk_file = temp_test_dir / "test_keymap.dtsi"
        zmk_file.write_text(zmk_content)
    
        # Create output path for Kanata config
        kanata_file = temp_test_dir / "test_config.kbd"
    
        # Run the conversion
>       exit_code = main([str(zmk_file), str(kanata_file)])

converter/tests/e2e_tests/test_output_validation.py:36: 
_ _ _ _ _ _ _ _ _ _ _ _ _ _ _ _ _ _ _ _ _ _ _ _ _ _ _ _ _ _ _ _ _ _ _ _ _ _ _ _ 
converter/cli.py:56: in main
    return convert_main(main_args)
_ _ _ _ _ _ _ _ _ _ _ _ _ _ _ _ _ _ _ _ _ _ _ _ _ _ _ _ _ _ _ _ _ _ _ _ _ _ _ _ 

args = ['/var/folders/0s/42v7yl697hn0l1cdnx0vrvyr0000gn/T/tmp1jaw4a10/test_keymap.dtsi', '/var/folders/0s/42v7yl697hn0l1cdnx0vrvyr0000gn/T/tmp1jaw4a10/test_config.kbd']

    def main(args=None):
        """Main entry point for the CLI and programmatic use."""
        parser = argparse.ArgumentParser(description="Convert ZMK keymap to Kanata format")
        parser.add_argument("input_file", help="Path to the input ZMK keymap file")
        parser.add_argument("output_file", help="Path to the output Kanata file")
        parser.add_argument(
            "-v", "--verbose", help="Enable verbose output", action="store_true"
        )
        parser.add_argument(
            "--mac",
            help="Use Mac-specific modifiers (GUI becomes CMD)",
            action="store_true",
        )
        parser.add_argument(
            "--version", help="Show version information", action="store_true"
        )
        args_parsed = parser.parse_args(args)
    
        if args_parsed.version:
            print("ZMK to Kanata Converter v1.0.0")
            sys.exit(0)
    
        # Set up error manager
        error_manager = ErrorManager(verbose=args_parsed.verbose)
    
        try:
            # Read input file
            with open(args_parsed.input_file, "r") as f:
                zmk_content = f.read()
    
            # Convert ZMK to Kanata
            kanata_config, metadata = convert_zmk_to_kanata(
                zmk_content=zmk_content,
                output_path=args_parsed.output_file,
                error_manager=error_manager,
                is_mac=args_parsed.mac,
            )
    
            # Write to output file
            with open(args_parsed.output_file, "w") as f:
                f.write(kanata_config)
    
            # Print any errors or warnings
            if error_manager.has_errors(ErrorSeverity.WARNING):
                for error in error_manager.get_errors(ErrorSeverity.WARNING):
                    print(f"WARNING: {error}", file=sys.stderr)
    
            if error_manager.has_errors(ErrorSeverity.ERROR):
                for error in error_manager.get_errors(ErrorSeverity.ERROR):
                    print(f"ERROR: {error}", file=sys.stderr)
                sys.exit(1)
    
        except Exception as e:
            print(f"ERROR: {str(e)}", file=sys.stderr)
            if args_parsed.verbose:
                import traceback
    
                traceback.print_exc()
>           sys.exit(1)
E           SystemExit: 1

converter/main.py:119: SystemExit
----------------------------- Captured stderr call -----------------------------
ERROR: ERROR: [converter] - Error during conversion: Failed to parse ZMK file: No layers found in ZMK file
------------------------------ Captured log call -------------------------------
WARNING  root:keymap_model.py:77 Key validation failed for '}': Invalid key: }
WARNING  root:keymap_model.py:77 Key validation failed for '}': Invalid key: }
WARNING  root:keymap_model.py:77 Key validation failed for '}': Invalid key: }
ERROR    converter.error_handling.error_manager:error_manager.py:147 ERROR: [converter] - Error during conversion: Failed to parse ZMK file: No layers found in ZMK file
__________________________ test_output_file_encoding ___________________________

self = <converter.parser.zmk_parser.ZMKParser object at 0x102d82710>
file_path_or_content = '\n#include <behaviors.dtsi>\n#include <dt-bindings/zmk/keys.h>\n\n/ {\n    keymap {\n        compatible = "zmk,keymap...n                &kp A &kp B  // UTF-8: ñ, é, ß\n                &kp C &kp D\n            >;\n        };\n    };\n};\n'

    def parse(self, file_path_or_content: Union[Path, str]) -> KeymapConfig:
        """Parse a ZMK keymap file or content string.
    
        Args:
            file_path_or_content: Either a Path object to the keymap file or the content as a string.
    
        Returns:
            A KeymapConfig object containing the parsed keymap.
    
        Raises:
            ParserError: If there are any parsing errors.
        """
        try:
            # Determine if input is a Path or content string
            if isinstance(file_path_or_content, Path):
                # Input is a Path - read the file
                content = file_path_or_content.read_text()
                logger.debug("Parsing ZMK file: %s", file_path_or_content)
            else:
                # Input is a string - use directly
                content = file_path_or_content
                logger.debug("Parsing ZMK content from string")
    
            # Process file line by line
            lines = content.split('\n')
            idx = 0
            while idx < len(lines):
                self.logger.debug(f"[DEBUG] Main loop before line {idx+1}: state={self.state}")
                line = lines[idx].strip()
    
                if not line or line.startswith('//'):
                    self.current_line += 1
                    idx += 1
                    continue
    
                reparsed = False
                while True:
                    result = self._parse_line_with_reparse(line)
                    if result == 'REPARSE':
                        if reparsed:
                            self.logger.error(f"[ERROR] Infinite reparsing detected at line {self.current_line}: {line}")
                            break
                        reparsed = True
                        continue
                    break
                self.current_line += 1
                idx += 1
    
            if not self.layers:
>               raise ValueError("No layers found in ZMK file")
E               ValueError: No layers found in ZMK file

converter/parser/zmk_parser.py:173: ValueError

The above exception was the direct cause of the following exception:

zmk_content = '\n#include <behaviors.dtsi>\n#include <dt-bindings/zmk/keys.h>\n\n/ {\n    keymap {\n        compatible = "zmk,keymap...n                &kp A &kp B  // UTF-8: ñ, é, ß\n                &kp C &kp D\n            >;\n        };\n    };\n};\n'
output_path = '/var/folders/0s/42v7yl697hn0l1cdnx0vrvyr0000gn/T/tmpc4zzu719/test_config.kbd'
error_manager = <converter.error_handling.error_manager.ErrorManager object at 0x102d82140>
is_mac = False

    def convert_zmk_to_kanata(
        zmk_content: str,
        output_path: Optional[str] = None,
        error_manager: Optional[ErrorManager] = None,
        is_mac: bool = False,
    ) -> Tuple[str, Dict[str, Any]]:
        """Convert ZMK keymap to Kanata format.
    
        Args:
            zmk_content: Content of the ZMK keymap file
            output_path: Optional path to write the Kanata config to
            error_manager: Optional error manager for reporting issues
            is_mac: Whether to use Mac-specific modifiers
    
        Returns:
            Tuple of (Kanata config string, metadata dict)
    
        Raises:
            Exception: If there's an error during conversion
        """
        # Set up error manager
        if error_manager:
            set_error_manager(error_manager)
        else:
            set_error_manager(ErrorManager())
    
        error_mgr = get_error_manager()
    
        try:
            # Parse ZMK keymap
            parser = ZMKParser()
>           keymap_config = parser.parse(
                zmk_content
            )  # Now directly passes the content string

converter/zmk_to_kanata.py:48: 
_ _ _ _ _ _ _ _ _ _ _ _ _ _ _ _ _ _ _ _ _ _ _ _ _ _ _ _ _ _ _ _ _ _ _ _ _ _ _ _ 

self = <converter.parser.zmk_parser.ZMKParser object at 0x102d82710>
file_path_or_content = '\n#include <behaviors.dtsi>\n#include <dt-bindings/zmk/keys.h>\n\n/ {\n    keymap {\n        compatible = "zmk,keymap...n                &kp A &kp B  // UTF-8: ñ, é, ß\n                &kp C &kp D\n            >;\n        };\n    };\n};\n'

    def parse(self, file_path_or_content: Union[Path, str]) -> KeymapConfig:
        """Parse a ZMK keymap file or content string.
    
        Args:
            file_path_or_content: Either a Path object to the keymap file or the content as a string.
    
        Returns:
            A KeymapConfig object containing the parsed keymap.
    
        Raises:
            ParserError: If there are any parsing errors.
        """
        try:
            # Determine if input is a Path or content string
            if isinstance(file_path_or_content, Path):
                # Input is a Path - read the file
                content = file_path_or_content.read_text()
                logger.debug("Parsing ZMK file: %s", file_path_or_content)
            else:
                # Input is a string - use directly
                content = file_path_or_content
                logger.debug("Parsing ZMK content from string")
    
            # Process file line by line
            lines = content.split('\n')
            idx = 0
            while idx < len(lines):
                self.logger.debug(f"[DEBUG] Main loop before line {idx+1}: state={self.state}")
                line = lines[idx].strip()
    
                if not line or line.startswith('//'):
                    self.current_line += 1
                    idx += 1
                    continue
    
                reparsed = False
                while True:
                    result = self._parse_line_with_reparse(line)
                    if result == 'REPARSE':
                        if reparsed:
                            self.logger.error(f"[ERROR] Infinite reparsing detected at line {self.current_line}: {line}")
                            break
                        reparsed = True
                        continue
                    break
                self.current_line += 1
                idx += 1
    
            if not self.layers:
                raise ValueError("No layers found in ZMK file")
    
            return KeymapConfig(
                global_settings=self.global_settings_parser.finish(),
                layers=self.layers
            )
        except ParserError as e:
            raise e
        except Exception as e:
>           raise ParserError(f"Failed to parse ZMK file: {e}") from e
E           converter.parser.parser_error.ParserError: Failed to parse ZMK file: No layers found in ZMK file

converter/parser/zmk_parser.py:182: ParserError

During handling of the above exception, another exception occurred:

args = ['/var/folders/0s/42v7yl697hn0l1cdnx0vrvyr0000gn/T/tmpc4zzu719/test_keymap.dtsi', '/var/folders/0s/42v7yl697hn0l1cdnx0vrvyr0000gn/T/tmpc4zzu719/test_config.kbd']

    def main(args=None):
        """Main entry point for the CLI and programmatic use."""
        parser = argparse.ArgumentParser(description="Convert ZMK keymap to Kanata format")
        parser.add_argument("input_file", help="Path to the input ZMK keymap file")
        parser.add_argument("output_file", help="Path to the output Kanata file")
        parser.add_argument(
            "-v", "--verbose", help="Enable verbose output", action="store_true"
        )
        parser.add_argument(
            "--mac",
            help="Use Mac-specific modifiers (GUI becomes CMD)",
            action="store_true",
        )
        parser.add_argument(
            "--version", help="Show version information", action="store_true"
        )
        args_parsed = parser.parse_args(args)
    
        if args_parsed.version:
            print("ZMK to Kanata Converter v1.0.0")
            sys.exit(0)
    
        # Set up error manager
        error_manager = ErrorManager(verbose=args_parsed.verbose)
    
        try:
            # Read input file
            with open(args_parsed.input_file, "r") as f:
                zmk_content = f.read()
    
            # Convert ZMK to Kanata
>           kanata_config, metadata = convert_zmk_to_kanata(
                zmk_content=zmk_content,
                output_path=args_parsed.output_file,
                error_manager=error_manager,
                is_mac=args_parsed.mac,
            )

converter/main.py:92: 
_ _ _ _ _ _ _ _ _ _ _ _ _ _ _ _ _ _ _ _ _ _ _ _ _ _ _ _ _ _ _ _ _ _ _ _ _ _ _ _ 
converter/zmk_to_kanata.py:72: in convert_zmk_to_kanata
    error_mgr.add_error(
_ _ _ _ _ _ _ _ _ _ _ _ _ _ _ _ _ _ _ _ _ _ _ _ _ _ _ _ _ _ _ _ _ _ _ _ _ _ _ _ 

self = <converter.error_handling.error_manager.ErrorManager object at 0x102d82140>
message = 'Error during conversion: Failed to parse ZMK file: No layers found in ZMK file'
source = 'converter', severity = <ErrorSeverity.ERROR: 3>, line_number = None
column = None, context = None
exception = ParserError('Failed to parse ZMK file: No layers found in ZMK file')
raise_immediately = True

    def add_error(
        self,
        message: str,
        source: str,
        severity: ErrorSeverity,
        line_number: Optional[int] = None,
        column: Optional[int] = None,
        context: Optional[Dict[str, Any]] = None,
        exception: Optional[Exception] = None,
        raise_immediately: bool = False,
    ) -> None:
        """Add an error to the error manager.
    
        Args:
            message: The error message
            source: The source of the error (e.g., module name)
            severity: The severity of the error
            line_number: Optional line number where the error occurred
            column: Optional column where the error occurred
            context: Optional context dictionary with additional information
            exception: Optional exception object that caused the error
            raise_immediately: Whether to raise the error immediately
    
        Raises:
            Exception: If severity >= raise_threshold and raise_immediately
                is True
        """
        # Get traceback if exception is provided
        traceback_info = None
        if exception and self.verbose:
            traceback_info = "".join(
                traceback.format_exception(
                    type(exception), exception, exception.__traceback__
                )
            )
    
        # Create error object
        error = ConversionError(
            message=message,
            source=source,
            severity=severity,
            line_number=line_number,
            column=column,
            context=context,
            traceback_info=traceback_info,
        )
    
        # Add to the list of errors
        self.errors.append(error)
    
        # Log the error based on severity
        self._log_error(error)
    
        # Raise immediately if requested and severity is high enough
        if raise_immediately and severity.value >= self.raise_threshold.value:
>           raise Exception(str(error))
E           Exception: ERROR: [converter] - Error during conversion: Failed to parse ZMK file: No layers found in ZMK file

converter/error_handling/error_manager.py:130: Exception

During handling of the above exception, another exception occurred:

temp_test_dir = PosixPath('/var/folders/0s/42v7yl697hn0l1cdnx0vrvyr0000gn/T/tmpc4zzu719')

    def test_output_file_encoding(temp_test_dir):
        """Test that output files use UTF-8 encoding."""
        # Create a sample ZMK keymap file with non-ASCII characters
        zmk_content = """
    #include <behaviors.dtsi>
    #include <dt-bindings/zmk/keys.h>
    
    / {
        keymap {
            compatible = "zmk,keymap";
            default_layer {
                bindings = <
                    &kp A &kp B  // UTF-8: ñ, é, ß
                    &kp C &kp D
                >;
            };
        };
    };
    """
        zmk_file = temp_test_dir / "test_keymap.dtsi"
        zmk_file.write_text(zmk_content, encoding="utf-8")
    
        # Create output path for Kanata config
        kanata_file = temp_test_dir / "test_config.kbd"
    
        # Run the conversion
>       exit_code = main([str(zmk_file), str(kanata_file)])

converter/tests/e2e_tests/test_output_validation.py:80: 
_ _ _ _ _ _ _ _ _ _ _ _ _ _ _ _ _ _ _ _ _ _ _ _ _ _ _ _ _ _ _ _ _ _ _ _ _ _ _ _ 
converter/cli.py:56: in main
    return convert_main(main_args)
_ _ _ _ _ _ _ _ _ _ _ _ _ _ _ _ _ _ _ _ _ _ _ _ _ _ _ _ _ _ _ _ _ _ _ _ _ _ _ _ 

args = ['/var/folders/0s/42v7yl697hn0l1cdnx0vrvyr0000gn/T/tmpc4zzu719/test_keymap.dtsi', '/var/folders/0s/42v7yl697hn0l1cdnx0vrvyr0000gn/T/tmpc4zzu719/test_config.kbd']

    def main(args=None):
        """Main entry point for the CLI and programmatic use."""
        parser = argparse.ArgumentParser(description="Convert ZMK keymap to Kanata format")
        parser.add_argument("input_file", help="Path to the input ZMK keymap file")
        parser.add_argument("output_file", help="Path to the output Kanata file")
        parser.add_argument(
            "-v", "--verbose", help="Enable verbose output", action="store_true"
        )
        parser.add_argument(
            "--mac",
            help="Use Mac-specific modifiers (GUI becomes CMD)",
            action="store_true",
        )
        parser.add_argument(
            "--version", help="Show version information", action="store_true"
        )
        args_parsed = parser.parse_args(args)
    
        if args_parsed.version:
            print("ZMK to Kanata Converter v1.0.0")
            sys.exit(0)
    
        # Set up error manager
        error_manager = ErrorManager(verbose=args_parsed.verbose)
    
        try:
            # Read input file
            with open(args_parsed.input_file, "r") as f:
                zmk_content = f.read()
    
            # Convert ZMK to Kanata
            kanata_config, metadata = convert_zmk_to_kanata(
                zmk_content=zmk_content,
                output_path=args_parsed.output_file,
                error_manager=error_manager,
                is_mac=args_parsed.mac,
            )
    
            # Write to output file
            with open(args_parsed.output_file, "w") as f:
                f.write(kanata_config)
    
            # Print any errors or warnings
            if error_manager.has_errors(ErrorSeverity.WARNING):
                for error in error_manager.get_errors(ErrorSeverity.WARNING):
                    print(f"WARNING: {error}", file=sys.stderr)
    
            if error_manager.has_errors(ErrorSeverity.ERROR):
                for error in error_manager.get_errors(ErrorSeverity.ERROR):
                    print(f"ERROR: {error}", file=sys.stderr)
                sys.exit(1)
    
        except Exception as e:
            print(f"ERROR: {str(e)}", file=sys.stderr)
            if args_parsed.verbose:
                import traceback
    
                traceback.print_exc()
>           sys.exit(1)
E           SystemExit: 1

converter/main.py:119: SystemExit
----------------------------- Captured stderr call -----------------------------
ERROR: ERROR: [converter] - Error during conversion: Failed to parse ZMK file: No layers found in ZMK file
------------------------------ Captured log call -------------------------------
WARNING  root:keymap_model.py:77 Key validation failed for 'B  // UTF-8: ñ, é, ß': Invalid key: B  // UTF-8: ñ, é, ß
WARNING  root:keymap_model.py:77 Key validation failed for '}': Invalid key: }
WARNING  root:keymap_model.py:77 Key validation failed for '}': Invalid key: }
WARNING  root:keymap_model.py:77 Key validation failed for '}': Invalid key: }
ERROR    converter.error_handling.error_manager:error_manager.py:147 ERROR: [converter] - Error during conversion: Failed to parse ZMK file: No layers found in ZMK file
___________________________ test_output_file_format ____________________________

self = <converter.parser.zmk_parser.ZMKParser object at 0x102e4cac0>
file_path_or_content = '\n#include <behaviors.dtsi>\n#include <dt-bindings/zmk/keys.h>\n\n/ {\n    keymap {\n        compatible = "zmk,keymap...      bindings = <\n                &kp A &kp B\n                &kp C &kp D\n            >;\n        };\n    };\n};\n'

    def parse(self, file_path_or_content: Union[Path, str]) -> KeymapConfig:
        """Parse a ZMK keymap file or content string.
    
        Args:
            file_path_or_content: Either a Path object to the keymap file or the content as a string.
    
        Returns:
            A KeymapConfig object containing the parsed keymap.
    
        Raises:
            ParserError: If there are any parsing errors.
        """
        try:
            # Determine if input is a Path or content string
            if isinstance(file_path_or_content, Path):
                # Input is a Path - read the file
                content = file_path_or_content.read_text()
                logger.debug("Parsing ZMK file: %s", file_path_or_content)
            else:
                # Input is a string - use directly
                content = file_path_or_content
                logger.debug("Parsing ZMK content from string")
    
            # Process file line by line
            lines = content.split('\n')
            idx = 0
            while idx < len(lines):
                self.logger.debug(f"[DEBUG] Main loop before line {idx+1}: state={self.state}")
                line = lines[idx].strip()
    
                if not line or line.startswith('//'):
                    self.current_line += 1
                    idx += 1
                    continue
    
                reparsed = False
                while True:
                    result = self._parse_line_with_reparse(line)
                    if result == 'REPARSE':
                        if reparsed:
                            self.logger.error(f"[ERROR] Infinite reparsing detected at line {self.current_line}: {line}")
                            break
                        reparsed = True
                        continue
                    break
                self.current_line += 1
                idx += 1
    
            if not self.layers:
>               raise ValueError("No layers found in ZMK file")
E               ValueError: No layers found in ZMK file

converter/parser/zmk_parser.py:173: ValueError

The above exception was the direct cause of the following exception:

zmk_content = '\n#include <behaviors.dtsi>\n#include <dt-bindings/zmk/keys.h>\n\n/ {\n    keymap {\n        compatible = "zmk,keymap...      bindings = <\n                &kp A &kp B\n                &kp C &kp D\n            >;\n        };\n    };\n};\n'
output_path = '/var/folders/0s/42v7yl697hn0l1cdnx0vrvyr0000gn/T/tmpap1y2gnw/test_config.kbd'
error_manager = <converter.error_handling.error_manager.ErrorManager object at 0x102e4f220>
is_mac = False

    def convert_zmk_to_kanata(
        zmk_content: str,
        output_path: Optional[str] = None,
        error_manager: Optional[ErrorManager] = None,
        is_mac: bool = False,
    ) -> Tuple[str, Dict[str, Any]]:
        """Convert ZMK keymap to Kanata format.
    
        Args:
            zmk_content: Content of the ZMK keymap file
            output_path: Optional path to write the Kanata config to
            error_manager: Optional error manager for reporting issues
            is_mac: Whether to use Mac-specific modifiers
    
        Returns:
            Tuple of (Kanata config string, metadata dict)
    
        Raises:
            Exception: If there's an error during conversion
        """
        # Set up error manager
        if error_manager:
            set_error_manager(error_manager)
        else:
            set_error_manager(ErrorManager())
    
        error_mgr = get_error_manager()
    
        try:
            # Parse ZMK keymap
            parser = ZMKParser()
>           keymap_config = parser.parse(
                zmk_content
            )  # Now directly passes the content string

converter/zmk_to_kanata.py:48: 
_ _ _ _ _ _ _ _ _ _ _ _ _ _ _ _ _ _ _ _ _ _ _ _ _ _ _ _ _ _ _ _ _ _ _ _ _ _ _ _ 

self = <converter.parser.zmk_parser.ZMKParser object at 0x102e4cac0>
file_path_or_content = '\n#include <behaviors.dtsi>\n#include <dt-bindings/zmk/keys.h>\n\n/ {\n    keymap {\n        compatible = "zmk,keymap...      bindings = <\n                &kp A &kp B\n                &kp C &kp D\n            >;\n        };\n    };\n};\n'

    def parse(self, file_path_or_content: Union[Path, str]) -> KeymapConfig:
        """Parse a ZMK keymap file or content string.
    
        Args:
            file_path_or_content: Either a Path object to the keymap file or the content as a string.
    
        Returns:
            A KeymapConfig object containing the parsed keymap.
    
        Raises:
            ParserError: If there are any parsing errors.
        """
        try:
            # Determine if input is a Path or content string
            if isinstance(file_path_or_content, Path):
                # Input is a Path - read the file
                content = file_path_or_content.read_text()
                logger.debug("Parsing ZMK file: %s", file_path_or_content)
            else:
                # Input is a string - use directly
                content = file_path_or_content
                logger.debug("Parsing ZMK content from string")
    
            # Process file line by line
            lines = content.split('\n')
            idx = 0
            while idx < len(lines):
                self.logger.debug(f"[DEBUG] Main loop before line {idx+1}: state={self.state}")
                line = lines[idx].strip()
    
                if not line or line.startswith('//'):
                    self.current_line += 1
                    idx += 1
                    continue
    
                reparsed = False
                while True:
                    result = self._parse_line_with_reparse(line)
                    if result == 'REPARSE':
                        if reparsed:
                            self.logger.error(f"[ERROR] Infinite reparsing detected at line {self.current_line}: {line}")
                            break
                        reparsed = True
                        continue
                    break
                self.current_line += 1
                idx += 1
    
            if not self.layers:
                raise ValueError("No layers found in ZMK file")
    
            return KeymapConfig(
                global_settings=self.global_settings_parser.finish(),
                layers=self.layers
            )
        except ParserError as e:
            raise e
        except Exception as e:
>           raise ParserError(f"Failed to parse ZMK file: {e}") from e
E           converter.parser.parser_error.ParserError: Failed to parse ZMK file: No layers found in ZMK file

converter/parser/zmk_parser.py:182: ParserError

During handling of the above exception, another exception occurred:

args = ['/var/folders/0s/42v7yl697hn0l1cdnx0vrvyr0000gn/T/tmpap1y2gnw/test_keymap.dtsi', '/var/folders/0s/42v7yl697hn0l1cdnx0vrvyr0000gn/T/tmpap1y2gnw/test_config.kbd']

    def main(args=None):
        """Main entry point for the CLI and programmatic use."""
        parser = argparse.ArgumentParser(description="Convert ZMK keymap to Kanata format")
        parser.add_argument("input_file", help="Path to the input ZMK keymap file")
        parser.add_argument("output_file", help="Path to the output Kanata file")
        parser.add_argument(
            "-v", "--verbose", help="Enable verbose output", action="store_true"
        )
        parser.add_argument(
            "--mac",
            help="Use Mac-specific modifiers (GUI becomes CMD)",
            action="store_true",
        )
        parser.add_argument(
            "--version", help="Show version information", action="store_true"
        )
        args_parsed = parser.parse_args(args)
    
        if args_parsed.version:
            print("ZMK to Kanata Converter v1.0.0")
            sys.exit(0)
    
        # Set up error manager
        error_manager = ErrorManager(verbose=args_parsed.verbose)
    
        try:
            # Read input file
            with open(args_parsed.input_file, "r") as f:
                zmk_content = f.read()
    
            # Convert ZMK to Kanata
>           kanata_config, metadata = convert_zmk_to_kanata(
                zmk_content=zmk_content,
                output_path=args_parsed.output_file,
                error_manager=error_manager,
                is_mac=args_parsed.mac,
            )

converter/main.py:92: 
_ _ _ _ _ _ _ _ _ _ _ _ _ _ _ _ _ _ _ _ _ _ _ _ _ _ _ _ _ _ _ _ _ _ _ _ _ _ _ _ 
converter/zmk_to_kanata.py:72: in convert_zmk_to_kanata
    error_mgr.add_error(
_ _ _ _ _ _ _ _ _ _ _ _ _ _ _ _ _ _ _ _ _ _ _ _ _ _ _ _ _ _ _ _ _ _ _ _ _ _ _ _ 

self = <converter.error_handling.error_manager.ErrorManager object at 0x102e4f220>
message = 'Error during conversion: Failed to parse ZMK file: No layers found in ZMK file'
source = 'converter', severity = <ErrorSeverity.ERROR: 3>, line_number = None
column = None, context = None
exception = ParserError('Failed to parse ZMK file: No layers found in ZMK file')
raise_immediately = True

    def add_error(
        self,
        message: str,
        source: str,
        severity: ErrorSeverity,
        line_number: Optional[int] = None,
        column: Optional[int] = None,
        context: Optional[Dict[str, Any]] = None,
        exception: Optional[Exception] = None,
        raise_immediately: bool = False,
    ) -> None:
        """Add an error to the error manager.
    
        Args:
            message: The error message
            source: The source of the error (e.g., module name)
            severity: The severity of the error
            line_number: Optional line number where the error occurred
            column: Optional column where the error occurred
            context: Optional context dictionary with additional information
            exception: Optional exception object that caused the error
            raise_immediately: Whether to raise the error immediately
    
        Raises:
            Exception: If severity >= raise_threshold and raise_immediately
                is True
        """
        # Get traceback if exception is provided
        traceback_info = None
        if exception and self.verbose:
            traceback_info = "".join(
                traceback.format_exception(
                    type(exception), exception, exception.__traceback__
                )
            )
    
        # Create error object
        error = ConversionError(
            message=message,
            source=source,
            severity=severity,
            line_number=line_number,
            column=column,
            context=context,
            traceback_info=traceback_info,
        )
    
        # Add to the list of errors
        self.errors.append(error)
    
        # Log the error based on severity
        self._log_error(error)
    
        # Raise immediately if requested and severity is high enough
        if raise_immediately and severity.value >= self.raise_threshold.value:
>           raise Exception(str(error))
E           Exception: ERROR: [converter] - Error during conversion: Failed to parse ZMK file: No layers found in ZMK file

converter/error_handling/error_manager.py:130: Exception

During handling of the above exception, another exception occurred:

temp_test_dir = PosixPath('/var/folders/0s/42v7yl697hn0l1cdnx0vrvyr0000gn/T/tmpap1y2gnw')

    def test_output_file_format(temp_test_dir):
        """Test that output files follow the Kanata format specification."""
        # Create a sample ZMK keymap file
        zmk_content = """
    #include <behaviors.dtsi>
    #include <dt-bindings/zmk/keys.h>
    
    / {
        keymap {
            compatible = "zmk,keymap";
            default_layer {
                bindings = <
                    &kp A &kp B
                    &kp C &kp D
                >;
            };
        };
    };
    """
        zmk_file = temp_test_dir / "test_keymap.dtsi"
        zmk_file.write_text(zmk_content)
    
        # Create output path for Kanata config
        kanata_file = temp_test_dir / "test_config.kbd"
    
        # Run the conversion
>       exit_code = main([str(zmk_file), str(kanata_file)])

converter/tests/e2e_tests/test_output_validation.py:117: 
_ _ _ _ _ _ _ _ _ _ _ _ _ _ _ _ _ _ _ _ _ _ _ _ _ _ _ _ _ _ _ _ _ _ _ _ _ _ _ _ 
converter/cli.py:56: in main
    return convert_main(main_args)
_ _ _ _ _ _ _ _ _ _ _ _ _ _ _ _ _ _ _ _ _ _ _ _ _ _ _ _ _ _ _ _ _ _ _ _ _ _ _ _ 

args = ['/var/folders/0s/42v7yl697hn0l1cdnx0vrvyr0000gn/T/tmpap1y2gnw/test_keymap.dtsi', '/var/folders/0s/42v7yl697hn0l1cdnx0vrvyr0000gn/T/tmpap1y2gnw/test_config.kbd']

    def main(args=None):
        """Main entry point for the CLI and programmatic use."""
        parser = argparse.ArgumentParser(description="Convert ZMK keymap to Kanata format")
        parser.add_argument("input_file", help="Path to the input ZMK keymap file")
        parser.add_argument("output_file", help="Path to the output Kanata file")
        parser.add_argument(
            "-v", "--verbose", help="Enable verbose output", action="store_true"
        )
        parser.add_argument(
            "--mac",
            help="Use Mac-specific modifiers (GUI becomes CMD)",
            action="store_true",
        )
        parser.add_argument(
            "--version", help="Show version information", action="store_true"
        )
        args_parsed = parser.parse_args(args)
    
        if args_parsed.version:
            print("ZMK to Kanata Converter v1.0.0")
            sys.exit(0)
    
        # Set up error manager
        error_manager = ErrorManager(verbose=args_parsed.verbose)
    
        try:
            # Read input file
            with open(args_parsed.input_file, "r") as f:
                zmk_content = f.read()
    
            # Convert ZMK to Kanata
            kanata_config, metadata = convert_zmk_to_kanata(
                zmk_content=zmk_content,
                output_path=args_parsed.output_file,
                error_manager=error_manager,
                is_mac=args_parsed.mac,
            )
    
            # Write to output file
            with open(args_parsed.output_file, "w") as f:
                f.write(kanata_config)
    
            # Print any errors or warnings
            if error_manager.has_errors(ErrorSeverity.WARNING):
                for error in error_manager.get_errors(ErrorSeverity.WARNING):
                    print(f"WARNING: {error}", file=sys.stderr)
    
            if error_manager.has_errors(ErrorSeverity.ERROR):
                for error in error_manager.get_errors(ErrorSeverity.ERROR):
                    print(f"ERROR: {error}", file=sys.stderr)
                sys.exit(1)
    
        except Exception as e:
            print(f"ERROR: {str(e)}", file=sys.stderr)
            if args_parsed.verbose:
                import traceback
    
                traceback.print_exc()
>           sys.exit(1)
E           SystemExit: 1

converter/main.py:119: SystemExit
----------------------------- Captured stderr call -----------------------------
ERROR: ERROR: [converter] - Error during conversion: Failed to parse ZMK file: No layers found in ZMK file
------------------------------ Captured log call -------------------------------
WARNING  root:keymap_model.py:77 Key validation failed for '}': Invalid key: }
WARNING  root:keymap_model.py:77 Key validation failed for '}': Invalid key: }
WARNING  root:keymap_model.py:77 Key validation failed for '}': Invalid key: }
ERROR    converter.error_handling.error_manager:error_manager.py:147 ERROR: [converter] - Error during conversion: Failed to parse ZMK file: No layers found in ZMK file
_____________________ test_kanata_s_expression_conformity ______________________

self = <converter.parser.zmk_parser.ZMKParser object at 0x102d34d00>
file_path_or_content = '\n#include <behaviors.dtsi>\n#include <dt-bindings/zmk/keys.h>\n\n/ {\n    macros {\n        test_macro: test_macro {... = "zmk,keymap";\n        default_layer {\n            bindings = <&kp A &macro test_macro>;\n        };\n    };\n};\n'

    def parse(self, file_path_or_content: Union[Path, str]) -> KeymapConfig:
        """Parse a ZMK keymap file or content string.
    
        Args:
            file_path_or_content: Either a Path object to the keymap file or the content as a string.
    
        Returns:
            A KeymapConfig object containing the parsed keymap.
    
        Raises:
            ParserError: If there are any parsing errors.
        """
        try:
            # Determine if input is a Path or content string
            if isinstance(file_path_or_content, Path):
                # Input is a Path - read the file
                content = file_path_or_content.read_text()
                logger.debug("Parsing ZMK file: %s", file_path_or_content)
            else:
                # Input is a string - use directly
                content = file_path_or_content
                logger.debug("Parsing ZMK content from string")
    
            # Process file line by line
            lines = content.split('\n')
            idx = 0
            while idx < len(lines):
                self.logger.debug(f"[DEBUG] Main loop before line {idx+1}: state={self.state}")
                line = lines[idx].strip()
    
                if not line or line.startswith('//'):
                    self.current_line += 1
                    idx += 1
                    continue
    
                reparsed = False
                while True:
                    result = self._parse_line_with_reparse(line)
                    if result == 'REPARSE':
                        if reparsed:
                            self.logger.error(f"[ERROR] Infinite reparsing detected at line {self.current_line}: {line}")
                            break
                        reparsed = True
                        continue
                    break
                self.current_line += 1
                idx += 1
    
            if not self.layers:
>               raise ValueError("No layers found in ZMK file")
E               ValueError: No layers found in ZMK file

converter/parser/zmk_parser.py:173: ValueError

The above exception was the direct cause of the following exception:

zmk_content = '\n#include <behaviors.dtsi>\n#include <dt-bindings/zmk/keys.h>\n\n/ {\n    macros {\n        test_macro: test_macro {... = "zmk,keymap";\n        default_layer {\n            bindings = <&kp A &macro test_macro>;\n        };\n    };\n};\n'
output_path = '/var/folders/0s/42v7yl697hn0l1cdnx0vrvyr0000gn/T/tmpfoqvr5te/test_config.kbd'
error_manager = <converter.error_handling.error_manager.ErrorManager object at 0x102d35900>
is_mac = False

    def convert_zmk_to_kanata(
        zmk_content: str,
        output_path: Optional[str] = None,
        error_manager: Optional[ErrorManager] = None,
        is_mac: bool = False,
    ) -> Tuple[str, Dict[str, Any]]:
        """Convert ZMK keymap to Kanata format.
    
        Args:
            zmk_content: Content of the ZMK keymap file
            output_path: Optional path to write the Kanata config to
            error_manager: Optional error manager for reporting issues
            is_mac: Whether to use Mac-specific modifiers
    
        Returns:
            Tuple of (Kanata config string, metadata dict)
    
        Raises:
            Exception: If there's an error during conversion
        """
        # Set up error manager
        if error_manager:
            set_error_manager(error_manager)
        else:
            set_error_manager(ErrorManager())
    
        error_mgr = get_error_manager()
    
        try:
            # Parse ZMK keymap
            parser = ZMKParser()
>           keymap_config = parser.parse(
                zmk_content
            )  # Now directly passes the content string

converter/zmk_to_kanata.py:48: 
_ _ _ _ _ _ _ _ _ _ _ _ _ _ _ _ _ _ _ _ _ _ _ _ _ _ _ _ _ _ _ _ _ _ _ _ _ _ _ _ 

self = <converter.parser.zmk_parser.ZMKParser object at 0x102d34d00>
file_path_or_content = '\n#include <behaviors.dtsi>\n#include <dt-bindings/zmk/keys.h>\n\n/ {\n    macros {\n        test_macro: test_macro {... = "zmk,keymap";\n        default_layer {\n            bindings = <&kp A &macro test_macro>;\n        };\n    };\n};\n'

    def parse(self, file_path_or_content: Union[Path, str]) -> KeymapConfig:
        """Parse a ZMK keymap file or content string.
    
        Args:
            file_path_or_content: Either a Path object to the keymap file or the content as a string.
    
        Returns:
            A KeymapConfig object containing the parsed keymap.
    
        Raises:
            ParserError: If there are any parsing errors.
        """
        try:
            # Determine if input is a Path or content string
            if isinstance(file_path_or_content, Path):
                # Input is a Path - read the file
                content = file_path_or_content.read_text()
                logger.debug("Parsing ZMK file: %s", file_path_or_content)
            else:
                # Input is a string - use directly
                content = file_path_or_content
                logger.debug("Parsing ZMK content from string")
    
            # Process file line by line
            lines = content.split('\n')
            idx = 0
            while idx < len(lines):
                self.logger.debug(f"[DEBUG] Main loop before line {idx+1}: state={self.state}")
                line = lines[idx].strip()
    
                if not line or line.startswith('//'):
                    self.current_line += 1
                    idx += 1
                    continue
    
                reparsed = False
                while True:
                    result = self._parse_line_with_reparse(line)
                    if result == 'REPARSE':
                        if reparsed:
                            self.logger.error(f"[ERROR] Infinite reparsing detected at line {self.current_line}: {line}")
                            break
                        reparsed = True
                        continue
                    break
                self.current_line += 1
                idx += 1
    
            if not self.layers:
                raise ValueError("No layers found in ZMK file")
    
            return KeymapConfig(
                global_settings=self.global_settings_parser.finish(),
                layers=self.layers
            )
        except ParserError as e:
            raise e
        except Exception as e:
>           raise ParserError(f"Failed to parse ZMK file: {e}") from e
E           converter.parser.parser_error.ParserError: Failed to parse ZMK file: No layers found in ZMK file

converter/parser/zmk_parser.py:182: ParserError

During handling of the above exception, another exception occurred:

args = ['/var/folders/0s/42v7yl697hn0l1cdnx0vrvyr0000gn/T/tmpfoqvr5te/test_keymap.dtsi', '/var/folders/0s/42v7yl697hn0l1cdnx0vrvyr0000gn/T/tmpfoqvr5te/test_config.kbd']

    def main(args=None):
        """Main entry point for the CLI and programmatic use."""
        parser = argparse.ArgumentParser(description="Convert ZMK keymap to Kanata format")
        parser.add_argument("input_file", help="Path to the input ZMK keymap file")
        parser.add_argument("output_file", help="Path to the output Kanata file")
        parser.add_argument(
            "-v", "--verbose", help="Enable verbose output", action="store_true"
        )
        parser.add_argument(
            "--mac",
            help="Use Mac-specific modifiers (GUI becomes CMD)",
            action="store_true",
        )
        parser.add_argument(
            "--version", help="Show version information", action="store_true"
        )
        args_parsed = parser.parse_args(args)
    
        if args_parsed.version:
            print("ZMK to Kanata Converter v1.0.0")
            sys.exit(0)
    
        # Set up error manager
        error_manager = ErrorManager(verbose=args_parsed.verbose)
    
        try:
            # Read input file
            with open(args_parsed.input_file, "r") as f:
                zmk_content = f.read()
    
            # Convert ZMK to Kanata
>           kanata_config, metadata = convert_zmk_to_kanata(
                zmk_content=zmk_content,
                output_path=args_parsed.output_file,
                error_manager=error_manager,
                is_mac=args_parsed.mac,
            )

converter/main.py:92: 
_ _ _ _ _ _ _ _ _ _ _ _ _ _ _ _ _ _ _ _ _ _ _ _ _ _ _ _ _ _ _ _ _ _ _ _ _ _ _ _ 
converter/zmk_to_kanata.py:72: in convert_zmk_to_kanata
    error_mgr.add_error(
_ _ _ _ _ _ _ _ _ _ _ _ _ _ _ _ _ _ _ _ _ _ _ _ _ _ _ _ _ _ _ _ _ _ _ _ _ _ _ _ 

self = <converter.error_handling.error_manager.ErrorManager object at 0x102d35900>
message = 'Error during conversion: Failed to parse ZMK file: No layers found in ZMK file'
source = 'converter', severity = <ErrorSeverity.ERROR: 3>, line_number = None
column = None, context = None
exception = ParserError('Failed to parse ZMK file: No layers found in ZMK file')
raise_immediately = True

    def add_error(
        self,
        message: str,
        source: str,
        severity: ErrorSeverity,
        line_number: Optional[int] = None,
        column: Optional[int] = None,
        context: Optional[Dict[str, Any]] = None,
        exception: Optional[Exception] = None,
        raise_immediately: bool = False,
    ) -> None:
        """Add an error to the error manager.
    
        Args:
            message: The error message
            source: The source of the error (e.g., module name)
            severity: The severity of the error
            line_number: Optional line number where the error occurred
            column: Optional column where the error occurred
            context: Optional context dictionary with additional information
            exception: Optional exception object that caused the error
            raise_immediately: Whether to raise the error immediately
    
        Raises:
            Exception: If severity >= raise_threshold and raise_immediately
                is True
        """
        # Get traceback if exception is provided
        traceback_info = None
        if exception and self.verbose:
            traceback_info = "".join(
                traceback.format_exception(
                    type(exception), exception, exception.__traceback__
                )
            )
    
        # Create error object
        error = ConversionError(
            message=message,
            source=source,
            severity=severity,
            line_number=line_number,
            column=column,
            context=context,
            traceback_info=traceback_info,
        )
    
        # Add to the list of errors
        self.errors.append(error)
    
        # Log the error based on severity
        self._log_error(error)
    
        # Raise immediately if requested and severity is high enough
        if raise_immediately and severity.value >= self.raise_threshold.value:
>           raise Exception(str(error))
E           Exception: ERROR: [converter] - Error during conversion: Failed to parse ZMK file: No layers found in ZMK file

converter/error_handling/error_manager.py:130: Exception

During handling of the above exception, another exception occurred:

temp_test_dir = PosixPath('/var/folders/0s/42v7yl697hn0l1cdnx0vrvyr0000gn/T/tmpfoqvr5te')

    def test_kanata_s_expression_conformity(temp_test_dir):
        """Test that Kanata output conforms to S-expression specs (structure, macros, layers, parentheses)."""
        from converter.validation.pipeline_validator import PipelineValidator
    
        # Create a sample ZMK keymap file with macros and layers
        zmk_content = """
    #include <behaviors.dtsi>
    #include <dt-bindings/zmk/keys.h>
    
    / {
        macros {
            test_macro: test_macro {
                compatible = "zmk,behavior-macro";
                bindings = <&kp A &kp B>;
                wait-ms = <100>;
            };
        };
        keymap {
            compatible = "zmk,keymap";
            default_layer {
                bindings = <&kp A &macro test_macro>;
            };
        };
    };
    """
        zmk_file = temp_test_dir / "test_keymap.dtsi"
        zmk_file.write_text(zmk_content)
    
        # Create output path for Kanata config
        kanata_file = temp_test_dir / "test_config.kbd"
    
        # Run the conversion
>       exit_code = main([str(zmk_file), str(kanata_file)])

converter/tests/e2e_tests/test_output_validation.py:179: 
_ _ _ _ _ _ _ _ _ _ _ _ _ _ _ _ _ _ _ _ _ _ _ _ _ _ _ _ _ _ _ _ _ _ _ _ _ _ _ _ 
converter/cli.py:56: in main
    return convert_main(main_args)
_ _ _ _ _ _ _ _ _ _ _ _ _ _ _ _ _ _ _ _ _ _ _ _ _ _ _ _ _ _ _ _ _ _ _ _ _ _ _ _ 

args = ['/var/folders/0s/42v7yl697hn0l1cdnx0vrvyr0000gn/T/tmpfoqvr5te/test_keymap.dtsi', '/var/folders/0s/42v7yl697hn0l1cdnx0vrvyr0000gn/T/tmpfoqvr5te/test_config.kbd']

    def main(args=None):
        """Main entry point for the CLI and programmatic use."""
        parser = argparse.ArgumentParser(description="Convert ZMK keymap to Kanata format")
        parser.add_argument("input_file", help="Path to the input ZMK keymap file")
        parser.add_argument("output_file", help="Path to the output Kanata file")
        parser.add_argument(
            "-v", "--verbose", help="Enable verbose output", action="store_true"
        )
        parser.add_argument(
            "--mac",
            help="Use Mac-specific modifiers (GUI becomes CMD)",
            action="store_true",
        )
        parser.add_argument(
            "--version", help="Show version information", action="store_true"
        )
        args_parsed = parser.parse_args(args)
    
        if args_parsed.version:
            print("ZMK to Kanata Converter v1.0.0")
            sys.exit(0)
    
        # Set up error manager
        error_manager = ErrorManager(verbose=args_parsed.verbose)
    
        try:
            # Read input file
            with open(args_parsed.input_file, "r") as f:
                zmk_content = f.read()
    
            # Convert ZMK to Kanata
            kanata_config, metadata = convert_zmk_to_kanata(
                zmk_content=zmk_content,
                output_path=args_parsed.output_file,
                error_manager=error_manager,
                is_mac=args_parsed.mac,
            )
    
            # Write to output file
            with open(args_parsed.output_file, "w") as f:
                f.write(kanata_config)
    
            # Print any errors or warnings
            if error_manager.has_errors(ErrorSeverity.WARNING):
                for error in error_manager.get_errors(ErrorSeverity.WARNING):
                    print(f"WARNING: {error}", file=sys.stderr)
    
            if error_manager.has_errors(ErrorSeverity.ERROR):
                for error in error_manager.get_errors(ErrorSeverity.ERROR):
                    print(f"ERROR: {error}", file=sys.stderr)
                sys.exit(1)
    
        except Exception as e:
            print(f"ERROR: {str(e)}", file=sys.stderr)
            if args_parsed.verbose:
                import traceback
    
                traceback.print_exc()
>           sys.exit(1)
E           SystemExit: 1

converter/main.py:119: SystemExit
----------------------------- Captured stderr call -----------------------------
ERROR: ERROR: [converter] - Error during conversion: Failed to parse ZMK file: No layers found in ZMK file
------------------------------ Captured log call -------------------------------
WARNING  root:keymap_model.py:77 Key validation failed for 'macro test_macro': Invalid key: macro test_macro
WARNING  root:keymap_model.py:77 Key validation failed for 'macro test_macro': Invalid key: macro test_macro
WARNING  root:keymap_model.py:77 Key validation failed for '}': Invalid key: }
WARNING  root:keymap_model.py:77 Key validation failed for '}': Invalid key: }
WARNING  root:keymap_model.py:77 Key validation failed for '}': Invalid key: }
ERROR    converter.error_handling.error_manager:error_manager.py:147 ERROR: [converter] - Error during conversion: Failed to parse ZMK file: No layers found in ZMK file
_________________________ test_qwerty_standard_layout __________________________

tmp_path = PosixPath('/private/var/folders/0s/42v7yl697hn0l1cdnx0vrvyr0000gn/T/pytest-of-malpern/pytest-7/test_qwerty_standard_layout0')
monkeypatch = <_pytest.monkeypatch.MonkeyPatch object at 0x102cbd1e0>

    def test_qwerty_standard_layout(tmp_path, monkeypatch):
        """Test conversion of a standard QWERTY layout."""
        # Setup test files
        zmk_file = tmp_path / "qwerty_standard.dtsi"
        kanata_file = tmp_path / "qwerty_standard.kbd"
    
        # Standard QWERTY layout with basic layers
        zmk_content = """
        / {
            keymap {
                compatible = "zmk,keymap";
    
                default_layer {
                    bindings = <
                        &kp ESC   &kp N1 &kp N2 &kp N3 &kp N4 &kp N5 &kp N6 &kp N7 &kp N8 &kp N9
                        &kp N0 &kp MINUS &kp EQUAL &kp BSPC
                        &kp TAB   &kp Q  &kp W  &kp E  &kp R  &kp T  &kp Y  &kp U  &kp I  &kp O
                        &kp P  &kp LBKT  &kp RBKT  &kp BSLH
                        &kp LCTRL &kp A  &kp S  &kp D  &kp F  &kp G  &kp H  &kp J  &kp K  &kp L
                        &kp SEMI &kp SQT  &kp RET
                        &kp LSHFT &kp Z  &kp X  &kp C  &kp V  &kp B  &kp N  &kp M  &kp COMMA
                        &kp DOT &kp FSLH &kp RSHFT
                        &kp LCTRL &kp LGUI &kp LALT &kp SPACE &kp RALT &kp RGUI &mo 1 &kp RCTRL
                    >;
                };
    
                function_layer {
                    bindings = <
                        &kp GRAVE &kp F1 &kp F2 &kp F3 &kp F4 &kp F5 &kp F6 &kp F7 &kp F8 &kp F9
                        &kp F10 &kp F11 &kp F12 &kp DEL
                        &trans    &trans &trans &trans &trans &trans &trans &trans &trans &trans
                        &trans  &trans  &trans  &trans
                        &trans    &trans &trans &trans &trans &trans &kp LEFT &kp DOWN &kp UP
                        &kp RIGHT &trans &trans &trans
                        &trans    &trans &trans &trans &trans &trans &trans &trans &trans
                        &trans &trans &trans
                        &trans    &trans &trans &trans &trans &trans &trans &trans
                    >;
                };
            };
        };
        """
    
        # Write the ZMK content to the file
        zmk_file.write_text(zmk_content)
    
        # Set up sys.argv for the main function
        monkeypatch.setattr(sys, "argv", ["converter", str(zmk_file), str(kanata_file)])
    
        # Run the converter
        from converter.main import main
    
        main()
    
        # Check that the conversion was successful
        assert kanata_file.exists()
    
        # Read the generated Kanata file
        kanata_content = kanata_file.read_text()
    
        # Verify the content
        assert ";; ZMK to Kanata Configuration" in kanata_content
        assert "(defvar tap-time 200)" in kanata_content
        assert "(defvar hold-time 250)" in kanata_content
        assert "(deflayer default" in kanata_content
>       assert "(deflayer function" in kanata_content
E       AssertionError: assert '(deflayer function' in ';; ZMK to Kanata Configuration\n;; Generated automatically - DO NOT EDIT\n\n;; Global settings\n(defvar tap-time 200)...  z  x  c\n  v  b  n\n  m  comma  dot\n  fslh  rshft  lctrl\n  lgui  lalt  space\n  ralt  rgui  @layer1\n  rctrl  }\n)'

converter/tests/e2e_tests/test_real_world_configs.py:77: AssertionError
------------------------------ Captured log call -------------------------------
WARNING  root:keymap_model.py:77 Key validation failed for 'SQT': Invalid key: SQT
WARNING  root:keymap_model.py:77 Key validation failed for 'LSHFT': Invalid key: LSHFT
WARNING  root:keymap_model.py:77 Key validation failed for 'RSHFT': Invalid key: RSHFT
WARNING  root:keymap_model.py:77 Key validation failed for '}': Invalid key: }
WARNING  root:keymap_model.py:77 Key validation failed for '}': Invalid key: }
WARNING  root:keymap_model.py:77 Key validation failed for '}': Invalid key: }
WARNING  root:keymap_model.py:77 Key validation failed for '}': Invalid key: }
_____________________________ test_colemak_layout ______________________________

tmp_path = PosixPath('/private/var/folders/0s/42v7yl697hn0l1cdnx0vrvyr0000gn/T/pytest-of-malpern/pytest-7/test_colemak_layout0')
monkeypatch = <_pytest.monkeypatch.MonkeyPatch object at 0x102d3afb0>

    def test_colemak_layout(tmp_path, monkeypatch):
        """Test conversion of a Colemak layout."""
        # Setup test files
        zmk_file = tmp_path / "colemak.dtsi"
        kanata_file = tmp_path / "colemak.kbd"
    
        # Colemak layout
        zmk_content = """
        / {
            keymap {
                compatible = "zmk,keymap";
    
                default_layer {
                    bindings = <
                        &kp ESC   &kp N1 &kp N2 &kp N3 &kp N4 &kp N5 &kp N6 &kp N7 &kp N8 &kp N9
                        &kp N0 &kp MINUS &kp EQUAL &kp BSPC
                        &kp TAB   &kp Q  &kp W  &kp F  &kp P  &kp G  &kp J  &kp L  &kp U  &kp Y
                        &kp SEMI &kp LBKT &kp RBKT &kp BSLH
                        &kp LCTRL &kp A  &kp R  &kp S  &kp T  &kp D  &kp H  &kp N  &kp E  &kp I
                        &kp O  &kp SQT   &kp RET
                        &kp LSHFT &kp Z  &kp X  &kp C  &kp V  &kp B  &kp K  &kp M  &kp COMMA
                        &kp DOT &kp FSLH &kp RSHFT
                        &kp LCTRL &kp LGUI &kp LALT &kp SPACE &kp RALT &kp RGUI &mo 1 &kp RCTRL
                    >;
                };
    
                function_layer {
                    bindings = <
                        &kp GRAVE &kp F1 &kp F2 &kp F3 &kp F4 &kp F5 &kp F6 &kp F7 &kp F8 &kp F9
                        &kp F10 &kp F11 &kp F12 &kp DEL
                        &trans    &trans &trans &trans &trans &trans &trans &trans &trans &trans
                        &trans  &trans  &trans  &trans
                        &trans    &trans &trans &trans &trans &trans &kp LEFT &kp DOWN &kp UP
                        &kp RIGHT &trans &trans &trans
                        &trans    &trans &trans &trans &trans &trans &trans &trans &trans
                        &trans &trans &trans
                        &trans    &trans &trans &trans &trans &trans &trans &trans
                    >;
                };
            };
        };
        """
    
        # Write the ZMK content to the file
        zmk_file.write_text(zmk_content)
    
        # Set up sys.argv for the main function
        monkeypatch.setattr(sys, "argv", ["converter", str(zmk_file), str(kanata_file)])
    
        # Run the converter
        from converter.main import main
    
        main()
    
        # Check that the conversion was successful
        assert kanata_file.exists()
    
        # Read the generated Kanata file
        kanata_content = kanata_file.read_text()
    
        # Verify the content
        assert ";; ZMK to Kanata Configuration" in kanata_content
        assert "(defvar tap-time 200)" in kanata_content
        assert "(defvar hold-time 250)" in kanata_content
        assert "(deflayer default" in kanata_content
>       assert "(deflayer function" in kanata_content
E       AssertionError: assert '(deflayer function' in ';; ZMK to Kanata Configuration\n;; Generated automatically - DO NOT EDIT\n\n;; Global settings\n(defvar tap-time 200)...  z  x  c\n  v  b  k\n  m  comma  dot\n  fslh  rshft  lctrl\n  lgui  lalt  space\n  ralt  rgui  @layer1\n  rctrl  }\n)'

converter/tests/e2e_tests/test_real_world_configs.py:152: AssertionError
------------------------------ Captured log call -------------------------------
WARNING  root:keymap_model.py:77 Key validation failed for 'SQT': Invalid key: SQT
WARNING  root:keymap_model.py:77 Key validation failed for 'LSHFT': Invalid key: LSHFT
WARNING  root:keymap_model.py:77 Key validation failed for 'RSHFT': Invalid key: RSHFT
WARNING  root:keymap_model.py:77 Key validation failed for '}': Invalid key: }
WARNING  root:keymap_model.py:77 Key validation failed for '}': Invalid key: }
WARNING  root:keymap_model.py:77 Key validation failed for '}': Invalid key: }
WARNING  root:keymap_model.py:77 Key validation failed for '}': Invalid key: }
__________________________ test_split_keyboard_layout __________________________

tmp_path = PosixPath('/private/var/folders/0s/42v7yl697hn0l1cdnx0vrvyr0000gn/T/pytest-of-malpern/pytest-7/test_split_keyboard_layout0')
monkeypatch = <_pytest.monkeypatch.MonkeyPatch object at 0x102dda650>

    def test_split_keyboard_layout(tmp_path, monkeypatch):
        """Test conversion of a split keyboard layout."""
        # Setup test files
        zmk_file = tmp_path / "split_keyboard.dtsi"
        kanata_file = tmp_path / "split_keyboard.kbd"
    
        # Split keyboard layout (e.g., Corne, Lily58, etc.)
        zmk_content = """
        / {
            keymap {
                compatible = "zmk,keymap";
    
                default_layer {
                    bindings = <
                        &kp TAB   &kp Q &kp W &kp E &kp R &kp T   &kp Y &kp U  &kp I     &kp O   &kp P    &kp BSPC
                        &kp LCTRL &kp A &kp S &kp D &kp F &kp G   &kp H &kp J  &kp K     &kp L   &kp SEMI &kp SQT
                        &kp LSHFT &kp Z &kp X &kp C &kp V &kp B   &kp N &kp M  &kp COMMA &kp DOT &kp FSLH &kp RSHFT
                                        &kp LGUI &mo 1 &kp SPACE   &kp RET &mo 2 &kp RALT
                    >;
                };
    
                lower_layer {
                    bindings = <
                        &kp ESC   &kp N1   &kp N2 &kp N3   &kp N4   &kp N5
                        &kp N6   &kp N7   &kp N8 &kp N9    &kp N0   &kp DEL
                        &kp LCTRL &kp LGUI &trans &kp LALT &kp LSHFT &trans
                        &kp LEFT &kp DOWN &kp UP &kp RIGHT &trans   &trans
                        &trans    &trans   &trans &trans   &trans   &trans
                        &trans   &trans   &trans &trans    &trans   &trans
                                           &trans &trans   &trans
                                           &trans   &trans   &trans
                    >;
                };
    
                raise_layer {
                    bindings = <
                        &kp GRAVE &kp F1 &kp F2 &kp F3 &kp F4 &kp F5
                        &kp F6 &kp F7 &kp F8 &kp F9 &kp F10 &kp F11
                        &trans    &trans &trans &trans &trans &trans
                        &trans &trans &trans &trans &trans  &kp F12
                        &trans    &trans &trans &trans &trans &trans
                        &trans &trans &trans &trans &trans  &trans
                                         &trans &trans &trans
                                         &trans &trans &trans
                    >;
                };
            };
        };
        """
    
        # Write the ZMK content to the file
        zmk_file.write_text(zmk_content)
    
        # Set up sys.argv for the main function
        monkeypatch.setattr(sys, "argv", ["converter", str(zmk_file), str(kanata_file)])
    
        # Run the converter
        from converter.main import main
    
        main()
    
        # Check that the conversion was successful
        assert kanata_file.exists()
    
        # Read the generated Kanata file
        kanata_content = kanata_file.read_text()
    
        # Verify the content
        assert ";; ZMK to Kanata Configuration" in kanata_content
        assert "(defvar tap-time 200)" in kanata_content
        assert "(defvar hold-time 250)" in kanata_content
        assert "(deflayer default" in kanata_content
        assert "(deflayer lower" in kanata_content
>       assert "(deflayer raise" in kanata_content
E       AssertionError: assert '(deflayer raise' in ';; ZMK to Kanata Configuration\n;; Generated automatically - DO NOT EDIT\n\n;; Global settings\n(defvar tap-time 200)...rans  trans  trans\n  trans  trans  trans\n  trans  trans  trans\n  trans  trans  trans\n  trans  trans  trans\n  }\n)'

converter/tests/e2e_tests/test_real_world_configs.py:236: AssertionError
------------------------------ Captured log call -------------------------------
WARNING  root:keymap_model.py:77 Key validation failed for 'SQT': Invalid key: SQT
WARNING  root:keymap_model.py:77 Key validation failed for 'LSHFT': Invalid key: LSHFT
WARNING  root:keymap_model.py:77 Key validation failed for 'RSHFT': Invalid key: RSHFT
WARNING  root:keymap_model.py:77 Key validation failed for '}': Invalid key: }
WARNING  root:keymap_model.py:77 Key validation failed for 'LSHFT': Invalid key: LSHFT
WARNING  root:keymap_model.py:77 Key validation failed for '}': Invalid key: }
WARNING  root:keymap_model.py:77 Key validation failed for '}': Invalid key: }
WARNING  root:keymap_model.py:77 Key validation failed for '}': Invalid key: }
WARNING  root:keymap_model.py:77 Key validation failed for '}': Invalid key: }
___________________ test_ergonomic_layout_with_homerow_mods ____________________

zmk_content = '\n    / {\n        behaviors {\n            hm: homerow_mods {\n                compatible = "zmk,behavior-hold-tap";...                                    &trans &trans &trans\n                >;\n            };\n        };\n    };\n    '
output_path = '/private/var/folders/0s/42v7yl697hn0l1cdnx0vrvyr0000gn/T/pytest-of-malpern/pytest-7/test_ergonomic_layout_with_hom0/ergonomic_homerow.kbd'
error_manager = <converter.error_handling.error_manager.ErrorManager object at 0x102d04400>
is_mac = False

    def convert_zmk_to_kanata(
        zmk_content: str,
        output_path: Optional[str] = None,
        error_manager: Optional[ErrorManager] = None,
        is_mac: bool = False,
    ) -> Tuple[str, Dict[str, Any]]:
        """Convert ZMK keymap to Kanata format.
    
        Args:
            zmk_content: Content of the ZMK keymap file
            output_path: Optional path to write the Kanata config to
            error_manager: Optional error manager for reporting issues
            is_mac: Whether to use Mac-specific modifiers
    
        Returns:
            Tuple of (Kanata config string, metadata dict)
    
        Raises:
            Exception: If there's an error during conversion
        """
        # Set up error manager
        if error_manager:
            set_error_manager(error_manager)
        else:
            set_error_manager(ErrorManager())
    
        error_mgr = get_error_manager()
    
        try:
            # Parse ZMK keymap
            parser = ZMKParser()
            keymap_config = parser.parse(
                zmk_content
            )  # Now directly passes the content string
    
            # Transform to Kanata format
            transformer = KanataTransformer(is_mac=is_mac)
    
            # Convert directly using the transformer
>           kanata_config = transformer.transform(keymap_config)

converter/zmk_to_kanata.py:56: 
_ _ _ _ _ _ _ _ _ _ _ _ _ _ _ _ _ _ _ _ _ _ _ _ _ _ _ _ _ _ _ _ _ _ _ _ _ _ _ _ 
converter/transformer/kanata_transformer.py:59: in transform
    aliases = self._generate_hold_tap_aliases(config)
_ _ _ _ _ _ _ _ _ _ _ _ _ _ _ _ _ _ _ _ _ _ _ _ _ _ _ _ _ _ _ _ _ _ _ _ _ _ _ _ 

self = <converter.transformer.kanata_transformer.KanataTransformer object at 0x102d05330>
config = KeymapConfig(global_settings=GlobalSettings(tap_time=200, hold_time=250), layers=[Layer(name='default', bindings=[KeyM...key='}', sticky=False, hold_tap=None, layer=None, macro=None, sticky_key=None, key_sequence=None, homerow_mod=None)])])

    def _generate_hold_tap_aliases(self, config: KeymapConfig) -> List[str]:
        """Generate aliases for all hold-tap bindings in the config.
    
        Args:
            config: The keymap configuration.
    
        Returns:
            A list of hold-tap alias definitions.
        """
        aliases = []
        # Collect unique hold-tap bindings
        seen_bindings = set()
    
        # Scan all layers and keys for hold-tap bindings
        for layer in config.layers:
            # Skip if layer is a string (already transformed)
            if isinstance(layer, str):
                continue
    
            for row in layer.keys:
                for key in row:
                    # Skip sticky key bindings
                    if isinstance(key, StickyKeyBinding):
                        continue
    
                    if key.hold_tap:
                        ht = key.hold_tap
                        alias_name = self._generate_hold_tap_alias_name(
>                           ht.behavior_name, ht.hold_key, ht.tap_key
                        )
E                       AttributeError: 'dict' object has no attribute 'behavior_name'

converter/transformer/kanata_transformer.py:275: AttributeError

During handling of the above exception, another exception occurred:

args = None

    def main(args=None):
        """Main entry point for the CLI and programmatic use."""
        parser = argparse.ArgumentParser(description="Convert ZMK keymap to Kanata format")
        parser.add_argument("input_file", help="Path to the input ZMK keymap file")
        parser.add_argument("output_file", help="Path to the output Kanata file")
        parser.add_argument(
            "-v", "--verbose", help="Enable verbose output", action="store_true"
        )
        parser.add_argument(
            "--mac",
            help="Use Mac-specific modifiers (GUI becomes CMD)",
            action="store_true",
        )
        parser.add_argument(
            "--version", help="Show version information", action="store_true"
        )
        args_parsed = parser.parse_args(args)
    
        if args_parsed.version:
            print("ZMK to Kanata Converter v1.0.0")
            sys.exit(0)
    
        # Set up error manager
        error_manager = ErrorManager(verbose=args_parsed.verbose)
    
        try:
            # Read input file
            with open(args_parsed.input_file, "r") as f:
                zmk_content = f.read()
    
            # Convert ZMK to Kanata
>           kanata_config, metadata = convert_zmk_to_kanata(
                zmk_content=zmk_content,
                output_path=args_parsed.output_file,
                error_manager=error_manager,
                is_mac=args_parsed.mac,
            )

converter/main.py:92: 
_ _ _ _ _ _ _ _ _ _ _ _ _ _ _ _ _ _ _ _ _ _ _ _ _ _ _ _ _ _ _ _ _ _ _ _ _ _ _ _ 
converter/zmk_to_kanata.py:72: in convert_zmk_to_kanata
    error_mgr.add_error(
_ _ _ _ _ _ _ _ _ _ _ _ _ _ _ _ _ _ _ _ _ _ _ _ _ _ _ _ _ _ _ _ _ _ _ _ _ _ _ _ 

self = <converter.error_handling.error_manager.ErrorManager object at 0x102d04400>
message = "Error during conversion: 'dict' object has no attribute 'behavior_name'"
source = 'converter', severity = <ErrorSeverity.ERROR: 3>, line_number = None
column = None, context = None
exception = AttributeError("'dict' object has no attribute 'behavior_name'")
raise_immediately = True

    def add_error(
        self,
        message: str,
        source: str,
        severity: ErrorSeverity,
        line_number: Optional[int] = None,
        column: Optional[int] = None,
        context: Optional[Dict[str, Any]] = None,
        exception: Optional[Exception] = None,
        raise_immediately: bool = False,
    ) -> None:
        """Add an error to the error manager.
    
        Args:
            message: The error message
            source: The source of the error (e.g., module name)
            severity: The severity of the error
            line_number: Optional line number where the error occurred
            column: Optional column where the error occurred
            context: Optional context dictionary with additional information
            exception: Optional exception object that caused the error
            raise_immediately: Whether to raise the error immediately
    
        Raises:
            Exception: If severity >= raise_threshold and raise_immediately
                is True
        """
        # Get traceback if exception is provided
        traceback_info = None
        if exception and self.verbose:
            traceback_info = "".join(
                traceback.format_exception(
                    type(exception), exception, exception.__traceback__
                )
            )
    
        # Create error object
        error = ConversionError(
            message=message,
            source=source,
            severity=severity,
            line_number=line_number,
            column=column,
            context=context,
            traceback_info=traceback_info,
        )
    
        # Add to the list of errors
        self.errors.append(error)
    
        # Log the error based on severity
        self._log_error(error)
    
        # Raise immediately if requested and severity is high enough
        if raise_immediately and severity.value >= self.raise_threshold.value:
>           raise Exception(str(error))
E           Exception: ERROR: [converter] - Error during conversion: 'dict' object has no attribute 'behavior_name'

converter/error_handling/error_manager.py:130: Exception

During handling of the above exception, another exception occurred:

tmp_path = PosixPath('/private/var/folders/0s/42v7yl697hn0l1cdnx0vrvyr0000gn/T/pytest-of-malpern/pytest-7/test_ergonomic_layout_with_hom0')
monkeypatch = <_pytest.monkeypatch.MonkeyPatch object at 0x102d06a40>

    def test_ergonomic_layout_with_homerow_mods(tmp_path, monkeypatch):
        """Test conversion of an ergonomic layout with homerow mods."""
        # Setup test files
        zmk_file = tmp_path / "ergonomic_homerow.dtsi"
        kanata_file = tmp_path / "ergonomic_homerow.kbd"
    
        # Ergonomic layout with homerow mods
        # Note: This test is expected to fail with the current implementation
        # because the converter doesn't support the &hm behavior directly.
        # In a real-world scenario, users would need to define these in ZMK
        # and then manually adjust the Kanata config.
        zmk_content = """
        / {
            behaviors {
                hm: homerow_mods {
                    compatible = "zmk,behavior-hold-tap";
                    #binding-cells = <2>;
                    tapping-term-ms = <200>;
                    quick-tap-ms = <0>;
                    flavor = "tap-preferred";
                    bindings = <&kp>, <&kp>;
                };
            };
    
            keymap {
                compatible = "zmk,keymap";
    
                default_layer {
                    bindings = <
                        &kp TAB   &kp Q &kp W &kp E &kp R &kp T   &kp Y &kp U  &kp I     &kp O   &kp P    &kp BSPC
                        &kp ESC   &hm LGUI A &hm LALT S &hm LCTRL D &hm LSHFT F &kp G
                        &kp H &hm RSHFT J  &hm RCTRL K &hm RALT L &hm RGUI SEMI &kp SQT
                        &kp LSHFT &kp Z &kp X &kp C &kp V &kp B   &kp N &kp M  &kp COMMA &kp DOT &kp FSLH &kp RSHFT
                                        &kp LGUI &mo 1 &kp SPACE   &kp RET &mo 2 &kp RALT
                    >;
                };
    
                lower_layer {
                    bindings = <
                        &kp ESC   &kp N1   &kp N2 &kp N3   &kp N4   &kp N5
                        &kp N6   &kp N7   &kp N8 &kp N9    &kp N0   &kp DEL
                        &kp LCTRL &kp LGUI &trans &kp LALT &kp LSHFT &trans
                        &kp LEFT &kp DOWN &kp UP &kp RIGHT &trans   &trans
                        &trans    &trans   &trans &trans   &trans   &trans
                        &trans   &trans   &trans &trans    &trans   &trans
                                           &trans &trans   &trans
                                           &trans   &trans   &trans
                    >;
                };
    
                raise_layer {
                    bindings = <
                        &kp GRAVE &kp F1 &kp F2 &kp F3 &kp F4 &kp F5
                        &kp F6 &kp F7 &kp F8 &kp F9 &kp F10 &kp F11
                        &trans    &trans &trans &trans &trans &trans
                        &trans &trans &trans &trans &trans  &kp F12
                        &trans    &trans &trans &trans &trans &trans
                        &trans &trans &trans &trans &trans  &trans
                                         &trans &trans &trans
                                         &trans &trans &trans
                    >;
                };
            };
        };
        """
    
        # Write the ZMK content to the file
        zmk_file.write_text(zmk_content)
    
        # Set up sys.argv for the main function
        monkeypatch.setattr(sys, "argv", ["converter", str(zmk_file), str(kanata_file)])
    
        # Run the converter
        from converter.main import main
    
        # Capture stderr to check for error message
        stderr_capture = io.StringIO()
        old_stderr = sys.stderr
        sys.stderr = stderr_capture
    
        try:
>           exit_code = main()

converter/tests/e2e_tests/test_real_world_configs.py:346: 
_ _ _ _ _ _ _ _ _ _ _ _ _ _ _ _ _ _ _ _ _ _ _ _ _ _ _ _ _ _ _ _ _ _ _ _ _ _ _ _ 

args = None

    def main(args=None):
        """Main entry point for the CLI and programmatic use."""
        parser = argparse.ArgumentParser(description="Convert ZMK keymap to Kanata format")
        parser.add_argument("input_file", help="Path to the input ZMK keymap file")
        parser.add_argument("output_file", help="Path to the output Kanata file")
        parser.add_argument(
            "-v", "--verbose", help="Enable verbose output", action="store_true"
        )
        parser.add_argument(
            "--mac",
            help="Use Mac-specific modifiers (GUI becomes CMD)",
            action="store_true",
        )
        parser.add_argument(
            "--version", help="Show version information", action="store_true"
        )
        args_parsed = parser.parse_args(args)
    
        if args_parsed.version:
            print("ZMK to Kanata Converter v1.0.0")
            sys.exit(0)
    
        # Set up error manager
        error_manager = ErrorManager(verbose=args_parsed.verbose)
    
        try:
            # Read input file
            with open(args_parsed.input_file, "r") as f:
                zmk_content = f.read()
    
            # Convert ZMK to Kanata
            kanata_config, metadata = convert_zmk_to_kanata(
                zmk_content=zmk_content,
                output_path=args_parsed.output_file,
                error_manager=error_manager,
                is_mac=args_parsed.mac,
            )
    
            # Write to output file
            with open(args_parsed.output_file, "w") as f:
                f.write(kanata_config)
    
            # Print any errors or warnings
            if error_manager.has_errors(ErrorSeverity.WARNING):
                for error in error_manager.get_errors(ErrorSeverity.WARNING):
                    print(f"WARNING: {error}", file=sys.stderr)
    
            if error_manager.has_errors(ErrorSeverity.ERROR):
                for error in error_manager.get_errors(ErrorSeverity.ERROR):
                    print(f"ERROR: {error}", file=sys.stderr)
                sys.exit(1)
    
        except Exception as e:
            print(f"ERROR: {str(e)}", file=sys.stderr)
            if args_parsed.verbose:
                import traceback
    
                traceback.print_exc()
>           sys.exit(1)
E           SystemExit: 1

converter/main.py:119: SystemExit

During handling of the above exception, another exception occurred:

tmp_path = PosixPath('/private/var/folders/0s/42v7yl697hn0l1cdnx0vrvyr0000gn/T/pytest-of-malpern/pytest-7/test_ergonomic_layout_with_hom0')
monkeypatch = <_pytest.monkeypatch.MonkeyPatch object at 0x102d06a40>

    def test_ergonomic_layout_with_homerow_mods(tmp_path, monkeypatch):
        """Test conversion of an ergonomic layout with homerow mods."""
        # Setup test files
        zmk_file = tmp_path / "ergonomic_homerow.dtsi"
        kanata_file = tmp_path / "ergonomic_homerow.kbd"
    
        # Ergonomic layout with homerow mods
        # Note: This test is expected to fail with the current implementation
        # because the converter doesn't support the &hm behavior directly.
        # In a real-world scenario, users would need to define these in ZMK
        # and then manually adjust the Kanata config.
        zmk_content = """
        / {
            behaviors {
                hm: homerow_mods {
                    compatible = "zmk,behavior-hold-tap";
                    #binding-cells = <2>;
                    tapping-term-ms = <200>;
                    quick-tap-ms = <0>;
                    flavor = "tap-preferred";
                    bindings = <&kp>, <&kp>;
                };
            };
    
            keymap {
                compatible = "zmk,keymap";
    
                default_layer {
                    bindings = <
                        &kp TAB   &kp Q &kp W &kp E &kp R &kp T   &kp Y &kp U  &kp I     &kp O   &kp P    &kp BSPC
                        &kp ESC   &hm LGUI A &hm LALT S &hm LCTRL D &hm LSHFT F &kp G
                        &kp H &hm RSHFT J  &hm RCTRL K &hm RALT L &hm RGUI SEMI &kp SQT
                        &kp LSHFT &kp Z &kp X &kp C &kp V &kp B   &kp N &kp M  &kp COMMA &kp DOT &kp FSLH &kp RSHFT
                                        &kp LGUI &mo 1 &kp SPACE   &kp RET &mo 2 &kp RALT
                    >;
                };
    
                lower_layer {
                    bindings = <
                        &kp ESC   &kp N1   &kp N2 &kp N3   &kp N4   &kp N5
                        &kp N6   &kp N7   &kp N8 &kp N9    &kp N0   &kp DEL
                        &kp LCTRL &kp LGUI &trans &kp LALT &kp LSHFT &trans
                        &kp LEFT &kp DOWN &kp UP &kp RIGHT &trans   &trans
                        &trans    &trans   &trans &trans   &trans   &trans
                        &trans   &trans   &trans &trans    &trans   &trans
                                           &trans &trans   &trans
                                           &trans   &trans   &trans
                    >;
                };
    
                raise_layer {
                    bindings = <
                        &kp GRAVE &kp F1 &kp F2 &kp F3 &kp F4 &kp F5
                        &kp F6 &kp F7 &kp F8 &kp F9 &kp F10 &kp F11
                        &trans    &trans &trans &trans &trans &trans
                        &trans &trans &trans &trans &trans  &kp F12
                        &trans    &trans &trans &trans &trans &trans
                        &trans &trans &trans &trans &trans  &trans
                                         &trans &trans &trans
                                         &trans &trans &trans
                    >;
                };
            };
        };
        """
    
        # Write the ZMK content to the file
        zmk_file.write_text(zmk_content)
    
        # Set up sys.argv for the main function
        monkeypatch.setattr(sys, "argv", ["converter", str(zmk_file), str(kanata_file)])
    
        # Run the converter
        from converter.main import main
    
        # Capture stderr to check for error message
        stderr_capture = io.StringIO()
        old_stderr = sys.stderr
        sys.stderr = stderr_capture
    
        try:
            exit_code = main()
            # Print the error message for debugging
            error_output = stderr_capture.getvalue()
            print(f"Error output: {error_output}")
            # The main function should now succeed
            assert exit_code == 0
        except SystemExit as e:
            # Print the error message for debugging
            error_output = stderr_capture.getvalue()
            print(f"Error output: {error_output}")
            # If it exits, it should exit with code 0
>           assert e.code == 0
E           assert 1 == 0
E            +  where 1 = SystemExit(1).code

converter/tests/e2e_tests/test_real_world_configs.py:357: AssertionError
----------------------------- Captured stdout call -----------------------------
Error output: ERROR: ERROR: [converter] - Error during conversion: 'dict' object has no attribute 'behavior_name'

------------------------------ Captured log call -------------------------------
WARNING  root:keymap_model.py:77 Key validation failed for 'SQT': Invalid key: SQT
WARNING  root:keymap_model.py:77 Key validation failed for 'LSHFT': Invalid key: LSHFT
WARNING  root:keymap_model.py:77 Key validation failed for 'RSHFT': Invalid key: RSHFT
WARNING  root:keymap_model.py:77 Key validation failed for '}': Invalid key: }
WARNING  root:keymap_model.py:77 Key validation failed for 'LSHFT': Invalid key: LSHFT
WARNING  root:keymap_model.py:77 Key validation failed for '}': Invalid key: }
WARNING  root:keymap_model.py:77 Key validation failed for '}': Invalid key: }
WARNING  root:keymap_model.py:77 Key validation failed for '}': Invalid key: }
WARNING  root:keymap_model.py:77 Key validation failed for '}': Invalid key: }
ERROR    converter.error_handling.error_manager:error_manager.py:147 ERROR: [converter] - Error during conversion: 'dict' object has no attribute 'behavior_name'
________________________ test_ben_vallack_cradio_layout ________________________

zmk_content = '\n    / {\n        behaviors {\n            hm: homerow_mods {\n                compatible = "zmk,behavior-hold-tap";...trans\n                                    &trans &trans\n                >;\n            };\n        };\n    };\n    '
output_path = '/private/var/folders/0s/42v7yl697hn0l1cdnx0vrvyr0000gn/T/pytest-of-malpern/pytest-7/test_ben_vallack_cradio_layout0/ben_vallack_cradio.kbd'
error_manager = <converter.error_handling.error_manager.ErrorManager object at 0x102eb4df0>
is_mac = False

    def convert_zmk_to_kanata(
        zmk_content: str,
        output_path: Optional[str] = None,
        error_manager: Optional[ErrorManager] = None,
        is_mac: bool = False,
    ) -> Tuple[str, Dict[str, Any]]:
        """Convert ZMK keymap to Kanata format.
    
        Args:
            zmk_content: Content of the ZMK keymap file
            output_path: Optional path to write the Kanata config to
            error_manager: Optional error manager for reporting issues
            is_mac: Whether to use Mac-specific modifiers
    
        Returns:
            Tuple of (Kanata config string, metadata dict)
    
        Raises:
            Exception: If there's an error during conversion
        """
        # Set up error manager
        if error_manager:
            set_error_manager(error_manager)
        else:
            set_error_manager(ErrorManager())
    
        error_mgr = get_error_manager()
    
        try:
            # Parse ZMK keymap
            parser = ZMKParser()
            keymap_config = parser.parse(
                zmk_content
            )  # Now directly passes the content string
    
            # Transform to Kanata format
            transformer = KanataTransformer(is_mac=is_mac)
    
            # Convert directly using the transformer
>           kanata_config = transformer.transform(keymap_config)

converter/zmk_to_kanata.py:56: 
_ _ _ _ _ _ _ _ _ _ _ _ _ _ _ _ _ _ _ _ _ _ _ _ _ _ _ _ _ _ _ _ _ _ _ _ _ _ _ _ 
converter/transformer/kanata_transformer.py:59: in transform
    aliases = self._generate_hold_tap_aliases(config)
_ _ _ _ _ _ _ _ _ _ _ _ _ _ _ _ _ _ _ _ _ _ _ _ _ _ _ _ _ _ _ _ _ _ _ _ _ _ _ _ 

self = <converter.transformer.kanata_transformer.KanataTransformer object at 0x102eb69e0>
config = KeymapConfig(global_settings=GlobalSettings(tap_time=200, hold_time=250), layers=[Layer(name='default', bindings=[KeyM...key='}', sticky=False, hold_tap=None, layer=None, macro=None, sticky_key=None, key_sequence=None, homerow_mod=None)])])

    def _generate_hold_tap_aliases(self, config: KeymapConfig) -> List[str]:
        """Generate aliases for all hold-tap bindings in the config.
    
        Args:
            config: The keymap configuration.
    
        Returns:
            A list of hold-tap alias definitions.
        """
        aliases = []
        # Collect unique hold-tap bindings
        seen_bindings = set()
    
        # Scan all layers and keys for hold-tap bindings
        for layer in config.layers:
            # Skip if layer is a string (already transformed)
            if isinstance(layer, str):
                continue
    
            for row in layer.keys:
                for key in row:
                    # Skip sticky key bindings
                    if isinstance(key, StickyKeyBinding):
                        continue
    
                    if key.hold_tap:
                        ht = key.hold_tap
                        alias_name = self._generate_hold_tap_alias_name(
>                           ht.behavior_name, ht.hold_key, ht.tap_key
                        )
E                       AttributeError: 'dict' object has no attribute 'behavior_name'

converter/transformer/kanata_transformer.py:275: AttributeError

During handling of the above exception, another exception occurred:

args = None

    def main(args=None):
        """Main entry point for the CLI and programmatic use."""
        parser = argparse.ArgumentParser(description="Convert ZMK keymap to Kanata format")
        parser.add_argument("input_file", help="Path to the input ZMK keymap file")
        parser.add_argument("output_file", help="Path to the output Kanata file")
        parser.add_argument(
            "-v", "--verbose", help="Enable verbose output", action="store_true"
        )
        parser.add_argument(
            "--mac",
            help="Use Mac-specific modifiers (GUI becomes CMD)",
            action="store_true",
        )
        parser.add_argument(
            "--version", help="Show version information", action="store_true"
        )
        args_parsed = parser.parse_args(args)
    
        if args_parsed.version:
            print("ZMK to Kanata Converter v1.0.0")
            sys.exit(0)
    
        # Set up error manager
        error_manager = ErrorManager(verbose=args_parsed.verbose)
    
        try:
            # Read input file
            with open(args_parsed.input_file, "r") as f:
                zmk_content = f.read()
    
            # Convert ZMK to Kanata
>           kanata_config, metadata = convert_zmk_to_kanata(
                zmk_content=zmk_content,
                output_path=args_parsed.output_file,
                error_manager=error_manager,
                is_mac=args_parsed.mac,
            )

converter/main.py:92: 
_ _ _ _ _ _ _ _ _ _ _ _ _ _ _ _ _ _ _ _ _ _ _ _ _ _ _ _ _ _ _ _ _ _ _ _ _ _ _ _ 
converter/zmk_to_kanata.py:72: in convert_zmk_to_kanata
    error_mgr.add_error(
_ _ _ _ _ _ _ _ _ _ _ _ _ _ _ _ _ _ _ _ _ _ _ _ _ _ _ _ _ _ _ _ _ _ _ _ _ _ _ _ 

self = <converter.error_handling.error_manager.ErrorManager object at 0x102eb4df0>
message = "Error during conversion: 'dict' object has no attribute 'behavior_name'"
source = 'converter', severity = <ErrorSeverity.ERROR: 3>, line_number = None
column = None, context = None
exception = AttributeError("'dict' object has no attribute 'behavior_name'")
raise_immediately = True

    def add_error(
        self,
        message: str,
        source: str,
        severity: ErrorSeverity,
        line_number: Optional[int] = None,
        column: Optional[int] = None,
        context: Optional[Dict[str, Any]] = None,
        exception: Optional[Exception] = None,
        raise_immediately: bool = False,
    ) -> None:
        """Add an error to the error manager.
    
        Args:
            message: The error message
            source: The source of the error (e.g., module name)
            severity: The severity of the error
            line_number: Optional line number where the error occurred
            column: Optional column where the error occurred
            context: Optional context dictionary with additional information
            exception: Optional exception object that caused the error
            raise_immediately: Whether to raise the error immediately
    
        Raises:
            Exception: If severity >= raise_threshold and raise_immediately
                is True
        """
        # Get traceback if exception is provided
        traceback_info = None
        if exception and self.verbose:
            traceback_info = "".join(
                traceback.format_exception(
                    type(exception), exception, exception.__traceback__
                )
            )
    
        # Create error object
        error = ConversionError(
            message=message,
            source=source,
            severity=severity,
            line_number=line_number,
            column=column,
            context=context,
            traceback_info=traceback_info,
        )
    
        # Add to the list of errors
        self.errors.append(error)
    
        # Log the error based on severity
        self._log_error(error)
    
        # Raise immediately if requested and severity is high enough
        if raise_immediately and severity.value >= self.raise_threshold.value:
>           raise Exception(str(error))
E           Exception: ERROR: [converter] - Error during conversion: 'dict' object has no attribute 'behavior_name'

converter/error_handling/error_manager.py:130: Exception

During handling of the above exception, another exception occurred:

tmp_path = PosixPath('/private/var/folders/0s/42v7yl697hn0l1cdnx0vrvyr0000gn/T/pytest-of-malpern/pytest-7/test_ben_vallack_cradio_layout0')
monkeypatch = <_pytest.monkeypatch.MonkeyPatch object at 0x102eb4580>

    def test_ben_vallack_cradio_layout(tmp_path, monkeypatch):
        """Test conversion of Ben Vallack's Cradio (Ferris Sweep) layout.
    
        This test uses a real-world ZMK configuration from Ben Vallack's GitHub repository.
        The layout features a 34-key split keyboard with custom behaviors, combos, and
        multiple layers.
    
        Source: https://github.com/benvallack/zmk-config
        """
        # Setup test files
        zmk_file = tmp_path / "ben_vallack_cradio.dtsi"
        kanata_file = tmp_path / "ben_vallack_cradio.kbd"
    
        # Ben Vallack's Cradio layout (simplified for testing)
        zmk_content = """
        / {
            behaviors {
                hm: homerow_mods {
                    compatible = "zmk,behavior-hold-tap";
                    label = "HOMEROW_MODS";
                    #binding-cells = <2>;
                    tapping-term-ms = <200>;
                    quick_tap_ms = <0>;
                    flavor = "tap-preferred";
                    bindings = <&kp>, <&kp>;
                };
                hs: homerow_shifts {
                    compatible = "zmk,behavior-hold-tap";
                    label = "HOMEROW_SHIFTS";
                    #binding-cells = <2>;
                    tapping-term-ms = <150>;
                    quick_tap_ms = <0>;
                    flavor = "balanced";
                    bindings = <&kp>, <&kp>;
                };
                td: tapdance {
                    compatible = "zmk,behavior-hold-tap";
                    label = "TAPDANCE";
                    #binding-cells = <2>;
                    tapping-term-ms = <150>;
                    quick_tap_ms = <0>;
                    flavor = "tap-preferred";
                    bindings = <&kp>, <&kp>;
                };
            };
    
            keymap {
                compatible = "zmk,keymap";
    
                default_layer {
                    bindings = <
                        &kp TAB &kp C &kp L &kp M &trans
                        &trans &kp F  &kp U    &kp Z  &kp BKSP
                        &kp I &hm LCTL S &hm LALT R &hm LGUI T &trans
                        &trans  &hm RGUI N &hm RALT K &hm RCTL A &kp O
                        &hs LSHIFT Q &kp V &kp W &kp D &mt LC(LS(LALT)) SPC
                        &kp E &kp H  &kp Y &td EXCL DOT &hs RSHIFT X
                                        &mt LC(LS(LALT)) SPC &trans
                                        &trans &kp E
                    >;
                };
    
                left_layer {
                    bindings = <
                        &trans  &kp ATSN   &td LC(LG(LS(N4))) LS(N3) &kp DLLR &trans
                        &trans &kp LS(COMMA) &kp LS(DOT) &kp CARET &trans
                        &kp TAB &hm LCTL EQUAL &hm LALT LA(RBKT) &hm LGUI LA(LS(RBKT)) &trans
                        &trans &hm RGUI LBRC &hm RALT RBRC &hm RCTL PIPE &kp AMPS
                        &hs LSHIFT TILDE &kp GRAVE &kp LA(LBKT) &kp LA(LS(LBKT)) &to 0
                        &to 2 &kp LPRN &kp RPRN &kp RBKT &kp RSHIFT
                                        &to 0 &trans
                                        &trans &to 2
                    >;
                };
    
                right_layer {
                    bindings = <
                        &trans &kp C_PP &kp C_PREV &kp C_NEXT &trans
                        &trans &kp N7 &kp N8 &kp N9 &trans
                        &kp TAB &trans &hm LALT C_VOL_DN &hm LGUI C_VOL_UP &trans
                        &trans &hm RGUI N4 &kp N5 &kp N6 &kp EQUAL
                        &hs LSHIFT PRCNT &kp PRCNT &kp SLASH &kp STAR &to 0
                        &trans &kp N1 &kp N2 &td DOT N3 &kp MINUS
                                        &to 0 &trans
                                        &trans &trans
                    >;
                };
            };
        };
        """
    
        # Write the ZMK content to the file
        zmk_file.write_text(zmk_content)
    
        # Set up sys.argv for the main function
        monkeypatch.setattr(sys, "argv", ["converter", str(zmk_file), str(kanata_file)])
    
        # Run the converter
        from converter.main import main
    
        # Capture stderr to check for error message
        stderr_capture = io.StringIO()
        old_stderr = sys.stderr
        sys.stderr = stderr_capture
    
        try:
>           exit_code = main()

converter/tests/e2e_tests/test_real_world_configs.py:469: 
_ _ _ _ _ _ _ _ _ _ _ _ _ _ _ _ _ _ _ _ _ _ _ _ _ _ _ _ _ _ _ _ _ _ _ _ _ _ _ _ 

args = None

    def main(args=None):
        """Main entry point for the CLI and programmatic use."""
        parser = argparse.ArgumentParser(description="Convert ZMK keymap to Kanata format")
        parser.add_argument("input_file", help="Path to the input ZMK keymap file")
        parser.add_argument("output_file", help="Path to the output Kanata file")
        parser.add_argument(
            "-v", "--verbose", help="Enable verbose output", action="store_true"
        )
        parser.add_argument(
            "--mac",
            help="Use Mac-specific modifiers (GUI becomes CMD)",
            action="store_true",
        )
        parser.add_argument(
            "--version", help="Show version information", action="store_true"
        )
        args_parsed = parser.parse_args(args)
    
        if args_parsed.version:
            print("ZMK to Kanata Converter v1.0.0")
            sys.exit(0)
    
        # Set up error manager
        error_manager = ErrorManager(verbose=args_parsed.verbose)
    
        try:
            # Read input file
            with open(args_parsed.input_file, "r") as f:
                zmk_content = f.read()
    
            # Convert ZMK to Kanata
            kanata_config, metadata = convert_zmk_to_kanata(
                zmk_content=zmk_content,
                output_path=args_parsed.output_file,
                error_manager=error_manager,
                is_mac=args_parsed.mac,
            )
    
            # Write to output file
            with open(args_parsed.output_file, "w") as f:
                f.write(kanata_config)
    
            # Print any errors or warnings
            if error_manager.has_errors(ErrorSeverity.WARNING):
                for error in error_manager.get_errors(ErrorSeverity.WARNING):
                    print(f"WARNING: {error}", file=sys.stderr)
    
            if error_manager.has_errors(ErrorSeverity.ERROR):
                for error in error_manager.get_errors(ErrorSeverity.ERROR):
                    print(f"ERROR: {error}", file=sys.stderr)
                sys.exit(1)
    
        except Exception as e:
            print(f"ERROR: {str(e)}", file=sys.stderr)
            if args_parsed.verbose:
                import traceback
    
                traceback.print_exc()
>           sys.exit(1)
E           SystemExit: 1

converter/main.py:119: SystemExit

During handling of the above exception, another exception occurred:

tmp_path = PosixPath('/private/var/folders/0s/42v7yl697hn0l1cdnx0vrvyr0000gn/T/pytest-of-malpern/pytest-7/test_ben_vallack_cradio_layout0')
monkeypatch = <_pytest.monkeypatch.MonkeyPatch object at 0x102eb4580>

    def test_ben_vallack_cradio_layout(tmp_path, monkeypatch):
        """Test conversion of Ben Vallack's Cradio (Ferris Sweep) layout.
    
        This test uses a real-world ZMK configuration from Ben Vallack's GitHub repository.
        The layout features a 34-key split keyboard with custom behaviors, combos, and
        multiple layers.
    
        Source: https://github.com/benvallack/zmk-config
        """
        # Setup test files
        zmk_file = tmp_path / "ben_vallack_cradio.dtsi"
        kanata_file = tmp_path / "ben_vallack_cradio.kbd"
    
        # Ben Vallack's Cradio layout (simplified for testing)
        zmk_content = """
        / {
            behaviors {
                hm: homerow_mods {
                    compatible = "zmk,behavior-hold-tap";
                    label = "HOMEROW_MODS";
                    #binding-cells = <2>;
                    tapping-term-ms = <200>;
                    quick_tap_ms = <0>;
                    flavor = "tap-preferred";
                    bindings = <&kp>, <&kp>;
                };
                hs: homerow_shifts {
                    compatible = "zmk,behavior-hold-tap";
                    label = "HOMEROW_SHIFTS";
                    #binding-cells = <2>;
                    tapping-term-ms = <150>;
                    quick_tap_ms = <0>;
                    flavor = "balanced";
                    bindings = <&kp>, <&kp>;
                };
                td: tapdance {
                    compatible = "zmk,behavior-hold-tap";
                    label = "TAPDANCE";
                    #binding-cells = <2>;
                    tapping-term-ms = <150>;
                    quick_tap_ms = <0>;
                    flavor = "tap-preferred";
                    bindings = <&kp>, <&kp>;
                };
            };
    
            keymap {
                compatible = "zmk,keymap";
    
                default_layer {
                    bindings = <
                        &kp TAB &kp C &kp L &kp M &trans
                        &trans &kp F  &kp U    &kp Z  &kp BKSP
                        &kp I &hm LCTL S &hm LALT R &hm LGUI T &trans
                        &trans  &hm RGUI N &hm RALT K &hm RCTL A &kp O
                        &hs LSHIFT Q &kp V &kp W &kp D &mt LC(LS(LALT)) SPC
                        &kp E &kp H  &kp Y &td EXCL DOT &hs RSHIFT X
                                        &mt LC(LS(LALT)) SPC &trans
                                        &trans &kp E
                    >;
                };
    
                left_layer {
                    bindings = <
                        &trans  &kp ATSN   &td LC(LG(LS(N4))) LS(N3) &kp DLLR &trans
                        &trans &kp LS(COMMA) &kp LS(DOT) &kp CARET &trans
                        &kp TAB &hm LCTL EQUAL &hm LALT LA(RBKT) &hm LGUI LA(LS(RBKT)) &trans
                        &trans &hm RGUI LBRC &hm RALT RBRC &hm RCTL PIPE &kp AMPS
                        &hs LSHIFT TILDE &kp GRAVE &kp LA(LBKT) &kp LA(LS(LBKT)) &to 0
                        &to 2 &kp LPRN &kp RPRN &kp RBKT &kp RSHIFT
                                        &to 0 &trans
                                        &trans &to 2
                    >;
                };
    
                right_layer {
                    bindings = <
                        &trans &kp C_PP &kp C_PREV &kp C_NEXT &trans
                        &trans &kp N7 &kp N8 &kp N9 &trans
                        &kp TAB &trans &hm LALT C_VOL_DN &hm LGUI C_VOL_UP &trans
                        &trans &hm RGUI N4 &kp N5 &kp N6 &kp EQUAL
                        &hs LSHIFT PRCNT &kp PRCNT &kp SLASH &kp STAR &to 0
                        &trans &kp N1 &kp N2 &td DOT N3 &kp MINUS
                                        &to 0 &trans
                                        &trans &trans
                    >;
                };
            };
        };
        """
    
        # Write the ZMK content to the file
        zmk_file.write_text(zmk_content)
    
        # Set up sys.argv for the main function
        monkeypatch.setattr(sys, "argv", ["converter", str(zmk_file), str(kanata_file)])
    
        # Run the converter
        from converter.main import main
    
        # Capture stderr to check for error message
        stderr_capture = io.StringIO()
        old_stderr = sys.stderr
        sys.stderr = stderr_capture
    
        try:
            exit_code = main()
            # Print the error message for debugging
            error_output = stderr_capture.getvalue()
            print(f"Error output: {error_output}")
            # The main function should now succeed
            assert exit_code == 0
        except SystemExit as e:
            # Print the error message for debugging
            error_output = stderr_capture.getvalue()
            print(f"Error output: {error_output}")
            # If it exits, it should exit with code 0
>           assert e.code == 0
E           assert 1 == 0
E            +  where 1 = SystemExit(1).code

converter/tests/e2e_tests/test_real_world_configs.py:480: AssertionError
----------------------------- Captured stdout call -----------------------------
Error output: ERROR: ERROR: [converter] - Error during conversion: 'dict' object has no attribute 'behavior_name'

------------------------------ Captured log call -------------------------------
WARNING  root:keymap_model.py:77 Key validation failed for 'BKSP': Invalid key: BKSP
WARNING  root:keymap_model.py:77 Key validation failed for '}': Invalid key: }
WARNING  root:keymap_model.py:77 Key validation failed for 'ATSN': Invalid key: ATSN
WARNING  root:keymap_model.py:77 Key validation failed for 'LS(N3)': Invalid key: LS(N3)
WARNING  root:keymap_model.py:77 Key validation failed for 'LS(COMMA)': Invalid key: LS(COMMA)
WARNING  root:keymap_model.py:77 Key validation failed for 'LS(DOT)': Invalid key: LS(DOT)
WARNING  root:keymap_model.py:77 Key validation failed for 'LA(RBKT)': Invalid key: LA(RBKT)
WARNING  root:keymap_model.py:77 Key validation failed for 'LA(LS(RBKT))': Invalid key: LA(LS(RBKT))
WARNING  root:keymap_model.py:77 Key validation failed for 'LBRC': Invalid key: LBRC
WARNING  root:keymap_model.py:77 Key validation failed for 'RBRC': Invalid key: RBRC
WARNING  root:keymap_model.py:77 Key validation failed for 'LA(LBKT)': Invalid key: LA(LBKT)
WARNING  root:keymap_model.py:77 Key validation failed for 'LA(LS(LBKT))': Invalid key: LA(LS(LBKT))
WARNING  root:keymap_model.py:77 Key validation failed for 'LPRN': Invalid key: LPRN
WARNING  root:keymap_model.py:77 Key validation failed for 'RPRN': Invalid key: RPRN
WARNING  root:keymap_model.py:77 Key validation failed for '}': Invalid key: }
WARNING  root:keymap_model.py:77 Key validation failed for 'SLASH': Invalid key: SLASH
WARNING  root:keymap_model.py:77 Key validation failed for '}': Invalid key: }
WARNING  root:keymap_model.py:77 Key validation failed for '}': Invalid key: }
WARNING  root:keymap_model.py:77 Key validation failed for '}': Invalid key: }
ERROR    converter.error_handling.error_manager:error_manager.py:147 ERROR: [converter] - Error during conversion: 'dict' object has no attribute 'behavior_name'
______________________________ test_dvorak_layout ______________________________

tmp_path = PosixPath('/private/var/folders/0s/42v7yl697hn0l1cdnx0vrvyr0000gn/T/pytest-of-malpern/pytest-7/test_dvorak_layout0')
monkeypatch = <_pytest.monkeypatch.MonkeyPatch object at 0x10201ffa0>

    def test_dvorak_layout(tmp_path, monkeypatch):
        """Test conversion of a Dvorak layout."""
        # Setup test files
        zmk_file = tmp_path / "dvorak.dtsi"
        kanata_file = tmp_path / "dvorak.kbd"
    
        # Dvorak layout
        zmk_content = """
        / {
            keymap {
                compatible = "zmk,keymap";
    
                default_layer {
                    bindings = <
                        &kp ESC   &kp N1 &kp N2 &kp N3 &kp N4 &kp N5
                        &kp N6 &kp N7 &kp N8 &kp N9 &kp N0 &kp BSPC
                        &kp TAB   &kp APOS &kp COMMA &kp DOT &kp P &kp Y
                        &kp F &kp G &kp C &kp R &kp L &kp BSLH
                        &kp LCTRL &kp A &kp O &kp E &kp U &kp I
                        &kp D &kp H &kp T &kp N &kp S &kp MINUS
                        &kp LSHFT &kp SEMI &kp Q &kp J &kp K &kp X
                        &kp B &kp M &kp W &kp V &kp Z &kp RSHFT
                        &kp LGUI &kp LALT &mo 1 &kp SPACE &mo 2 &kp RALT
                    >;
                };
    
                lower_layer {
                    bindings = <
                        &kp GRAVE &kp F1 &kp F2 &kp F3 &kp F4 &kp F5
                        &kp F6 &kp F7 &kp F8 &kp F9 &kp F10 &kp DEL
                        &trans    &kp F11 &kp F12 &trans &trans &trans
                        &trans &trans &trans &trans &trans &trans
                        &trans    &trans &trans &trans &trans &trans
                        &kp LEFT &kp DOWN &kp UP &kp RIGHT &trans &trans
                        &trans    &trans &trans &trans &trans &trans
                        &trans &trans &trans &trans &trans &trans
                        &trans    &trans &trans &trans &trans &trans
                    >;
                };
    
                raise_layer {
                    bindings = <
                        &kp TILDE &kp EXCL &kp AT &kp HASH &kp DLLR &kp PRCNT
                        &kp CARET &kp AMPS &kp STAR &kp LPAR &kp RPAR &kp DEL
                        &trans    &trans &trans &trans &trans &trans
                        &trans &trans &trans &trans &trans &trans
                        &trans    &trans &trans &trans &trans &trans
                        &kp LBRC &kp RBRC &kp LBKT &kp RBKT &kp EQUAL &kp PLUS
                        &trans    &trans &trans &trans &trans &trans
                        &trans &trans &trans &trans &trans &trans
                        &trans    &trans &trans &trans &trans &trans
                    >;
                };
            };
        };
        """
    
        # Write the ZMK content to the file
        zmk_file.write_text(zmk_content)
    
        # Set up sys.argv for the main function
        monkeypatch.setattr(sys, "argv", ["converter", str(zmk_file), str(kanata_file)])
    
        # Run the converter
        from converter.main import main
    
        main()
    
        # Check that the conversion was successful
        assert kanata_file.exists()
    
        # Read the generated Kanata file
        kanata_content = kanata_file.read_text()
    
        # Verify the content
        assert ";; ZMK to Kanata Configuration" in kanata_content
        assert "(defvar tap-time 200)" in kanata_content
        assert "(defvar hold-time 250)" in kanata_content
        assert "(deflayer default" in kanata_content
        assert "(deflayer lower" in kanata_content
>       assert "(deflayer raise" in kanata_content
E       AssertionError: assert '(deflayer raise' in ';; ZMK to Kanata Configuration\n;; Generated automatically - DO NOT EDIT\n\n;; Global settings\n(defvar tap-time 200)...rans  trans  trans\n  trans  trans  trans\n  trans  trans  trans\n  trans  trans  trans\n  trans  trans  trans\n  }\n)'

converter/tests/e2e_tests/test_real_world_configs.py:586: AssertionError
------------------------------ Captured log call -------------------------------
WARNING  root:keymap_model.py:77 Key validation failed for 'LSHFT': Invalid key: LSHFT
WARNING  root:keymap_model.py:77 Key validation failed for 'RSHFT': Invalid key: RSHFT
WARNING  root:keymap_model.py:77 Key validation failed for '}': Invalid key: }
WARNING  root:keymap_model.py:77 Key validation failed for '}': Invalid key: }
WARNING  root:keymap_model.py:77 Key validation failed for 'LBRC': Invalid key: LBRC
WARNING  root:keymap_model.py:77 Key validation failed for 'RBRC': Invalid key: RBRC
WARNING  root:keymap_model.py:77 Key validation failed for '}': Invalid key: }
WARNING  root:keymap_model.py:77 Key validation failed for '}': Invalid key: }
WARNING  root:keymap_model.py:77 Key validation failed for '}': Invalid key: }
_________________________ test_ergonomic_kyria_layout __________________________

tmp_path = PosixPath('/private/var/folders/0s/42v7yl697hn0l1cdnx0vrvyr0000gn/T/pytest-of-malpern/pytest-7/test_ergonomic_kyria_layout0')
monkeypatch = <_pytest.monkeypatch.MonkeyPatch object at 0x102ea5d50>

    def test_ergonomic_kyria_layout(tmp_path, monkeypatch):
        """Test conversion of an ergonomic Kyria layout.
    
        The Kyria is a popular ergonomic split keyboard with thumb clusters
        and a columnar staggered layout. This test verifies that the converter
        correctly handles the unique layout and features of ergonomic keyboards.
        """
        # Setup test files
        zmk_file = tmp_path / "kyria_ergonomic.dtsi"
        kanata_file = tmp_path / "kyria_ergonomic.kbd"
    
        # Kyria ergonomic layout
        zmk_content = """
        / {
            keymap {
                compatible = "zmk,keymap";
    
                default_layer {
                    bindings = <
                        &kp TAB   &kp Q &kp W &kp E &kp R &kp T                 &kp Y &kp U  &kp I     &kp O   &kp P    &kp BSPC
                        &kp ESC   &kp A &kp S &kp D &kp F &kp G                 &kp H &kp J  &kp K     &kp L   &kp SEMI &kp SQT
                        &kp LSHFT &kp Z &kp X &kp C &kp V &kp B &kp LBKT     &kp RBKT &kp N &kp M  &kp COMMA &kp DOT &kp FSLH &kp RSHFT
                                     &kp LGUI &kp LALT &kp LCTRL &kp SPACE   &kp RET &mo 1 &mo 2 &kp RALT
                    >;
                };
    
                lower_layer {
                    bindings = <
                        &kp GRAVE &kp N1 &kp N2 &kp N3 &kp N4 &kp N5           &kp N6 &kp N7 &kp N8 &kp N9 &kp N0 &kp DEL
                        &trans    &trans &trans &trans &trans &trans           &kp LEFT &kp DOWN &kp UP &kp RIGHT &trans &trans
                        &trans    &trans &trans &trans &trans &trans &trans  &trans &trans &trans &trans &trans &trans &trans
                                     &trans &trans &trans &trans              &trans &trans &trans &trans
                    >;
                };
    
                raise_layer {
                    bindings = <
                        &kp F1    &kp F2 &kp F3 &kp F4 &kp F5 &kp F6           &kp F7 &kp F8 &kp F9 &kp F10 &kp F11 &kp F12
                        &trans    &trans &trans &trans &trans &trans           &trans &trans &trans &trans &trans &trans
                        &trans    &trans &trans &trans &trans &trans &trans  &trans &trans &trans &trans &trans &trans &trans
                                     &trans &trans &trans &trans              &trans &trans &trans &trans
                    >;
                };
            };
        };
        """
    
        # Write the ZMK content to the file
        zmk_file.write_text(zmk_content)
    
        # Set up sys.argv for the main function
        monkeypatch.setattr(sys, "argv", ["converter", str(zmk_file), str(kanata_file)])
    
        # Run the converter
        from converter.main import main
    
        main()
    
        # Check that the conversion was successful
        assert kanata_file.exists()
    
        # Read the generated Kanata file
        kanata_content = kanata_file.read_text()
    
        # Verify the content
        assert ";; ZMK to Kanata Configuration" in kanata_content
        assert "(defvar tap-time 200)" in kanata_content
        assert "(defvar hold-time 250)" in kanata_content
        assert "(deflayer default" in kanata_content
        assert "(deflayer lower" in kanata_content
>       assert "(deflayer raise" in kanata_content
E       AssertionError: assert '(deflayer raise' in ';; ZMK to Kanata Configuration\n;; Generated automatically - DO NOT EDIT\n\n;; Global settings\n(defvar tap-time 200)...rans  trans\n  trans  trans  trans\n  trans  trans  trans\n  trans  trans  trans\n  trans  trans  trans\n  trans  }\n)'

converter/tests/e2e_tests/test_real_world_configs.py:684: AssertionError
------------------------------ Captured log call -------------------------------
WARNING  root:keymap_model.py:77 Key validation failed for 'SQT': Invalid key: SQT
WARNING  root:keymap_model.py:77 Key validation failed for 'LSHFT': Invalid key: LSHFT
WARNING  root:keymap_model.py:77 Key validation failed for 'RSHFT': Invalid key: RSHFT
WARNING  root:keymap_model.py:77 Key validation failed for '}': Invalid key: }
WARNING  root:keymap_model.py:77 Key validation failed for '}': Invalid key: }
WARNING  root:keymap_model.py:77 Key validation failed for '}': Invalid key: }
WARNING  root:keymap_model.py:77 Key validation failed for '}': Invalid key: }
WARNING  root:keymap_model.py:77 Key validation failed for '}': Invalid key: }
____________________________ test_sticky_key_basic _____________________________

self = <converter.parser.zmk_parser.ZMKParser object at 0x102d0c640>
line = '&sk LSHIFT  &sk LCTRL   &sk LALT'

    def _parse_line_with_reparse(self, line: str):
        """
        Like _parse_line, but returns 'REPARSE' if the state changed and the line should be reparsed.
        """
        try:
            self.logger.debug(f"[DEBUG] Before parsing line {self.current_line}: state={self.state}, line='{line}'")
            if self.state == ParserState.INITIAL:
                if 'keymap {' in line:
                    self._transition_to(ParserState.IN_KEYMAP)
                    return 'REPARSE'
            elif self.state == ParserState.IN_KEYMAP:
                if '_layer {' in line:
                    name = self._extract_layer_name(line)
                    self._start_new_layer(name)
                    return None
            elif self.state in (
                ParserState.IN_LAYER,
                ParserState.IN_BEHAVIORS,
                ParserState.IN_CONDITIONAL_LAYER
            ):
                if '_layer {' in line:
                    if self.state == ParserState.IN_LAYER:
                        # Instead of error, finish current layer and start new sibling layer
                        self.logger.debug(f"[DEBUG] Finishing current layer to allow sibling layer at line {self.current_line}, state={self.state}, line='{line}'")
                        self._finish_current_layer()
                        # After finishing, state is now IN_KEYMAP, so reparse this line
                        return 'REPARSE'
                    else:
                        name = self._extract_layer_name(line)
                        self._start_new_layer(name)
                        return 'REPARSE'
                elif 'bindings = <' in line:
                    self._parse_bindings_start(line)
                elif '>;' in line:
                    if self.state == ParserState.IN_LAYER:
                        if line.strip() == '};':
                            self._finish_current_layer()
                            return 'REPARSE'
                    else:
                        self._transition_to(ParserState.IN_KEYMAP)
                        return 'REPARSE'
                elif self.state == ParserState.IN_BEHAVIORS:
                    if '>' in line:
                        self._transition_to(ParserState.IN_LAYER)
                        return 'REPARSE'
                    else:
                        self._parse_binding_line(line)
                elif self.state == ParserState.IN_LAYER:
>                   self._parse_binding_line(line)

converter/parser/zmk_parser.py:232: 
_ _ _ _ _ _ _ _ _ _ _ _ _ _ _ _ _ _ _ _ _ _ _ _ _ _ _ _ _ _ _ _ _ _ _ _ _ _ _ _ 
converter/parser/zmk_parser.py:326: in _parse_binding_line
    self.layer_parser.add_bindings_line(line)
converter/parser/layer_parser.py:230: in add_bindings_line
    bindings = self.parse_bindings_line(line)
converter/parser/layer_parser.py:197: in parse_bindings_line
    result = [self.parse_binding(b) for b in bindings]
converter/parser/layer_parser.py:197: in <listcomp>
    result = [self.parse_binding(b) for b in bindings]
_ _ _ _ _ _ _ _ _ _ _ _ _ _ _ _ _ _ _ _ _ _ _ _ _ _ _ _ _ _ _ _ _ _ _ _ _ _ _ _ 

self = <converter.parser.layer_parser.LayerParser object at 0x102d0c730>
binding = 'sk LSHIFT'

    def parse_binding(self, binding: str) -> KeyMapping:
        """Parse a single key binding.
    
        Args:
            binding: The binding string to parse.
    
        Returns:
            A KeyMapping object representing the binding.
    
        Raises:
            ValueError: If the binding is invalid.
        """
        binding = binding.strip()
        if not binding:
            raise ValueError("Empty binding")
    
        # Handle ZMK-specific prefixes
        if binding == "trans":
            km = KeyMapping(key="TRANS")
            assert isinstance(km, KeyMapping), "parse_binding must return KeyMapping"
            return km
    
        if binding.startswith("sk "):
            # Use the sticky key parser for validation
            try:
                sticky_binding = self.sticky_key_parser.parse_binding(f"&{binding}")
                if sticky_binding is None:
                    raise ValueError(f"Invalid sticky key binding: {binding}")
>               assert isinstance(
                    sticky_binding, KeyMapping
                ), "parse_binding must return KeyMapping"
E               AssertionError: parse_binding must return KeyMapping

converter/parser/layer_parser.py:101: AssertionError

During handling of the above exception, another exception occurred:

zmk_content = '#include <behaviors.dtsi>\n#include <dt-bindings/zmk/keys.h>\n\n/ {\n    behaviors {\n        sk: sticky_key {\n     ...sk LSHIFT  &sk LCTRL   &sk LALT\n                &sk LGUI    &kp A       &kp B\n            >;\n        };\n    };\n};'
output_path = '/var/folders/0s/42v7yl697hn0l1cdnx0vrvyr0000gn/T/tmpt0j47w0d/sticky_basic.kbd'
error_manager = <converter.error_handling.error_manager.ErrorManager object at 0x102d0d810>
is_mac = False

    def convert_zmk_to_kanata(
        zmk_content: str,
        output_path: Optional[str] = None,
        error_manager: Optional[ErrorManager] = None,
        is_mac: bool = False,
    ) -> Tuple[str, Dict[str, Any]]:
        """Convert ZMK keymap to Kanata format.
    
        Args:
            zmk_content: Content of the ZMK keymap file
            output_path: Optional path to write the Kanata config to
            error_manager: Optional error manager for reporting issues
            is_mac: Whether to use Mac-specific modifiers
    
        Returns:
            Tuple of (Kanata config string, metadata dict)
    
        Raises:
            Exception: If there's an error during conversion
        """
        # Set up error manager
        if error_manager:
            set_error_manager(error_manager)
        else:
            set_error_manager(ErrorManager())
    
        error_mgr = get_error_manager()
    
        try:
            # Parse ZMK keymap
            parser = ZMKParser()
>           keymap_config = parser.parse(
                zmk_content
            )  # Now directly passes the content string

converter/zmk_to_kanata.py:48: 
_ _ _ _ _ _ _ _ _ _ _ _ _ _ _ _ _ _ _ _ _ _ _ _ _ _ _ _ _ _ _ _ _ _ _ _ _ _ _ _ 
converter/parser/zmk_parser.py:180: in parse
    raise e
converter/parser/zmk_parser.py:161: in parse
    result = self._parse_line_with_reparse(line)
_ _ _ _ _ _ _ _ _ _ _ _ _ _ _ _ _ _ _ _ _ _ _ _ _ _ _ _ _ _ _ _ _ _ _ _ _ _ _ _ 

self = <converter.parser.zmk_parser.ZMKParser object at 0x102d0c640>
line = '&sk LSHIFT  &sk LCTRL   &sk LALT'

    def _parse_line_with_reparse(self, line: str):
        """
        Like _parse_line, but returns 'REPARSE' if the state changed and the line should be reparsed.
        """
        try:
            self.logger.debug(f"[DEBUG] Before parsing line {self.current_line}: state={self.state}, line='{line}'")
            if self.state == ParserState.INITIAL:
                if 'keymap {' in line:
                    self._transition_to(ParserState.IN_KEYMAP)
                    return 'REPARSE'
            elif self.state == ParserState.IN_KEYMAP:
                if '_layer {' in line:
                    name = self._extract_layer_name(line)
                    self._start_new_layer(name)
                    return None
            elif self.state in (
                ParserState.IN_LAYER,
                ParserState.IN_BEHAVIORS,
                ParserState.IN_CONDITIONAL_LAYER
            ):
                if '_layer {' in line:
                    if self.state == ParserState.IN_LAYER:
                        # Instead of error, finish current layer and start new sibling layer
                        self.logger.debug(f"[DEBUG] Finishing current layer to allow sibling layer at line {self.current_line}, state={self.state}, line='{line}'")
                        self._finish_current_layer()
                        # After finishing, state is now IN_KEYMAP, so reparse this line
                        return 'REPARSE'
                    else:
                        name = self._extract_layer_name(line)
                        self._start_new_layer(name)
                        return 'REPARSE'
                elif 'bindings = <' in line:
                    self._parse_bindings_start(line)
                elif '>;' in line:
                    if self.state == ParserState.IN_LAYER:
                        if line.strip() == '};':
                            self._finish_current_layer()
                            return 'REPARSE'
                    else:
                        self._transition_to(ParserState.IN_KEYMAP)
                        return 'REPARSE'
                elif self.state == ParserState.IN_BEHAVIORS:
                    if '>' in line:
                        self._transition_to(ParserState.IN_LAYER)
                        return 'REPARSE'
                    else:
                        self._parse_binding_line(line)
                elif self.state == ParserState.IN_LAYER:
                    self._parse_binding_line(line)
            else:
                # Default fallback for unknown state
                pass
        except Exception as e:
            self.logger.error(
                f"Error parsing line {self.current_line}: {line}"
            )
>           raise ParserError(f"Line {self.current_line}: {str(e)}")
E           converter.parser.parser_error.ParserError: Line 17: parse_binding must return KeyMapping

converter/parser/zmk_parser.py:240: ParserError

During handling of the above exception, another exception occurred:

args = ['/var/folders/0s/42v7yl697hn0l1cdnx0vrvyr0000gn/T/tmpt0j47w0d/sticky_basic.dtsi', '/var/folders/0s/42v7yl697hn0l1cdnx0vrvyr0000gn/T/tmpt0j47w0d/sticky_basic.kbd']

    def main(args=None):
        """Main entry point for the CLI and programmatic use."""
        parser = argparse.ArgumentParser(description="Convert ZMK keymap to Kanata format")
        parser.add_argument("input_file", help="Path to the input ZMK keymap file")
        parser.add_argument("output_file", help="Path to the output Kanata file")
        parser.add_argument(
            "-v", "--verbose", help="Enable verbose output", action="store_true"
        )
        parser.add_argument(
            "--mac",
            help="Use Mac-specific modifiers (GUI becomes CMD)",
            action="store_true",
        )
        parser.add_argument(
            "--version", help="Show version information", action="store_true"
        )
        args_parsed = parser.parse_args(args)
    
        if args_parsed.version:
            print("ZMK to Kanata Converter v1.0.0")
            sys.exit(0)
    
        # Set up error manager
        error_manager = ErrorManager(verbose=args_parsed.verbose)
    
        try:
            # Read input file
            with open(args_parsed.input_file, "r") as f:
                zmk_content = f.read()
    
            # Convert ZMK to Kanata
>           kanata_config, metadata = convert_zmk_to_kanata(
                zmk_content=zmk_content,
                output_path=args_parsed.output_file,
                error_manager=error_manager,
                is_mac=args_parsed.mac,
            )

converter/main.py:92: 
_ _ _ _ _ _ _ _ _ _ _ _ _ _ _ _ _ _ _ _ _ _ _ _ _ _ _ _ _ _ _ _ _ _ _ _ _ _ _ _ 
converter/zmk_to_kanata.py:72: in convert_zmk_to_kanata
    error_mgr.add_error(
_ _ _ _ _ _ _ _ _ _ _ _ _ _ _ _ _ _ _ _ _ _ _ _ _ _ _ _ _ _ _ _ _ _ _ _ _ _ _ _ 

self = <converter.error_handling.error_manager.ErrorManager object at 0x102d0d810>
message = 'Error during conversion: Line 17: parse_binding must return KeyMapping'
source = 'converter', severity = <ErrorSeverity.ERROR: 3>, line_number = None
column = None, context = None
exception = ParserError('Line 17: parse_binding must return KeyMapping')
raise_immediately = True

    def add_error(
        self,
        message: str,
        source: str,
        severity: ErrorSeverity,
        line_number: Optional[int] = None,
        column: Optional[int] = None,
        context: Optional[Dict[str, Any]] = None,
        exception: Optional[Exception] = None,
        raise_immediately: bool = False,
    ) -> None:
        """Add an error to the error manager.
    
        Args:
            message: The error message
            source: The source of the error (e.g., module name)
            severity: The severity of the error
            line_number: Optional line number where the error occurred
            column: Optional column where the error occurred
            context: Optional context dictionary with additional information
            exception: Optional exception object that caused the error
            raise_immediately: Whether to raise the error immediately
    
        Raises:
            Exception: If severity >= raise_threshold and raise_immediately
                is True
        """
        # Get traceback if exception is provided
        traceback_info = None
        if exception and self.verbose:
            traceback_info = "".join(
                traceback.format_exception(
                    type(exception), exception, exception.__traceback__
                )
            )
    
        # Create error object
        error = ConversionError(
            message=message,
            source=source,
            severity=severity,
            line_number=line_number,
            column=column,
            context=context,
            traceback_info=traceback_info,
        )
    
        # Add to the list of errors
        self.errors.append(error)
    
        # Log the error based on severity
        self._log_error(error)
    
        # Raise immediately if requested and severity is high enough
        if raise_immediately and severity.value >= self.raise_threshold.value:
>           raise Exception(str(error))
E           Exception: ERROR: [converter] - Error during conversion: Line 17: parse_binding must return KeyMapping

converter/error_handling/error_manager.py:130: Exception

During handling of the above exception, another exception occurred:

temp_test_dir = PosixPath('/var/folders/0s/42v7yl697hn0l1cdnx0vrvyr0000gn/T/tmpt0j47w0d')

    def test_sticky_key_basic(temp_test_dir):
        """Test basic sticky key conversion with modifiers."""
        zmk_content = """#include <behaviors.dtsi>
    #include <dt-bindings/zmk/keys.h>
    
    / {
        behaviors {
            sk: sticky_key {
                compatible = "zmk,behavior-sticky-key";
                #binding-cells = <1>;
                bindings = <&kp>;
                release-after-ms = <1000>;
            };
        };
    
        keymap {
            compatible = "zmk,keymap";
            default_layer {
                bindings = <
                    &sk LSHIFT  &sk LCTRL   &sk LALT
                    &sk LGUI    &kp A       &kp B
                >;
            };
        };
    };"""
    
        zmk_file = temp_test_dir / "sticky_basic.dtsi"
        zmk_file.write_text(zmk_content)
    
        kanata_file = temp_test_dir / "sticky_basic.kbd"
    
>       exit_code = main([str(zmk_file), str(kanata_file)])

converter/tests/e2e_tests/test_sticky_keys.py:38: 
_ _ _ _ _ _ _ _ _ _ _ _ _ _ _ _ _ _ _ _ _ _ _ _ _ _ _ _ _ _ _ _ _ _ _ _ _ _ _ _ 
converter/cli.py:56: in main
    return convert_main(main_args)
_ _ _ _ _ _ _ _ _ _ _ _ _ _ _ _ _ _ _ _ _ _ _ _ _ _ _ _ _ _ _ _ _ _ _ _ _ _ _ _ 

args = ['/var/folders/0s/42v7yl697hn0l1cdnx0vrvyr0000gn/T/tmpt0j47w0d/sticky_basic.dtsi', '/var/folders/0s/42v7yl697hn0l1cdnx0vrvyr0000gn/T/tmpt0j47w0d/sticky_basic.kbd']

    def main(args=None):
        """Main entry point for the CLI and programmatic use."""
        parser = argparse.ArgumentParser(description="Convert ZMK keymap to Kanata format")
        parser.add_argument("input_file", help="Path to the input ZMK keymap file")
        parser.add_argument("output_file", help="Path to the output Kanata file")
        parser.add_argument(
            "-v", "--verbose", help="Enable verbose output", action="store_true"
        )
        parser.add_argument(
            "--mac",
            help="Use Mac-specific modifiers (GUI becomes CMD)",
            action="store_true",
        )
        parser.add_argument(
            "--version", help="Show version information", action="store_true"
        )
        args_parsed = parser.parse_args(args)
    
        if args_parsed.version:
            print("ZMK to Kanata Converter v1.0.0")
            sys.exit(0)
    
        # Set up error manager
        error_manager = ErrorManager(verbose=args_parsed.verbose)
    
        try:
            # Read input file
            with open(args_parsed.input_file, "r") as f:
                zmk_content = f.read()
    
            # Convert ZMK to Kanata
            kanata_config, metadata = convert_zmk_to_kanata(
                zmk_content=zmk_content,
                output_path=args_parsed.output_file,
                error_manager=error_manager,
                is_mac=args_parsed.mac,
            )
    
            # Write to output file
            with open(args_parsed.output_file, "w") as f:
                f.write(kanata_config)
    
            # Print any errors or warnings
            if error_manager.has_errors(ErrorSeverity.WARNING):
                for error in error_manager.get_errors(ErrorSeverity.WARNING):
                    print(f"WARNING: {error}", file=sys.stderr)
    
            if error_manager.has_errors(ErrorSeverity.ERROR):
                for error in error_manager.get_errors(ErrorSeverity.ERROR):
                    print(f"ERROR: {error}", file=sys.stderr)
                sys.exit(1)
    
        except Exception as e:
            print(f"ERROR: {str(e)}", file=sys.stderr)
            if args_parsed.verbose:
                import traceback
    
                traceback.print_exc()
>           sys.exit(1)
E           SystemExit: 1

converter/main.py:119: SystemExit
----------------------------- Captured stderr call -----------------------------
ERROR: ERROR: [converter] - Error during conversion: Line 17: parse_binding must return KeyMapping
------------------------------ Captured log call -------------------------------
ERROR    converter.parser.zmk_parser:zmk_parser.py:237 Error parsing line 17: &sk LSHIFT  &sk LCTRL   &sk LALT
ERROR    converter.error_handling.error_manager:error_manager.py:147 ERROR: [converter] - Error during conversion: Line 17: parse_binding must return KeyMapping
___________________________ test_sticky_key_advanced ___________________________

self = <converter.parser.zmk_parser.ZMKParser object at 0x102d6a620>
line = '&sk LSHIFT  &sk LCTRL   &sk LALT'

    def _parse_line_with_reparse(self, line: str):
        """
        Like _parse_line, but returns 'REPARSE' if the state changed and the line should be reparsed.
        """
        try:
            self.logger.debug(f"[DEBUG] Before parsing line {self.current_line}: state={self.state}, line='{line}'")
            if self.state == ParserState.INITIAL:
                if 'keymap {' in line:
                    self._transition_to(ParserState.IN_KEYMAP)
                    return 'REPARSE'
            elif self.state == ParserState.IN_KEYMAP:
                if '_layer {' in line:
                    name = self._extract_layer_name(line)
                    self._start_new_layer(name)
                    return None
            elif self.state in (
                ParserState.IN_LAYER,
                ParserState.IN_BEHAVIORS,
                ParserState.IN_CONDITIONAL_LAYER
            ):
                if '_layer {' in line:
                    if self.state == ParserState.IN_LAYER:
                        # Instead of error, finish current layer and start new sibling layer
                        self.logger.debug(f"[DEBUG] Finishing current layer to allow sibling layer at line {self.current_line}, state={self.state}, line='{line}'")
                        self._finish_current_layer()
                        # After finishing, state is now IN_KEYMAP, so reparse this line
                        return 'REPARSE'
                    else:
                        name = self._extract_layer_name(line)
                        self._start_new_layer(name)
                        return 'REPARSE'
                elif 'bindings = <' in line:
                    self._parse_bindings_start(line)
                elif '>;' in line:
                    if self.state == ParserState.IN_LAYER:
                        if line.strip() == '};':
                            self._finish_current_layer()
                            return 'REPARSE'
                    else:
                        self._transition_to(ParserState.IN_KEYMAP)
                        return 'REPARSE'
                elif self.state == ParserState.IN_BEHAVIORS:
                    if '>' in line:
                        self._transition_to(ParserState.IN_LAYER)
                        return 'REPARSE'
                    else:
                        self._parse_binding_line(line)
                elif self.state == ParserState.IN_LAYER:
>                   self._parse_binding_line(line)

converter/parser/zmk_parser.py:232: 
_ _ _ _ _ _ _ _ _ _ _ _ _ _ _ _ _ _ _ _ _ _ _ _ _ _ _ _ _ _ _ _ _ _ _ _ _ _ _ _ 
converter/parser/zmk_parser.py:326: in _parse_binding_line
    self.layer_parser.add_bindings_line(line)
converter/parser/layer_parser.py:230: in add_bindings_line
    bindings = self.parse_bindings_line(line)
converter/parser/layer_parser.py:197: in parse_bindings_line
    result = [self.parse_binding(b) for b in bindings]
converter/parser/layer_parser.py:197: in <listcomp>
    result = [self.parse_binding(b) for b in bindings]
_ _ _ _ _ _ _ _ _ _ _ _ _ _ _ _ _ _ _ _ _ _ _ _ _ _ _ _ _ _ _ _ _ _ _ _ _ _ _ _ 

self = <converter.parser.layer_parser.LayerParser object at 0x102d69600>
binding = 'sk LSHIFT'

    def parse_binding(self, binding: str) -> KeyMapping:
        """Parse a single key binding.
    
        Args:
            binding: The binding string to parse.
    
        Returns:
            A KeyMapping object representing the binding.
    
        Raises:
            ValueError: If the binding is invalid.
        """
        binding = binding.strip()
        if not binding:
            raise ValueError("Empty binding")
    
        # Handle ZMK-specific prefixes
        if binding == "trans":
            km = KeyMapping(key="TRANS")
            assert isinstance(km, KeyMapping), "parse_binding must return KeyMapping"
            return km
    
        if binding.startswith("sk "):
            # Use the sticky key parser for validation
            try:
                sticky_binding = self.sticky_key_parser.parse_binding(f"&{binding}")
                if sticky_binding is None:
                    raise ValueError(f"Invalid sticky key binding: {binding}")
>               assert isinstance(
                    sticky_binding, KeyMapping
                ), "parse_binding must return KeyMapping"
E               AssertionError: parse_binding must return KeyMapping

converter/parser/layer_parser.py:101: AssertionError

During handling of the above exception, another exception occurred:

zmk_content = '#include <behaviors.dtsi>\n#include <dt-bindings/zmk/keys.h>\n\n/ {\n    behaviors {\n        sk: sticky_key {\n     ...sk F1      &sk F2      &sk F3\n                &trans      &trans      &trans\n            >;\n        };\n    };\n}; '
output_path = '/var/folders/0s/42v7yl697hn0l1cdnx0vrvyr0000gn/T/tmp3po0fkw8/sticky_advanced.kbd'
error_manager = <converter.error_handling.error_manager.ErrorManager object at 0x102d6b4f0>
is_mac = False

    def convert_zmk_to_kanata(
        zmk_content: str,
        output_path: Optional[str] = None,
        error_manager: Optional[ErrorManager] = None,
        is_mac: bool = False,
    ) -> Tuple[str, Dict[str, Any]]:
        """Convert ZMK keymap to Kanata format.
    
        Args:
            zmk_content: Content of the ZMK keymap file
            output_path: Optional path to write the Kanata config to
            error_manager: Optional error manager for reporting issues
            is_mac: Whether to use Mac-specific modifiers
    
        Returns:
            Tuple of (Kanata config string, metadata dict)
    
        Raises:
            Exception: If there's an error during conversion
        """
        # Set up error manager
        if error_manager:
            set_error_manager(error_manager)
        else:
            set_error_manager(ErrorManager())
    
        error_mgr = get_error_manager()
    
        try:
            # Parse ZMK keymap
            parser = ZMKParser()
>           keymap_config = parser.parse(
                zmk_content
            )  # Now directly passes the content string

converter/zmk_to_kanata.py:48: 
_ _ _ _ _ _ _ _ _ _ _ _ _ _ _ _ _ _ _ _ _ _ _ _ _ _ _ _ _ _ _ _ _ _ _ _ _ _ _ _ 
converter/parser/zmk_parser.py:180: in parse
    raise e
converter/parser/zmk_parser.py:161: in parse
    result = self._parse_line_with_reparse(line)
_ _ _ _ _ _ _ _ _ _ _ _ _ _ _ _ _ _ _ _ _ _ _ _ _ _ _ _ _ _ _ _ _ _ _ _ _ _ _ _ 

self = <converter.parser.zmk_parser.ZMKParser object at 0x102d6a620>
line = '&sk LSHIFT  &sk LCTRL   &sk LALT'

    def _parse_line_with_reparse(self, line: str):
        """
        Like _parse_line, but returns 'REPARSE' if the state changed and the line should be reparsed.
        """
        try:
            self.logger.debug(f"[DEBUG] Before parsing line {self.current_line}: state={self.state}, line='{line}'")
            if self.state == ParserState.INITIAL:
                if 'keymap {' in line:
                    self._transition_to(ParserState.IN_KEYMAP)
                    return 'REPARSE'
            elif self.state == ParserState.IN_KEYMAP:
                if '_layer {' in line:
                    name = self._extract_layer_name(line)
                    self._start_new_layer(name)
                    return None
            elif self.state in (
                ParserState.IN_LAYER,
                ParserState.IN_BEHAVIORS,
                ParserState.IN_CONDITIONAL_LAYER
            ):
                if '_layer {' in line:
                    if self.state == ParserState.IN_LAYER:
                        # Instead of error, finish current layer and start new sibling layer
                        self.logger.debug(f"[DEBUG] Finishing current layer to allow sibling layer at line {self.current_line}, state={self.state}, line='{line}'")
                        self._finish_current_layer()
                        # After finishing, state is now IN_KEYMAP, so reparse this line
                        return 'REPARSE'
                    else:
                        name = self._extract_layer_name(line)
                        self._start_new_layer(name)
                        return 'REPARSE'
                elif 'bindings = <' in line:
                    self._parse_bindings_start(line)
                elif '>;' in line:
                    if self.state == ParserState.IN_LAYER:
                        if line.strip() == '};':
                            self._finish_current_layer()
                            return 'REPARSE'
                    else:
                        self._transition_to(ParserState.IN_KEYMAP)
                        return 'REPARSE'
                elif self.state == ParserState.IN_BEHAVIORS:
                    if '>' in line:
                        self._transition_to(ParserState.IN_LAYER)
                        return 'REPARSE'
                    else:
                        self._parse_binding_line(line)
                elif self.state == ParserState.IN_LAYER:
                    self._parse_binding_line(line)
            else:
                # Default fallback for unknown state
                pass
        except Exception as e:
            self.logger.error(
                f"Error parsing line {self.current_line}: {line}"
            )
>           raise ParserError(f"Line {self.current_line}: {str(e)}")
E           converter.parser.parser_error.ParserError: Line 20: parse_binding must return KeyMapping

converter/parser/zmk_parser.py:240: ParserError

During handling of the above exception, another exception occurred:

args = ['/Volumes/Flash Gordon Storage/Dropbox/code/nicktokatana/converter/tests/fixtures/zmk/test_sticky_keys.dtsi', '/var/folders/0s/42v7yl697hn0l1cdnx0vrvyr0000gn/T/tmp3po0fkw8/sticky_advanced.kbd']

    def main(args=None):
        """Main entry point for the CLI and programmatic use."""
        parser = argparse.ArgumentParser(description="Convert ZMK keymap to Kanata format")
        parser.add_argument("input_file", help="Path to the input ZMK keymap file")
        parser.add_argument("output_file", help="Path to the output Kanata file")
        parser.add_argument(
            "-v", "--verbose", help="Enable verbose output", action="store_true"
        )
        parser.add_argument(
            "--mac",
            help="Use Mac-specific modifiers (GUI becomes CMD)",
            action="store_true",
        )
        parser.add_argument(
            "--version", help="Show version information", action="store_true"
        )
        args_parsed = parser.parse_args(args)
    
        if args_parsed.version:
            print("ZMK to Kanata Converter v1.0.0")
            sys.exit(0)
    
        # Set up error manager
        error_manager = ErrorManager(verbose=args_parsed.verbose)
    
        try:
            # Read input file
            with open(args_parsed.input_file, "r") as f:
                zmk_content = f.read()
    
            # Convert ZMK to Kanata
>           kanata_config, metadata = convert_zmk_to_kanata(
                zmk_content=zmk_content,
                output_path=args_parsed.output_file,
                error_manager=error_manager,
                is_mac=args_parsed.mac,
            )

converter/main.py:92: 
_ _ _ _ _ _ _ _ _ _ _ _ _ _ _ _ _ _ _ _ _ _ _ _ _ _ _ _ _ _ _ _ _ _ _ _ _ _ _ _ 
converter/zmk_to_kanata.py:72: in convert_zmk_to_kanata
    error_mgr.add_error(
_ _ _ _ _ _ _ _ _ _ _ _ _ _ _ _ _ _ _ _ _ _ _ _ _ _ _ _ _ _ _ _ _ _ _ _ _ _ _ _ 

self = <converter.error_handling.error_manager.ErrorManager object at 0x102d6b4f0>
message = 'Error during conversion: Line 20: parse_binding must return KeyMapping'
source = 'converter', severity = <ErrorSeverity.ERROR: 3>, line_number = None
column = None, context = None
exception = ParserError('Line 20: parse_binding must return KeyMapping')
raise_immediately = True

    def add_error(
        self,
        message: str,
        source: str,
        severity: ErrorSeverity,
        line_number: Optional[int] = None,
        column: Optional[int] = None,
        context: Optional[Dict[str, Any]] = None,
        exception: Optional[Exception] = None,
        raise_immediately: bool = False,
    ) -> None:
        """Add an error to the error manager.
    
        Args:
            message: The error message
            source: The source of the error (e.g., module name)
            severity: The severity of the error
            line_number: Optional line number where the error occurred
            column: Optional column where the error occurred
            context: Optional context dictionary with additional information
            exception: Optional exception object that caused the error
            raise_immediately: Whether to raise the error immediately
    
        Raises:
            Exception: If severity >= raise_threshold and raise_immediately
                is True
        """
        # Get traceback if exception is provided
        traceback_info = None
        if exception and self.verbose:
            traceback_info = "".join(
                traceback.format_exception(
                    type(exception), exception, exception.__traceback__
                )
            )
    
        # Create error object
        error = ConversionError(
            message=message,
            source=source,
            severity=severity,
            line_number=line_number,
            column=column,
            context=context,
            traceback_info=traceback_info,
        )
    
        # Add to the list of errors
        self.errors.append(error)
    
        # Log the error based on severity
        self._log_error(error)
    
        # Raise immediately if requested and severity is high enough
        if raise_immediately and severity.value >= self.raise_threshold.value:
>           raise Exception(str(error))
E           Exception: ERROR: [converter] - Error during conversion: Line 20: parse_binding must return KeyMapping

converter/error_handling/error_manager.py:130: Exception

During handling of the above exception, another exception occurred:

temp_test_dir = PosixPath('/var/folders/0s/42v7yl697hn0l1cdnx0vrvyr0000gn/T/tmp3po0fkw8')

    def test_sticky_key_advanced(temp_test_dir):
        """Test advanced sticky key features."""
        # Load the test fixture
        fixture_dir = Path(__file__).parent.parent / "fixtures" / "zmk"
        fixture_path = fixture_dir / "test_sticky_keys.dtsi"
        kanata_file = temp_test_dir / "sticky_advanced.kbd"
    
>       exit_code = main([str(fixture_path), str(kanata_file)])

converter/tests/e2e_tests/test_sticky_keys.py:61: 
_ _ _ _ _ _ _ _ _ _ _ _ _ _ _ _ _ _ _ _ _ _ _ _ _ _ _ _ _ _ _ _ _ _ _ _ _ _ _ _ 
converter/cli.py:56: in main
    return convert_main(main_args)
_ _ _ _ _ _ _ _ _ _ _ _ _ _ _ _ _ _ _ _ _ _ _ _ _ _ _ _ _ _ _ _ _ _ _ _ _ _ _ _ 

args = ['/Volumes/Flash Gordon Storage/Dropbox/code/nicktokatana/converter/tests/fixtures/zmk/test_sticky_keys.dtsi', '/var/folders/0s/42v7yl697hn0l1cdnx0vrvyr0000gn/T/tmp3po0fkw8/sticky_advanced.kbd']

    def main(args=None):
        """Main entry point for the CLI and programmatic use."""
        parser = argparse.ArgumentParser(description="Convert ZMK keymap to Kanata format")
        parser.add_argument("input_file", help="Path to the input ZMK keymap file")
        parser.add_argument("output_file", help="Path to the output Kanata file")
        parser.add_argument(
            "-v", "--verbose", help="Enable verbose output", action="store_true"
        )
        parser.add_argument(
            "--mac",
            help="Use Mac-specific modifiers (GUI becomes CMD)",
            action="store_true",
        )
        parser.add_argument(
            "--version", help="Show version information", action="store_true"
        )
        args_parsed = parser.parse_args(args)
    
        if args_parsed.version:
            print("ZMK to Kanata Converter v1.0.0")
            sys.exit(0)
    
        # Set up error manager
        error_manager = ErrorManager(verbose=args_parsed.verbose)
    
        try:
            # Read input file
            with open(args_parsed.input_file, "r") as f:
                zmk_content = f.read()
    
            # Convert ZMK to Kanata
            kanata_config, metadata = convert_zmk_to_kanata(
                zmk_content=zmk_content,
                output_path=args_parsed.output_file,
                error_manager=error_manager,
                is_mac=args_parsed.mac,
            )
    
            # Write to output file
            with open(args_parsed.output_file, "w") as f:
                f.write(kanata_config)
    
            # Print any errors or warnings
            if error_manager.has_errors(ErrorSeverity.WARNING):
                for error in error_manager.get_errors(ErrorSeverity.WARNING):
                    print(f"WARNING: {error}", file=sys.stderr)
    
            if error_manager.has_errors(ErrorSeverity.ERROR):
                for error in error_manager.get_errors(ErrorSeverity.ERROR):
                    print(f"ERROR: {error}", file=sys.stderr)
                sys.exit(1)
    
        except Exception as e:
            print(f"ERROR: {str(e)}", file=sys.stderr)
            if args_parsed.verbose:
                import traceback
    
                traceback.print_exc()
>           sys.exit(1)
E           SystemExit: 1

converter/main.py:119: SystemExit
----------------------------- Captured stderr call -----------------------------
ERROR: ERROR: [converter] - Error during conversion: Line 20: parse_binding must return KeyMapping
------------------------------ Captured log call -------------------------------
ERROR    converter.parser.zmk_parser:zmk_parser.py:237 Error parsing line 20: &sk LSHIFT  &sk LCTRL   &sk LALT
ERROR    converter.error_handling.error_manager:error_manager.py:147 ERROR: [converter] - Error during conversion: Line 20: parse_binding must return KeyMapping
____________________________ test_sticky_key_errors ____________________________

self = <converter.parser.sticky_key_parser.StickyKeyParser object at 0x102d811b0>
binding_str = '&sk INVALID'

    def parse_binding(self, binding_str: str) -> Optional[StickyKeyBinding]:
        """Parse a sticky key binding string."""
        if not is_sticky_key_binding(binding_str):
            return None
    
        try:
            # Extract the key from the binding string
            key = binding_str.replace('&sk', '').strip()
    
            # Check if the key is valid
            if not key or key.isdigit() or key == 'INVALID':
>               raise ValueError(f"Invalid sticky key: {key}")
E               ValueError: Invalid sticky key: INVALID

converter/parser/sticky_key_parser.py:59: ValueError

During handling of the above exception, another exception occurred:

self = <converter.parser.layer_parser.LayerParser object at 0x102d830a0>
binding = 'sk INVALID'

    def parse_binding(self, binding: str) -> KeyMapping:
        """Parse a single key binding.
    
        Args:
            binding: The binding string to parse.
    
        Returns:
            A KeyMapping object representing the binding.
    
        Raises:
            ValueError: If the binding is invalid.
        """
        binding = binding.strip()
        if not binding:
            raise ValueError("Empty binding")
    
        # Handle ZMK-specific prefixes
        if binding == "trans":
            km = KeyMapping(key="TRANS")
            assert isinstance(km, KeyMapping), "parse_binding must return KeyMapping"
            return km
    
        if binding.startswith("sk "):
            # Use the sticky key parser for validation
            try:
>               sticky_binding = self.sticky_key_parser.parse_binding(f"&{binding}")

converter/parser/layer_parser.py:98: 
_ _ _ _ _ _ _ _ _ _ _ _ _ _ _ _ _ _ _ _ _ _ _ _ _ _ _ _ _ _ _ _ _ _ _ _ _ _ _ _ 

self = <converter.parser.sticky_key_parser.StickyKeyParser object at 0x102d811b0>
binding_str = '&sk INVALID'

    def parse_binding(self, binding_str: str) -> Optional[StickyKeyBinding]:
        """Parse a sticky key binding string."""
        if not is_sticky_key_binding(binding_str):
            return None
    
        try:
            # Extract the key from the binding string
            key = binding_str.replace('&sk', '').strip()
    
            # Check if the key is valid
            if not key or key.isdigit() or key == 'INVALID':
                raise ValueError(f"Invalid sticky key: {key}")
    
            # For function keys, preserve the name
            if key.startswith('F') and key[1:].isdigit():
                # Keep function keys as is (F1, F2, etc.)
                pass
            else:
                # Map modifiers to their Kanata representation
                key_mapping = {
                    'LSHIFT': 'lsft',
                    'RSHIFT': 'rsft',
                    'LCTRL': 'lctl',
                    'RCTRL': 'rctl',
                    'LALT': 'lalt',
                    'RALT': 'ralt',
                    'LGUI': 'lmet',
                    'RGUI': 'rmet',
                }
                key = key_mapping.get(key, key.lower())
    
            # Create the binding
            return StickyKeyBinding(key=key)
        except ValueError as e:
            # Propagate the error
>           raise ValueError(f"Invalid sticky key binding: {e}")
E           ValueError: Invalid sticky key binding: Invalid sticky key: INVALID

converter/parser/sticky_key_parser.py:83: ValueError

During handling of the above exception, another exception occurred:

self = <converter.parser.layer_parser.LayerParser object at 0x102d830a0>
line = '&sk INVALID  &sk 123456   &sk'

    def parse_bindings_line(self, line: str) -> List[KeyMapping]:
        """Parse a line of bindings into a list of KeyMappings.
    
        Args:
            line: The line containing bindings.
    
        Returns:
            A list of KeyMapping objects.
    
        Raises:
            ValueError: If the line contains invalid bindings.
        """
        logger.debug("Raw binding line: %s", line)
    
        # Skip binding declaration lines without content
        if line.strip() == "bindings = <":
            return []
    
        # Skip binding end lines
        if line.strip() == ">;":
            return []
    
        # Extract content between < and >
        if "<" in line and ">" in line:
            content = line.split("<")[1].split(">")[0].strip()
            logger.debug("Extracted binding content: %s", content)
            if not content:  # Empty bindings block
                return []
            line = content
    
        line = line.rstrip(";").strip()
        if not line:
            return []
    
        bindings = [b.strip() for b in line.split("&") if b.strip()]
        logger.debug("Parsed bindings: %s", bindings)
        if not bindings:
            return []
    
        try:
>           result = [self.parse_binding(b) for b in bindings]

converter/parser/layer_parser.py:197: 
_ _ _ _ _ _ _ _ _ _ _ _ _ _ _ _ _ _ _ _ _ _ _ _ _ _ _ _ _ _ _ _ _ _ _ _ _ _ _ _ 
converter/parser/layer_parser.py:197: in <listcomp>
    result = [self.parse_binding(b) for b in bindings]
_ _ _ _ _ _ _ _ _ _ _ _ _ _ _ _ _ _ _ _ _ _ _ _ _ _ _ _ _ _ _ _ _ _ _ _ _ _ _ _ 

self = <converter.parser.layer_parser.LayerParser object at 0x102d830a0>
binding = 'sk INVALID'

    def parse_binding(self, binding: str) -> KeyMapping:
        """Parse a single key binding.
    
        Args:
            binding: The binding string to parse.
    
        Returns:
            A KeyMapping object representing the binding.
    
        Raises:
            ValueError: If the binding is invalid.
        """
        binding = binding.strip()
        if not binding:
            raise ValueError("Empty binding")
    
        # Handle ZMK-specific prefixes
        if binding == "trans":
            km = KeyMapping(key="TRANS")
            assert isinstance(km, KeyMapping), "parse_binding must return KeyMapping"
            return km
    
        if binding.startswith("sk "):
            # Use the sticky key parser for validation
            try:
                sticky_binding = self.sticky_key_parser.parse_binding(f"&{binding}")
                if sticky_binding is None:
                    raise ValueError(f"Invalid sticky key binding: {binding}")
                assert isinstance(
                    sticky_binding, KeyMapping
                ), "parse_binding must return KeyMapping"
                return sticky_binding
            except ValueError as e:
>               raise ValueError(str(e))
E               ValueError: Invalid sticky key binding: Invalid sticky key: INVALID

converter/parser/layer_parser.py:106: ValueError

The above exception was the direct cause of the following exception:

self = <converter.parser.zmk_parser.ZMKParser object at 0x102d82500>
line = '&sk INVALID  &sk 123456   &sk'

    def _parse_line_with_reparse(self, line: str):
        """
        Like _parse_line, but returns 'REPARSE' if the state changed and the line should be reparsed.
        """
        try:
            self.logger.debug(f"[DEBUG] Before parsing line {self.current_line}: state={self.state}, line='{line}'")
            if self.state == ParserState.INITIAL:
                if 'keymap {' in line:
                    self._transition_to(ParserState.IN_KEYMAP)
                    return 'REPARSE'
            elif self.state == ParserState.IN_KEYMAP:
                if '_layer {' in line:
                    name = self._extract_layer_name(line)
                    self._start_new_layer(name)
                    return None
            elif self.state in (
                ParserState.IN_LAYER,
                ParserState.IN_BEHAVIORS,
                ParserState.IN_CONDITIONAL_LAYER
            ):
                if '_layer {' in line:
                    if self.state == ParserState.IN_LAYER:
                        # Instead of error, finish current layer and start new sibling layer
                        self.logger.debug(f"[DEBUG] Finishing current layer to allow sibling layer at line {self.current_line}, state={self.state}, line='{line}'")
                        self._finish_current_layer()
                        # After finishing, state is now IN_KEYMAP, so reparse this line
                        return 'REPARSE'
                    else:
                        name = self._extract_layer_name(line)
                        self._start_new_layer(name)
                        return 'REPARSE'
                elif 'bindings = <' in line:
                    self._parse_bindings_start(line)
                elif '>;' in line:
                    if self.state == ParserState.IN_LAYER:
                        if line.strip() == '};':
                            self._finish_current_layer()
                            return 'REPARSE'
                    else:
                        self._transition_to(ParserState.IN_KEYMAP)
                        return 'REPARSE'
                elif self.state == ParserState.IN_BEHAVIORS:
                    if '>' in line:
                        self._transition_to(ParserState.IN_LAYER)
                        return 'REPARSE'
                    else:
                        self._parse_binding_line(line)
                elif self.state == ParserState.IN_LAYER:
>                   self._parse_binding_line(line)

converter/parser/zmk_parser.py:232: 
_ _ _ _ _ _ _ _ _ _ _ _ _ _ _ _ _ _ _ _ _ _ _ _ _ _ _ _ _ _ _ _ _ _ _ _ _ _ _ _ 
converter/parser/zmk_parser.py:326: in _parse_binding_line
    self.layer_parser.add_bindings_line(line)
converter/parser/layer_parser.py:230: in add_bindings_line
    bindings = self.parse_bindings_line(line)
_ _ _ _ _ _ _ _ _ _ _ _ _ _ _ _ _ _ _ _ _ _ _ _ _ _ _ _ _ _ _ _ _ _ _ _ _ _ _ _ 

self = <converter.parser.layer_parser.LayerParser object at 0x102d830a0>
line = '&sk INVALID  &sk 123456   &sk'

    def parse_bindings_line(self, line: str) -> List[KeyMapping]:
        """Parse a line of bindings into a list of KeyMappings.
    
        Args:
            line: The line containing bindings.
    
        Returns:
            A list of KeyMapping objects.
    
        Raises:
            ValueError: If the line contains invalid bindings.
        """
        logger.debug("Raw binding line: %s", line)
    
        # Skip binding declaration lines without content
        if line.strip() == "bindings = <":
            return []
    
        # Skip binding end lines
        if line.strip() == ">;":
            return []
    
        # Extract content between < and >
        if "<" in line and ">" in line:
            content = line.split("<")[1].split(">")[0].strip()
            logger.debug("Extracted binding content: %s", content)
            if not content:  # Empty bindings block
                return []
            line = content
    
        line = line.rstrip(";").strip()
        if not line:
            return []
    
        bindings = [b.strip() for b in line.split("&") if b.strip()]
        logger.debug("Parsed bindings: %s", bindings)
        if not bindings:
            return []
    
        try:
            result = [self.parse_binding(b) for b in bindings]
            logger.debug("Created bindings: %s", result)
            return result
        except ValueError as e:
>           raise ValueError(f"Invalid binding in line: {line}") from e
E           ValueError: Invalid binding in line: &sk INVALID  &sk 123456   &sk

converter/parser/layer_parser.py:201: ValueError

During handling of the above exception, another exception occurred:

zmk_content = '#include <behaviors.dtsi>\n#include <dt-bindings/zmk/keys.h>\n\n/ {\n    behaviors {\n        sk: sticky_key {\n     ...yer {\n            bindings = <\n                &sk INVALID  &sk 123456   &sk\n            >;\n        };\n    };\n};'
output_path = '/var/folders/0s/42v7yl697hn0l1cdnx0vrvyr0000gn/T/tmpvl3jflsm/sticky_errors.kbd'
error_manager = <converter.error_handling.error_manager.ErrorManager object at 0x102d836d0>
is_mac = False

    def convert_zmk_to_kanata(
        zmk_content: str,
        output_path: Optional[str] = None,
        error_manager: Optional[ErrorManager] = None,
        is_mac: bool = False,
    ) -> Tuple[str, Dict[str, Any]]:
        """Convert ZMK keymap to Kanata format.
    
        Args:
            zmk_content: Content of the ZMK keymap file
            output_path: Optional path to write the Kanata config to
            error_manager: Optional error manager for reporting issues
            is_mac: Whether to use Mac-specific modifiers
    
        Returns:
            Tuple of (Kanata config string, metadata dict)
    
        Raises:
            Exception: If there's an error during conversion
        """
        # Set up error manager
        if error_manager:
            set_error_manager(error_manager)
        else:
            set_error_manager(ErrorManager())
    
        error_mgr = get_error_manager()
    
        try:
            # Parse ZMK keymap
            parser = ZMKParser()
>           keymap_config = parser.parse(
                zmk_content
            )  # Now directly passes the content string

converter/zmk_to_kanata.py:48: 
_ _ _ _ _ _ _ _ _ _ _ _ _ _ _ _ _ _ _ _ _ _ _ _ _ _ _ _ _ _ _ _ _ _ _ _ _ _ _ _ 
converter/parser/zmk_parser.py:180: in parse
    raise e
converter/parser/zmk_parser.py:161: in parse
    result = self._parse_line_with_reparse(line)
_ _ _ _ _ _ _ _ _ _ _ _ _ _ _ _ _ _ _ _ _ _ _ _ _ _ _ _ _ _ _ _ _ _ _ _ _ _ _ _ 

self = <converter.parser.zmk_parser.ZMKParser object at 0x102d82500>
line = '&sk INVALID  &sk 123456   &sk'

    def _parse_line_with_reparse(self, line: str):
        """
        Like _parse_line, but returns 'REPARSE' if the state changed and the line should be reparsed.
        """
        try:
            self.logger.debug(f"[DEBUG] Before parsing line {self.current_line}: state={self.state}, line='{line}'")
            if self.state == ParserState.INITIAL:
                if 'keymap {' in line:
                    self._transition_to(ParserState.IN_KEYMAP)
                    return 'REPARSE'
            elif self.state == ParserState.IN_KEYMAP:
                if '_layer {' in line:
                    name = self._extract_layer_name(line)
                    self._start_new_layer(name)
                    return None
            elif self.state in (
                ParserState.IN_LAYER,
                ParserState.IN_BEHAVIORS,
                ParserState.IN_CONDITIONAL_LAYER
            ):
                if '_layer {' in line:
                    if self.state == ParserState.IN_LAYER:
                        # Instead of error, finish current layer and start new sibling layer
                        self.logger.debug(f"[DEBUG] Finishing current layer to allow sibling layer at line {self.current_line}, state={self.state}, line='{line}'")
                        self._finish_current_layer()
                        # After finishing, state is now IN_KEYMAP, so reparse this line
                        return 'REPARSE'
                    else:
                        name = self._extract_layer_name(line)
                        self._start_new_layer(name)
                        return 'REPARSE'
                elif 'bindings = <' in line:
                    self._parse_bindings_start(line)
                elif '>;' in line:
                    if self.state == ParserState.IN_LAYER:
                        if line.strip() == '};':
                            self._finish_current_layer()
                            return 'REPARSE'
                    else:
                        self._transition_to(ParserState.IN_KEYMAP)
                        return 'REPARSE'
                elif self.state == ParserState.IN_BEHAVIORS:
                    if '>' in line:
                        self._transition_to(ParserState.IN_LAYER)
                        return 'REPARSE'
                    else:
                        self._parse_binding_line(line)
                elif self.state == ParserState.IN_LAYER:
                    self._parse_binding_line(line)
            else:
                # Default fallback for unknown state
                pass
        except Exception as e:
            self.logger.error(
                f"Error parsing line {self.current_line}: {line}"
            )
>           raise ParserError(f"Line {self.current_line}: {str(e)}")
E           converter.parser.parser_error.ParserError: Line 17: Invalid binding in line: &sk INVALID  &sk 123456   &sk

converter/parser/zmk_parser.py:240: ParserError

During handling of the above exception, another exception occurred:

args = ['/var/folders/0s/42v7yl697hn0l1cdnx0vrvyr0000gn/T/tmpvl3jflsm/sticky_errors.dtsi', '/var/folders/0s/42v7yl697hn0l1cdnx0vrvyr0000gn/T/tmpvl3jflsm/sticky_errors.kbd']

    def main(args=None):
        """Main entry point for the CLI and programmatic use."""
        parser = argparse.ArgumentParser(description="Convert ZMK keymap to Kanata format")
        parser.add_argument("input_file", help="Path to the input ZMK keymap file")
        parser.add_argument("output_file", help="Path to the output Kanata file")
        parser.add_argument(
            "-v", "--verbose", help="Enable verbose output", action="store_true"
        )
        parser.add_argument(
            "--mac",
            help="Use Mac-specific modifiers (GUI becomes CMD)",
            action="store_true",
        )
        parser.add_argument(
            "--version", help="Show version information", action="store_true"
        )
        args_parsed = parser.parse_args(args)
    
        if args_parsed.version:
            print("ZMK to Kanata Converter v1.0.0")
            sys.exit(0)
    
        # Set up error manager
        error_manager = ErrorManager(verbose=args_parsed.verbose)
    
        try:
            # Read input file
            with open(args_parsed.input_file, "r") as f:
                zmk_content = f.read()
    
            # Convert ZMK to Kanata
>           kanata_config, metadata = convert_zmk_to_kanata(
                zmk_content=zmk_content,
                output_path=args_parsed.output_file,
                error_manager=error_manager,
                is_mac=args_parsed.mac,
            )

converter/main.py:92: 
_ _ _ _ _ _ _ _ _ _ _ _ _ _ _ _ _ _ _ _ _ _ _ _ _ _ _ _ _ _ _ _ _ _ _ _ _ _ _ _ 
converter/zmk_to_kanata.py:72: in convert_zmk_to_kanata
    error_mgr.add_error(
_ _ _ _ _ _ _ _ _ _ _ _ _ _ _ _ _ _ _ _ _ _ _ _ _ _ _ _ _ _ _ _ _ _ _ _ _ _ _ _ 

self = <converter.error_handling.error_manager.ErrorManager object at 0x102d836d0>
message = 'Error during conversion: Line 17: Invalid binding in line: &sk INVALID  &sk 123456   &sk'
source = 'converter', severity = <ErrorSeverity.ERROR: 3>, line_number = None
column = None, context = None
exception = ParserError('Line 17: Invalid binding in line: &sk INVALID  &sk 123456   &sk')
raise_immediately = True

    def add_error(
        self,
        message: str,
        source: str,
        severity: ErrorSeverity,
        line_number: Optional[int] = None,
        column: Optional[int] = None,
        context: Optional[Dict[str, Any]] = None,
        exception: Optional[Exception] = None,
        raise_immediately: bool = False,
    ) -> None:
        """Add an error to the error manager.
    
        Args:
            message: The error message
            source: The source of the error (e.g., module name)
            severity: The severity of the error
            line_number: Optional line number where the error occurred
            column: Optional column where the error occurred
            context: Optional context dictionary with additional information
            exception: Optional exception object that caused the error
            raise_immediately: Whether to raise the error immediately
    
        Raises:
            Exception: If severity >= raise_threshold and raise_immediately
                is True
        """
        # Get traceback if exception is provided
        traceback_info = None
        if exception and self.verbose:
            traceback_info = "".join(
                traceback.format_exception(
                    type(exception), exception, exception.__traceback__
                )
            )
    
        # Create error object
        error = ConversionError(
            message=message,
            source=source,
            severity=severity,
            line_number=line_number,
            column=column,
            context=context,
            traceback_info=traceback_info,
        )
    
        # Add to the list of errors
        self.errors.append(error)
    
        # Log the error based on severity
        self._log_error(error)
    
        # Raise immediately if requested and severity is high enough
        if raise_immediately and severity.value >= self.raise_threshold.value:
>           raise Exception(str(error))
E           Exception: ERROR: [converter] - Error during conversion: Line 17: Invalid binding in line: &sk INVALID  &sk 123456   &sk

converter/error_handling/error_manager.py:130: Exception

During handling of the above exception, another exception occurred:

temp_test_dir = PosixPath('/var/folders/0s/42v7yl697hn0l1cdnx0vrvyr0000gn/T/tmpvl3jflsm')

    def test_sticky_key_errors(temp_test_dir):
        """Test error handling for invalid sticky key configurations."""
        zmk_content = """#include <behaviors.dtsi>
    #include <dt-bindings/zmk/keys.h>
    
    / {
        behaviors {
            sk: sticky_key {
                compatible = "zmk,behavior-sticky-key";
                #binding-cells = <1>;
                bindings = <&invalid_behavior>;  # Invalid binding
                release-after-ms = <1000>;
            };
        };
    
        keymap {
            compatible = "zmk,keymap";
            default_layer {
                bindings = <
                    &sk INVALID  &sk 123456   &sk
                >;
            };
        };
    };"""
    
        zmk_file = temp_test_dir / "sticky_errors.dtsi"
        zmk_file.write_text(zmk_content)
    
        kanata_file = temp_test_dir / "sticky_errors.kbd"
    
        # Should return non-zero exit code for invalid configuration
>       exit_code = main([str(zmk_file), str(kanata_file)])

converter/tests/e2e_tests/test_sticky_keys.py:116: 
_ _ _ _ _ _ _ _ _ _ _ _ _ _ _ _ _ _ _ _ _ _ _ _ _ _ _ _ _ _ _ _ _ _ _ _ _ _ _ _ 
converter/cli.py:56: in main
    return convert_main(main_args)
_ _ _ _ _ _ _ _ _ _ _ _ _ _ _ _ _ _ _ _ _ _ _ _ _ _ _ _ _ _ _ _ _ _ _ _ _ _ _ _ 

args = ['/var/folders/0s/42v7yl697hn0l1cdnx0vrvyr0000gn/T/tmpvl3jflsm/sticky_errors.dtsi', '/var/folders/0s/42v7yl697hn0l1cdnx0vrvyr0000gn/T/tmpvl3jflsm/sticky_errors.kbd']

    def main(args=None):
        """Main entry point for the CLI and programmatic use."""
        parser = argparse.ArgumentParser(description="Convert ZMK keymap to Kanata format")
        parser.add_argument("input_file", help="Path to the input ZMK keymap file")
        parser.add_argument("output_file", help="Path to the output Kanata file")
        parser.add_argument(
            "-v", "--verbose", help="Enable verbose output", action="store_true"
        )
        parser.add_argument(
            "--mac",
            help="Use Mac-specific modifiers (GUI becomes CMD)",
            action="store_true",
        )
        parser.add_argument(
            "--version", help="Show version information", action="store_true"
        )
        args_parsed = parser.parse_args(args)
    
        if args_parsed.version:
            print("ZMK to Kanata Converter v1.0.0")
            sys.exit(0)
    
        # Set up error manager
        error_manager = ErrorManager(verbose=args_parsed.verbose)
    
        try:
            # Read input file
            with open(args_parsed.input_file, "r") as f:
                zmk_content = f.read()
    
            # Convert ZMK to Kanata
            kanata_config, metadata = convert_zmk_to_kanata(
                zmk_content=zmk_content,
                output_path=args_parsed.output_file,
                error_manager=error_manager,
                is_mac=args_parsed.mac,
            )
    
            # Write to output file
            with open(args_parsed.output_file, "w") as f:
                f.write(kanata_config)
    
            # Print any errors or warnings
            if error_manager.has_errors(ErrorSeverity.WARNING):
                for error in error_manager.get_errors(ErrorSeverity.WARNING):
                    print(f"WARNING: {error}", file=sys.stderr)
    
            if error_manager.has_errors(ErrorSeverity.ERROR):
                for error in error_manager.get_errors(ErrorSeverity.ERROR):
                    print(f"ERROR: {error}", file=sys.stderr)
                sys.exit(1)
    
        except Exception as e:
            print(f"ERROR: {str(e)}", file=sys.stderr)
            if args_parsed.verbose:
                import traceback
    
                traceback.print_exc()
>           sys.exit(1)
E           SystemExit: 1

converter/main.py:119: SystemExit
----------------------------- Captured stderr call -----------------------------
ERROR: ERROR: [converter] - Error during conversion: Line 17: Invalid binding in line: &sk INVALID  &sk 123456   &sk
------------------------------ Captured log call -------------------------------
ERROR    converter.parser.zmk_parser:zmk_parser.py:237 Error parsing line 17: &sk INVALID  &sk 123456   &sk
ERROR    converter.error_handling.error_manager:error_manager.py:147 ERROR: [converter] - Error during conversion: Line 17: Invalid binding in line: &sk INVALID  &sk 123456   &sk
________________________ test_basic_conversion_pipeline ________________________

self = <converter.parser.zmk_parser.ZMKParser object at 0x102d7e6b0>
file_path_or_content = '\n/ {\n    keymap {\n        compatible = "zmk,keymap";\n\n        default_layer {\n            bindings = <\n                &kp A &kp B &kp C\n                &kp D &kp E &kp F\n            >;\n        };\n    };\n};\n'

    def parse(self, file_path_or_content: Union[Path, str]) -> KeymapConfig:
        """Parse a ZMK keymap file or content string.
    
        Args:
            file_path_or_content: Either a Path object to the keymap file or the content as a string.
    
        Returns:
            A KeymapConfig object containing the parsed keymap.
    
        Raises:
            ParserError: If there are any parsing errors.
        """
        try:
            # Determine if input is a Path or content string
            if isinstance(file_path_or_content, Path):
                # Input is a Path - read the file
                content = file_path_or_content.read_text()
                logger.debug("Parsing ZMK file: %s", file_path_or_content)
            else:
                # Input is a string - use directly
                content = file_path_or_content
                logger.debug("Parsing ZMK content from string")
    
            # Process file line by line
            lines = content.split('\n')
            idx = 0
            while idx < len(lines):
                self.logger.debug(f"[DEBUG] Main loop before line {idx+1}: state={self.state}")
                line = lines[idx].strip()
    
                if not line or line.startswith('//'):
                    self.current_line += 1
                    idx += 1
                    continue
    
                reparsed = False
                while True:
                    result = self._parse_line_with_reparse(line)
                    if result == 'REPARSE':
                        if reparsed:
                            self.logger.error(f"[ERROR] Infinite reparsing detected at line {self.current_line}: {line}")
                            break
                        reparsed = True
                        continue
                    break
                self.current_line += 1
                idx += 1
    
            if not self.layers:
>               raise ValueError("No layers found in ZMK file")
E               ValueError: No layers found in ZMK file

converter/parser/zmk_parser.py:173: ValueError

The above exception was the direct cause of the following exception:

zmk_content = '\n/ {\n    keymap {\n        compatible = "zmk,keymap";\n\n        default_layer {\n            bindings = <\n                &kp A &kp B &kp C\n                &kp D &kp E &kp F\n            >;\n        };\n    };\n};\n'
output_path = '/var/folders/0s/42v7yl697hn0l1cdnx0vrvyr0000gn/T/tmpztzy33te/output.kbd'
error_manager = <converter.error_handling.error_manager.ErrorManager object at 0x102d7e230>
is_mac = False

    def convert_zmk_to_kanata(
        zmk_content: str,
        output_path: Optional[str] = None,
        error_manager: Optional[ErrorManager] = None,
        is_mac: bool = False,
    ) -> Tuple[str, Dict[str, Any]]:
        """Convert ZMK keymap to Kanata format.
    
        Args:
            zmk_content: Content of the ZMK keymap file
            output_path: Optional path to write the Kanata config to
            error_manager: Optional error manager for reporting issues
            is_mac: Whether to use Mac-specific modifiers
    
        Returns:
            Tuple of (Kanata config string, metadata dict)
    
        Raises:
            Exception: If there's an error during conversion
        """
        # Set up error manager
        if error_manager:
            set_error_manager(error_manager)
        else:
            set_error_manager(ErrorManager())
    
        error_mgr = get_error_manager()
    
        try:
            # Parse ZMK keymap
            parser = ZMKParser()
>           keymap_config = parser.parse(
                zmk_content
            )  # Now directly passes the content string

converter/zmk_to_kanata.py:48: 
_ _ _ _ _ _ _ _ _ _ _ _ _ _ _ _ _ _ _ _ _ _ _ _ _ _ _ _ _ _ _ _ _ _ _ _ _ _ _ _ 

self = <converter.parser.zmk_parser.ZMKParser object at 0x102d7e6b0>
file_path_or_content = '\n/ {\n    keymap {\n        compatible = "zmk,keymap";\n\n        default_layer {\n            bindings = <\n                &kp A &kp B &kp C\n                &kp D &kp E &kp F\n            >;\n        };\n    };\n};\n'

    def parse(self, file_path_or_content: Union[Path, str]) -> KeymapConfig:
        """Parse a ZMK keymap file or content string.
    
        Args:
            file_path_or_content: Either a Path object to the keymap file or the content as a string.
    
        Returns:
            A KeymapConfig object containing the parsed keymap.
    
        Raises:
            ParserError: If there are any parsing errors.
        """
        try:
            # Determine if input is a Path or content string
            if isinstance(file_path_or_content, Path):
                # Input is a Path - read the file
                content = file_path_or_content.read_text()
                logger.debug("Parsing ZMK file: %s", file_path_or_content)
            else:
                # Input is a string - use directly
                content = file_path_or_content
                logger.debug("Parsing ZMK content from string")
    
            # Process file line by line
            lines = content.split('\n')
            idx = 0
            while idx < len(lines):
                self.logger.debug(f"[DEBUG] Main loop before line {idx+1}: state={self.state}")
                line = lines[idx].strip()
    
                if not line or line.startswith('//'):
                    self.current_line += 1
                    idx += 1
                    continue
    
                reparsed = False
                while True:
                    result = self._parse_line_with_reparse(line)
                    if result == 'REPARSE':
                        if reparsed:
                            self.logger.error(f"[ERROR] Infinite reparsing detected at line {self.current_line}: {line}")
                            break
                        reparsed = True
                        continue
                    break
                self.current_line += 1
                idx += 1
    
            if not self.layers:
                raise ValueError("No layers found in ZMK file")
    
            return KeymapConfig(
                global_settings=self.global_settings_parser.finish(),
                layers=self.layers
            )
        except ParserError as e:
            raise e
        except Exception as e:
>           raise ParserError(f"Failed to parse ZMK file: {e}") from e
E           converter.parser.parser_error.ParserError: Failed to parse ZMK file: No layers found in ZMK file

converter/parser/zmk_parser.py:182: ParserError

During handling of the above exception, another exception occurred:

args = ['/var/folders/0s/42v7yl697hn0l1cdnx0vrvyr0000gn/T/tmpztzy33te/input.zmk', '/var/folders/0s/42v7yl697hn0l1cdnx0vrvyr0000gn/T/tmpztzy33te/output.kbd']

    def main(args=None):
        """Main entry point for the CLI and programmatic use."""
        parser = argparse.ArgumentParser(description="Convert ZMK keymap to Kanata format")
        parser.add_argument("input_file", help="Path to the input ZMK keymap file")
        parser.add_argument("output_file", help="Path to the output Kanata file")
        parser.add_argument(
            "-v", "--verbose", help="Enable verbose output", action="store_true"
        )
        parser.add_argument(
            "--mac",
            help="Use Mac-specific modifiers (GUI becomes CMD)",
            action="store_true",
        )
        parser.add_argument(
            "--version", help="Show version information", action="store_true"
        )
        args_parsed = parser.parse_args(args)
    
        if args_parsed.version:
            print("ZMK to Kanata Converter v1.0.0")
            sys.exit(0)
    
        # Set up error manager
        error_manager = ErrorManager(verbose=args_parsed.verbose)
    
        try:
            # Read input file
            with open(args_parsed.input_file, "r") as f:
                zmk_content = f.read()
    
            # Convert ZMK to Kanata
>           kanata_config, metadata = convert_zmk_to_kanata(
                zmk_content=zmk_content,
                output_path=args_parsed.output_file,
                error_manager=error_manager,
                is_mac=args_parsed.mac,
            )

converter/main.py:92: 
_ _ _ _ _ _ _ _ _ _ _ _ _ _ _ _ _ _ _ _ _ _ _ _ _ _ _ _ _ _ _ _ _ _ _ _ _ _ _ _ 
converter/zmk_to_kanata.py:72: in convert_zmk_to_kanata
    error_mgr.add_error(
_ _ _ _ _ _ _ _ _ _ _ _ _ _ _ _ _ _ _ _ _ _ _ _ _ _ _ _ _ _ _ _ _ _ _ _ _ _ _ _ 

self = <converter.error_handling.error_manager.ErrorManager object at 0x102d7e230>
message = 'Error during conversion: Failed to parse ZMK file: No layers found in ZMK file'
source = 'converter', severity = <ErrorSeverity.ERROR: 3>, line_number = None
column = None, context = None
exception = ParserError('Failed to parse ZMK file: No layers found in ZMK file')
raise_immediately = True

    def add_error(
        self,
        message: str,
        source: str,
        severity: ErrorSeverity,
        line_number: Optional[int] = None,
        column: Optional[int] = None,
        context: Optional[Dict[str, Any]] = None,
        exception: Optional[Exception] = None,
        raise_immediately: bool = False,
    ) -> None:
        """Add an error to the error manager.
    
        Args:
            message: The error message
            source: The source of the error (e.g., module name)
            severity: The severity of the error
            line_number: Optional line number where the error occurred
            column: Optional column where the error occurred
            context: Optional context dictionary with additional information
            exception: Optional exception object that caused the error
            raise_immediately: Whether to raise the error immediately
    
        Raises:
            Exception: If severity >= raise_threshold and raise_immediately
                is True
        """
        # Get traceback if exception is provided
        traceback_info = None
        if exception and self.verbose:
            traceback_info = "".join(
                traceback.format_exception(
                    type(exception), exception, exception.__traceback__
                )
            )
    
        # Create error object
        error = ConversionError(
            message=message,
            source=source,
            severity=severity,
            line_number=line_number,
            column=column,
            context=context,
            traceback_info=traceback_info,
        )
    
        # Add to the list of errors
        self.errors.append(error)
    
        # Log the error based on severity
        self._log_error(error)
    
        # Raise immediately if requested and severity is high enough
        if raise_immediately and severity.value >= self.raise_threshold.value:
>           raise Exception(str(error))
E           Exception: ERROR: [converter] - Error during conversion: Failed to parse ZMK file: No layers found in ZMK file

converter/error_handling/error_manager.py:130: Exception

During handling of the above exception, another exception occurred:

    def test_basic_conversion_pipeline():
        """Test basic end-to-end conversion pipeline.
    
        Uses the main CLI entrypoint for complete pipeline testing.
        """
        zmk_content = dedent(
            """
            / {
                keymap {
                    compatible = "zmk,keymap";
    
                    default_layer {
                        bindings = <
                            &kp A &kp B &kp C
                            &kp D &kp E &kp F
                        >;
                    };
                };
            };
        """
        )
    
        with tempfile.TemporaryDirectory() as tmpdir:
            # Create temporary input and output files
            input_file = Path(tmpdir) / "input.zmk"
            output_file = Path(tmpdir) / "output.kbd"
    
            # Write input content
            with open(input_file, "w") as f:
                f.write(zmk_content)
    
            # Run the conversion
>           exit_code = main([str(input_file), str(output_file)])

converter/tests/integration/end_to_end/test_end_to_end.py:43: 
_ _ _ _ _ _ _ _ _ _ _ _ _ _ _ _ _ _ _ _ _ _ _ _ _ _ _ _ _ _ _ _ _ _ _ _ _ _ _ _ 

args = ['/var/folders/0s/42v7yl697hn0l1cdnx0vrvyr0000gn/T/tmpztzy33te/input.zmk', '/var/folders/0s/42v7yl697hn0l1cdnx0vrvyr0000gn/T/tmpztzy33te/output.kbd']

    def main(args=None):
        """Main entry point for the CLI and programmatic use."""
        parser = argparse.ArgumentParser(description="Convert ZMK keymap to Kanata format")
        parser.add_argument("input_file", help="Path to the input ZMK keymap file")
        parser.add_argument("output_file", help="Path to the output Kanata file")
        parser.add_argument(
            "-v", "--verbose", help="Enable verbose output", action="store_true"
        )
        parser.add_argument(
            "--mac",
            help="Use Mac-specific modifiers (GUI becomes CMD)",
            action="store_true",
        )
        parser.add_argument(
            "--version", help="Show version information", action="store_true"
        )
        args_parsed = parser.parse_args(args)
    
        if args_parsed.version:
            print("ZMK to Kanata Converter v1.0.0")
            sys.exit(0)
    
        # Set up error manager
        error_manager = ErrorManager(verbose=args_parsed.verbose)
    
        try:
            # Read input file
            with open(args_parsed.input_file, "r") as f:
                zmk_content = f.read()
    
            # Convert ZMK to Kanata
            kanata_config, metadata = convert_zmk_to_kanata(
                zmk_content=zmk_content,
                output_path=args_parsed.output_file,
                error_manager=error_manager,
                is_mac=args_parsed.mac,
            )
    
            # Write to output file
            with open(args_parsed.output_file, "w") as f:
                f.write(kanata_config)
    
            # Print any errors or warnings
            if error_manager.has_errors(ErrorSeverity.WARNING):
                for error in error_manager.get_errors(ErrorSeverity.WARNING):
                    print(f"WARNING: {error}", file=sys.stderr)
    
            if error_manager.has_errors(ErrorSeverity.ERROR):
                for error in error_manager.get_errors(ErrorSeverity.ERROR):
                    print(f"ERROR: {error}", file=sys.stderr)
                sys.exit(1)
    
        except Exception as e:
            print(f"ERROR: {str(e)}", file=sys.stderr)
            if args_parsed.verbose:
                import traceback
    
                traceback.print_exc()
>           sys.exit(1)
E           SystemExit: 1

converter/main.py:119: SystemExit
----------------------------- Captured stderr call -----------------------------
ERROR: ERROR: [converter] - Error during conversion: Failed to parse ZMK file: No layers found in ZMK file
------------------------------ Captured log call -------------------------------
WARNING  root:keymap_model.py:77 Key validation failed for '}': Invalid key: }
WARNING  root:keymap_model.py:77 Key validation failed for '}': Invalid key: }
WARNING  root:keymap_model.py:77 Key validation failed for '}': Invalid key: }
ERROR    converter.error_handling.error_manager:error_manager.py:147 ERROR: [converter] - Error during conversion: Failed to parse ZMK file: No layers found in ZMK file
_______________________ test_complex_binding_conversion ________________________

self = <converter.parser.zmk_parser.ZMKParser object at 0x102d66860>
file_path_or_content = PosixPath('/var/folders/0s/42v7yl697hn0l1cdnx0vrvyr0000gn/T/tmpf0gfqe5o/input.zmk')

    def parse(self, file_path_or_content: Union[Path, str]) -> KeymapConfig:
        """Parse a ZMK keymap file or content string.
    
        Args:
            file_path_or_content: Either a Path object to the keymap file or the content as a string.
    
        Returns:
            A KeymapConfig object containing the parsed keymap.
    
        Raises:
            ParserError: If there are any parsing errors.
        """
        try:
            # Determine if input is a Path or content string
            if isinstance(file_path_or_content, Path):
                # Input is a Path - read the file
                content = file_path_or_content.read_text()
                logger.debug("Parsing ZMK file: %s", file_path_or_content)
            else:
                # Input is a string - use directly
                content = file_path_or_content
                logger.debug("Parsing ZMK content from string")
    
            # Process file line by line
            lines = content.split('\n')
            idx = 0
            while idx < len(lines):
                self.logger.debug(f"[DEBUG] Main loop before line {idx+1}: state={self.state}")
                line = lines[idx].strip()
    
                if not line or line.startswith('//'):
                    self.current_line += 1
                    idx += 1
                    continue
    
                reparsed = False
                while True:
                    result = self._parse_line_with_reparse(line)
                    if result == 'REPARSE':
                        if reparsed:
                            self.logger.error(f"[ERROR] Infinite reparsing detected at line {self.current_line}: {line}")
                            break
                        reparsed = True
                        continue
                    break
                self.current_line += 1
                idx += 1
    
            if not self.layers:
>               raise ValueError("No layers found in ZMK file")
E               ValueError: No layers found in ZMK file

converter/parser/zmk_parser.py:173: ValueError

The above exception was the direct cause of the following exception:

zmk_content = PosixPath('/var/folders/0s/42v7yl697hn0l1cdnx0vrvyr0000gn/T/tmpf0gfqe5o/input.zmk')
output_path = PosixPath('/var/folders/0s/42v7yl697hn0l1cdnx0vrvyr0000gn/T/tmpf0gfqe5o/output.kbd')
error_manager = None, is_mac = False

    def convert_zmk_to_kanata(
        zmk_content: str,
        output_path: Optional[str] = None,
        error_manager: Optional[ErrorManager] = None,
        is_mac: bool = False,
    ) -> Tuple[str, Dict[str, Any]]:
        """Convert ZMK keymap to Kanata format.
    
        Args:
            zmk_content: Content of the ZMK keymap file
            output_path: Optional path to write the Kanata config to
            error_manager: Optional error manager for reporting issues
            is_mac: Whether to use Mac-specific modifiers
    
        Returns:
            Tuple of (Kanata config string, metadata dict)
    
        Raises:
            Exception: If there's an error during conversion
        """
        # Set up error manager
        if error_manager:
            set_error_manager(error_manager)
        else:
            set_error_manager(ErrorManager())
    
        error_mgr = get_error_manager()
    
        try:
            # Parse ZMK keymap
            parser = ZMKParser()
>           keymap_config = parser.parse(
                zmk_content
            )  # Now directly passes the content string

converter/zmk_to_kanata.py:48: 
_ _ _ _ _ _ _ _ _ _ _ _ _ _ _ _ _ _ _ _ _ _ _ _ _ _ _ _ _ _ _ _ _ _ _ _ _ _ _ _ 

self = <converter.parser.zmk_parser.ZMKParser object at 0x102d66860>
file_path_or_content = PosixPath('/var/folders/0s/42v7yl697hn0l1cdnx0vrvyr0000gn/T/tmpf0gfqe5o/input.zmk')

    def parse(self, file_path_or_content: Union[Path, str]) -> KeymapConfig:
        """Parse a ZMK keymap file or content string.
    
        Args:
            file_path_or_content: Either a Path object to the keymap file or the content as a string.
    
        Returns:
            A KeymapConfig object containing the parsed keymap.
    
        Raises:
            ParserError: If there are any parsing errors.
        """
        try:
            # Determine if input is a Path or content string
            if isinstance(file_path_or_content, Path):
                # Input is a Path - read the file
                content = file_path_or_content.read_text()
                logger.debug("Parsing ZMK file: %s", file_path_or_content)
            else:
                # Input is a string - use directly
                content = file_path_or_content
                logger.debug("Parsing ZMK content from string")
    
            # Process file line by line
            lines = content.split('\n')
            idx = 0
            while idx < len(lines):
                self.logger.debug(f"[DEBUG] Main loop before line {idx+1}: state={self.state}")
                line = lines[idx].strip()
    
                if not line or line.startswith('//'):
                    self.current_line += 1
                    idx += 1
                    continue
    
                reparsed = False
                while True:
                    result = self._parse_line_with_reparse(line)
                    if result == 'REPARSE':
                        if reparsed:
                            self.logger.error(f"[ERROR] Infinite reparsing detected at line {self.current_line}: {line}")
                            break
                        reparsed = True
                        continue
                    break
                self.current_line += 1
                idx += 1
    
            if not self.layers:
                raise ValueError("No layers found in ZMK file")
    
            return KeymapConfig(
                global_settings=self.global_settings_parser.finish(),
                layers=self.layers
            )
        except ParserError as e:
            raise e
        except Exception as e:
>           raise ParserError(f"Failed to parse ZMK file: {e}") from e
E           converter.parser.parser_error.ParserError: Failed to parse ZMK file: No layers found in ZMK file

converter/parser/zmk_parser.py:182: ParserError

During handling of the above exception, another exception occurred:

    def test_complex_binding_conversion():
        """Test end-to-end conversion with complex bindings."""
        zmk_content = dedent(
            """
            / {
                keymap {
                    compatible = "zmk,keymap";
    
                    default_layer {
                        bindings = <
                            &lt 1 A &mt LSHIFT B &kp C
                            &mo 2 &tog 3 &to 1
                        >;
                    };
    
                    layer_1 {
                        bindings = <
                            &kp X &kp Y &kp Z
                            &trans &trans &trans
                        >;
                    };
                };
            };
        """
        )
    
        with tempfile.TemporaryDirectory() as tmpdir:
            # Create temporary input and output files
            input_file = Path(tmpdir) / "input.zmk"
            output_file = Path(tmpdir) / "output.kbd"
    
            # Write input content
            with open(input_file, "w") as f:
                f.write(zmk_content)
    
            # Run the conversion
>           result = convert_zmk_to_kanata(input_file, output_file)

converter/tests/integration/end_to_end/test_end_to_end.py:95: 
_ _ _ _ _ _ _ _ _ _ _ _ _ _ _ _ _ _ _ _ _ _ _ _ _ _ _ _ _ _ _ _ _ _ _ _ _ _ _ _ 
converter/zmk_to_kanata.py:72: in convert_zmk_to_kanata
    error_mgr.add_error(
_ _ _ _ _ _ _ _ _ _ _ _ _ _ _ _ _ _ _ _ _ _ _ _ _ _ _ _ _ _ _ _ _ _ _ _ _ _ _ _ 

self = <converter.error_handling.error_manager.ErrorManager object at 0x102d64eb0>
message = 'Error during conversion: Failed to parse ZMK file: No layers found in ZMK file'
source = 'converter', severity = <ErrorSeverity.ERROR: 3>, line_number = None
column = None, context = None
exception = ParserError('Failed to parse ZMK file: No layers found in ZMK file')
raise_immediately = True

    def add_error(
        self,
        message: str,
        source: str,
        severity: ErrorSeverity,
        line_number: Optional[int] = None,
        column: Optional[int] = None,
        context: Optional[Dict[str, Any]] = None,
        exception: Optional[Exception] = None,
        raise_immediately: bool = False,
    ) -> None:
        """Add an error to the error manager.
    
        Args:
            message: The error message
            source: The source of the error (e.g., module name)
            severity: The severity of the error
            line_number: Optional line number where the error occurred
            column: Optional column where the error occurred
            context: Optional context dictionary with additional information
            exception: Optional exception object that caused the error
            raise_immediately: Whether to raise the error immediately
    
        Raises:
            Exception: If severity >= raise_threshold and raise_immediately
                is True
        """
        # Get traceback if exception is provided
        traceback_info = None
        if exception and self.verbose:
            traceback_info = "".join(
                traceback.format_exception(
                    type(exception), exception, exception.__traceback__
                )
            )
    
        # Create error object
        error = ConversionError(
            message=message,
            source=source,
            severity=severity,
            line_number=line_number,
            column=column,
            context=context,
            traceback_info=traceback_info,
        )
    
        # Add to the list of errors
        self.errors.append(error)
    
        # Log the error based on severity
        self._log_error(error)
    
        # Raise immediately if requested and severity is high enough
        if raise_immediately and severity.value >= self.raise_threshold.value:
>           raise Exception(str(error))
E           Exception: ERROR: [converter] - Error during conversion: Failed to parse ZMK file: No layers found in ZMK file

converter/error_handling/error_manager.py:130: Exception
------------------------------ Captured log call -------------------------------
WARNING  root:keymap_model.py:77 Key validation failed for 'lt 1 A': Invalid key: lt 1 A
WARNING  root:keymap_model.py:77 Key validation failed for 'tog 3': Invalid key: tog 3
WARNING  root:keymap_model.py:77 Key validation failed for '}': Invalid key: }
WARNING  root:keymap_model.py:77 Key validation failed for 'layer_1 {': Invalid key: layer_1 {
WARNING  root:keymap_model.py:77 Key validation failed for '}': Invalid key: }
WARNING  root:keymap_model.py:77 Key validation failed for '}': Invalid key: }
WARNING  root:keymap_model.py:77 Key validation failed for '}': Invalid key: }
ERROR    converter.error_handling.error_manager:error_manager.py:147 ERROR: [converter] - Error during conversion: Failed to parse ZMK file: No layers found in ZMK file
____________________________ test_macro_conversion _____________________________

self = <converter.parser.zmk_parser.ZMKParser object at 0x102df93c0>
file_path_or_content = PosixPath('/var/folders/0s/42v7yl697hn0l1cdnx0vrvyr0000gn/T/tmpohwg1ahk/input.zmk')

    def parse(self, file_path_or_content: Union[Path, str]) -> KeymapConfig:
        """Parse a ZMK keymap file or content string.
    
        Args:
            file_path_or_content: Either a Path object to the keymap file or the content as a string.
    
        Returns:
            A KeymapConfig object containing the parsed keymap.
    
        Raises:
            ParserError: If there are any parsing errors.
        """
        try:
            # Determine if input is a Path or content string
            if isinstance(file_path_or_content, Path):
                # Input is a Path - read the file
                content = file_path_or_content.read_text()
                logger.debug("Parsing ZMK file: %s", file_path_or_content)
            else:
                # Input is a string - use directly
                content = file_path_or_content
                logger.debug("Parsing ZMK content from string")
    
            # Process file line by line
            lines = content.split('\n')
            idx = 0
            while idx < len(lines):
                self.logger.debug(f"[DEBUG] Main loop before line {idx+1}: state={self.state}")
                line = lines[idx].strip()
    
                if not line or line.startswith('//'):
                    self.current_line += 1
                    idx += 1
                    continue
    
                reparsed = False
                while True:
                    result = self._parse_line_with_reparse(line)
                    if result == 'REPARSE':
                        if reparsed:
                            self.logger.error(f"[ERROR] Infinite reparsing detected at line {self.current_line}: {line}")
                            break
                        reparsed = True
                        continue
                    break
                self.current_line += 1
                idx += 1
    
            if not self.layers:
>               raise ValueError("No layers found in ZMK file")
E               ValueError: No layers found in ZMK file

converter/parser/zmk_parser.py:173: ValueError

The above exception was the direct cause of the following exception:

zmk_content = PosixPath('/var/folders/0s/42v7yl697hn0l1cdnx0vrvyr0000gn/T/tmpohwg1ahk/input.zmk')
output_path = PosixPath('/var/folders/0s/42v7yl697hn0l1cdnx0vrvyr0000gn/T/tmpohwg1ahk/output.kbd')
error_manager = None, is_mac = False

    def convert_zmk_to_kanata(
        zmk_content: str,
        output_path: Optional[str] = None,
        error_manager: Optional[ErrorManager] = None,
        is_mac: bool = False,
    ) -> Tuple[str, Dict[str, Any]]:
        """Convert ZMK keymap to Kanata format.
    
        Args:
            zmk_content: Content of the ZMK keymap file
            output_path: Optional path to write the Kanata config to
            error_manager: Optional error manager for reporting issues
            is_mac: Whether to use Mac-specific modifiers
    
        Returns:
            Tuple of (Kanata config string, metadata dict)
    
        Raises:
            Exception: If there's an error during conversion
        """
        # Set up error manager
        if error_manager:
            set_error_manager(error_manager)
        else:
            set_error_manager(ErrorManager())
    
        error_mgr = get_error_manager()
    
        try:
            # Parse ZMK keymap
            parser = ZMKParser()
>           keymap_config = parser.parse(
                zmk_content
            )  # Now directly passes the content string

converter/zmk_to_kanata.py:48: 
_ _ _ _ _ _ _ _ _ _ _ _ _ _ _ _ _ _ _ _ _ _ _ _ _ _ _ _ _ _ _ _ _ _ _ _ _ _ _ _ 

self = <converter.parser.zmk_parser.ZMKParser object at 0x102df93c0>
file_path_or_content = PosixPath('/var/folders/0s/42v7yl697hn0l1cdnx0vrvyr0000gn/T/tmpohwg1ahk/input.zmk')

    def parse(self, file_path_or_content: Union[Path, str]) -> KeymapConfig:
        """Parse a ZMK keymap file or content string.
    
        Args:
            file_path_or_content: Either a Path object to the keymap file or the content as a string.
    
        Returns:
            A KeymapConfig object containing the parsed keymap.
    
        Raises:
            ParserError: If there are any parsing errors.
        """
        try:
            # Determine if input is a Path or content string
            if isinstance(file_path_or_content, Path):
                # Input is a Path - read the file
                content = file_path_or_content.read_text()
                logger.debug("Parsing ZMK file: %s", file_path_or_content)
            else:
                # Input is a string - use directly
                content = file_path_or_content
                logger.debug("Parsing ZMK content from string")
    
            # Process file line by line
            lines = content.split('\n')
            idx = 0
            while idx < len(lines):
                self.logger.debug(f"[DEBUG] Main loop before line {idx+1}: state={self.state}")
                line = lines[idx].strip()
    
                if not line or line.startswith('//'):
                    self.current_line += 1
                    idx += 1
                    continue
    
                reparsed = False
                while True:
                    result = self._parse_line_with_reparse(line)
                    if result == 'REPARSE':
                        if reparsed:
                            self.logger.error(f"[ERROR] Infinite reparsing detected at line {self.current_line}: {line}")
                            break
                        reparsed = True
                        continue
                    break
                self.current_line += 1
                idx += 1
    
            if not self.layers:
                raise ValueError("No layers found in ZMK file")
    
            return KeymapConfig(
                global_settings=self.global_settings_parser.finish(),
                layers=self.layers
            )
        except ParserError as e:
            raise e
        except Exception as e:
>           raise ParserError(f"Failed to parse ZMK file: {e}") from e
E           converter.parser.parser_error.ParserError: Failed to parse ZMK file: No layers found in ZMK file

converter/parser/zmk_parser.py:182: ParserError

During handling of the above exception, another exception occurred:

    def test_macro_conversion():
        """Test end-to-end conversion with macros."""
        zmk_content = dedent(
            """
            / {
                macros {
                    test_macro: test_macro {
                        label = "test macro";
                        compatible = "zmk,behavior-macro";
                        #binding-cells = <0>;
                        bindings = <&kp A &kp B &kp C>;
                    };
    
                    param_macro: param_macro {
                        label = "parameterized macro";
                        compatible = "zmk,behavior-macro-two-param";
                        #binding-cells = <2>;
                        bindings = <&macro_param_1to1>, <&macro_param_2to1>;
                    };
                };
    
                keymap {
                    compatible = "zmk,keymap";
    
                    default_layer {
                        bindings = <
                            &test_macro &param_macro 1 2 &kp C
                        >;
                    };
                };
            };
        """
        )
    
        with tempfile.TemporaryDirectory() as tmpdir:
            # Create temporary input and output files
            input_file = Path(tmpdir) / "input.zmk"
            output_file = Path(tmpdir) / "output.kbd"
    
            # Write input content
            with open(input_file, "w") as f:
                f.write(zmk_content)
    
            # Run the conversion
>           result = convert_zmk_to_kanata(input_file, output_file)

converter/tests/integration/end_to_end/test_end_to_end.py:158: 
_ _ _ _ _ _ _ _ _ _ _ _ _ _ _ _ _ _ _ _ _ _ _ _ _ _ _ _ _ _ _ _ _ _ _ _ _ _ _ _ 
converter/zmk_to_kanata.py:72: in convert_zmk_to_kanata
    error_mgr.add_error(
_ _ _ _ _ _ _ _ _ _ _ _ _ _ _ _ _ _ _ _ _ _ _ _ _ _ _ _ _ _ _ _ _ _ _ _ _ _ _ _ 

self = <converter.error_handling.error_manager.ErrorManager object at 0x102df8100>
message = 'Error during conversion: Failed to parse ZMK file: No layers found in ZMK file'
source = 'converter', severity = <ErrorSeverity.ERROR: 3>, line_number = None
column = None, context = None
exception = ParserError('Failed to parse ZMK file: No layers found in ZMK file')
raise_immediately = True

    def add_error(
        self,
        message: str,
        source: str,
        severity: ErrorSeverity,
        line_number: Optional[int] = None,
        column: Optional[int] = None,
        context: Optional[Dict[str, Any]] = None,
        exception: Optional[Exception] = None,
        raise_immediately: bool = False,
    ) -> None:
        """Add an error to the error manager.
    
        Args:
            message: The error message
            source: The source of the error (e.g., module name)
            severity: The severity of the error
            line_number: Optional line number where the error occurred
            column: Optional column where the error occurred
            context: Optional context dictionary with additional information
            exception: Optional exception object that caused the error
            raise_immediately: Whether to raise the error immediately
    
        Raises:
            Exception: If severity >= raise_threshold and raise_immediately
                is True
        """
        # Get traceback if exception is provided
        traceback_info = None
        if exception and self.verbose:
            traceback_info = "".join(
                traceback.format_exception(
                    type(exception), exception, exception.__traceback__
                )
            )
    
        # Create error object
        error = ConversionError(
            message=message,
            source=source,
            severity=severity,
            line_number=line_number,
            column=column,
            context=context,
            traceback_info=traceback_info,
        )
    
        # Add to the list of errors
        self.errors.append(error)
    
        # Log the error based on severity
        self._log_error(error)
    
        # Raise immediately if requested and severity is high enough
        if raise_immediately and severity.value >= self.raise_threshold.value:
>           raise Exception(str(error))
E           Exception: ERROR: [converter] - Error during conversion: Failed to parse ZMK file: No layers found in ZMK file

converter/error_handling/error_manager.py:130: Exception
------------------------------ Captured log call -------------------------------
WARNING  root:keymap_model.py:77 Key validation failed for 'test_macro': Invalid key: test_macro
WARNING  root:keymap_model.py:77 Key validation failed for 'param_macro 1 2': Invalid key: param_macro 1 2
WARNING  root:keymap_model.py:77 Key validation failed for '}': Invalid key: }
WARNING  root:keymap_model.py:77 Key validation failed for '}': Invalid key: }
WARNING  root:keymap_model.py:77 Key validation failed for '}': Invalid key: }
ERROR    converter.error_handling.error_manager:error_manager.py:147 ERROR: [converter] - Error during conversion: Failed to parse ZMK file: No layers found in ZMK file
_____________________________ test_error_recovery ______________________________

    def test_error_recovery():
        """Test end-to-end conversion with error recovery."""
        zmk_content = dedent(
            """
            / {
                keymap {
                    compatible = "zmk,keymap";
    
                    default_layer {
                        bindings = <
                            &kp A &invalid B &kp C
                            &lt INVALID D &kp E &kp F
                        >;
                    };
                };
            };
        """
        )
    
        with tempfile.TemporaryDirectory() as tmpdir:
            # Create temporary input and output files
            input_file = Path(tmpdir) / "input.zmk"
            output_file = Path(tmpdir) / "output.kbd"
    
            # Write input content
            with open(input_file, "w") as f:
                f.write(zmk_content)
    
            # Run the conversion with error recovery
>           result = convert_zmk_to_kanata(input_file, output_file, recover_errors=True)
E           TypeError: convert_zmk_to_kanata() got an unexpected keyword argument 'recover_errors'

converter/tests/integration/end_to_end/test_end_to_end.py:204: TypeError
________________________ test_multiple_layer_conversion ________________________

zmk_content = PosixPath('/var/folders/0s/42v7yl697hn0l1cdnx0vrvyr0000gn/T/tmpy_hubixo/input.zmk')
output_path = PosixPath('/var/folders/0s/42v7yl697hn0l1cdnx0vrvyr0000gn/T/tmpy_hubixo/output.kbd')
error_manager = None, is_mac = False

    def convert_zmk_to_kanata(
        zmk_content: str,
        output_path: Optional[str] = None,
        error_manager: Optional[ErrorManager] = None,
        is_mac: bool = False,
    ) -> Tuple[str, Dict[str, Any]]:
        """Convert ZMK keymap to Kanata format.
    
        Args:
            zmk_content: Content of the ZMK keymap file
            output_path: Optional path to write the Kanata config to
            error_manager: Optional error manager for reporting issues
            is_mac: Whether to use Mac-specific modifiers
    
        Returns:
            Tuple of (Kanata config string, metadata dict)
    
        Raises:
            Exception: If there's an error during conversion
        """
        # Set up error manager
        if error_manager:
            set_error_manager(error_manager)
        else:
            set_error_manager(ErrorManager())
    
        error_mgr = get_error_manager()
    
        try:
            # Parse ZMK keymap
            parser = ZMKParser()
            keymap_config = parser.parse(
                zmk_content
            )  # Now directly passes the content string
    
            # Transform to Kanata format
            transformer = KanataTransformer(is_mac=is_mac)
    
            # Convert directly using the transformer
            kanata_config = transformer.transform(keymap_config)
    
            # Write to file if output path is provided
            if output_path:
                Path(output_path).write_text(kanata_config)
    
            # Prepare metadata
            metadata = {
                "layer_count": len(keymap_config.layers),
>               "source_size": len(zmk_content),
                "output_size": len(kanata_config),
                "is_mac": is_mac,
            }
E           TypeError: object of type 'PosixPath' has no len()

converter/zmk_to_kanata.py:65: TypeError

During handling of the above exception, another exception occurred:

    def test_multiple_layer_conversion():
        """Test end-to-end conversion with multiple layers."""
        zmk_content = dedent(
            """
            / {
                keymap {
                    compatible = "zmk,keymap";
    
                    default_layer {
                        bindings = <
                            &kp A &kp B &kp C
                        >;
                    };
    
                    nav_layer {
                        bindings = <
                            &kp LEFT &kp DOWN &kp RIGHT
                        >;
                    };
    
                    sym_layer {
                        bindings = <
                            &kp EXCL &kp AT &kp HASH
                        >;
                    };
                };
            };
        """
        )
    
        with tempfile.TemporaryDirectory() as tmpdir:
            # Create temporary input and output files
            input_file = Path(tmpdir) / "input.zmk"
            output_file = Path(tmpdir) / "output.kbd"
    
            # Write input content
            with open(input_file, "w") as f:
                f.write(zmk_content)
    
            # Run the conversion
>           result = convert_zmk_to_kanata(input_file, output_file)

converter/tests/integration/end_to_end/test_end_to_end.py:262: 
_ _ _ _ _ _ _ _ _ _ _ _ _ _ _ _ _ _ _ _ _ _ _ _ _ _ _ _ _ _ _ _ _ _ _ _ _ _ _ _ 
converter/zmk_to_kanata.py:72: in convert_zmk_to_kanata
    error_mgr.add_error(
_ _ _ _ _ _ _ _ _ _ _ _ _ _ _ _ _ _ _ _ _ _ _ _ _ _ _ _ _ _ _ _ _ _ _ _ _ _ _ _ 

self = <converter.error_handling.error_manager.ErrorManager object at 0x102573e80>
message = "Error during conversion: object of type 'PosixPath' has no len()"
source = 'converter', severity = <ErrorSeverity.ERROR: 3>, line_number = None
column = None, context = None
exception = TypeError("object of type 'PosixPath' has no len()")
raise_immediately = True

    def add_error(
        self,
        message: str,
        source: str,
        severity: ErrorSeverity,
        line_number: Optional[int] = None,
        column: Optional[int] = None,
        context: Optional[Dict[str, Any]] = None,
        exception: Optional[Exception] = None,
        raise_immediately: bool = False,
    ) -> None:
        """Add an error to the error manager.
    
        Args:
            message: The error message
            source: The source of the error (e.g., module name)
            severity: The severity of the error
            line_number: Optional line number where the error occurred
            column: Optional column where the error occurred
            context: Optional context dictionary with additional information
            exception: Optional exception object that caused the error
            raise_immediately: Whether to raise the error immediately
    
        Raises:
            Exception: If severity >= raise_threshold and raise_immediately
                is True
        """
        # Get traceback if exception is provided
        traceback_info = None
        if exception and self.verbose:
            traceback_info = "".join(
                traceback.format_exception(
                    type(exception), exception, exception.__traceback__
                )
            )
    
        # Create error object
        error = ConversionError(
            message=message,
            source=source,
            severity=severity,
            line_number=line_number,
            column=column,
            context=context,
            traceback_info=traceback_info,
        )
    
        # Add to the list of errors
        self.errors.append(error)
    
        # Log the error based on severity
        self._log_error(error)
    
        # Raise immediately if requested and severity is high enough
        if raise_immediately and severity.value >= self.raise_threshold.value:
>           raise Exception(str(error))
E           Exception: ERROR: [converter] - Error during conversion: object of type 'PosixPath' has no len()

converter/error_handling/error_manager.py:130: Exception
------------------------------ Captured log call -------------------------------
WARNING  root:keymap_model.py:77 Key validation failed for '}': Invalid key: }
WARNING  root:keymap_model.py:77 Key validation failed for '}': Invalid key: }
WARNING  root:keymap_model.py:77 Key validation failed for '}': Invalid key: }
WARNING  root:keymap_model.py:77 Key validation failed for '}': Invalid key: }
WARNING  root:keymap_model.py:77 Key validation failed for '}': Invalid key: }
ERROR    converter.error_handling.error_manager:error_manager.py:147 ERROR: [converter] - Error during conversion: object of type 'PosixPath' has no len()
_____________________________ test_global_settings _____________________________

self = <converter.parser.zmk_parser.ZMKParser object at 0x102d80b50>
file_path_or_content = PosixPath('/var/folders/0s/42v7yl697hn0l1cdnx0vrvyr0000gn/T/tmpcknt6zsl/input.zmk')

    def parse(self, file_path_or_content: Union[Path, str]) -> KeymapConfig:
        """Parse a ZMK keymap file or content string.
    
        Args:
            file_path_or_content: Either a Path object to the keymap file or the content as a string.
    
        Returns:
            A KeymapConfig object containing the parsed keymap.
    
        Raises:
            ParserError: If there are any parsing errors.
        """
        try:
            # Determine if input is a Path or content string
            if isinstance(file_path_or_content, Path):
                # Input is a Path - read the file
                content = file_path_or_content.read_text()
                logger.debug("Parsing ZMK file: %s", file_path_or_content)
            else:
                # Input is a string - use directly
                content = file_path_or_content
                logger.debug("Parsing ZMK content from string")
    
            # Process file line by line
            lines = content.split('\n')
            idx = 0
            while idx < len(lines):
                self.logger.debug(f"[DEBUG] Main loop before line {idx+1}: state={self.state}")
                line = lines[idx].strip()
    
                if not line or line.startswith('//'):
                    self.current_line += 1
                    idx += 1
                    continue
    
                reparsed = False
                while True:
                    result = self._parse_line_with_reparse(line)
                    if result == 'REPARSE':
                        if reparsed:
                            self.logger.error(f"[ERROR] Infinite reparsing detected at line {self.current_line}: {line}")
                            break
                        reparsed = True
                        continue
                    break
                self.current_line += 1
                idx += 1
    
            if not self.layers:
>               raise ValueError("No layers found in ZMK file")
E               ValueError: No layers found in ZMK file

converter/parser/zmk_parser.py:173: ValueError

The above exception was the direct cause of the following exception:

zmk_content = PosixPath('/var/folders/0s/42v7yl697hn0l1cdnx0vrvyr0000gn/T/tmpcknt6zsl/input.zmk')
output_path = PosixPath('/var/folders/0s/42v7yl697hn0l1cdnx0vrvyr0000gn/T/tmpcknt6zsl/output.kbd')
error_manager = None, is_mac = False

    def convert_zmk_to_kanata(
        zmk_content: str,
        output_path: Optional[str] = None,
        error_manager: Optional[ErrorManager] = None,
        is_mac: bool = False,
    ) -> Tuple[str, Dict[str, Any]]:
        """Convert ZMK keymap to Kanata format.
    
        Args:
            zmk_content: Content of the ZMK keymap file
            output_path: Optional path to write the Kanata config to
            error_manager: Optional error manager for reporting issues
            is_mac: Whether to use Mac-specific modifiers
    
        Returns:
            Tuple of (Kanata config string, metadata dict)
    
        Raises:
            Exception: If there's an error during conversion
        """
        # Set up error manager
        if error_manager:
            set_error_manager(error_manager)
        else:
            set_error_manager(ErrorManager())
    
        error_mgr = get_error_manager()
    
        try:
            # Parse ZMK keymap
            parser = ZMKParser()
>           keymap_config = parser.parse(
                zmk_content
            )  # Now directly passes the content string

converter/zmk_to_kanata.py:48: 
_ _ _ _ _ _ _ _ _ _ _ _ _ _ _ _ _ _ _ _ _ _ _ _ _ _ _ _ _ _ _ _ _ _ _ _ _ _ _ _ 

self = <converter.parser.zmk_parser.ZMKParser object at 0x102d80b50>
file_path_or_content = PosixPath('/var/folders/0s/42v7yl697hn0l1cdnx0vrvyr0000gn/T/tmpcknt6zsl/input.zmk')

    def parse(self, file_path_or_content: Union[Path, str]) -> KeymapConfig:
        """Parse a ZMK keymap file or content string.
    
        Args:
            file_path_or_content: Either a Path object to the keymap file or the content as a string.
    
        Returns:
            A KeymapConfig object containing the parsed keymap.
    
        Raises:
            ParserError: If there are any parsing errors.
        """
        try:
            # Determine if input is a Path or content string
            if isinstance(file_path_or_content, Path):
                # Input is a Path - read the file
                content = file_path_or_content.read_text()
                logger.debug("Parsing ZMK file: %s", file_path_or_content)
            else:
                # Input is a string - use directly
                content = file_path_or_content
                logger.debug("Parsing ZMK content from string")
    
            # Process file line by line
            lines = content.split('\n')
            idx = 0
            while idx < len(lines):
                self.logger.debug(f"[DEBUG] Main loop before line {idx+1}: state={self.state}")
                line = lines[idx].strip()
    
                if not line or line.startswith('//'):
                    self.current_line += 1
                    idx += 1
                    continue
    
                reparsed = False
                while True:
                    result = self._parse_line_with_reparse(line)
                    if result == 'REPARSE':
                        if reparsed:
                            self.logger.error(f"[ERROR] Infinite reparsing detected at line {self.current_line}: {line}")
                            break
                        reparsed = True
                        continue
                    break
                self.current_line += 1
                idx += 1
    
            if not self.layers:
                raise ValueError("No layers found in ZMK file")
    
            return KeymapConfig(
                global_settings=self.global_settings_parser.finish(),
                layers=self.layers
            )
        except ParserError as e:
            raise e
        except Exception as e:
>           raise ParserError(f"Failed to parse ZMK file: {e}") from e
E           converter.parser.parser_error.ParserError: Failed to parse ZMK file: No layers found in ZMK file

converter/parser/zmk_parser.py:182: ParserError

During handling of the above exception, another exception occurred:

    def test_global_settings():
        """Test end-to-end conversion with global settings."""
        zmk_content = dedent(
            """
            / {
                chosen {
                    zmk,matrix_transform = &default_transform;
                };
    
                keymap {
                    compatible = "zmk,keymap";
    
                    default_layer {
                        bindings = <
                            &kp A &kp B &kp C
                        >;
                    };
                };
            };
        """
        )
    
        with tempfile.TemporaryDirectory() as tmpdir:
            # Create temporary input and output files
            input_file = Path(tmpdir) / "input.zmk"
            output_file = Path(tmpdir) / "output.kbd"
    
            # Write input content
            with open(input_file, "w") as f:
                f.write(zmk_content)
    
            # Run the conversion
>           result = convert_zmk_to_kanata(input_file, output_file)

converter/tests/integration/end_to_end/test_end_to_end.py:313: 
_ _ _ _ _ _ _ _ _ _ _ _ _ _ _ _ _ _ _ _ _ _ _ _ _ _ _ _ _ _ _ _ _ _ _ _ _ _ _ _ 
converter/zmk_to_kanata.py:72: in convert_zmk_to_kanata
    error_mgr.add_error(
_ _ _ _ _ _ _ _ _ _ _ _ _ _ _ _ _ _ _ _ _ _ _ _ _ _ _ _ _ _ _ _ _ _ _ _ _ _ _ _ 

self = <converter.error_handling.error_manager.ErrorManager object at 0x102d81c90>
message = 'Error during conversion: Failed to parse ZMK file: No layers found in ZMK file'
source = 'converter', severity = <ErrorSeverity.ERROR: 3>, line_number = None
column = None, context = None
exception = ParserError('Failed to parse ZMK file: No layers found in ZMK file')
raise_immediately = True

    def add_error(
        self,
        message: str,
        source: str,
        severity: ErrorSeverity,
        line_number: Optional[int] = None,
        column: Optional[int] = None,
        context: Optional[Dict[str, Any]] = None,
        exception: Optional[Exception] = None,
        raise_immediately: bool = False,
    ) -> None:
        """Add an error to the error manager.
    
        Args:
            message: The error message
            source: The source of the error (e.g., module name)
            severity: The severity of the error
            line_number: Optional line number where the error occurred
            column: Optional column where the error occurred
            context: Optional context dictionary with additional information
            exception: Optional exception object that caused the error
            raise_immediately: Whether to raise the error immediately
    
        Raises:
            Exception: If severity >= raise_threshold and raise_immediately
                is True
        """
        # Get traceback if exception is provided
        traceback_info = None
        if exception and self.verbose:
            traceback_info = "".join(
                traceback.format_exception(
                    type(exception), exception, exception.__traceback__
                )
            )
    
        # Create error object
        error = ConversionError(
            message=message,
            source=source,
            severity=severity,
            line_number=line_number,
            column=column,
            context=context,
            traceback_info=traceback_info,
        )
    
        # Add to the list of errors
        self.errors.append(error)
    
        # Log the error based on severity
        self._log_error(error)
    
        # Raise immediately if requested and severity is high enough
        if raise_immediately and severity.value >= self.raise_threshold.value:
>           raise Exception(str(error))
E           Exception: ERROR: [converter] - Error during conversion: Failed to parse ZMK file: No layers found in ZMK file

converter/error_handling/error_manager.py:130: Exception
------------------------------ Captured log call -------------------------------
WARNING  root:keymap_model.py:77 Key validation failed for '}': Invalid key: }
WARNING  root:keymap_model.py:77 Key validation failed for '}': Invalid key: }
WARNING  root:keymap_model.py:77 Key validation failed for '}': Invalid key: }
ERROR    converter.error_handling.error_manager:error_manager.py:147 ERROR: [converter] - Error during conversion: Failed to parse ZMK file: No layers found in ZMK file
_________________________ test_corne_keymap_conversion _________________________

zmk_content = PosixPath('/var/folders/0s/42v7yl697hn0l1cdnx0vrvyr0000gn/T/tmp70g1ch0a/corne.zmk')
output_path = PosixPath('/var/folders/0s/42v7yl697hn0l1cdnx0vrvyr0000gn/T/tmp70g1ch0a/corne.kbd')
error_manager = None, is_mac = False

    def convert_zmk_to_kanata(
        zmk_content: str,
        output_path: Optional[str] = None,
        error_manager: Optional[ErrorManager] = None,
        is_mac: bool = False,
    ) -> Tuple[str, Dict[str, Any]]:
        """Convert ZMK keymap to Kanata format.
    
        Args:
            zmk_content: Content of the ZMK keymap file
            output_path: Optional path to write the Kanata config to
            error_manager: Optional error manager for reporting issues
            is_mac: Whether to use Mac-specific modifiers
    
        Returns:
            Tuple of (Kanata config string, metadata dict)
    
        Raises:
            Exception: If there's an error during conversion
        """
        # Set up error manager
        if error_manager:
            set_error_manager(error_manager)
        else:
            set_error_manager(ErrorManager())
    
        error_mgr = get_error_manager()
    
        try:
            # Parse ZMK keymap
            parser = ZMKParser()
            keymap_config = parser.parse(
                zmk_content
            )  # Now directly passes the content string
    
            # Transform to Kanata format
            transformer = KanataTransformer(is_mac=is_mac)
    
            # Convert directly using the transformer
            kanata_config = transformer.transform(keymap_config)
    
            # Write to file if output path is provided
            if output_path:
                Path(output_path).write_text(kanata_config)
    
            # Prepare metadata
            metadata = {
                "layer_count": len(keymap_config.layers),
>               "source_size": len(zmk_content),
                "output_size": len(kanata_config),
                "is_mac": is_mac,
            }
E           TypeError: object of type 'PosixPath' has no len()

converter/zmk_to_kanata.py:65: TypeError

During handling of the above exception, another exception occurred:

    def test_corne_keymap_conversion():
        """Test conversion of a real-world Corne keyboard ZMK keymap.
    
        This tests a common split keyboard layout with multiple layers.
        """
        zmk_content = dedent(
            """
            /*
             * Copyright (c) 2020 The ZMK Contributors
             *
             * SPDX-License-Identifier: MIT
             */
    
            #include <behaviors.dtsi>
            #include <dt-bindings/zmk/keys.h>
            #include <dt-bindings/zmk/bt.h>
    
            / {
                keymap {
                    compatible = "zmk,keymap";
    
                    default_layer {
                        // -----------------------------------------------------------------------------------------
                        // |  TAB |  Q  |  W  |  E  |  R  |  T  |   |  Y  |  U   |  I  |  O  |  P  | BKSP |
                        // | CTRL |  A  |  S  |  D  |  F  |  G  |   |  H  |  J   |  K  |  L  |  ;  |  '   |
                        // | SHFT |  Z  |  X  |  C  |  V  |  B  |   |  N  |  M   |  ,  |  .  |  /  | ESC  |
                        //                    | GUI | LWR | SPC |   | ENT | RSE  | ALT |
    
                        bindings = <
                            &kp TAB   &kp Q &kp W &kp E &kp R &kp T   &kp Y &kp U  &kp I     &kp O   &kp P    &kp BSPC
                            &kp LCTRL &kp A &kp S &kp D &kp F &kp G   &kp H &kp J  &kp K     &kp L   &kp SEMI &kp SQT
                            &kp LSHFT &kp Z &kp X &kp C &kp V &kp B   &kp N &kp M  &kp COMMA &kp DOT &kp FSLH &kp ESC
                                            &kp LGUI &mo 1 &kp SPACE   &kp RET &mo 2 &kp RALT
                        >;
                    };
    
                    lower_layer {
                        // -----------------------------------------------------------------------------------------
                        // |  TAB |  1  |  2  |  3  |  4  |  5  |   |  6  |  7  |  8  |  9  |  0  | BKSP |
                        // | BTCLR| BT1 | BT2 | BT3 | BT4 | BT5 |   | LFT | DWN |  UP | RGT |     |      |
                        // | SHFT |     |     |     |     |     |   |     |     |     |     |     |      |
                        //                    | GUI |     | SPC |   | ENT |     | ALT |
    
                        bindings = <
                            &kp TAB    &kp N1       &kp N2       &kp N3       &kp N4       &kp N5         &kp N6   &kp N7   &kp N8 &kp N9    &kp N0 &kp BSPC
                            &bt BT_CLR &bt BT_SEL 0 &bt BT_SEL 1 &bt BT_SEL 2 &bt BT_SEL 3 &bt BT_SEL 4   &kp LEFT &kp DOWN &kp UP &kp RIGHT &trans &trans
                            &kp LSHFT  &trans       &trans       &trans       &trans       &trans         &trans   &trans   &trans &trans    &trans &trans
                                                    &kp LGUI     &trans       &kp SPACE    &kp RET &trans &kp RALT
                        >;
                    };
    
                    raise_layer {
                        // -----------------------------------------------------------------------------------------
                        // |  TAB |  !  |  @  |  #  |  $  |  %  |   |  ^  |  &  |  *  |  (  |  )  | BKSP |
                        // | CTRL |     |     |     |     |     |   |  -  |  =  |  [  |  ]  |  \\  |  `   |
                        // | SHFT |     |     |     |     |     |   |  _  |  +  |  {  |  }  | "|" |  ~   |
                        //                    | GUI |     | SPC |   | ENT |     | ALT |
    
                        bindings = <
                            &kp TAB   &kp EXCL &kp AT &kp HASH &kp DLLR &kp PRCNT   &kp CARET &kp AMPS  &kp KP_MULTIPLY &kp LPAR &kp RPAR &kp BSPC
                            &kp LCTRL &trans   &trans &trans   &trans   &trans      &kp MINUS &kp EQUAL &kp LBKT        &kp RBKT &kp BSLH &kp GRAVE
                            &kp LSHFT &trans   &trans &trans   &trans   &trans      &kp UNDER &kp PLUS  &kp LBRC        &kp RBRC &kp PIPE &kp TILDE
                                                &kp LGUI &trans &kp SPACE   &kp RET &trans &kp RALT
                        >;
                    };
                };
            };
        """
        )
    
        with tempfile.TemporaryDirectory() as tmpdir:
            # Create temporary input and output files
            input_file = Path(tmpdir) / "corne.zmk"
            output_file = Path(tmpdir) / "corne.kbd"
    
            # Write input content
            with open(input_file, "w") as f:
                f.write(zmk_content)
    
            # Run the conversion
>           result = convert_zmk_to_kanata(input_file, output_file)

converter/tests/integration/end_to_end/test_real_world_examples.py:90: 
_ _ _ _ _ _ _ _ _ _ _ _ _ _ _ _ _ _ _ _ _ _ _ _ _ _ _ _ _ _ _ _ _ _ _ _ _ _ _ _ 
converter/zmk_to_kanata.py:72: in convert_zmk_to_kanata
    error_mgr.add_error(
_ _ _ _ _ _ _ _ _ _ _ _ _ _ _ _ _ _ _ _ _ _ _ _ _ _ _ _ _ _ _ _ _ _ _ _ _ _ _ _ 

self = <converter.error_handling.error_manager.ErrorManager object at 0x102ea4550>
message = "Error during conversion: object of type 'PosixPath' has no len()"
source = 'converter', severity = <ErrorSeverity.ERROR: 3>, line_number = None
column = None, context = None
exception = TypeError("object of type 'PosixPath' has no len()")
raise_immediately = True

    def add_error(
        self,
        message: str,
        source: str,
        severity: ErrorSeverity,
        line_number: Optional[int] = None,
        column: Optional[int] = None,
        context: Optional[Dict[str, Any]] = None,
        exception: Optional[Exception] = None,
        raise_immediately: bool = False,
    ) -> None:
        """Add an error to the error manager.
    
        Args:
            message: The error message
            source: The source of the error (e.g., module name)
            severity: The severity of the error
            line_number: Optional line number where the error occurred
            column: Optional column where the error occurred
            context: Optional context dictionary with additional information
            exception: Optional exception object that caused the error
            raise_immediately: Whether to raise the error immediately
    
        Raises:
            Exception: If severity >= raise_threshold and raise_immediately
                is True
        """
        # Get traceback if exception is provided
        traceback_info = None
        if exception and self.verbose:
            traceback_info = "".join(
                traceback.format_exception(
                    type(exception), exception, exception.__traceback__
                )
            )
    
        # Create error object
        error = ConversionError(
            message=message,
            source=source,
            severity=severity,
            line_number=line_number,
            column=column,
            context=context,
            traceback_info=traceback_info,
        )
    
        # Add to the list of errors
        self.errors.append(error)
    
        # Log the error based on severity
        self._log_error(error)
    
        # Raise immediately if requested and severity is high enough
        if raise_immediately and severity.value >= self.raise_threshold.value:
>           raise Exception(str(error))
E           Exception: ERROR: [converter] - Error during conversion: object of type 'PosixPath' has no len()

converter/error_handling/error_manager.py:130: Exception
------------------------------ Captured log call -------------------------------
WARNING  root:keymap_model.py:77 Key validation failed for 'SQT': Invalid key: SQT
WARNING  root:keymap_model.py:77 Key validation failed for 'LSHFT': Invalid key: LSHFT
WARNING  root:keymap_model.py:77 Key validation failed for '}': Invalid key: }
WARNING  root:keymap_model.py:77 Key validation failed for 'bt BT_CLR': Invalid key: bt BT_CLR
WARNING  root:keymap_model.py:77 Key validation failed for 'bt BT_SEL 0': Invalid key: bt BT_SEL 0
WARNING  root:keymap_model.py:77 Key validation failed for 'bt BT_SEL 1': Invalid key: bt BT_SEL 1
WARNING  root:keymap_model.py:77 Key validation failed for 'bt BT_SEL 2': Invalid key: bt BT_SEL 2
WARNING  root:keymap_model.py:77 Key validation failed for 'bt BT_SEL 3': Invalid key: bt BT_SEL 3
WARNING  root:keymap_model.py:77 Key validation failed for 'bt BT_SEL 4': Invalid key: bt BT_SEL 4
WARNING  root:keymap_model.py:77 Key validation failed for 'LSHFT': Invalid key: LSHFT
WARNING  root:keymap_model.py:77 Key validation failed for '}': Invalid key: }
WARNING  root:keymap_model.py:77 Key validation failed for 'LSHFT': Invalid key: LSHFT
WARNING  root:keymap_model.py:77 Key validation failed for 'LBRC': Invalid key: LBRC
WARNING  root:keymap_model.py:77 Key validation failed for 'RBRC': Invalid key: RBRC
WARNING  root:keymap_model.py:77 Key validation failed for '}': Invalid key: }
WARNING  root:keymap_model.py:77 Key validation failed for '}': Invalid key: }
WARNING  root:keymap_model.py:77 Key validation failed for '}': Invalid key: }
ERROR    converter.error_handling.error_manager:error_manager.py:147 ERROR: [converter] - Error during conversion: object of type 'PosixPath' has no len()
___________________________ test_ferris_sweep_keymap ___________________________

zmk_content = PosixPath('/var/folders/0s/42v7yl697hn0l1cdnx0vrvyr0000gn/T/tmphlf9t83p/ferris.zmk')
output_path = PosixPath('/var/folders/0s/42v7yl697hn0l1cdnx0vrvyr0000gn/T/tmphlf9t83p/ferris.kbd')
error_manager = None, is_mac = False

    def convert_zmk_to_kanata(
        zmk_content: str,
        output_path: Optional[str] = None,
        error_manager: Optional[ErrorManager] = None,
        is_mac: bool = False,
    ) -> Tuple[str, Dict[str, Any]]:
        """Convert ZMK keymap to Kanata format.
    
        Args:
            zmk_content: Content of the ZMK keymap file
            output_path: Optional path to write the Kanata config to
            error_manager: Optional error manager for reporting issues
            is_mac: Whether to use Mac-specific modifiers
    
        Returns:
            Tuple of (Kanata config string, metadata dict)
    
        Raises:
            Exception: If there's an error during conversion
        """
        # Set up error manager
        if error_manager:
            set_error_manager(error_manager)
        else:
            set_error_manager(ErrorManager())
    
        error_mgr = get_error_manager()
    
        try:
            # Parse ZMK keymap
            parser = ZMKParser()
            keymap_config = parser.parse(
                zmk_content
            )  # Now directly passes the content string
    
            # Transform to Kanata format
            transformer = KanataTransformer(is_mac=is_mac)
    
            # Convert directly using the transformer
>           kanata_config = transformer.transform(keymap_config)

converter/zmk_to_kanata.py:56: 
_ _ _ _ _ _ _ _ _ _ _ _ _ _ _ _ _ _ _ _ _ _ _ _ _ _ _ _ _ _ _ _ _ _ _ _ _ _ _ _ 
converter/transformer/kanata_transformer.py:59: in transform
    aliases = self._generate_hold_tap_aliases(config)
_ _ _ _ _ _ _ _ _ _ _ _ _ _ _ _ _ _ _ _ _ _ _ _ _ _ _ _ _ _ _ _ _ _ _ _ _ _ _ _ 

self = <converter.transformer.kanata_transformer.KanataTransformer object at 0x102d04b80>
config = KeymapConfig(global_settings=GlobalSettings(tap_time=200, hold_time=250), layers=[Layer(name='default', bindings=[KeyM...key='}', sticky=False, hold_tap=None, layer=None, macro=None, sticky_key=None, key_sequence=None, homerow_mod=None)])])

    def _generate_hold_tap_aliases(self, config: KeymapConfig) -> List[str]:
        """Generate aliases for all hold-tap bindings in the config.
    
        Args:
            config: The keymap configuration.
    
        Returns:
            A list of hold-tap alias definitions.
        """
        aliases = []
        # Collect unique hold-tap bindings
        seen_bindings = set()
    
        # Scan all layers and keys for hold-tap bindings
        for layer in config.layers:
            # Skip if layer is a string (already transformed)
            if isinstance(layer, str):
                continue
    
            for row in layer.keys:
                for key in row:
                    # Skip sticky key bindings
                    if isinstance(key, StickyKeyBinding):
                        continue
    
                    if key.hold_tap:
                        ht = key.hold_tap
                        alias_name = self._generate_hold_tap_alias_name(
>                           ht.behavior_name, ht.hold_key, ht.tap_key
                        )
E                       AttributeError: 'dict' object has no attribute 'behavior_name'

converter/transformer/kanata_transformer.py:275: AttributeError

During handling of the above exception, another exception occurred:

    def test_ferris_sweep_keymap():
        """Test conversion of a Ferris Sweep keyboard ZMK keymap.
    
        This tests a minimalist keyboard with 34 keys and heavy use of combos.
        """
        zmk_content = dedent(
            """
            /*
             * Copyright (c) 2020 The ZMK Contributors
             *
             * SPDX-License-Identifier: MIT
             */
    
            #include <behaviors.dtsi>
            #include <dt-bindings/zmk/keys.h>
            #include <dt-bindings/zmk/bt.h>
    
            #define DEFAULT 0
            #define NAV     1
            #define SYM     2
            #define FUNC    3
    
            &mt {
                flavor = "tap-preferred";
                tapping_term_ms = <200>;
            };
    
            / {
                combos {
                    compatible = "zmk,combos";
                    combo_esc {
                        timeout-ms = <50>;
                        key-positions = <0 1>;
                        bindings = <&kp ESC>;
                    };
    
                    combo_tab {
                        timeout-ms = <50>;
                        key-positions = <10 11>;
                        bindings = <&kp TAB>;
                    };
    
                    combo_bspc {
                        timeout-ms = <50>;
                        key-positions = <8 9>;
                        bindings = <&kp BSPC>;
                    };
    
                    combo_del {
                        timeout-ms = <50>;
                        key-positions = <18 19>;
                        bindings = <&kp DEL>;
                    };
    
                    combo_ret {
                        timeout-ms = <50>;
                        key-positions = <28 29>;
                        bindings = <&kp RET>;
                    };
                };
    
                keymap {
                    compatible = "zmk,keymap";
    
                    default_layer {
                        bindings = <
                            &kp Q      &kp W      &kp E       &kp R       &kp T         &kp Y &kp U       &kp I       &kp O      &kp P
                            &mt LGUI A &mt LALT S &mt LCTRL D &mt LSHFT F &kp G         &kp H &mt RSHFT J &mt RCTRL K &mt RALT L &mt RGUI SQT
                            &kp Z      &kp X      &kp C       &kp V       &kp B         &kp N &kp M       &kp COMMA   &kp DOT    &kp FSLH
                                                   &lt NAV TAB &kp SPACE   &lt SYM RET   &lt FUNC BSPC
                        >;
                    };
    
                    nav_layer {
                        bindings = <
                            &trans &trans &trans &trans &trans   &kp PGUP &kp HOME &kp UP   &kp END  &kp DEL
                            &trans &trans &trans &trans &trans   &kp PGDN &kp LEFT &kp DOWN &kp RIGHT &kp BSPC
                            &trans &trans &trans &trans &trans   &trans   &trans   &trans   &trans    &trans
                                          &trans &trans &trans   &trans
                        >;
                    };
    
                    sym_layer {
                        bindings = <
                            &kp EXCL  &kp AT    &kp HASH  &kp DLLR  &kp PRCNT   &kp CARET &kp AMPS  &kp KP_MULTIPLY &kp LPAR  &kp RPAR
                            &kp GRAVE &kp TILDE &kp MINUS &kp UNDER &kp LBKT    &kp RBKT  &kp EQUAL &kp PLUS        &kp BSLH  &kp PIPE
                            &trans    &trans    &trans    &trans    &kp LBRC    &kp RBRC  &trans    &trans          &trans    &trans
                                                &trans    &trans    &trans      &trans
                        >;
                    };
    
                    func_layer {
                        bindings = <
                            &kp F1    &kp F2    &kp F3    &kp F4    &kp F5      &kp F6    &kp F7    &kp F8          &kp F9    &kp F10
                            &kp F11   &kp F12   &trans    &trans    &bt BT_CLR  &trans    &trans    &trans          &trans    &trans
                            &trans    &trans    &trans    &trans    &bootloader &trans    &trans    &trans          &trans    &trans
                                                &trans    &trans    &trans      &trans
                        >;
                    };
                };
            };
        """
        )
    
        with tempfile.TemporaryDirectory() as tmpdir:
            # Create temporary input and output files
            input_file = Path(tmpdir) / "ferris.zmk"
            output_file = Path(tmpdir) / "ferris.kbd"
    
            # Write input content
            with open(input_file, "w") as f:
                f.write(zmk_content)
    
            # Run the conversion
>           result = convert_zmk_to_kanata(input_file, output_file)

converter/tests/integration/end_to_end/test_real_world_examples.py:226: 
_ _ _ _ _ _ _ _ _ _ _ _ _ _ _ _ _ _ _ _ _ _ _ _ _ _ _ _ _ _ _ _ _ _ _ _ _ _ _ _ 
converter/zmk_to_kanata.py:72: in convert_zmk_to_kanata
    error_mgr.add_error(
_ _ _ _ _ _ _ _ _ _ _ _ _ _ _ _ _ _ _ _ _ _ _ _ _ _ _ _ _ _ _ _ _ _ _ _ _ _ _ _ 

self = <converter.error_handling.error_manager.ErrorManager object at 0x102d078e0>
message = "Error during conversion: 'dict' object has no attribute 'behavior_name'"
source = 'converter', severity = <ErrorSeverity.ERROR: 3>, line_number = None
column = None, context = None
exception = AttributeError("'dict' object has no attribute 'behavior_name'")
raise_immediately = True

    def add_error(
        self,
        message: str,
        source: str,
        severity: ErrorSeverity,
        line_number: Optional[int] = None,
        column: Optional[int] = None,
        context: Optional[Dict[str, Any]] = None,
        exception: Optional[Exception] = None,
        raise_immediately: bool = False,
    ) -> None:
        """Add an error to the error manager.
    
        Args:
            message: The error message
            source: The source of the error (e.g., module name)
            severity: The severity of the error
            line_number: Optional line number where the error occurred
            column: Optional column where the error occurred
            context: Optional context dictionary with additional information
            exception: Optional exception object that caused the error
            raise_immediately: Whether to raise the error immediately
    
        Raises:
            Exception: If severity >= raise_threshold and raise_immediately
                is True
        """
        # Get traceback if exception is provided
        traceback_info = None
        if exception and self.verbose:
            traceback_info = "".join(
                traceback.format_exception(
                    type(exception), exception, exception.__traceback__
                )
            )
    
        # Create error object
        error = ConversionError(
            message=message,
            source=source,
            severity=severity,
            line_number=line_number,
            column=column,
            context=context,
            traceback_info=traceback_info,
        )
    
        # Add to the list of errors
        self.errors.append(error)
    
        # Log the error based on severity
        self._log_error(error)
    
        # Raise immediately if requested and severity is high enough
        if raise_immediately and severity.value >= self.raise_threshold.value:
>           raise Exception(str(error))
E           Exception: ERROR: [converter] - Error during conversion: 'dict' object has no attribute 'behavior_name'

converter/error_handling/error_manager.py:130: Exception
------------------------------ Captured log call -------------------------------
WARNING  root:keymap_model.py:77 Key validation failed for 'SQT': Invalid key: SQT
WARNING  root:keymap_model.py:77 Key validation failed for 'lt NAV TAB': Invalid key: lt NAV TAB
WARNING  root:keymap_model.py:77 Key validation failed for 'lt SYM RET': Invalid key: lt SYM RET
WARNING  root:keymap_model.py:77 Key validation failed for 'lt FUNC BSPC': Invalid key: lt FUNC BSPC
WARNING  root:keymap_model.py:77 Key validation failed for '}': Invalid key: }
WARNING  root:keymap_model.py:77 Key validation failed for 'PGUP': Invalid key: PGUP
WARNING  root:keymap_model.py:77 Key validation failed for 'PGDN': Invalid key: PGDN
WARNING  root:keymap_model.py:77 Key validation failed for '}': Invalid key: }
WARNING  root:keymap_model.py:77 Key validation failed for 'LBRC': Invalid key: LBRC
WARNING  root:keymap_model.py:77 Key validation failed for 'RBRC': Invalid key: RBRC
WARNING  root:keymap_model.py:77 Key validation failed for '}': Invalid key: }
WARNING  root:keymap_model.py:77 Key validation failed for 'bt BT_CLR': Invalid key: bt BT_CLR
WARNING  root:keymap_model.py:77 Key validation failed for 'bootloader': Invalid key: bootloader
WARNING  root:keymap_model.py:77 Key validation failed for '}': Invalid key: }
WARNING  root:keymap_model.py:77 Key validation failed for '}': Invalid key: }
WARNING  root:keymap_model.py:77 Key validation failed for '}': Invalid key: }
ERROR    converter.error_handling.error_manager:error_manager.py:147 ERROR: [converter] - Error during conversion: 'dict' object has no attribute 'behavior_name'
________________________ test_basic_binding_integration ________________________

self = <converter.parser.zmk_parser.ZMKParser object at 0x102f56b00>
file_path_or_content = '\n/ {\n    keymap {\n        compatible = "zmk,keymap";\n\n        default_layer {\n            bindings = <\n                &kp A   &kp B   &kp C\n                &kp D   &kp E   &kp F\n            >;\n        };\n    };\n};\n'

    def parse(self, file_path_or_content: Union[Path, str]) -> KeymapConfig:
        """Parse a ZMK keymap file or content string.
    
        Args:
            file_path_or_content: Either a Path object to the keymap file or the content as a string.
    
        Returns:
            A KeymapConfig object containing the parsed keymap.
    
        Raises:
            ParserError: If there are any parsing errors.
        """
        try:
            # Determine if input is a Path or content string
            if isinstance(file_path_or_content, Path):
                # Input is a Path - read the file
                content = file_path_or_content.read_text()
                logger.debug("Parsing ZMK file: %s", file_path_or_content)
            else:
                # Input is a string - use directly
                content = file_path_or_content
                logger.debug("Parsing ZMK content from string")
    
            # Process file line by line
            lines = content.split('\n')
            idx = 0
            while idx < len(lines):
                self.logger.debug(f"[DEBUG] Main loop before line {idx+1}: state={self.state}")
                line = lines[idx].strip()
    
                if not line or line.startswith('//'):
                    self.current_line += 1
                    idx += 1
                    continue
    
                reparsed = False
                while True:
                    result = self._parse_line_with_reparse(line)
                    if result == 'REPARSE':
                        if reparsed:
                            self.logger.error(f"[ERROR] Infinite reparsing detected at line {self.current_line}: {line}")
                            break
                        reparsed = True
                        continue
                    break
                self.current_line += 1
                idx += 1
    
            if not self.layers:
>               raise ValueError("No layers found in ZMK file")
E               ValueError: No layers found in ZMK file

converter/parser/zmk_parser.py:173: ValueError

The above exception was the direct cause of the following exception:

    def test_basic_binding_integration():
        """Test basic binding parsing integration."""
        content = dedent(
            """
            / {
                keymap {
                    compatible = "zmk,keymap";
    
                    default_layer {
                        bindings = <
                            &kp A   &kp B   &kp C
                            &kp D   &kp E   &kp F
                        >;
                    };
                };
            };
        """
        )
    
        parser = ZMKParser()
>       result = parser.parse(content)

converter/tests/integration/test_binding_parser_integration.py:32: 
_ _ _ _ _ _ _ _ _ _ _ _ _ _ _ _ _ _ _ _ _ _ _ _ _ _ _ _ _ _ _ _ _ _ _ _ _ _ _ _ 

self = <converter.parser.zmk_parser.ZMKParser object at 0x102f56b00>
file_path_or_content = '\n/ {\n    keymap {\n        compatible = "zmk,keymap";\n\n        default_layer {\n            bindings = <\n                &kp A   &kp B   &kp C\n                &kp D   &kp E   &kp F\n            >;\n        };\n    };\n};\n'

    def parse(self, file_path_or_content: Union[Path, str]) -> KeymapConfig:
        """Parse a ZMK keymap file or content string.
    
        Args:
            file_path_or_content: Either a Path object to the keymap file or the content as a string.
    
        Returns:
            A KeymapConfig object containing the parsed keymap.
    
        Raises:
            ParserError: If there are any parsing errors.
        """
        try:
            # Determine if input is a Path or content string
            if isinstance(file_path_or_content, Path):
                # Input is a Path - read the file
                content = file_path_or_content.read_text()
                logger.debug("Parsing ZMK file: %s", file_path_or_content)
            else:
                # Input is a string - use directly
                content = file_path_or_content
                logger.debug("Parsing ZMK content from string")
    
            # Process file line by line
            lines = content.split('\n')
            idx = 0
            while idx < len(lines):
                self.logger.debug(f"[DEBUG] Main loop before line {idx+1}: state={self.state}")
                line = lines[idx].strip()
    
                if not line or line.startswith('//'):
                    self.current_line += 1
                    idx += 1
                    continue
    
                reparsed = False
                while True:
                    result = self._parse_line_with_reparse(line)
                    if result == 'REPARSE':
                        if reparsed:
                            self.logger.error(f"[ERROR] Infinite reparsing detected at line {self.current_line}: {line}")
                            break
                        reparsed = True
                        continue
                    break
                self.current_line += 1
                idx += 1
    
            if not self.layers:
                raise ValueError("No layers found in ZMK file")
    
            return KeymapConfig(
                global_settings=self.global_settings_parser.finish(),
                layers=self.layers
            )
        except ParserError as e:
            raise e
        except Exception as e:
>           raise ParserError(f"Failed to parse ZMK file: {e}") from e
E           converter.parser.parser_error.ParserError: Failed to parse ZMK file: No layers found in ZMK file

converter/parser/zmk_parser.py:182: ParserError
------------------------------ Captured log call -------------------------------
WARNING  root:keymap_model.py:77 Key validation failed for '}': Invalid key: }
WARNING  root:keymap_model.py:77 Key validation failed for '}': Invalid key: }
WARNING  root:keymap_model.py:77 Key validation failed for '}': Invalid key: }
_______________________ test_complex_binding_integration _______________________

self = <converter.parser.zmk_parser.ZMKParser object at 0x102d7f820>
file_path_or_content = '\n/ {\n    keymap {\n        compatible = "zmk,keymap";\n\n        default_layer {\n            bindings = <\n       ...   &mt LSHIFT B    &kp C\n                &mo 2        &tog 3          &to 1\n            >;\n        };\n    };\n};\n'

    def parse(self, file_path_or_content: Union[Path, str]) -> KeymapConfig:
        """Parse a ZMK keymap file or content string.
    
        Args:
            file_path_or_content: Either a Path object to the keymap file or the content as a string.
    
        Returns:
            A KeymapConfig object containing the parsed keymap.
    
        Raises:
            ParserError: If there are any parsing errors.
        """
        try:
            # Determine if input is a Path or content string
            if isinstance(file_path_or_content, Path):
                # Input is a Path - read the file
                content = file_path_or_content.read_text()
                logger.debug("Parsing ZMK file: %s", file_path_or_content)
            else:
                # Input is a string - use directly
                content = file_path_or_content
                logger.debug("Parsing ZMK content from string")
    
            # Process file line by line
            lines = content.split('\n')
            idx = 0
            while idx < len(lines):
                self.logger.debug(f"[DEBUG] Main loop before line {idx+1}: state={self.state}")
                line = lines[idx].strip()
    
                if not line or line.startswith('//'):
                    self.current_line += 1
                    idx += 1
                    continue
    
                reparsed = False
                while True:
                    result = self._parse_line_with_reparse(line)
                    if result == 'REPARSE':
                        if reparsed:
                            self.logger.error(f"[ERROR] Infinite reparsing detected at line {self.current_line}: {line}")
                            break
                        reparsed = True
                        continue
                    break
                self.current_line += 1
                idx += 1
    
            if not self.layers:
>               raise ValueError("No layers found in ZMK file")
E               ValueError: No layers found in ZMK file

converter/parser/zmk_parser.py:173: ValueError

The above exception was the direct cause of the following exception:

    def test_complex_binding_integration():
        """Test complex binding parsing integration."""
        content = dedent(
            """
            / {
                keymap {
                    compatible = "zmk,keymap";
    
                    default_layer {
                        bindings = <
                            &lt 1 A      &mt LSHIFT B    &kp C
                            &mo 2        &tog 3          &to 1
                        >;
                    };
                };
            };
        """
        )
    
        parser = ZMKParser()
>       result = parser.parse(content)

converter/tests/integration/test_binding_parser_integration.py:60: 
_ _ _ _ _ _ _ _ _ _ _ _ _ _ _ _ _ _ _ _ _ _ _ _ _ _ _ _ _ _ _ _ _ _ _ _ _ _ _ _ 

self = <converter.parser.zmk_parser.ZMKParser object at 0x102d7f820>
file_path_or_content = '\n/ {\n    keymap {\n        compatible = "zmk,keymap";\n\n        default_layer {\n            bindings = <\n       ...   &mt LSHIFT B    &kp C\n                &mo 2        &tog 3          &to 1\n            >;\n        };\n    };\n};\n'

    def parse(self, file_path_or_content: Union[Path, str]) -> KeymapConfig:
        """Parse a ZMK keymap file or content string.
    
        Args:
            file_path_or_content: Either a Path object to the keymap file or the content as a string.
    
        Returns:
            A KeymapConfig object containing the parsed keymap.
    
        Raises:
            ParserError: If there are any parsing errors.
        """
        try:
            # Determine if input is a Path or content string
            if isinstance(file_path_or_content, Path):
                # Input is a Path - read the file
                content = file_path_or_content.read_text()
                logger.debug("Parsing ZMK file: %s", file_path_or_content)
            else:
                # Input is a string - use directly
                content = file_path_or_content
                logger.debug("Parsing ZMK content from string")
    
            # Process file line by line
            lines = content.split('\n')
            idx = 0
            while idx < len(lines):
                self.logger.debug(f"[DEBUG] Main loop before line {idx+1}: state={self.state}")
                line = lines[idx].strip()
    
                if not line or line.startswith('//'):
                    self.current_line += 1
                    idx += 1
                    continue
    
                reparsed = False
                while True:
                    result = self._parse_line_with_reparse(line)
                    if result == 'REPARSE':
                        if reparsed:
                            self.logger.error(f"[ERROR] Infinite reparsing detected at line {self.current_line}: {line}")
                            break
                        reparsed = True
                        continue
                    break
                self.current_line += 1
                idx += 1
    
            if not self.layers:
                raise ValueError("No layers found in ZMK file")
    
            return KeymapConfig(
                global_settings=self.global_settings_parser.finish(),
                layers=self.layers
            )
        except ParserError as e:
            raise e
        except Exception as e:
>           raise ParserError(f"Failed to parse ZMK file: {e}") from e
E           converter.parser.parser_error.ParserError: Failed to parse ZMK file: No layers found in ZMK file

converter/parser/zmk_parser.py:182: ParserError
------------------------------ Captured log call -------------------------------
WARNING  root:keymap_model.py:77 Key validation failed for 'lt 1 A': Invalid key: lt 1 A
WARNING  root:keymap_model.py:77 Key validation failed for 'tog 3': Invalid key: tog 3
WARNING  root:keymap_model.py:77 Key validation failed for '}': Invalid key: }
WARNING  root:keymap_model.py:77 Key validation failed for '}': Invalid key: }
WARNING  root:keymap_model.py:77 Key validation failed for '}': Invalid key: }
_______________________ test_nested_binding_integration ________________________

self = <converter.parser.zmk_parser.ZMKParser object at 0x102dcc3a0>
file_path_or_content = '\n/ {\n    keymap {\n        compatible = "zmk,keymap";\n\n        default_layer {\n            bindings = <\n       ... (&kp A)    &mt LSHIFT (&kp B)    &kp C\n                &lt 2 (&mt LCTRL D)\n            >;\n        };\n    };\n};\n'

    def parse(self, file_path_or_content: Union[Path, str]) -> KeymapConfig:
        """Parse a ZMK keymap file or content string.
    
        Args:
            file_path_or_content: Either a Path object to the keymap file or the content as a string.
    
        Returns:
            A KeymapConfig object containing the parsed keymap.
    
        Raises:
            ParserError: If there are any parsing errors.
        """
        try:
            # Determine if input is a Path or content string
            if isinstance(file_path_or_content, Path):
                # Input is a Path - read the file
                content = file_path_or_content.read_text()
                logger.debug("Parsing ZMK file: %s", file_path_or_content)
            else:
                # Input is a string - use directly
                content = file_path_or_content
                logger.debug("Parsing ZMK content from string")
    
            # Process file line by line
            lines = content.split('\n')
            idx = 0
            while idx < len(lines):
                self.logger.debug(f"[DEBUG] Main loop before line {idx+1}: state={self.state}")
                line = lines[idx].strip()
    
                if not line or line.startswith('//'):
                    self.current_line += 1
                    idx += 1
                    continue
    
                reparsed = False
                while True:
                    result = self._parse_line_with_reparse(line)
                    if result == 'REPARSE':
                        if reparsed:
                            self.logger.error(f"[ERROR] Infinite reparsing detected at line {self.current_line}: {line}")
                            break
                        reparsed = True
                        continue
                    break
                self.current_line += 1
                idx += 1
    
            if not self.layers:
>               raise ValueError("No layers found in ZMK file")
E               ValueError: No layers found in ZMK file

converter/parser/zmk_parser.py:173: ValueError

The above exception was the direct cause of the following exception:

    def test_nested_binding_integration():
        """Test nested binding parsing integration."""
        content = dedent(
            """
            / {
                keymap {
                    compatible = "zmk,keymap";
    
                    default_layer {
                        bindings = <
                            &lt 1 (&kp A)    &mt LSHIFT (&kp B)    &kp C
                            &lt 2 (&mt LCTRL D)
                        >;
                    };
                };
            };
        """
        )
    
        parser = ZMKParser()
>       result = parser.parse(content)

converter/tests/integration/test_binding_parser_integration.py:95: 
_ _ _ _ _ _ _ _ _ _ _ _ _ _ _ _ _ _ _ _ _ _ _ _ _ _ _ _ _ _ _ _ _ _ _ _ _ _ _ _ 

self = <converter.parser.zmk_parser.ZMKParser object at 0x102dcc3a0>
file_path_or_content = '\n/ {\n    keymap {\n        compatible = "zmk,keymap";\n\n        default_layer {\n            bindings = <\n       ... (&kp A)    &mt LSHIFT (&kp B)    &kp C\n                &lt 2 (&mt LCTRL D)\n            >;\n        };\n    };\n};\n'

    def parse(self, file_path_or_content: Union[Path, str]) -> KeymapConfig:
        """Parse a ZMK keymap file or content string.
    
        Args:
            file_path_or_content: Either a Path object to the keymap file or the content as a string.
    
        Returns:
            A KeymapConfig object containing the parsed keymap.
    
        Raises:
            ParserError: If there are any parsing errors.
        """
        try:
            # Determine if input is a Path or content string
            if isinstance(file_path_or_content, Path):
                # Input is a Path - read the file
                content = file_path_or_content.read_text()
                logger.debug("Parsing ZMK file: %s", file_path_or_content)
            else:
                # Input is a string - use directly
                content = file_path_or_content
                logger.debug("Parsing ZMK content from string")
    
            # Process file line by line
            lines = content.split('\n')
            idx = 0
            while idx < len(lines):
                self.logger.debug(f"[DEBUG] Main loop before line {idx+1}: state={self.state}")
                line = lines[idx].strip()
    
                if not line or line.startswith('//'):
                    self.current_line += 1
                    idx += 1
                    continue
    
                reparsed = False
                while True:
                    result = self._parse_line_with_reparse(line)
                    if result == 'REPARSE':
                        if reparsed:
                            self.logger.error(f"[ERROR] Infinite reparsing detected at line {self.current_line}: {line}")
                            break
                        reparsed = True
                        continue
                    break
                self.current_line += 1
                idx += 1
    
            if not self.layers:
                raise ValueError("No layers found in ZMK file")
    
            return KeymapConfig(
                global_settings=self.global_settings_parser.finish(),
                layers=self.layers
            )
        except ParserError as e:
            raise e
        except Exception as e:
>           raise ParserError(f"Failed to parse ZMK file: {e}") from e
E           converter.parser.parser_error.ParserError: Failed to parse ZMK file: No layers found in ZMK file

converter/parser/zmk_parser.py:182: ParserError
------------------------------ Captured log call -------------------------------
WARNING  root:keymap_model.py:77 Key validation failed for 'lt 1 (': Invalid key: lt 1 (
WARNING  root:keymap_model.py:77 Key validation failed for 'A)': Invalid key: A)
WARNING  root:keymap_model.py:77 Key validation failed for '(': Invalid key: (
WARNING  root:keymap_model.py:77 Key validation failed for 'B)': Invalid key: B)
WARNING  root:keymap_model.py:77 Key validation failed for 'lt 2 (': Invalid key: lt 2 (
WARNING  root:keymap_model.py:77 Key validation failed for 'D)': Invalid key: D)
WARNING  root:keymap_model.py:77 Key validation failed for '}': Invalid key: }
WARNING  root:keymap_model.py:77 Key validation failed for '}': Invalid key: }
WARNING  root:keymap_model.py:77 Key validation failed for '}': Invalid key: }
_______________________ test_error_recovery_integration ________________________

    def test_error_recovery_integration():
        """Test error recovery integration."""
        content = dedent(
            """
            / {
                keymap {
                    compatible = "zmk,keymap";
    
                    default_layer {
                        bindings = <
                            &kp A          &invalid B     &kp C
                            &lt INVALID D  &mt E F       &kp G
                            &lt 1 (&invalid X)
                        >;
                    };
                };
            };
        """
        )
    
        parser = ParserErrorRecoveryWrapper(ZMKParser)
        result = parser.parse(content)
    
>       assert len(result["layers"]) == 1
E       assert 0 == 1
E        +  where 0 = len([])

converter/tests/integration/test_binding_parser_integration.py:131: AssertionError
------------------------------ Captured log call -------------------------------
WARNING  root:keymap_model.py:77 Key validation failed for 'invalid B': Invalid key: invalid B
WARNING  root:keymap_model.py:77 Key validation failed for 'lt INVALID D': Invalid key: lt INVALID D
WARNING  root:keymap_model.py:77 Key validation failed for 'lt 1 (': Invalid key: lt 1 (
WARNING  root:keymap_model.py:77 Key validation failed for 'invalid X)': Invalid key: invalid X)
WARNING  root:keymap_model.py:77 Key validation failed for '}': Invalid key: }
WARNING  root:keymap_model.py:77 Key validation failed for '}': Invalid key: }
WARNING  root:keymap_model.py:77 Key validation failed for '}': Invalid key: }
ERROR    converter.parser.error_recovery_wrapper:error_recovery_wrapper.py:38 Parser error: Failed to parse ZMK file: No layers found in ZMK file
______________________ test_multiline_binding_integration ______________________

self = <converter.parser.zmk_parser.ZMKParser object at 0x102d676a0>
file_path_or_content = '\n/ {\n    keymap {\n        compatible = "zmk,keymap";\n\n        default_layer {\n            bindings = <\n       ...                &lt 1 B\n                &mt LSHIFT C\n                &mo 2\n            >;\n        };\n    };\n};\n'

    def parse(self, file_path_or_content: Union[Path, str]) -> KeymapConfig:
        """Parse a ZMK keymap file or content string.
    
        Args:
            file_path_or_content: Either a Path object to the keymap file or the content as a string.
    
        Returns:
            A KeymapConfig object containing the parsed keymap.
    
        Raises:
            ParserError: If there are any parsing errors.
        """
        try:
            # Determine if input is a Path or content string
            if isinstance(file_path_or_content, Path):
                # Input is a Path - read the file
                content = file_path_or_content.read_text()
                logger.debug("Parsing ZMK file: %s", file_path_or_content)
            else:
                # Input is a string - use directly
                content = file_path_or_content
                logger.debug("Parsing ZMK content from string")
    
            # Process file line by line
            lines = content.split('\n')
            idx = 0
            while idx < len(lines):
                self.logger.debug(f"[DEBUG] Main loop before line {idx+1}: state={self.state}")
                line = lines[idx].strip()
    
                if not line or line.startswith('//'):
                    self.current_line += 1
                    idx += 1
                    continue
    
                reparsed = False
                while True:
                    result = self._parse_line_with_reparse(line)
                    if result == 'REPARSE':
                        if reparsed:
                            self.logger.error(f"[ERROR] Infinite reparsing detected at line {self.current_line}: {line}")
                            break
                        reparsed = True
                        continue
                    break
                self.current_line += 1
                idx += 1
    
            if not self.layers:
>               raise ValueError("No layers found in ZMK file")
E               ValueError: No layers found in ZMK file

converter/parser/zmk_parser.py:173: ValueError

The above exception was the direct cause of the following exception:

    def test_multiline_binding_integration():
        """Test multi-line binding parsing integration."""
        content = dedent(
            """
            / {
                keymap {
                    compatible = "zmk,keymap";
    
                    default_layer {
                        bindings = <
                            &kp A
                            &lt 1 B
                            &mt LSHIFT C
                            &mo 2
                        >;
                    };
                };
            };
        """
        )
    
        parser = ZMKParser()
>       result = parser.parse(content)

converter/tests/integration/test_binding_parser_integration.py:177: 
_ _ _ _ _ _ _ _ _ _ _ _ _ _ _ _ _ _ _ _ _ _ _ _ _ _ _ _ _ _ _ _ _ _ _ _ _ _ _ _ 

self = <converter.parser.zmk_parser.ZMKParser object at 0x102d676a0>
file_path_or_content = '\n/ {\n    keymap {\n        compatible = "zmk,keymap";\n\n        default_layer {\n            bindings = <\n       ...                &lt 1 B\n                &mt LSHIFT C\n                &mo 2\n            >;\n        };\n    };\n};\n'

    def parse(self, file_path_or_content: Union[Path, str]) -> KeymapConfig:
        """Parse a ZMK keymap file or content string.
    
        Args:
            file_path_or_content: Either a Path object to the keymap file or the content as a string.
    
        Returns:
            A KeymapConfig object containing the parsed keymap.
    
        Raises:
            ParserError: If there are any parsing errors.
        """
        try:
            # Determine if input is a Path or content string
            if isinstance(file_path_or_content, Path):
                # Input is a Path - read the file
                content = file_path_or_content.read_text()
                logger.debug("Parsing ZMK file: %s", file_path_or_content)
            else:
                # Input is a string - use directly
                content = file_path_or_content
                logger.debug("Parsing ZMK content from string")
    
            # Process file line by line
            lines = content.split('\n')
            idx = 0
            while idx < len(lines):
                self.logger.debug(f"[DEBUG] Main loop before line {idx+1}: state={self.state}")
                line = lines[idx].strip()
    
                if not line or line.startswith('//'):
                    self.current_line += 1
                    idx += 1
                    continue
    
                reparsed = False
                while True:
                    result = self._parse_line_with_reparse(line)
                    if result == 'REPARSE':
                        if reparsed:
                            self.logger.error(f"[ERROR] Infinite reparsing detected at line {self.current_line}: {line}")
                            break
                        reparsed = True
                        continue
                    break
                self.current_line += 1
                idx += 1
    
            if not self.layers:
                raise ValueError("No layers found in ZMK file")
    
            return KeymapConfig(
                global_settings=self.global_settings_parser.finish(),
                layers=self.layers
            )
        except ParserError as e:
            raise e
        except Exception as e:
>           raise ParserError(f"Failed to parse ZMK file: {e}") from e
E           converter.parser.parser_error.ParserError: Failed to parse ZMK file: No layers found in ZMK file

converter/parser/zmk_parser.py:182: ParserError
------------------------------ Captured log call -------------------------------
WARNING  root:keymap_model.py:77 Key validation failed for 'lt 1 B': Invalid key: lt 1 B
WARNING  root:keymap_model.py:77 Key validation failed for '}': Invalid key: }
WARNING  root:keymap_model.py:77 Key validation failed for '}': Invalid key: }
WARNING  root:keymap_model.py:77 Key validation failed for '}': Invalid key: }
_______________________ test_inline_binding_integration ________________________

self = <converter.parser.zmk_parser.ZMKParser object at 0x102dc6470>
file_path_or_content = '\n/ {\n    keymap {\n        compatible = "zmk,keymap";\n\n        default_layer {\n            bindings = <&kp A &lt 1 B &mt LSHIFT C>;\n        };\n    };\n};\n'

    def parse(self, file_path_or_content: Union[Path, str]) -> KeymapConfig:
        """Parse a ZMK keymap file or content string.
    
        Args:
            file_path_or_content: Either a Path object to the keymap file or the content as a string.
    
        Returns:
            A KeymapConfig object containing the parsed keymap.
    
        Raises:
            ParserError: If there are any parsing errors.
        """
        try:
            # Determine if input is a Path or content string
            if isinstance(file_path_or_content, Path):
                # Input is a Path - read the file
                content = file_path_or_content.read_text()
                logger.debug("Parsing ZMK file: %s", file_path_or_content)
            else:
                # Input is a string - use directly
                content = file_path_or_content
                logger.debug("Parsing ZMK content from string")
    
            # Process file line by line
            lines = content.split('\n')
            idx = 0
            while idx < len(lines):
                self.logger.debug(f"[DEBUG] Main loop before line {idx+1}: state={self.state}")
                line = lines[idx].strip()
    
                if not line or line.startswith('//'):
                    self.current_line += 1
                    idx += 1
                    continue
    
                reparsed = False
                while True:
                    result = self._parse_line_with_reparse(line)
                    if result == 'REPARSE':
                        if reparsed:
                            self.logger.error(f"[ERROR] Infinite reparsing detected at line {self.current_line}: {line}")
                            break
                        reparsed = True
                        continue
                    break
                self.current_line += 1
                idx += 1
    
            if not self.layers:
>               raise ValueError("No layers found in ZMK file")
E               ValueError: No layers found in ZMK file

converter/parser/zmk_parser.py:173: ValueError

The above exception was the direct cause of the following exception:

    def test_inline_binding_integration():
        """Test inline binding parsing integration."""
        content = dedent(
            """
            / {
                keymap {
                    compatible = "zmk,keymap";
    
                    default_layer {
                        bindings = <&kp A &lt 1 B &mt LSHIFT C>;
                    };
                };
            };
        """
        )
    
        parser = ZMKParser()
>       result = parser.parse(content)

converter/tests/integration/test_binding_parser_integration.py:202: 
_ _ _ _ _ _ _ _ _ _ _ _ _ _ _ _ _ _ _ _ _ _ _ _ _ _ _ _ _ _ _ _ _ _ _ _ _ _ _ _ 

self = <converter.parser.zmk_parser.ZMKParser object at 0x102dc6470>
file_path_or_content = '\n/ {\n    keymap {\n        compatible = "zmk,keymap";\n\n        default_layer {\n            bindings = <&kp A &lt 1 B &mt LSHIFT C>;\n        };\n    };\n};\n'

    def parse(self, file_path_or_content: Union[Path, str]) -> KeymapConfig:
        """Parse a ZMK keymap file or content string.
    
        Args:
            file_path_or_content: Either a Path object to the keymap file or the content as a string.
    
        Returns:
            A KeymapConfig object containing the parsed keymap.
    
        Raises:
            ParserError: If there are any parsing errors.
        """
        try:
            # Determine if input is a Path or content string
            if isinstance(file_path_or_content, Path):
                # Input is a Path - read the file
                content = file_path_or_content.read_text()
                logger.debug("Parsing ZMK file: %s", file_path_or_content)
            else:
                # Input is a string - use directly
                content = file_path_or_content
                logger.debug("Parsing ZMK content from string")
    
            # Process file line by line
            lines = content.split('\n')
            idx = 0
            while idx < len(lines):
                self.logger.debug(f"[DEBUG] Main loop before line {idx+1}: state={self.state}")
                line = lines[idx].strip()
    
                if not line or line.startswith('//'):
                    self.current_line += 1
                    idx += 1
                    continue
    
                reparsed = False
                while True:
                    result = self._parse_line_with_reparse(line)
                    if result == 'REPARSE':
                        if reparsed:
                            self.logger.error(f"[ERROR] Infinite reparsing detected at line {self.current_line}: {line}")
                            break
                        reparsed = True
                        continue
                    break
                self.current_line += 1
                idx += 1
    
            if not self.layers:
                raise ValueError("No layers found in ZMK file")
    
            return KeymapConfig(
                global_settings=self.global_settings_parser.finish(),
                layers=self.layers
            )
        except ParserError as e:
            raise e
        except Exception as e:
>           raise ParserError(f"Failed to parse ZMK file: {e}") from e
E           converter.parser.parser_error.ParserError: Failed to parse ZMK file: No layers found in ZMK file

converter/parser/zmk_parser.py:182: ParserError
------------------------------ Captured log call -------------------------------
WARNING  root:keymap_model.py:77 Key validation failed for 'lt 1 B': Invalid key: lt 1 B
WARNING  root:keymap_model.py:77 Key validation failed for 'lt 1 B': Invalid key: lt 1 B
WARNING  root:keymap_model.py:77 Key validation failed for '}': Invalid key: }
WARNING  root:keymap_model.py:77 Key validation failed for '}': Invalid key: }
WARNING  root:keymap_model.py:77 Key validation failed for '}': Invalid key: }
_______________________ test_multiple_layers_integration _______________________

self = <converter.parser.zmk_parser.ZMKParser object at 0x102ea43a0>
file_path_or_content = '\n/ {\n    keymap {\n        compatible = "zmk,keymap";\n\n        default_layer {\n            bindings = <\n       ...\n\n        layer_2 {\n            bindings = <\n                &mo 3 &to 1\n            >;\n        };\n    };\n};\n'

    def parse(self, file_path_or_content: Union[Path, str]) -> KeymapConfig:
        """Parse a ZMK keymap file or content string.
    
        Args:
            file_path_or_content: Either a Path object to the keymap file or the content as a string.
    
        Returns:
            A KeymapConfig object containing the parsed keymap.
    
        Raises:
            ParserError: If there are any parsing errors.
        """
        try:
            # Determine if input is a Path or content string
            if isinstance(file_path_or_content, Path):
                # Input is a Path - read the file
                content = file_path_or_content.read_text()
                logger.debug("Parsing ZMK file: %s", file_path_or_content)
            else:
                # Input is a string - use directly
                content = file_path_or_content
                logger.debug("Parsing ZMK content from string")
    
            # Process file line by line
            lines = content.split('\n')
            idx = 0
            while idx < len(lines):
                self.logger.debug(f"[DEBUG] Main loop before line {idx+1}: state={self.state}")
                line = lines[idx].strip()
    
                if not line or line.startswith('//'):
                    self.current_line += 1
                    idx += 1
                    continue
    
                reparsed = False
                while True:
                    result = self._parse_line_with_reparse(line)
                    if result == 'REPARSE':
                        if reparsed:
                            self.logger.error(f"[ERROR] Infinite reparsing detected at line {self.current_line}: {line}")
                            break
                        reparsed = True
                        continue
                    break
                self.current_line += 1
                idx += 1
    
            if not self.layers:
>               raise ValueError("No layers found in ZMK file")
E               ValueError: No layers found in ZMK file

converter/parser/zmk_parser.py:173: ValueError

The above exception was the direct cause of the following exception:

    def test_multiple_layers_integration():
        """Test binding parsing with multiple layers."""
        content = dedent(
            """
            / {
                keymap {
                    compatible = "zmk,keymap";
    
                    default_layer {
                        bindings = <
                            &kp A &kp B
                        >;
                    };
    
                    layer_1 {
                        bindings = <
                            &lt 2 C &mt LSHIFT D
                        >;
                    };
    
                    layer_2 {
                        bindings = <
                            &mo 3 &to 1
                        >;
                    };
                };
            };
        """
        )
    
        parser = ZMKParser()
>       result = parser.parse(content)

converter/tests/integration/test_binding_parser_integration.py:241: 
_ _ _ _ _ _ _ _ _ _ _ _ _ _ _ _ _ _ _ _ _ _ _ _ _ _ _ _ _ _ _ _ _ _ _ _ _ _ _ _ 

self = <converter.parser.zmk_parser.ZMKParser object at 0x102ea43a0>
file_path_or_content = '\n/ {\n    keymap {\n        compatible = "zmk,keymap";\n\n        default_layer {\n            bindings = <\n       ...\n\n        layer_2 {\n            bindings = <\n                &mo 3 &to 1\n            >;\n        };\n    };\n};\n'

    def parse(self, file_path_or_content: Union[Path, str]) -> KeymapConfig:
        """Parse a ZMK keymap file or content string.
    
        Args:
            file_path_or_content: Either a Path object to the keymap file or the content as a string.
    
        Returns:
            A KeymapConfig object containing the parsed keymap.
    
        Raises:
            ParserError: If there are any parsing errors.
        """
        try:
            # Determine if input is a Path or content string
            if isinstance(file_path_or_content, Path):
                # Input is a Path - read the file
                content = file_path_or_content.read_text()
                logger.debug("Parsing ZMK file: %s", file_path_or_content)
            else:
                # Input is a string - use directly
                content = file_path_or_content
                logger.debug("Parsing ZMK content from string")
    
            # Process file line by line
            lines = content.split('\n')
            idx = 0
            while idx < len(lines):
                self.logger.debug(f"[DEBUG] Main loop before line {idx+1}: state={self.state}")
                line = lines[idx].strip()
    
                if not line or line.startswith('//'):
                    self.current_line += 1
                    idx += 1
                    continue
    
                reparsed = False
                while True:
                    result = self._parse_line_with_reparse(line)
                    if result == 'REPARSE':
                        if reparsed:
                            self.logger.error(f"[ERROR] Infinite reparsing detected at line {self.current_line}: {line}")
                            break
                        reparsed = True
                        continue
                    break
                self.current_line += 1
                idx += 1
    
            if not self.layers:
                raise ValueError("No layers found in ZMK file")
    
            return KeymapConfig(
                global_settings=self.global_settings_parser.finish(),
                layers=self.layers
            )
        except ParserError as e:
            raise e
        except Exception as e:
>           raise ParserError(f"Failed to parse ZMK file: {e}") from e
E           converter.parser.parser_error.ParserError: Failed to parse ZMK file: No layers found in ZMK file

converter/parser/zmk_parser.py:182: ParserError
------------------------------ Captured log call -------------------------------
WARNING  root:keymap_model.py:77 Key validation failed for '}': Invalid key: }
WARNING  root:keymap_model.py:77 Key validation failed for 'layer_1 {': Invalid key: layer_1 {
WARNING  root:keymap_model.py:77 Key validation failed for 'lt 2 C': Invalid key: lt 2 C
WARNING  root:keymap_model.py:77 Key validation failed for '}': Invalid key: }
WARNING  root:keymap_model.py:77 Key validation failed for 'layer_2 {': Invalid key: layer_2 {
WARNING  root:keymap_model.py:77 Key validation failed for '}': Invalid key: }
WARNING  root:keymap_model.py:77 Key validation failed for '}': Invalid key: }
WARNING  root:keymap_model.py:77 Key validation failed for '}': Invalid key: }
________________________ test_invalid_binding_recovery _________________________

    def test_invalid_binding_recovery():
        """Test recovery from invalid bindings in a layer."""
        content = dedent(
            """
            / {
                keymap {
                    compatible = "zmk,keymap";
    
                    default_layer {
                        bindings = <
                            &kp A   &invalid_binding   &kp B
                            &kp C   &kp D             &kp E
                        >;
                    };
                };
            };
        """
        )
    
        parser = ParserErrorRecoveryWrapper(ZMKParser)
        result = parser.parse(content)
    
>       assert len(result["layers"]) == 1
E       assert 0 == 1
E        +  where 0 = len([])

converter/tests/integration/test_error_recovery_integration.py:35: AssertionError
------------------------------ Captured log call -------------------------------
WARNING  root:keymap_model.py:77 Key validation failed for 'invalid_binding': Invalid key: invalid_binding
WARNING  root:keymap_model.py:77 Key validation failed for '}': Invalid key: }
WARNING  root:keymap_model.py:77 Key validation failed for '}': Invalid key: }
WARNING  root:keymap_model.py:77 Key validation failed for '}': Invalid key: }
ERROR    converter.parser.error_recovery_wrapper:error_recovery_wrapper.py:38 Parser error: Failed to parse ZMK file: No layers found in ZMK file
_________________________ test_invalid_layer_recovery __________________________

    def test_invalid_layer_recovery():
        """Test recovery from invalid layer definitions."""
        content = dedent(
            """
            / {
                keymap {
                    compatible = "zmk,keymap";
    
                    default_layer {
                        bindings = <
                            &kp A   &kp B   &kp C
                        >;
                    };
    
                    invalid_layer {
                        invalid content
                        that should be
                        handled gracefully
                    };
    
                    layer_2 {
                        bindings = <
                            &kp X   &kp Y   &kp Z
                        >;
                    };
                };
            };
        """
        )
    
        parser = ParserErrorRecoveryWrapper(ZMKParser)
        result = parser.parse(content)
    
>       assert len(result["layers"]) == 3
E       TypeError: 'KeymapConfig' object is not subscriptable

converter/tests/integration/test_error_recovery_integration.py:80: TypeError
------------------------------ Captured log call -------------------------------
WARNING  root:keymap_model.py:77 Key validation failed for '}': Invalid key: }
WARNING  root:keymap_model.py:77 Key validation failed for 'invalid content': Invalid key: invalid content
WARNING  root:keymap_model.py:77 Key validation failed for 'that should be': Invalid key: that should be
WARNING  root:keymap_model.py:77 Key validation failed for 'handled gracefully': Invalid key: handled gracefully
WARNING  root:keymap_model.py:77 Key validation failed for '}': Invalid key: }
WARNING  root:keymap_model.py:77 Key validation failed for 'layer_2 {': Invalid key: layer_2 {
WARNING  root:keymap_model.py:77 Key validation failed for '}': Invalid key: }
WARNING  root:keymap_model.py:77 Key validation failed for '}': Invalid key: }
WARNING  root:keymap_model.py:77 Key validation failed for '}': Invalid key: }
_________________________ test_multiple_error_recovery _________________________

    def test_multiple_error_recovery():
        """Test recovery from multiple types of errors."""
        content = dedent(
            """
            / {
                keymap {
                    compatible = "zmk,keymap";
    
                    default_layer {
                        bindings = <
                            &kp A   &invalid_1   &kp B
                            &kp C   &invalid_2   &kp D
                        >;
                    };
    
                    broken_layer {
                        invalid content
                    };
    
                    layer_2 {
                        bindings = <
                            &kp X   &invalid_3   &kp Z
                        >;
                    };
                };
            };
        """
        )
    
        parser = ParserErrorRecoveryWrapper(ZMKParser)
        result = parser.parse(content)
    
>       assert len(result["layers"]) == 3
E       TypeError: 'KeymapConfig' object is not subscriptable

converter/tests/integration/test_error_recovery_integration.py:124: TypeError
------------------------------ Captured log call -------------------------------
WARNING  root:keymap_model.py:77 Key validation failed for 'invalid_1': Invalid key: invalid_1
WARNING  root:keymap_model.py:77 Key validation failed for 'invalid_2': Invalid key: invalid_2
WARNING  root:keymap_model.py:77 Key validation failed for '}': Invalid key: }
WARNING  root:keymap_model.py:77 Key validation failed for 'invalid content': Invalid key: invalid content
WARNING  root:keymap_model.py:77 Key validation failed for '}': Invalid key: }
WARNING  root:keymap_model.py:77 Key validation failed for 'layer_2 {': Invalid key: layer_2 {
WARNING  root:keymap_model.py:77 Key validation failed for 'invalid_3': Invalid key: invalid_3
WARNING  root:keymap_model.py:77 Key validation failed for '}': Invalid key: }
WARNING  root:keymap_model.py:77 Key validation failed for '}': Invalid key: }
WARNING  root:keymap_model.py:77 Key validation failed for '}': Invalid key: }
________________________ test_nested_behavior_recovery _________________________

    def test_nested_behavior_recovery():
        """Test recovery from invalid nested behaviors."""
        content = dedent(
            """
            / {
                keymap {
                    compatible = "zmk,keymap";
    
                    default_layer {
                        bindings = <
                            &lt 1 (&lt 2 A)    // Invalid nesting
                            &mt LSHIFT (&kp A)  // Valid nesting
                            &lt 3 (&sk B)       // Invalid nesting
                        >;
                    };
                };
            };
        """
        )
    
        parser = ParserErrorRecoveryWrapper(ZMKParser)
        result = parser.parse(content)
    
>       assert len(result["layers"]) == 1
E       assert 0 == 1
E        +  where 0 = len([])

converter/tests/integration/test_error_recovery_integration.py:159: AssertionError
------------------------------ Captured log call -------------------------------
WARNING  root:keymap_model.py:77 Key validation failed for 'lt 1 (': Invalid key: lt 1 (
WARNING  root:keymap_model.py:77 Key validation failed for 'lt 2 A)    // Invalid nesting': Invalid key: lt 2 A)    // Invalid nesting
WARNING  root:keymap_model.py:77 Key validation failed for '(': Invalid key: (
WARNING  root:keymap_model.py:77 Key validation failed for 'A)  // Valid nesting': Invalid key: A)  // Valid nesting
WARNING  root:keymap_model.py:77 Key validation failed for 'lt 3 (': Invalid key: lt 3 (
ERROR    converter.parser.zmk_parser:zmk_parser.py:237 Error parsing line 9: &lt 3 (&sk B)       // Invalid nesting
ERROR    converter.parser.error_recovery_wrapper:error_recovery_wrapper.py:38 Parser error: Line 9: parse_binding must return KeyMapping
______________________ test_error_recovery_with_comments _______________________

    def test_error_recovery_with_comments():
        """Test error recovery with commented lines."""
        content = dedent(
            """
            / {
                keymap {
                    compatible = "zmk,keymap";
    
                    default_layer {
                        bindings = <
                            // This line is fine
                            &kp A   &kp B   &kp C
                            // This line has an error
                            &kp D   &invalid   &kp F
                            // This line is also fine
                            &kp G   &kp H   &kp I
                        >;
                    };
                };
            };
        """
        )
    
        parser = ParserErrorRecoveryWrapper(ZMKParser)
        result = parser.parse(content)
    
>       assert len(result["layers"]) == 1
E       assert 0 == 1
E        +  where 0 = len([])

converter/tests/integration/test_error_recovery_integration.py:198: AssertionError
------------------------------ Captured log call -------------------------------
WARNING  root:keymap_model.py:77 Key validation failed for 'invalid': Invalid key: invalid
WARNING  root:keymap_model.py:77 Key validation failed for '}': Invalid key: }
WARNING  root:keymap_model.py:77 Key validation failed for '}': Invalid key: }
WARNING  root:keymap_model.py:77 Key validation failed for '}': Invalid key: }
ERROR    converter.parser.error_recovery_wrapper:error_recovery_wrapper.py:38 Parser error: Failed to parse ZMK file: No layers found in ZMK file
_________________ test_error_recovery_preserves_valid_content __________________

    def test_error_recovery_preserves_valid_content():
        """Test that error recovery preserves valid content."""
        content = dedent(
            """
            / {
                keymap {
                    compatible = "zmk,keymap";
    
                    default_layer {
                        bindings = <
                            &kp A   &kp B   &kp C
                        >;
                    };
    
                    broken_layer {
                        invalid content
                    };
    
                    layer_2 {
                        bindings = <
                            &mt LSHIFT A   &kp B   &kp C
                            &kp D         &kp E   &kp F
                        >;
                    };
                };
            };
        """
        )
    
        parser = ParserErrorRecoveryWrapper(ZMKParser)
        result = parser.parse(content)
    
        # Check that valid layers are preserved
>       assert len(result["layers"]) == 3
E       TypeError: 'KeymapConfig' object is not subscriptable

converter/tests/integration/test_error_recovery_integration.py:242: TypeError
------------------------------ Captured log call -------------------------------
WARNING  root:keymap_model.py:77 Key validation failed for '}': Invalid key: }
WARNING  root:keymap_model.py:77 Key validation failed for 'invalid content': Invalid key: invalid content
WARNING  root:keymap_model.py:77 Key validation failed for '}': Invalid key: }
WARNING  root:keymap_model.py:77 Key validation failed for 'layer_2 {': Invalid key: layer_2 {
WARNING  root:keymap_model.py:77 Key validation failed for '}': Invalid key: }
WARNING  root:keymap_model.py:77 Key validation failed for '}': Invalid key: }
WARNING  root:keymap_model.py:77 Key validation failed for '}': Invalid key: }
_________________________ test_key_validation_invalid __________________________

    def test_key_validation_invalid():
        """Test invalid key validation in KeyMapping."""
>       with pytest.raises(ValueError) as exc:
E       Failed: DID NOT RAISE <class 'ValueError'>

converter/tests/integration/test_key_validation.py:40: Failed
------------------------------ Captured log call -------------------------------
WARNING  root:keymap_model.py:77 Key validation failed for '': Empty key
______________________ test_key_validation_with_hold_tap _______________________

    def test_key_validation_with_hold_tap():
        """Test key validation with hold-tap behavior."""
        # Valid hold-tap keys
        KeyMapping(
            key="A", hold_tap=HoldTap(behavior_name="mt", hold_key="LSHIFT", tap_key="A")
        )
    
        # Invalid hold key
>       with pytest.raises(ValueError) as exc:
E       Failed: DID NOT RAISE <class 'ValueError'>

converter/tests/integration/test_key_validation.py:86: Failed
_______________________ test_key_validation_with_sticky ________________________

    def test_key_validation_with_sticky():
        """Test key validation with sticky behavior."""
        # Valid sticky keys
        KeyMapping(key="LSHIFT", sticky=True)
        KeyMapping(key="RCTRL", sticky=True)
        KeyMapping(key="LALT", sticky=True)
    
        # Invalid sticky key
>       with pytest.raises(ValueError) as exc:
E       Failed: DID NOT RAISE <class 'ValueError'>

converter/tests/integration/test_key_validation.py:110: Failed
------------------------------ Captured log call -------------------------------
WARNING  root:keymap_model.py:77 Key validation failed for 'INVALID': Invalid key: INVALID
___________________________ test_holdtap_conversion ____________________________

parser = <converter.parser.zmk_parser.ZMKParser object at 0x102d0cc10>
holdtap_transformer = <converter.transformer.holdtap_transformer.HoldTapTransformer object at 0x102d0d090>

    def test_holdtap_conversion(parser, holdtap_transformer):
        """Test hold-tap behavior conversion from ZMK to Kanata."""
        zmk_input = """
        / {
            keymap {
                compatible = "zmk,keymap";
                default_layer {
                    bindings = <
                        &ht LSHIFT A &ht LCTRL B
                        &ht LALT C &ht LGUI D
                    >;
                };
            };
        };
        """
    
        # Parse ZMK input
>       layers = parser.parse_layers(zmk_input)
E       AttributeError: 'ZMKParser' object has no attribute 'parse_layers'

converter/tests/integration/test_zmk_to_kanata_conversion.py:101: AttributeError
____________________________ test_macro_conversion _____________________________

parser = <converter.parser.zmk_parser.ZMKParser object at 0x102dfb7f0>
macro_transformer = <converter.transformer.macro_transformer.MacroTransformer object at 0x102dfbcd0>

    def test_macro_conversion(parser, macro_transformer):
        """Test macro behavior conversion from ZMK to Kanata."""
        zmk_input = """
        / {
            macros {
                macro1: macro1 {
                    compatible = "zmk,behavior-macro";
                    #binding-cells = <0>;
                    bindings = <&kp A &kp B>, <&kp C>;
                    wait-ms = <100>;
                    tap-ms = <50>;
                };
            };
            keymap {
                compatible = "zmk,keymap";
                default_layer {
                    bindings = <&macro1>;
                };
            };
        };
        """
    
        # Parse ZMK input
>       layers = parser.parse_layers(zmk_input)
E       AttributeError: 'ZMKParser' object has no attribute 'parse_layers'

converter/tests/integration/test_zmk_to_kanata_conversion.py:135: AttributeError
__________________________ test_sticky_key_conversion __________________________

parser = <converter.parser.zmk_parser.ZMKParser object at 0x102d0c700>
sticky_transformer = <converter.transformer.sticky_key_transformer.StickyKeyTransformer object at 0x102d0c7f0>

    def test_sticky_key_conversion(parser, sticky_transformer):
        """Test sticky key behavior conversion from ZMK to Kanata."""
        zmk_input = """
        / {
            keymap {
                compatible = "zmk,keymap";
                default_layer {
                    bindings = <
                        &sk LSHIFT &sk LCTRL
                        &sk LALT &sk LGUI
                    >;
                };
            };
        };
        """
    
        # Parse ZMK input
>       layers = parser.parse_layers(zmk_input)
E       AttributeError: 'ZMKParser' object has no attribute 'parse_layers'

converter/tests/integration/test_zmk_to_kanata_conversion.py:163: AttributeError
________________________ test_invalid_macro_conversion _________________________

parser = <converter.parser.zmk_parser.ZMKParser object at 0x102d39db0>
macro_transformer = <converter.transformer.macro_transformer.MacroTransformer object at 0x102d3a860>

    def test_invalid_macro_conversion(parser, macro_transformer):
        """Test conversion of invalid macro configurations."""
        zmk_input = """
        / {
            macros {
                invalid_macro: invalid_macro {
                    compatible = "zmk,behavior-macro";
                    #binding-cells = <0>;
                    bindings = <>;
                    wait-ms = <-100>;
                    tap-ms = <0>;
                };
            };
            keymap {
                compatible = "zmk,keymap";
                default_layer {
                    bindings = <&invalid_macro>;
                };
            };
        };
        """
    
        # Parse ZMK input
>       layers = parser.parse_layers(zmk_input)
E       AttributeError: 'ZMKParser' object has no attribute 'parse_layers'

converter/tests/integration/test_zmk_to_kanata_conversion_edge_cases.py:93: AttributeError
_________________________ test_mixed_timing_parameters _________________________

parser = <converter.parser.zmk_parser.ZMKParser object at 0x102e4d750>
holdtap_transformer = <converter.transformer.holdtap_transformer.HoldTapTransformer object at 0x102e4fa60>
macro_transformer = <converter.transformer.macro_transformer.MacroTransformer object at 0x102e4c610>
sticky_transformer = <converter.transformer.sticky_key_transformer.StickyKeyTransformer object at 0x102e4dc30>

    def test_mixed_timing_parameters(
        parser, holdtap_transformer, macro_transformer, sticky_transformer
    ):
        """Test conversion with various timing parameters."""
        zmk_input = """
        / {
            macros {
                timing_macro: timing_macro {
                    compatible = "zmk,behavior-macro";
                    #binding-cells = <0>;
                    bindings = <&kp A>;
                    wait-ms = <999999>;
                    tap-ms = <999999>;
                };
            };
            keymap {
                compatible = "zmk,keymap";
                default_layer {
                    bindings = <
                        &ht LSHIFT A
                        &timing_macro
                        &sk LCTRL
                    >;
                };
            };
        };
        """
    
        # Parse ZMK input
>       layers = parser.parse_layers(zmk_input)
E       AttributeError: 'ZMKParser' object has no attribute 'parse_layers'

converter/tests/integration/test_zmk_to_kanata_conversion_edge_cases.py:283: AttributeError
_________________________ test_missing_required_fields _________________________

parser = <converter.parser.zmk_parser.ZMKParser object at 0x102e4ddb0>

    def test_missing_required_fields(parser):
        """Test handling of missing required fields."""
        # Missing compatible field
        zmk_input = """
        / {
            keymap {
                default_layer {
                    bindings = <
                        &kp A &kp B
                    >;
                };
            };
        };
        """
    
        with pytest.raises(ParserError) as exc_info:
>           parser.parse_layers(zmk_input)
E           AttributeError: 'ZMKParser' object has no attribute 'parse_layers'

converter/tests/integration/test_zmk_to_kanata_error_handling.py:99: AttributeError
____________________ test_invalid_macro_definition_recovery ____________________

parser = <converter.parser.zmk_parser.ZMKParser object at 0x102cbea40>
macro_transformer = <converter.transformer.macro_transformer.MacroTransformer object at 0x102cbecb0>

    def test_invalid_macro_definition_recovery(parser, macro_transformer):
        """Test recovery from invalid macro definitions."""
        # Invalid bindings format
        zmk_input = """
        / {
            macros {
                test_macro: test_macro {
                    compatible = "zmk,behavior-macro";
                    bindings = "invalid";  # Should be array
                    wait-ms = <100>;
                };
            };
            keymap {
                compatible = "zmk,keymap";
                default_layer {
                    bindings = <&test_macro>;
                };
            };
        };
        """
    
        with pytest.raises(ParserError) as exc_info:
>           parser.parse_layers(zmk_input)
E           AttributeError: 'ZMKParser' object has no attribute 'parse_layers'

converter/tests/integration/test_zmk_to_kanata_error_handling.py:143: AttributeError
________________________ test_binding_validation_errors ________________________

parser = <converter.parser.zmk_parser.ZMKParser object at 0x102d0dff0>
holdtap_transformer = <converter.transformer.holdtap_transformer.HoldTapTransformer object at 0x102d0fee0>
sticky_transformer = <converter.transformer.sticky_key_transformer.StickyKeyTransformer object at 0x102d0f0d0>

    def test_binding_validation_errors(parser, holdtap_transformer, sticky_transformer):
        """Test binding validation error handling."""
        # Invalid hold-tap parameters
        zmk_input = """
        / {
            keymap {
                compatible = "zmk,keymap";
                default_layer {
                    bindings = <
                        &ht invalid A  # Invalid modifier
                    >;
                };
            };
        };
        """
    
        with pytest.raises(ParserError) as exc_info:
>           parser.parse_layers(zmk_input)
E           AttributeError: 'ZMKParser' object has no attribute 'parse_layers'

converter/tests/integration/test_zmk_to_kanata_error_handling.py:225: AttributeError
________________________ test_error_context_information ________________________

parser = <converter.parser.zmk_parser.ZMKParser object at 0x102f705b0>

    def test_error_context_information(parser):
        """Test that error messages include helpful context."""
        zmk_input = """
        / {
            keymap {
                compatible = "zmk,keymap";
                default_layer {
                    bindings = <
                        &invalid_behavior  # Line 6
                    >;
                };
            };
        };
        """
    
        with pytest.raises(ParserError) as exc_info:
>           parser.parse_layers(zmk_input)
E           AttributeError: 'ZMKParser' object has no attribute 'parse_layers'

converter/tests/integration/test_zmk_to_kanata_error_handling.py:263: AttributeError
________________________ test_parser_performance_small _________________________

self = <converter.parser.zmk_parser.ZMKParser object at 0x102eb6020>
file_path_or_content = '\n/ {\n    keymap {\n        compatible = "zmk,keymap";\n\n        default_layer {\n            bindings = <\n       ...gs = <\n                &kp X &kp Y &kp Z\n                &kp U &kp V &kp W\n            >;\n        };\n    };\n};\n'

    def parse(self, file_path_or_content: Union[Path, str]) -> KeymapConfig:
        """Parse a ZMK keymap file or content string.
    
        Args:
            file_path_or_content: Either a Path object to the keymap file or the content as a string.
    
        Returns:
            A KeymapConfig object containing the parsed keymap.
    
        Raises:
            ParserError: If there are any parsing errors.
        """
        try:
            # Determine if input is a Path or content string
            if isinstance(file_path_or_content, Path):
                # Input is a Path - read the file
                content = file_path_or_content.read_text()
                logger.debug("Parsing ZMK file: %s", file_path_or_content)
            else:
                # Input is a string - use directly
                content = file_path_or_content
                logger.debug("Parsing ZMK content from string")
    
            # Process file line by line
            lines = content.split('\n')
            idx = 0
            while idx < len(lines):
                self.logger.debug(f"[DEBUG] Main loop before line {idx+1}: state={self.state}")
                line = lines[idx].strip()
    
                if not line or line.startswith('//'):
                    self.current_line += 1
                    idx += 1
                    continue
    
                reparsed = False
                while True:
                    result = self._parse_line_with_reparse(line)
                    if result == 'REPARSE':
                        if reparsed:
                            self.logger.error(f"[ERROR] Infinite reparsing detected at line {self.current_line}: {line}")
                            break
                        reparsed = True
                        continue
                    break
                self.current_line += 1
                idx += 1
    
            if not self.layers:
>               raise ValueError("No layers found in ZMK file")
E               ValueError: No layers found in ZMK file

converter/parser/zmk_parser.py:173: ValueError

The above exception was the direct cause of the following exception:

    def test_parser_performance_small():
        """Test parser performance with a small keymap."""
        content = dedent(
            """
            / {
                keymap {
                    compatible = "zmk,keymap";
    
                    default_layer {
                        bindings = <
                            &kp A &kp B &kp C
                            &kp D &kp E &kp F
                        >;
                    };
    
                    layer_1 {
                        bindings = <
                            &kp X &kp Y &kp Z
                            &kp U &kp V &kp W
                        >;
                    };
                };
            };
        """
        )
    
        parser = ZMKParser()
    
        # Benchmark parsing
        start_time = time.time()
>       result = parser.parse(content)

converter/tests/performance/test_performance.py:99: 
_ _ _ _ _ _ _ _ _ _ _ _ _ _ _ _ _ _ _ _ _ _ _ _ _ _ _ _ _ _ _ _ _ _ _ _ _ _ _ _ 

self = <converter.parser.zmk_parser.ZMKParser object at 0x102eb6020>
file_path_or_content = '\n/ {\n    keymap {\n        compatible = "zmk,keymap";\n\n        default_layer {\n            bindings = <\n       ...gs = <\n                &kp X &kp Y &kp Z\n                &kp U &kp V &kp W\n            >;\n        };\n    };\n};\n'

    def parse(self, file_path_or_content: Union[Path, str]) -> KeymapConfig:
        """Parse a ZMK keymap file or content string.
    
        Args:
            file_path_or_content: Either a Path object to the keymap file or the content as a string.
    
        Returns:
            A KeymapConfig object containing the parsed keymap.
    
        Raises:
            ParserError: If there are any parsing errors.
        """
        try:
            # Determine if input is a Path or content string
            if isinstance(file_path_or_content, Path):
                # Input is a Path - read the file
                content = file_path_or_content.read_text()
                logger.debug("Parsing ZMK file: %s", file_path_or_content)
            else:
                # Input is a string - use directly
                content = file_path_or_content
                logger.debug("Parsing ZMK content from string")
    
            # Process file line by line
            lines = content.split('\n')
            idx = 0
            while idx < len(lines):
                self.logger.debug(f"[DEBUG] Main loop before line {idx+1}: state={self.state}")
                line = lines[idx].strip()
    
                if not line or line.startswith('//'):
                    self.current_line += 1
                    idx += 1
                    continue
    
                reparsed = False
                while True:
                    result = self._parse_line_with_reparse(line)
                    if result == 'REPARSE':
                        if reparsed:
                            self.logger.error(f"[ERROR] Infinite reparsing detected at line {self.current_line}: {line}")
                            break
                        reparsed = True
                        continue
                    break
                self.current_line += 1
                idx += 1
    
            if not self.layers:
                raise ValueError("No layers found in ZMK file")
    
            return KeymapConfig(
                global_settings=self.global_settings_parser.finish(),
                layers=self.layers
            )
        except ParserError as e:
            raise e
        except Exception as e:
>           raise ParserError(f"Failed to parse ZMK file: {e}") from e
E           converter.parser.parser_error.ParserError: Failed to parse ZMK file: No layers found in ZMK file

converter/parser/zmk_parser.py:182: ParserError
------------------------------ Captured log call -------------------------------
WARNING  root:keymap_model.py:77 Key validation failed for '}': Invalid key: }
WARNING  root:keymap_model.py:77 Key validation failed for 'layer_1 {': Invalid key: layer_1 {
WARNING  root:keymap_model.py:77 Key validation failed for '}': Invalid key: }
WARNING  root:keymap_model.py:77 Key validation failed for '}': Invalid key: }
WARNING  root:keymap_model.py:77 Key validation failed for '}': Invalid key: }
________________________ test_parser_performance_large _________________________

self = <converter.parser.zmk_parser.ZMKParser object at 0x102dc67a0>
file_path_or_content = '\n/ {\n    keymap {\n        compatible = "zmk,keymap";\n\n                default_layer {\n                    bindi...p K96 &kp K97 &kp K98 &kp K99 \n                    >;\n                };\n        \n            };\n        };\n    '

    def parse(self, file_path_or_content: Union[Path, str]) -> KeymapConfig:
        """Parse a ZMK keymap file or content string.
    
        Args:
            file_path_or_content: Either a Path object to the keymap file or the content as a string.
    
        Returns:
            A KeymapConfig object containing the parsed keymap.
    
        Raises:
            ParserError: If there are any parsing errors.
        """
        try:
            # Determine if input is a Path or content string
            if isinstance(file_path_or_content, Path):
                # Input is a Path - read the file
                content = file_path_or_content.read_text()
                logger.debug("Parsing ZMK file: %s", file_path_or_content)
            else:
                # Input is a string - use directly
                content = file_path_or_content
                logger.debug("Parsing ZMK content from string")
    
            # Process file line by line
            lines = content.split('\n')
            idx = 0
            while idx < len(lines):
                self.logger.debug(f"[DEBUG] Main loop before line {idx+1}: state={self.state}")
                line = lines[idx].strip()
    
                if not line or line.startswith('//'):
                    self.current_line += 1
                    idx += 1
                    continue
    
                reparsed = False
                while True:
                    result = self._parse_line_with_reparse(line)
                    if result == 'REPARSE':
                        if reparsed:
                            self.logger.error(f"[ERROR] Infinite reparsing detected at line {self.current_line}: {line}")
                            break
                        reparsed = True
                        continue
                    break
                self.current_line += 1
                idx += 1
    
            if not self.layers:
>               raise ValueError("No layers found in ZMK file")
E               ValueError: No layers found in ZMK file

converter/parser/zmk_parser.py:173: ValueError

The above exception was the direct cause of the following exception:

    def test_parser_performance_large():
        """Test parser performance with a large keymap."""
        content = generate_large_keymap(num_layers=5, keys_per_layer=100)
    
        parser = ZMKParser()
    
        # Benchmark parsing
        start_time = time.time()
>       result = parser.parse(content)

converter/tests/performance/test_performance.py:118: 
_ _ _ _ _ _ _ _ _ _ _ _ _ _ _ _ _ _ _ _ _ _ _ _ _ _ _ _ _ _ _ _ _ _ _ _ _ _ _ _ 

self = <converter.parser.zmk_parser.ZMKParser object at 0x102dc67a0>
file_path_or_content = '\n/ {\n    keymap {\n        compatible = "zmk,keymap";\n\n                default_layer {\n                    bindi...p K96 &kp K97 &kp K98 &kp K99 \n                    >;\n                };\n        \n            };\n        };\n    '

    def parse(self, file_path_or_content: Union[Path, str]) -> KeymapConfig:
        """Parse a ZMK keymap file or content string.
    
        Args:
            file_path_or_content: Either a Path object to the keymap file or the content as a string.
    
        Returns:
            A KeymapConfig object containing the parsed keymap.
    
        Raises:
            ParserError: If there are any parsing errors.
        """
        try:
            # Determine if input is a Path or content string
            if isinstance(file_path_or_content, Path):
                # Input is a Path - read the file
                content = file_path_or_content.read_text()
                logger.debug("Parsing ZMK file: %s", file_path_or_content)
            else:
                # Input is a string - use directly
                content = file_path_or_content
                logger.debug("Parsing ZMK content from string")
    
            # Process file line by line
            lines = content.split('\n')
            idx = 0
            while idx < len(lines):
                self.logger.debug(f"[DEBUG] Main loop before line {idx+1}: state={self.state}")
                line = lines[idx].strip()
    
                if not line or line.startswith('//'):
                    self.current_line += 1
                    idx += 1
                    continue
    
                reparsed = False
                while True:
                    result = self._parse_line_with_reparse(line)
                    if result == 'REPARSE':
                        if reparsed:
                            self.logger.error(f"[ERROR] Infinite reparsing detected at line {self.current_line}: {line}")
                            break
                        reparsed = True
                        continue
                    break
                self.current_line += 1
                idx += 1
    
            if not self.layers:
                raise ValueError("No layers found in ZMK file")
    
            return KeymapConfig(
                global_settings=self.global_settings_parser.finish(),
                layers=self.layers
            )
        except ParserError as e:
            raise e
        except Exception as e:
>           raise ParserError(f"Failed to parse ZMK file: {e}") from e
E           converter.parser.parser_error.ParserError: Failed to parse ZMK file: No layers found in ZMK file

converter/parser/zmk_parser.py:182: ParserError
------------------------------ Captured log call -------------------------------
WARNING  root:keymap_model.py:77 Key validation failed for 'lt 1 A': Invalid key: lt 1 A
WARNING  root:keymap_model.py:77 Key validation failed for 'lt 1 A': Invalid key: lt 1 A
WARNING  root:keymap_model.py:77 Key validation failed for 'lt 1 A': Invalid key: lt 1 A
WARNING  root:keymap_model.py:77 Key validation failed for 'lt 1 A': Invalid key: lt 1 A
WARNING  root:keymap_model.py:77 Key validation failed for 'tog 2': Invalid key: tog 2
WARNING  root:keymap_model.py:77 Key validation failed for 'tog 2': Invalid key: tog 2
WARNING  root:keymap_model.py:77 Key validation failed for 'tog 2': Invalid key: tog 2
WARNING  root:keymap_model.py:77 Key validation failed for 'K20': Invalid key: K20
WARNING  root:keymap_model.py:77 Key validation failed for 'K21': Invalid key: K21
WARNING  root:keymap_model.py:77 Key validation failed for 'K22': Invalid key: K22
WARNING  root:keymap_model.py:77 Key validation failed for 'K23': Invalid key: K23
WARNING  root:keymap_model.py:77 Key validation failed for 'K24': Invalid key: K24
WARNING  root:keymap_model.py:77 Key validation failed for 'K25': Invalid key: K25
WARNING  root:keymap_model.py:77 Key validation failed for 'K26': Invalid key: K26
WARNING  root:keymap_model.py:77 Key validation failed for 'K27': Invalid key: K27
WARNING  root:keymap_model.py:77 Key validation failed for 'K28': Invalid key: K28
WARNING  root:keymap_model.py:77 Key validation failed for 'K29': Invalid key: K29
WARNING  root:keymap_model.py:77 Key validation failed for 'K30': Invalid key: K30
WARNING  root:keymap_model.py:77 Key validation failed for 'K31': Invalid key: K31
WARNING  root:keymap_model.py:77 Key validation failed for 'K32': Invalid key: K32
WARNING  root:keymap_model.py:77 Key validation failed for 'K33': Invalid key: K33
WARNING  root:keymap_model.py:77 Key validation failed for 'K34': Invalid key: K34
WARNING  root:keymap_model.py:77 Key validation failed for 'K35': Invalid key: K35
WARNING  root:keymap_model.py:77 Key validation failed for 'K36': Invalid key: K36
WARNING  root:keymap_model.py:77 Key validation failed for 'K37': Invalid key: K37
WARNING  root:keymap_model.py:77 Key validation failed for 'K38': Invalid key: K38
WARNING  root:keymap_model.py:77 Key validation failed for 'K39': Invalid key: K39
WARNING  root:keymap_model.py:77 Key validation failed for 'K40': Invalid key: K40
WARNING  root:keymap_model.py:77 Key validation failed for 'K41': Invalid key: K41
WARNING  root:keymap_model.py:77 Key validation failed for 'K42': Invalid key: K42
WARNING  root:keymap_model.py:77 Key validation failed for 'K43': Invalid key: K43
WARNING  root:keymap_model.py:77 Key validation failed for 'K44': Invalid key: K44
WARNING  root:keymap_model.py:77 Key validation failed for 'K45': Invalid key: K45
WARNING  root:keymap_model.py:77 Key validation failed for 'K46': Invalid key: K46
WARNING  root:keymap_model.py:77 Key validation failed for 'K47': Invalid key: K47
WARNING  root:keymap_model.py:77 Key validation failed for 'K48': Invalid key: K48
WARNING  root:keymap_model.py:77 Key validation failed for 'K49': Invalid key: K49
WARNING  root:keymap_model.py:77 Key validation failed for 'lt 1 A': Invalid key: lt 1 A
WARNING  root:keymap_model.py:77 Key validation failed for 'lt 1 A': Invalid key: lt 1 A
WARNING  root:keymap_model.py:77 Key validation failed for 'lt 1 A': Invalid key: lt 1 A
WARNING  root:keymap_model.py:77 Key validation failed for 'lt 1 A': Invalid key: lt 1 A
WARNING  root:keymap_model.py:77 Key validation failed for 'tog 2': Invalid key: tog 2
WARNING  root:keymap_model.py:77 Key validation failed for 'tog 2': Invalid key: tog 2
WARNING  root:keymap_model.py:77 Key validation failed for 'tog 2': Invalid key: tog 2
WARNING  root:keymap_model.py:77 Key validation failed for 'K70': Invalid key: K70
WARNING  root:keymap_model.py:77 Key validation failed for 'K71': Invalid key: K71
WARNING  root:keymap_model.py:77 Key validation failed for 'K72': Invalid key: K72
WARNING  root:keymap_model.py:77 Key validation failed for 'K73': Invalid key: K73
WARNING  root:keymap_model.py:77 Key validation failed for 'K74': Invalid key: K74
WARNING  root:keymap_model.py:77 Key validation failed for 'K75': Invalid key: K75
WARNING  root:keymap_model.py:77 Key validation failed for 'K76': Invalid key: K76
WARNING  root:keymap_model.py:77 Key validation failed for 'K77': Invalid key: K77
WARNING  root:keymap_model.py:77 Key validation failed for 'K78': Invalid key: K78
WARNING  root:keymap_model.py:77 Key validation failed for 'K79': Invalid key: K79
WARNING  root:keymap_model.py:77 Key validation failed for 'K80': Invalid key: K80
WARNING  root:keymap_model.py:77 Key validation failed for 'K81': Invalid key: K81
WARNING  root:keymap_model.py:77 Key validation failed for 'K82': Invalid key: K82
WARNING  root:keymap_model.py:77 Key validation failed for 'K83': Invalid key: K83
WARNING  root:keymap_model.py:77 Key validation failed for 'K84': Invalid key: K84
WARNING  root:keymap_model.py:77 Key validation failed for 'K85': Invalid key: K85
WARNING  root:keymap_model.py:77 Key validation failed for 'K86': Invalid key: K86
WARNING  root:keymap_model.py:77 Key validation failed for 'K87': Invalid key: K87
WARNING  root:keymap_model.py:77 Key validation failed for 'K88': Invalid key: K88
WARNING  root:keymap_model.py:77 Key validation failed for 'K89': Invalid key: K89
WARNING  root:keymap_model.py:77 Key validation failed for 'K90': Invalid key: K90
WARNING  root:keymap_model.py:77 Key validation failed for 'K91': Invalid key: K91
WARNING  root:keymap_model.py:77 Key validation failed for 'K92': Invalid key: K92
WARNING  root:keymap_model.py:77 Key validation failed for 'K93': Invalid key: K93
WARNING  root:keymap_model.py:77 Key validation failed for 'K94': Invalid key: K94
WARNING  root:keymap_model.py:77 Key validation failed for 'K95': Invalid key: K95
WARNING  root:keymap_model.py:77 Key validation failed for 'K96': Invalid key: K96
WARNING  root:keymap_model.py:77 Key validation failed for 'K97': Invalid key: K97
WARNING  root:keymap_model.py:77 Key validation failed for 'K98': Invalid key: K98
WARNING  root:keymap_model.py:77 Key validation failed for 'K99': Invalid key: K99
WARNING  root:keymap_model.py:77 Key validation failed for '}': Invalid key: }
WARNING  root:keymap_model.py:77 Key validation failed for 'layer_1 {': Invalid key: layer_1 {
WARNING  root:keymap_model.py:77 Key validation failed for 'lt 2 A': Invalid key: lt 2 A
WARNING  root:keymap_model.py:77 Key validation failed for 'lt 2 A': Invalid key: lt 2 A
WARNING  root:keymap_model.py:77 Key validation failed for 'lt 2 A': Invalid key: lt 2 A
WARNING  root:keymap_model.py:77 Key validation failed for 'lt 2 A': Invalid key: lt 2 A
WARNING  root:keymap_model.py:77 Key validation failed for 'tog 3': Invalid key: tog 3
WARNING  root:keymap_model.py:77 Key validation failed for 'tog 3': Invalid key: tog 3
WARNING  root:keymap_model.py:77 Key validation failed for 'tog 3': Invalid key: tog 3
WARNING  root:keymap_model.py:77 Key validation failed for 'K20': Invalid key: K20
WARNING  root:keymap_model.py:77 Key validation failed for 'K21': Invalid key: K21
WARNING  root:keymap_model.py:77 Key validation failed for 'K22': Invalid key: K22
WARNING  root:keymap_model.py:77 Key validation failed for 'K23': Invalid key: K23
WARNING  root:keymap_model.py:77 Key validation failed for 'K24': Invalid key: K24
WARNING  root:keymap_model.py:77 Key validation failed for 'K25': Invalid key: K25
WARNING  root:keymap_model.py:77 Key validation failed for 'K26': Invalid key: K26
WARNING  root:keymap_model.py:77 Key validation failed for 'K27': Invalid key: K27
WARNING  root:keymap_model.py:77 Key validation failed for 'K28': Invalid key: K28
WARNING  root:keymap_model.py:77 Key validation failed for 'K29': Invalid key: K29
WARNING  root:keymap_model.py:77 Key validation failed for 'K30': Invalid key: K30
WARNING  root:keymap_model.py:77 Key validation failed for 'K31': Invalid key: K31
WARNING  root:keymap_model.py:77 Key validation failed for 'K32': Invalid key: K32
WARNING  root:keymap_model.py:77 Key validation failed for 'K33': Invalid key: K33
WARNING  root:keymap_model.py:77 Key validation failed for 'K34': Invalid key: K34
WARNING  root:keymap_model.py:77 Key validation failed for 'K35': Invalid key: K35
WARNING  root:keymap_model.py:77 Key validation failed for 'K36': Invalid key: K36
WARNING  root:keymap_model.py:77 Key validation failed for 'K37': Invalid key: K37
WARNING  root:keymap_model.py:77 Key validation failed for 'K38': Invalid key: K38
WARNING  root:keymap_model.py:77 Key validation failed for 'K39': Invalid key: K39
WARNING  root:keymap_model.py:77 Key validation failed for 'K40': Invalid key: K40
WARNING  root:keymap_model.py:77 Key validation failed for 'K41': Invalid key: K41
WARNING  root:keymap_model.py:77 Key validation failed for 'K42': Invalid key: K42
WARNING  root:keymap_model.py:77 Key validation failed for 'K43': Invalid key: K43
WARNING  root:keymap_model.py:77 Key validation failed for 'K44': Invalid key: K44
WARNING  root:keymap_model.py:77 Key validation failed for 'K45': Invalid key: K45
WARNING  root:keymap_model.py:77 Key validation failed for 'K46': Invalid key: K46
WARNING  root:keymap_model.py:77 Key validation failed for 'K47': Invalid key: K47
WARNING  root:keymap_model.py:77 Key validation failed for 'K48': Invalid key: K48
WARNING  root:keymap_model.py:77 Key validation failed for 'K49': Invalid key: K49
WARNING  root:keymap_model.py:77 Key validation failed for 'lt 2 A': Invalid key: lt 2 A
WARNING  root:keymap_model.py:77 Key validation failed for 'lt 2 A': Invalid key: lt 2 A
WARNING  root:keymap_model.py:77 Key validation failed for 'lt 2 A': Invalid key: lt 2 A
WARNING  root:keymap_model.py:77 Key validation failed for 'lt 2 A': Invalid key: lt 2 A
WARNING  root:keymap_model.py:77 Key validation failed for 'tog 3': Invalid key: tog 3
WARNING  root:keymap_model.py:77 Key validation failed for 'tog 3': Invalid key: tog 3
WARNING  root:keymap_model.py:77 Key validation failed for 'tog 3': Invalid key: tog 3
WARNING  root:keymap_model.py:77 Key validation failed for 'K70': Invalid key: K70
WARNING  root:keymap_model.py:77 Key validation failed for 'K71': Invalid key: K71
WARNING  root:keymap_model.py:77 Key validation failed for 'K72': Invalid key: K72
WARNING  root:keymap_model.py:77 Key validation failed for 'K73': Invalid key: K73
WARNING  root:keymap_model.py:77 Key validation failed for 'K74': Invalid key: K74
WARNING  root:keymap_model.py:77 Key validation failed for 'K75': Invalid key: K75
WARNING  root:keymap_model.py:77 Key validation failed for 'K76': Invalid key: K76
WARNING  root:keymap_model.py:77 Key validation failed for 'K77': Invalid key: K77
WARNING  root:keymap_model.py:77 Key validation failed for 'K78': Invalid key: K78
WARNING  root:keymap_model.py:77 Key validation failed for 'K79': Invalid key: K79
WARNING  root:keymap_model.py:77 Key validation failed for 'K80': Invalid key: K80
WARNING  root:keymap_model.py:77 Key validation failed for 'K81': Invalid key: K81
WARNING  root:keymap_model.py:77 Key validation failed for 'K82': Invalid key: K82
WARNING  root:keymap_model.py:77 Key validation failed for 'K83': Invalid key: K83
WARNING  root:keymap_model.py:77 Key validation failed for 'K84': Invalid key: K84
WARNING  root:keymap_model.py:77 Key validation failed for 'K85': Invalid key: K85
WARNING  root:keymap_model.py:77 Key validation failed for 'K86': Invalid key: K86
WARNING  root:keymap_model.py:77 Key validation failed for 'K87': Invalid key: K87
WARNING  root:keymap_model.py:77 Key validation failed for 'K88': Invalid key: K88
WARNING  root:keymap_model.py:77 Key validation failed for 'K89': Invalid key: K89
WARNING  root:keymap_model.py:77 Key validation failed for 'K90': Invalid key: K90
WARNING  root:keymap_model.py:77 Key validation failed for 'K91': Invalid key: K91
WARNING  root:keymap_model.py:77 Key validation failed for 'K92': Invalid key: K92
WARNING  root:keymap_model.py:77 Key validation failed for 'K93': Invalid key: K93
WARNING  root:keymap_model.py:77 Key validation failed for 'K94': Invalid key: K94
WARNING  root:keymap_model.py:77 Key validation failed for 'K95': Invalid key: K95
WARNING  root:keymap_model.py:77 Key validation failed for 'K96': Invalid key: K96
WARNING  root:keymap_model.py:77 Key validation failed for 'K97': Invalid key: K97
WARNING  root:keymap_model.py:77 Key validation failed for 'K98': Invalid key: K98
WARNING  root:keymap_model.py:77 Key validation failed for 'K99': Invalid key: K99
WARNING  root:keymap_model.py:77 Key validation failed for '}': Invalid key: }
WARNING  root:keymap_model.py:77 Key validation failed for 'layer_2 {': Invalid key: layer_2 {
WARNING  root:keymap_model.py:77 Key validation failed for 'lt 3 A': Invalid key: lt 3 A
WARNING  root:keymap_model.py:77 Key validation failed for 'lt 3 A': Invalid key: lt 3 A
WARNING  root:keymap_model.py:77 Key validation failed for 'lt 3 A': Invalid key: lt 3 A
WARNING  root:keymap_model.py:77 Key validation failed for 'lt 3 A': Invalid key: lt 3 A
WARNING  root:keymap_model.py:77 Key validation failed for 'tog 4': Invalid key: tog 4
WARNING  root:keymap_model.py:77 Key validation failed for 'tog 4': Invalid key: tog 4
WARNING  root:keymap_model.py:77 Key validation failed for 'tog 4': Invalid key: tog 4
WARNING  root:keymap_model.py:77 Key validation failed for 'K20': Invalid key: K20
WARNING  root:keymap_model.py:77 Key validation failed for 'K21': Invalid key: K21
WARNING  root:keymap_model.py:77 Key validation failed for 'K22': Invalid key: K22
WARNING  root:keymap_model.py:77 Key validation failed for 'K23': Invalid key: K23
WARNING  root:keymap_model.py:77 Key validation failed for 'K24': Invalid key: K24
WARNING  root:keymap_model.py:77 Key validation failed for 'K25': Invalid key: K25
WARNING  root:keymap_model.py:77 Key validation failed for 'K26': Invalid key: K26
WARNING  root:keymap_model.py:77 Key validation failed for 'K27': Invalid key: K27
WARNING  root:keymap_model.py:77 Key validation failed for 'K28': Invalid key: K28
WARNING  root:keymap_model.py:77 Key validation failed for 'K29': Invalid key: K29
WARNING  root:keymap_model.py:77 Key validation failed for 'K30': Invalid key: K30
WARNING  root:keymap_model.py:77 Key validation failed for 'K31': Invalid key: K31
WARNING  root:keymap_model.py:77 Key validation failed for 'K32': Invalid key: K32
WARNING  root:keymap_model.py:77 Key validation failed for 'K33': Invalid key: K33
WARNING  root:keymap_model.py:77 Key validation failed for 'K34': Invalid key: K34
WARNING  root:keymap_model.py:77 Key validation failed for 'K35': Invalid key: K35
WARNING  root:keymap_model.py:77 Key validation failed for 'K36': Invalid key: K36
WARNING  root:keymap_model.py:77 Key validation failed for 'K37': Invalid key: K37
WARNING  root:keymap_model.py:77 Key validation failed for 'K38': Invalid key: K38
WARNING  root:keymap_model.py:77 Key validation failed for 'K39': Invalid key: K39
WARNING  root:keymap_model.py:77 Key validation failed for 'K40': Invalid key: K40
WARNING  root:keymap_model.py:77 Key validation failed for 'K41': Invalid key: K41
WARNING  root:keymap_model.py:77 Key validation failed for 'K42': Invalid key: K42
WARNING  root:keymap_model.py:77 Key validation failed for 'K43': Invalid key: K43
WARNING  root:keymap_model.py:77 Key validation failed for 'K44': Invalid key: K44
WARNING  root:keymap_model.py:77 Key validation failed for 'K45': Invalid key: K45
WARNING  root:keymap_model.py:77 Key validation failed for 'K46': Invalid key: K46
WARNING  root:keymap_model.py:77 Key validation failed for 'K47': Invalid key: K47
WARNING  root:keymap_model.py:77 Key validation failed for 'K48': Invalid key: K48
WARNING  root:keymap_model.py:77 Key validation failed for 'K49': Invalid key: K49
WARNING  root:keymap_model.py:77 Key validation failed for 'lt 3 A': Invalid key: lt 3 A
WARNING  root:keymap_model.py:77 Key validation failed for 'lt 3 A': Invalid key: lt 3 A
WARNING  root:keymap_model.py:77 Key validation failed for 'lt 3 A': Invalid key: lt 3 A
WARNING  root:keymap_model.py:77 Key validation failed for 'lt 3 A': Invalid key: lt 3 A
WARNING  root:keymap_model.py:77 Key validation failed for 'tog 4': Invalid key: tog 4
WARNING  root:keymap_model.py:77 Key validation failed for 'tog 4': Invalid key: tog 4
WARNING  root:keymap_model.py:77 Key validation failed for 'tog 4': Invalid key: tog 4
WARNING  root:keymap_model.py:77 Key validation failed for 'K70': Invalid key: K70
WARNING  root:keymap_model.py:77 Key validation failed for 'K71': Invalid key: K71
WARNING  root:keymap_model.py:77 Key validation failed for 'K72': Invalid key: K72
WARNING  root:keymap_model.py:77 Key validation failed for 'K73': Invalid key: K73
WARNING  root:keymap_model.py:77 Key validation failed for 'K74': Invalid key: K74
WARNING  root:keymap_model.py:77 Key validation failed for 'K75': Invalid key: K75
WARNING  root:keymap_model.py:77 Key validation failed for 'K76': Invalid key: K76
WARNING  root:keymap_model.py:77 Key validation failed for 'K77': Invalid key: K77
WARNING  root:keymap_model.py:77 Key validation failed for 'K78': Invalid key: K78
WARNING  root:keymap_model.py:77 Key validation failed for 'K79': Invalid key: K79
WARNING  root:keymap_model.py:77 Key validation failed for 'K80': Invalid key: K80
WARNING  root:keymap_model.py:77 Key validation failed for 'K81': Invalid key: K81
WARNING  root:keymap_model.py:77 Key validation failed for 'K82': Invalid key: K82
WARNING  root:keymap_model.py:77 Key validation failed for 'K83': Invalid key: K83
WARNING  root:keymap_model.py:77 Key validation failed for 'K84': Invalid key: K84
WARNING  root:keymap_model.py:77 Key validation failed for 'K85': Invalid key: K85
WARNING  root:keymap_model.py:77 Key validation failed for 'K86': Invalid key: K86
WARNING  root:keymap_model.py:77 Key validation failed for 'K87': Invalid key: K87
WARNING  root:keymap_model.py:77 Key validation failed for 'K88': Invalid key: K88
WARNING  root:keymap_model.py:77 Key validation failed for 'K89': Invalid key: K89
WARNING  root:keymap_model.py:77 Key validation failed for 'K90': Invalid key: K90
WARNING  root:keymap_model.py:77 Key validation failed for 'K91': Invalid key: K91
WARNING  root:keymap_model.py:77 Key validation failed for 'K92': Invalid key: K92
WARNING  root:keymap_model.py:77 Key validation failed for 'K93': Invalid key: K93
WARNING  root:keymap_model.py:77 Key validation failed for 'K94': Invalid key: K94
WARNING  root:keymap_model.py:77 Key validation failed for 'K95': Invalid key: K95
WARNING  root:keymap_model.py:77 Key validation failed for 'K96': Invalid key: K96
WARNING  root:keymap_model.py:77 Key validation failed for 'K97': Invalid key: K97
WARNING  root:keymap_model.py:77 Key validation failed for 'K98': Invalid key: K98
WARNING  root:keymap_model.py:77 Key validation failed for 'K99': Invalid key: K99
WARNING  root:keymap_model.py:77 Key validation failed for '}': Invalid key: }
WARNING  root:keymap_model.py:77 Key validation failed for 'layer_3 {': Invalid key: layer_3 {
WARNING  root:keymap_model.py:77 Key validation failed for 'lt 4 A': Invalid key: lt 4 A
WARNING  root:keymap_model.py:77 Key validation failed for 'lt 4 A': Invalid key: lt 4 A
WARNING  root:keymap_model.py:77 Key validation failed for 'lt 4 A': Invalid key: lt 4 A
WARNING  root:keymap_model.py:77 Key validation failed for 'lt 4 A': Invalid key: lt 4 A
WARNING  root:keymap_model.py:77 Key validation failed for 'tog 0': Invalid key: tog 0
WARNING  root:keymap_model.py:77 Key validation failed for 'tog 0': Invalid key: tog 0
WARNING  root:keymap_model.py:77 Key validation failed for 'tog 0': Invalid key: tog 0
WARNING  root:keymap_model.py:77 Key validation failed for 'K20': Invalid key: K20
WARNING  root:keymap_model.py:77 Key validation failed for 'K21': Invalid key: K21
WARNING  root:keymap_model.py:77 Key validation failed for 'K22': Invalid key: K22
WARNING  root:keymap_model.py:77 Key validation failed for 'K23': Invalid key: K23
WARNING  root:keymap_model.py:77 Key validation failed for 'K24': Invalid key: K24
WARNING  root:keymap_model.py:77 Key validation failed for 'K25': Invalid key: K25
WARNING  root:keymap_model.py:77 Key validation failed for 'K26': Invalid key: K26
WARNING  root:keymap_model.py:77 Key validation failed for 'K27': Invalid key: K27
WARNING  root:keymap_model.py:77 Key validation failed for 'K28': Invalid key: K28
WARNING  root:keymap_model.py:77 Key validation failed for 'K29': Invalid key: K29
WARNING  root:keymap_model.py:77 Key validation failed for 'K30': Invalid key: K30
WARNING  root:keymap_model.py:77 Key validation failed for 'K31': Invalid key: K31
WARNING  root:keymap_model.py:77 Key validation failed for 'K32': Invalid key: K32
WARNING  root:keymap_model.py:77 Key validation failed for 'K33': Invalid key: K33
WARNING  root:keymap_model.py:77 Key validation failed for 'K34': Invalid key: K34
WARNING  root:keymap_model.py:77 Key validation failed for 'K35': Invalid key: K35
WARNING  root:keymap_model.py:77 Key validation failed for 'K36': Invalid key: K36
WARNING  root:keymap_model.py:77 Key validation failed for 'K37': Invalid key: K37
WARNING  root:keymap_model.py:77 Key validation failed for 'K38': Invalid key: K38
WARNING  root:keymap_model.py:77 Key validation failed for 'K39': Invalid key: K39
WARNING  root:keymap_model.py:77 Key validation failed for 'K40': Invalid key: K40
WARNING  root:keymap_model.py:77 Key validation failed for 'K41': Invalid key: K41
WARNING  root:keymap_model.py:77 Key validation failed for 'K42': Invalid key: K42
WARNING  root:keymap_model.py:77 Key validation failed for 'K43': Invalid key: K43
WARNING  root:keymap_model.py:77 Key validation failed for 'K44': Invalid key: K44
WARNING  root:keymap_model.py:77 Key validation failed for 'K45': Invalid key: K45
WARNING  root:keymap_model.py:77 Key validation failed for 'K46': Invalid key: K46
WARNING  root:keymap_model.py:77 Key validation failed for 'K47': Invalid key: K47
WARNING  root:keymap_model.py:77 Key validation failed for 'K48': Invalid key: K48
WARNING  root:keymap_model.py:77 Key validation failed for 'K49': Invalid key: K49
WARNING  root:keymap_model.py:77 Key validation failed for 'lt 4 A': Invalid key: lt 4 A
WARNING  root:keymap_model.py:77 Key validation failed for 'lt 4 A': Invalid key: lt 4 A
WARNING  root:keymap_model.py:77 Key validation failed for 'lt 4 A': Invalid key: lt 4 A
WARNING  root:keymap_model.py:77 Key validation failed for 'lt 4 A': Invalid key: lt 4 A
WARNING  root:keymap_model.py:77 Key validation failed for 'tog 0': Invalid key: tog 0
WARNING  root:keymap_model.py:77 Key validation failed for 'tog 0': Invalid key: tog 0
WARNING  root:keymap_model.py:77 Key validation failed for 'tog 0': Invalid key: tog 0
WARNING  root:keymap_model.py:77 Key validation failed for 'K70': Invalid key: K70
WARNING  root:keymap_model.py:77 Key validation failed for 'K71': Invalid key: K71
WARNING  root:keymap_model.py:77 Key validation failed for 'K72': Invalid key: K72
WARNING  root:keymap_model.py:77 Key validation failed for 'K73': Invalid key: K73
WARNING  root:keymap_model.py:77 Key validation failed for 'K74': Invalid key: K74
WARNING  root:keymap_model.py:77 Key validation failed for 'K75': Invalid key: K75
WARNING  root:keymap_model.py:77 Key validation failed for 'K76': Invalid key: K76
WARNING  root:keymap_model.py:77 Key validation failed for 'K77': Invalid key: K77
WARNING  root:keymap_model.py:77 Key validation failed for 'K78': Invalid key: K78
WARNING  root:keymap_model.py:77 Key validation failed for 'K79': Invalid key: K79
WARNING  root:keymap_model.py:77 Key validation failed for 'K80': Invalid key: K80
WARNING  root:keymap_model.py:77 Key validation failed for 'K81': Invalid key: K81
WARNING  root:keymap_model.py:77 Key validation failed for 'K82': Invalid key: K82
WARNING  root:keymap_model.py:77 Key validation failed for 'K83': Invalid key: K83
WARNING  root:keymap_model.py:77 Key validation failed for 'K84': Invalid key: K84
WARNING  root:keymap_model.py:77 Key validation failed for 'K85': Invalid key: K85
WARNING  root:keymap_model.py:77 Key validation failed for 'K86': Invalid key: K86
WARNING  root:keymap_model.py:77 Key validation failed for 'K87': Invalid key: K87
WARNING  root:keymap_model.py:77 Key validation failed for 'K88': Invalid key: K88
WARNING  root:keymap_model.py:77 Key validation failed for 'K89': Invalid key: K89
WARNING  root:keymap_model.py:77 Key validation failed for 'K90': Invalid key: K90
WARNING  root:keymap_model.py:77 Key validation failed for 'K91': Invalid key: K91
WARNING  root:keymap_model.py:77 Key validation failed for 'K92': Invalid key: K92
WARNING  root:keymap_model.py:77 Key validation failed for 'K93': Invalid key: K93
WARNING  root:keymap_model.py:77 Key validation failed for 'K94': Invalid key: K94
WARNING  root:keymap_model.py:77 Key validation failed for 'K95': Invalid key: K95
WARNING  root:keymap_model.py:77 Key validation failed for 'K96': Invalid key: K96
WARNING  root:keymap_model.py:77 Key validation failed for 'K97': Invalid key: K97
WARNING  root:keymap_model.py:77 Key validation failed for 'K98': Invalid key: K98
WARNING  root:keymap_model.py:77 Key validation failed for 'K99': Invalid key: K99
WARNING  root:keymap_model.py:77 Key validation failed for '}': Invalid key: }
WARNING  root:keymap_model.py:77 Key validation failed for 'layer_4 {': Invalid key: layer_4 {
WARNING  root:keymap_model.py:77 Key validation failed for 'lt 5 A': Invalid key: lt 5 A
WARNING  root:keymap_model.py:77 Key validation failed for 'lt 5 A': Invalid key: lt 5 A
WARNING  root:keymap_model.py:77 Key validation failed for 'lt 5 A': Invalid key: lt 5 A
WARNING  root:keymap_model.py:77 Key validation failed for 'lt 5 A': Invalid key: lt 5 A
WARNING  root:keymap_model.py:77 Key validation failed for 'tog 1': Invalid key: tog 1
WARNING  root:keymap_model.py:77 Key validation failed for 'tog 1': Invalid key: tog 1
WARNING  root:keymap_model.py:77 Key validation failed for 'tog 1': Invalid key: tog 1
WARNING  root:keymap_model.py:77 Key validation failed for 'K20': Invalid key: K20
WARNING  root:keymap_model.py:77 Key validation failed for 'K21': Invalid key: K21
WARNING  root:keymap_model.py:77 Key validation failed for 'K22': Invalid key: K22
WARNING  root:keymap_model.py:77 Key validation failed for 'K23': Invalid key: K23
WARNING  root:keymap_model.py:77 Key validation failed for 'K24': Invalid key: K24
WARNING  root:keymap_model.py:77 Key validation failed for 'K25': Invalid key: K25
WARNING  root:keymap_model.py:77 Key validation failed for 'K26': Invalid key: K26
WARNING  root:keymap_model.py:77 Key validation failed for 'K27': Invalid key: K27
WARNING  root:keymap_model.py:77 Key validation failed for 'K28': Invalid key: K28
WARNING  root:keymap_model.py:77 Key validation failed for 'K29': Invalid key: K29
WARNING  root:keymap_model.py:77 Key validation failed for 'K30': Invalid key: K30
WARNING  root:keymap_model.py:77 Key validation failed for 'K31': Invalid key: K31
WARNING  root:keymap_model.py:77 Key validation failed for 'K32': Invalid key: K32
WARNING  root:keymap_model.py:77 Key validation failed for 'K33': Invalid key: K33
WARNING  root:keymap_model.py:77 Key validation failed for 'K34': Invalid key: K34
WARNING  root:keymap_model.py:77 Key validation failed for 'K35': Invalid key: K35
WARNING  root:keymap_model.py:77 Key validation failed for 'K36': Invalid key: K36
WARNING  root:keymap_model.py:77 Key validation failed for 'K37': Invalid key: K37
WARNING  root:keymap_model.py:77 Key validation failed for 'K38': Invalid key: K38
WARNING  root:keymap_model.py:77 Key validation failed for 'K39': Invalid key: K39
WARNING  root:keymap_model.py:77 Key validation failed for 'K40': Invalid key: K40
WARNING  root:keymap_model.py:77 Key validation failed for 'K41': Invalid key: K41
WARNING  root:keymap_model.py:77 Key validation failed for 'K42': Invalid key: K42
WARNING  root:keymap_model.py:77 Key validation failed for 'K43': Invalid key: K43
WARNING  root:keymap_model.py:77 Key validation failed for 'K44': Invalid key: K44
WARNING  root:keymap_model.py:77 Key validation failed for 'K45': Invalid key: K45
WARNING  root:keymap_model.py:77 Key validation failed for 'K46': Invalid key: K46
WARNING  root:keymap_model.py:77 Key validation failed for 'K47': Invalid key: K47
WARNING  root:keymap_model.py:77 Key validation failed for 'K48': Invalid key: K48
WARNING  root:keymap_model.py:77 Key validation failed for 'K49': Invalid key: K49
WARNING  root:keymap_model.py:77 Key validation failed for 'lt 5 A': Invalid key: lt 5 A
WARNING  root:keymap_model.py:77 Key validation failed for 'lt 5 A': Invalid key: lt 5 A
WARNING  root:keymap_model.py:77 Key validation failed for 'lt 5 A': Invalid key: lt 5 A
WARNING  root:keymap_model.py:77 Key validation failed for 'lt 5 A': Invalid key: lt 5 A
WARNING  root:keymap_model.py:77 Key validation failed for 'tog 1': Invalid key: tog 1
WARNING  root:keymap_model.py:77 Key validation failed for 'tog 1': Invalid key: tog 1
WARNING  root:keymap_model.py:77 Key validation failed for 'tog 1': Invalid key: tog 1
WARNING  root:keymap_model.py:77 Key validation failed for 'K70': Invalid key: K70
WARNING  root:keymap_model.py:77 Key validation failed for 'K71': Invalid key: K71
WARNING  root:keymap_model.py:77 Key validation failed for 'K72': Invalid key: K72
WARNING  root:keymap_model.py:77 Key validation failed for 'K73': Invalid key: K73
WARNING  root:keymap_model.py:77 Key validation failed for 'K74': Invalid key: K74
WARNING  root:keymap_model.py:77 Key validation failed for 'K75': Invalid key: K75
WARNING  root:keymap_model.py:77 Key validation failed for 'K76': Invalid key: K76
WARNING  root:keymap_model.py:77 Key validation failed for 'K77': Invalid key: K77
WARNING  root:keymap_model.py:77 Key validation failed for 'K78': Invalid key: K78
WARNING  root:keymap_model.py:77 Key validation failed for 'K79': Invalid key: K79
WARNING  root:keymap_model.py:77 Key validation failed for 'K80': Invalid key: K80
WARNING  root:keymap_model.py:77 Key validation failed for 'K81': Invalid key: K81
WARNING  root:keymap_model.py:77 Key validation failed for 'K82': Invalid key: K82
WARNING  root:keymap_model.py:77 Key validation failed for 'K83': Invalid key: K83
WARNING  root:keymap_model.py:77 Key validation failed for 'K84': Invalid key: K84
WARNING  root:keymap_model.py:77 Key validation failed for 'K85': Invalid key: K85
WARNING  root:keymap_model.py:77 Key validation failed for 'K86': Invalid key: K86
WARNING  root:keymap_model.py:77 Key validation failed for 'K87': Invalid key: K87
WARNING  root:keymap_model.py:77 Key validation failed for 'K88': Invalid key: K88
WARNING  root:keymap_model.py:77 Key validation failed for 'K89': Invalid key: K89
WARNING  root:keymap_model.py:77 Key validation failed for 'K90': Invalid key: K90
WARNING  root:keymap_model.py:77 Key validation failed for 'K91': Invalid key: K91
WARNING  root:keymap_model.py:77 Key validation failed for 'K92': Invalid key: K92
WARNING  root:keymap_model.py:77 Key validation failed for 'K93': Invalid key: K93
WARNING  root:keymap_model.py:77 Key validation failed for 'K94': Invalid key: K94
WARNING  root:keymap_model.py:77 Key validation failed for 'K95': Invalid key: K95
WARNING  root:keymap_model.py:77 Key validation failed for 'K96': Invalid key: K96
WARNING  root:keymap_model.py:77 Key validation failed for 'K97': Invalid key: K97
WARNING  root:keymap_model.py:77 Key validation failed for 'K98': Invalid key: K98
WARNING  root:keymap_model.py:77 Key validation failed for 'K99': Invalid key: K99
WARNING  root:keymap_model.py:77 Key validation failed for '}': Invalid key: }
WARNING  root:keymap_model.py:77 Key validation failed for '}': Invalid key: }
WARNING  root:keymap_model.py:77 Key validation failed for '}': Invalid key: }
_________________________ test_transformer_performance _________________________

self = <converter.parser.zmk_parser.ZMKParser object at 0x102dc4430>
file_path_or_content = '\n/ {\n    keymap {\n        compatible = "zmk,keymap";\n\n                default_layer {\n                    bindi...p K46 &kp K47 &kp K48 &kp K49 \n                    >;\n                };\n        \n            };\n        };\n    '

    def parse(self, file_path_or_content: Union[Path, str]) -> KeymapConfig:
        """Parse a ZMK keymap file or content string.
    
        Args:
            file_path_or_content: Either a Path object to the keymap file or the content as a string.
    
        Returns:
            A KeymapConfig object containing the parsed keymap.
    
        Raises:
            ParserError: If there are any parsing errors.
        """
        try:
            # Determine if input is a Path or content string
            if isinstance(file_path_or_content, Path):
                # Input is a Path - read the file
                content = file_path_or_content.read_text()
                logger.debug("Parsing ZMK file: %s", file_path_or_content)
            else:
                # Input is a string - use directly
                content = file_path_or_content
                logger.debug("Parsing ZMK content from string")
    
            # Process file line by line
            lines = content.split('\n')
            idx = 0
            while idx < len(lines):
                self.logger.debug(f"[DEBUG] Main loop before line {idx+1}: state={self.state}")
                line = lines[idx].strip()
    
                if not line or line.startswith('//'):
                    self.current_line += 1
                    idx += 1
                    continue
    
                reparsed = False
                while True:
                    result = self._parse_line_with_reparse(line)
                    if result == 'REPARSE':
                        if reparsed:
                            self.logger.error(f"[ERROR] Infinite reparsing detected at line {self.current_line}: {line}")
                            break
                        reparsed = True
                        continue
                    break
                self.current_line += 1
                idx += 1
    
            if not self.layers:
>               raise ValueError("No layers found in ZMK file")
E               ValueError: No layers found in ZMK file

converter/parser/zmk_parser.py:173: ValueError

The above exception was the direct cause of the following exception:

    def test_transformer_performance():
        """Test transformer performance."""
        # Generate a moderate-sized keymap
        content = generate_large_keymap(num_layers=3, keys_per_layer=50)
    
        parser = ZMKParser()
        transformer = KanataTransformer()
    
        # Parse first
>       parse_result = parser.parse(content)

converter/tests/performance/test_performance.py:139: 
_ _ _ _ _ _ _ _ _ _ _ _ _ _ _ _ _ _ _ _ _ _ _ _ _ _ _ _ _ _ _ _ _ _ _ _ _ _ _ _ 

self = <converter.parser.zmk_parser.ZMKParser object at 0x102dc4430>
file_path_or_content = '\n/ {\n    keymap {\n        compatible = "zmk,keymap";\n\n                default_layer {\n                    bindi...p K46 &kp K47 &kp K48 &kp K49 \n                    >;\n                };\n        \n            };\n        };\n    '

    def parse(self, file_path_or_content: Union[Path, str]) -> KeymapConfig:
        """Parse a ZMK keymap file or content string.
    
        Args:
            file_path_or_content: Either a Path object to the keymap file or the content as a string.
    
        Returns:
            A KeymapConfig object containing the parsed keymap.
    
        Raises:
            ParserError: If there are any parsing errors.
        """
        try:
            # Determine if input is a Path or content string
            if isinstance(file_path_or_content, Path):
                # Input is a Path - read the file
                content = file_path_or_content.read_text()
                logger.debug("Parsing ZMK file: %s", file_path_or_content)
            else:
                # Input is a string - use directly
                content = file_path_or_content
                logger.debug("Parsing ZMK content from string")
    
            # Process file line by line
            lines = content.split('\n')
            idx = 0
            while idx < len(lines):
                self.logger.debug(f"[DEBUG] Main loop before line {idx+1}: state={self.state}")
                line = lines[idx].strip()
    
                if not line or line.startswith('//'):
                    self.current_line += 1
                    idx += 1
                    continue
    
                reparsed = False
                while True:
                    result = self._parse_line_with_reparse(line)
                    if result == 'REPARSE':
                        if reparsed:
                            self.logger.error(f"[ERROR] Infinite reparsing detected at line {self.current_line}: {line}")
                            break
                        reparsed = True
                        continue
                    break
                self.current_line += 1
                idx += 1
    
            if not self.layers:
                raise ValueError("No layers found in ZMK file")
    
            return KeymapConfig(
                global_settings=self.global_settings_parser.finish(),
                layers=self.layers
            )
        except ParserError as e:
            raise e
        except Exception as e:
>           raise ParserError(f"Failed to parse ZMK file: {e}") from e
E           converter.parser.parser_error.ParserError: Failed to parse ZMK file: No layers found in ZMK file

converter/parser/zmk_parser.py:182: ParserError
------------------------------ Captured log call -------------------------------
WARNING  root:keymap_model.py:77 Key validation failed for 'lt 1 A': Invalid key: lt 1 A
WARNING  root:keymap_model.py:77 Key validation failed for 'lt 1 A': Invalid key: lt 1 A
WARNING  root:keymap_model.py:77 Key validation failed for 'lt 1 A': Invalid key: lt 1 A
WARNING  root:keymap_model.py:77 Key validation failed for 'lt 1 A': Invalid key: lt 1 A
WARNING  root:keymap_model.py:77 Key validation failed for 'tog 2': Invalid key: tog 2
WARNING  root:keymap_model.py:77 Key validation failed for 'tog 2': Invalid key: tog 2
WARNING  root:keymap_model.py:77 Key validation failed for 'tog 2': Invalid key: tog 2
WARNING  root:keymap_model.py:77 Key validation failed for 'K20': Invalid key: K20
WARNING  root:keymap_model.py:77 Key validation failed for 'K21': Invalid key: K21
WARNING  root:keymap_model.py:77 Key validation failed for 'K22': Invalid key: K22
WARNING  root:keymap_model.py:77 Key validation failed for 'K23': Invalid key: K23
WARNING  root:keymap_model.py:77 Key validation failed for 'K24': Invalid key: K24
WARNING  root:keymap_model.py:77 Key validation failed for 'K25': Invalid key: K25
WARNING  root:keymap_model.py:77 Key validation failed for 'K26': Invalid key: K26
WARNING  root:keymap_model.py:77 Key validation failed for 'K27': Invalid key: K27
WARNING  root:keymap_model.py:77 Key validation failed for 'K28': Invalid key: K28
WARNING  root:keymap_model.py:77 Key validation failed for 'K29': Invalid key: K29
WARNING  root:keymap_model.py:77 Key validation failed for 'K30': Invalid key: K30
WARNING  root:keymap_model.py:77 Key validation failed for 'K31': Invalid key: K31
WARNING  root:keymap_model.py:77 Key validation failed for 'K32': Invalid key: K32
WARNING  root:keymap_model.py:77 Key validation failed for 'K33': Invalid key: K33
WARNING  root:keymap_model.py:77 Key validation failed for 'K34': Invalid key: K34
WARNING  root:keymap_model.py:77 Key validation failed for 'K35': Invalid key: K35
WARNING  root:keymap_model.py:77 Key validation failed for 'K36': Invalid key: K36
WARNING  root:keymap_model.py:77 Key validation failed for 'K37': Invalid key: K37
WARNING  root:keymap_model.py:77 Key validation failed for 'K38': Invalid key: K38
WARNING  root:keymap_model.py:77 Key validation failed for 'K39': Invalid key: K39
WARNING  root:keymap_model.py:77 Key validation failed for 'K40': Invalid key: K40
WARNING  root:keymap_model.py:77 Key validation failed for 'K41': Invalid key: K41
WARNING  root:keymap_model.py:77 Key validation failed for 'K42': Invalid key: K42
WARNING  root:keymap_model.py:77 Key validation failed for 'K43': Invalid key: K43
WARNING  root:keymap_model.py:77 Key validation failed for 'K44': Invalid key: K44
WARNING  root:keymap_model.py:77 Key validation failed for 'K45': Invalid key: K45
WARNING  root:keymap_model.py:77 Key validation failed for 'K46': Invalid key: K46
WARNING  root:keymap_model.py:77 Key validation failed for 'K47': Invalid key: K47
WARNING  root:keymap_model.py:77 Key validation failed for 'K48': Invalid key: K48
WARNING  root:keymap_model.py:77 Key validation failed for 'K49': Invalid key: K49
WARNING  root:keymap_model.py:77 Key validation failed for '}': Invalid key: }
WARNING  root:keymap_model.py:77 Key validation failed for 'layer_1 {': Invalid key: layer_1 {
WARNING  root:keymap_model.py:77 Key validation failed for 'lt 2 A': Invalid key: lt 2 A
WARNING  root:keymap_model.py:77 Key validation failed for 'lt 2 A': Invalid key: lt 2 A
WARNING  root:keymap_model.py:77 Key validation failed for 'lt 2 A': Invalid key: lt 2 A
WARNING  root:keymap_model.py:77 Key validation failed for 'lt 2 A': Invalid key: lt 2 A
WARNING  root:keymap_model.py:77 Key validation failed for 'tog 0': Invalid key: tog 0
WARNING  root:keymap_model.py:77 Key validation failed for 'tog 0': Invalid key: tog 0
WARNING  root:keymap_model.py:77 Key validation failed for 'tog 0': Invalid key: tog 0
WARNING  root:keymap_model.py:77 Key validation failed for 'K20': Invalid key: K20
WARNING  root:keymap_model.py:77 Key validation failed for 'K21': Invalid key: K21
WARNING  root:keymap_model.py:77 Key validation failed for 'K22': Invalid key: K22
WARNING  root:keymap_model.py:77 Key validation failed for 'K23': Invalid key: K23
WARNING  root:keymap_model.py:77 Key validation failed for 'K24': Invalid key: K24
WARNING  root:keymap_model.py:77 Key validation failed for 'K25': Invalid key: K25
WARNING  root:keymap_model.py:77 Key validation failed for 'K26': Invalid key: K26
WARNING  root:keymap_model.py:77 Key validation failed for 'K27': Invalid key: K27
WARNING  root:keymap_model.py:77 Key validation failed for 'K28': Invalid key: K28
WARNING  root:keymap_model.py:77 Key validation failed for 'K29': Invalid key: K29
WARNING  root:keymap_model.py:77 Key validation failed for 'K30': Invalid key: K30
WARNING  root:keymap_model.py:77 Key validation failed for 'K31': Invalid key: K31
WARNING  root:keymap_model.py:77 Key validation failed for 'K32': Invalid key: K32
WARNING  root:keymap_model.py:77 Key validation failed for 'K33': Invalid key: K33
WARNING  root:keymap_model.py:77 Key validation failed for 'K34': Invalid key: K34
WARNING  root:keymap_model.py:77 Key validation failed for 'K35': Invalid key: K35
WARNING  root:keymap_model.py:77 Key validation failed for 'K36': Invalid key: K36
WARNING  root:keymap_model.py:77 Key validation failed for 'K37': Invalid key: K37
WARNING  root:keymap_model.py:77 Key validation failed for 'K38': Invalid key: K38
WARNING  root:keymap_model.py:77 Key validation failed for 'K39': Invalid key: K39
WARNING  root:keymap_model.py:77 Key validation failed for 'K40': Invalid key: K40
WARNING  root:keymap_model.py:77 Key validation failed for 'K41': Invalid key: K41
WARNING  root:keymap_model.py:77 Key validation failed for 'K42': Invalid key: K42
WARNING  root:keymap_model.py:77 Key validation failed for 'K43': Invalid key: K43
WARNING  root:keymap_model.py:77 Key validation failed for 'K44': Invalid key: K44
WARNING  root:keymap_model.py:77 Key validation failed for 'K45': Invalid key: K45
WARNING  root:keymap_model.py:77 Key validation failed for 'K46': Invalid key: K46
WARNING  root:keymap_model.py:77 Key validation failed for 'K47': Invalid key: K47
WARNING  root:keymap_model.py:77 Key validation failed for 'K48': Invalid key: K48
WARNING  root:keymap_model.py:77 Key validation failed for 'K49': Invalid key: K49
WARNING  root:keymap_model.py:77 Key validation failed for '}': Invalid key: }
WARNING  root:keymap_model.py:77 Key validation failed for 'layer_2 {': Invalid key: layer_2 {
WARNING  root:keymap_model.py:77 Key validation failed for 'lt 3 A': Invalid key: lt 3 A
WARNING  root:keymap_model.py:77 Key validation failed for 'lt 3 A': Invalid key: lt 3 A
WARNING  root:keymap_model.py:77 Key validation failed for 'lt 3 A': Invalid key: lt 3 A
WARNING  root:keymap_model.py:77 Key validation failed for 'lt 3 A': Invalid key: lt 3 A
WARNING  root:keymap_model.py:77 Key validation failed for 'tog 1': Invalid key: tog 1
WARNING  root:keymap_model.py:77 Key validation failed for 'tog 1': Invalid key: tog 1
WARNING  root:keymap_model.py:77 Key validation failed for 'tog 1': Invalid key: tog 1
WARNING  root:keymap_model.py:77 Key validation failed for 'K20': Invalid key: K20
WARNING  root:keymap_model.py:77 Key validation failed for 'K21': Invalid key: K21
WARNING  root:keymap_model.py:77 Key validation failed for 'K22': Invalid key: K22
WARNING  root:keymap_model.py:77 Key validation failed for 'K23': Invalid key: K23
WARNING  root:keymap_model.py:77 Key validation failed for 'K24': Invalid key: K24
WARNING  root:keymap_model.py:77 Key validation failed for 'K25': Invalid key: K25
WARNING  root:keymap_model.py:77 Key validation failed for 'K26': Invalid key: K26
WARNING  root:keymap_model.py:77 Key validation failed for 'K27': Invalid key: K27
WARNING  root:keymap_model.py:77 Key validation failed for 'K28': Invalid key: K28
WARNING  root:keymap_model.py:77 Key validation failed for 'K29': Invalid key: K29
WARNING  root:keymap_model.py:77 Key validation failed for 'K30': Invalid key: K30
WARNING  root:keymap_model.py:77 Key validation failed for 'K31': Invalid key: K31
WARNING  root:keymap_model.py:77 Key validation failed for 'K32': Invalid key: K32
WARNING  root:keymap_model.py:77 Key validation failed for 'K33': Invalid key: K33
WARNING  root:keymap_model.py:77 Key validation failed for 'K34': Invalid key: K34
WARNING  root:keymap_model.py:77 Key validation failed for 'K35': Invalid key: K35
WARNING  root:keymap_model.py:77 Key validation failed for 'K36': Invalid key: K36
WARNING  root:keymap_model.py:77 Key validation failed for 'K37': Invalid key: K37
WARNING  root:keymap_model.py:77 Key validation failed for 'K38': Invalid key: K38
WARNING  root:keymap_model.py:77 Key validation failed for 'K39': Invalid key: K39
WARNING  root:keymap_model.py:77 Key validation failed for 'K40': Invalid key: K40
WARNING  root:keymap_model.py:77 Key validation failed for 'K41': Invalid key: K41
WARNING  root:keymap_model.py:77 Key validation failed for 'K42': Invalid key: K42
WARNING  root:keymap_model.py:77 Key validation failed for 'K43': Invalid key: K43
WARNING  root:keymap_model.py:77 Key validation failed for 'K44': Invalid key: K44
WARNING  root:keymap_model.py:77 Key validation failed for 'K45': Invalid key: K45
WARNING  root:keymap_model.py:77 Key validation failed for 'K46': Invalid key: K46
WARNING  root:keymap_model.py:77 Key validation failed for 'K47': Invalid key: K47
WARNING  root:keymap_model.py:77 Key validation failed for 'K48': Invalid key: K48
WARNING  root:keymap_model.py:77 Key validation failed for 'K49': Invalid key: K49
WARNING  root:keymap_model.py:77 Key validation failed for '}': Invalid key: }
WARNING  root:keymap_model.py:77 Key validation failed for '}': Invalid key: }
WARNING  root:keymap_model.py:77 Key validation failed for '}': Invalid key: }
_________________________ test_end_to_end_performance __________________________

self = <converter.parser.zmk_parser.ZMKParser object at 0x102f3f1c0>
file_path_or_content = PosixPath('/var/folders/0s/42v7yl697hn0l1cdnx0vrvyr0000gn/T/tmpuaimv7yz/large.zmk')

    def parse(self, file_path_or_content: Union[Path, str]) -> KeymapConfig:
        """Parse a ZMK keymap file or content string.
    
        Args:
            file_path_or_content: Either a Path object to the keymap file or the content as a string.
    
        Returns:
            A KeymapConfig object containing the parsed keymap.
    
        Raises:
            ParserError: If there are any parsing errors.
        """
        try:
            # Determine if input is a Path or content string
            if isinstance(file_path_or_content, Path):
                # Input is a Path - read the file
                content = file_path_or_content.read_text()
                logger.debug("Parsing ZMK file: %s", file_path_or_content)
            else:
                # Input is a string - use directly
                content = file_path_or_content
                logger.debug("Parsing ZMK content from string")
    
            # Process file line by line
            lines = content.split('\n')
            idx = 0
            while idx < len(lines):
                self.logger.debug(f"[DEBUG] Main loop before line {idx+1}: state={self.state}")
                line = lines[idx].strip()
    
                if not line or line.startswith('//'):
                    self.current_line += 1
                    idx += 1
                    continue
    
                reparsed = False
                while True:
                    result = self._parse_line_with_reparse(line)
                    if result == 'REPARSE':
                        if reparsed:
                            self.logger.error(f"[ERROR] Infinite reparsing detected at line {self.current_line}: {line}")
                            break
                        reparsed = True
                        continue
                    break
                self.current_line += 1
                idx += 1
    
            if not self.layers:
>               raise ValueError("No layers found in ZMK file")
E               ValueError: No layers found in ZMK file

converter/parser/zmk_parser.py:173: ValueError

The above exception was the direct cause of the following exception:

zmk_content = PosixPath('/var/folders/0s/42v7yl697hn0l1cdnx0vrvyr0000gn/T/tmpuaimv7yz/large.zmk')
output_path = PosixPath('/var/folders/0s/42v7yl697hn0l1cdnx0vrvyr0000gn/T/tmpuaimv7yz/large.kbd')
error_manager = None, is_mac = False

    def convert_zmk_to_kanata(
        zmk_content: str,
        output_path: Optional[str] = None,
        error_manager: Optional[ErrorManager] = None,
        is_mac: bool = False,
    ) -> Tuple[str, Dict[str, Any]]:
        """Convert ZMK keymap to Kanata format.
    
        Args:
            zmk_content: Content of the ZMK keymap file
            output_path: Optional path to write the Kanata config to
            error_manager: Optional error manager for reporting issues
            is_mac: Whether to use Mac-specific modifiers
    
        Returns:
            Tuple of (Kanata config string, metadata dict)
    
        Raises:
            Exception: If there's an error during conversion
        """
        # Set up error manager
        if error_manager:
            set_error_manager(error_manager)
        else:
            set_error_manager(ErrorManager())
    
        error_mgr = get_error_manager()
    
        try:
            # Parse ZMK keymap
            parser = ZMKParser()
>           keymap_config = parser.parse(
                zmk_content
            )  # Now directly passes the content string

converter/zmk_to_kanata.py:48: 
_ _ _ _ _ _ _ _ _ _ _ _ _ _ _ _ _ _ _ _ _ _ _ _ _ _ _ _ _ _ _ _ _ _ _ _ _ _ _ _ 

self = <converter.parser.zmk_parser.ZMKParser object at 0x102f3f1c0>
file_path_or_content = PosixPath('/var/folders/0s/42v7yl697hn0l1cdnx0vrvyr0000gn/T/tmpuaimv7yz/large.zmk')

    def parse(self, file_path_or_content: Union[Path, str]) -> KeymapConfig:
        """Parse a ZMK keymap file or content string.
    
        Args:
            file_path_or_content: Either a Path object to the keymap file or the content as a string.
    
        Returns:
            A KeymapConfig object containing the parsed keymap.
    
        Raises:
            ParserError: If there are any parsing errors.
        """
        try:
            # Determine if input is a Path or content string
            if isinstance(file_path_or_content, Path):
                # Input is a Path - read the file
                content = file_path_or_content.read_text()
                logger.debug("Parsing ZMK file: %s", file_path_or_content)
            else:
                # Input is a string - use directly
                content = file_path_or_content
                logger.debug("Parsing ZMK content from string")
    
            # Process file line by line
            lines = content.split('\n')
            idx = 0
            while idx < len(lines):
                self.logger.debug(f"[DEBUG] Main loop before line {idx+1}: state={self.state}")
                line = lines[idx].strip()
    
                if not line or line.startswith('//'):
                    self.current_line += 1
                    idx += 1
                    continue
    
                reparsed = False
                while True:
                    result = self._parse_line_with_reparse(line)
                    if result == 'REPARSE':
                        if reparsed:
                            self.logger.error(f"[ERROR] Infinite reparsing detected at line {self.current_line}: {line}")
                            break
                        reparsed = True
                        continue
                    break
                self.current_line += 1
                idx += 1
    
            if not self.layers:
                raise ValueError("No layers found in ZMK file")
    
            return KeymapConfig(
                global_settings=self.global_settings_parser.finish(),
                layers=self.layers
            )
        except ParserError as e:
            raise e
        except Exception as e:
>           raise ParserError(f"Failed to parse ZMK file: {e}") from e
E           converter.parser.parser_error.ParserError: Failed to parse ZMK file: No layers found in ZMK file

converter/parser/zmk_parser.py:182: ParserError

During handling of the above exception, another exception occurred:

    def test_end_to_end_performance():
        """Test end-to-end conversion performance."""
        content = generate_large_keymap(num_layers=4, keys_per_layer=60)
    
        with tempfile.TemporaryDirectory() as tmpdir:
            # Create temporary input and output files
            input_file = Path(tmpdir) / "large.zmk"
            output_file = Path(tmpdir) / "large.kbd"
    
            # Write input content
            with open(input_file, "w") as f:
                f.write(content)
    
            # Benchmark total conversion
            start_time = time.time()
>           result = convert_zmk_to_kanata(input_file, output_file)

converter/tests/performance/test_performance.py:171: 
_ _ _ _ _ _ _ _ _ _ _ _ _ _ _ _ _ _ _ _ _ _ _ _ _ _ _ _ _ _ _ _ _ _ _ _ _ _ _ _ 
converter/zmk_to_kanata.py:72: in convert_zmk_to_kanata
    error_mgr.add_error(
_ _ _ _ _ _ _ _ _ _ _ _ _ _ _ _ _ _ _ _ _ _ _ _ _ _ _ _ _ _ _ _ _ _ _ _ _ _ _ _ 

self = <converter.error_handling.error_manager.ErrorManager object at 0x102f3f040>
message = 'Error during conversion: Failed to parse ZMK file: No layers found in ZMK file'
source = 'converter', severity = <ErrorSeverity.ERROR: 3>, line_number = None
column = None, context = None
exception = ParserError('Failed to parse ZMK file: No layers found in ZMK file')
raise_immediately = True

    def add_error(
        self,
        message: str,
        source: str,
        severity: ErrorSeverity,
        line_number: Optional[int] = None,
        column: Optional[int] = None,
        context: Optional[Dict[str, Any]] = None,
        exception: Optional[Exception] = None,
        raise_immediately: bool = False,
    ) -> None:
        """Add an error to the error manager.
    
        Args:
            message: The error message
            source: The source of the error (e.g., module name)
            severity: The severity of the error
            line_number: Optional line number where the error occurred
            column: Optional column where the error occurred
            context: Optional context dictionary with additional information
            exception: Optional exception object that caused the error
            raise_immediately: Whether to raise the error immediately
    
        Raises:
            Exception: If severity >= raise_threshold and raise_immediately
                is True
        """
        # Get traceback if exception is provided
        traceback_info = None
        if exception and self.verbose:
            traceback_info = "".join(
                traceback.format_exception(
                    type(exception), exception, exception.__traceback__
                )
            )
    
        # Create error object
        error = ConversionError(
            message=message,
            source=source,
            severity=severity,
            line_number=line_number,
            column=column,
            context=context,
            traceback_info=traceback_info,
        )
    
        # Add to the list of errors
        self.errors.append(error)
    
        # Log the error based on severity
        self._log_error(error)
    
        # Raise immediately if requested and severity is high enough
        if raise_immediately and severity.value >= self.raise_threshold.value:
>           raise Exception(str(error))
E           Exception: ERROR: [converter] - Error during conversion: Failed to parse ZMK file: No layers found in ZMK file

converter/error_handling/error_manager.py:130: Exception
------------------------------ Captured log call -------------------------------
WARNING  root:keymap_model.py:77 Key validation failed for 'lt 1 A': Invalid key: lt 1 A
WARNING  root:keymap_model.py:77 Key validation failed for 'lt 1 A': Invalid key: lt 1 A
WARNING  root:keymap_model.py:77 Key validation failed for 'lt 1 A': Invalid key: lt 1 A
WARNING  root:keymap_model.py:77 Key validation failed for 'lt 1 A': Invalid key: lt 1 A
WARNING  root:keymap_model.py:77 Key validation failed for 'tog 2': Invalid key: tog 2
WARNING  root:keymap_model.py:77 Key validation failed for 'tog 2': Invalid key: tog 2
WARNING  root:keymap_model.py:77 Key validation failed for 'tog 2': Invalid key: tog 2
WARNING  root:keymap_model.py:77 Key validation failed for 'K20': Invalid key: K20
WARNING  root:keymap_model.py:77 Key validation failed for 'K21': Invalid key: K21
WARNING  root:keymap_model.py:77 Key validation failed for 'K22': Invalid key: K22
WARNING  root:keymap_model.py:77 Key validation failed for 'K23': Invalid key: K23
WARNING  root:keymap_model.py:77 Key validation failed for 'K24': Invalid key: K24
WARNING  root:keymap_model.py:77 Key validation failed for 'K25': Invalid key: K25
WARNING  root:keymap_model.py:77 Key validation failed for 'K26': Invalid key: K26
WARNING  root:keymap_model.py:77 Key validation failed for 'K27': Invalid key: K27
WARNING  root:keymap_model.py:77 Key validation failed for 'K28': Invalid key: K28
WARNING  root:keymap_model.py:77 Key validation failed for 'K29': Invalid key: K29
WARNING  root:keymap_model.py:77 Key validation failed for 'K30': Invalid key: K30
WARNING  root:keymap_model.py:77 Key validation failed for 'K31': Invalid key: K31
WARNING  root:keymap_model.py:77 Key validation failed for 'K32': Invalid key: K32
WARNING  root:keymap_model.py:77 Key validation failed for 'K33': Invalid key: K33
WARNING  root:keymap_model.py:77 Key validation failed for 'K34': Invalid key: K34
WARNING  root:keymap_model.py:77 Key validation failed for 'K35': Invalid key: K35
WARNING  root:keymap_model.py:77 Key validation failed for 'K36': Invalid key: K36
WARNING  root:keymap_model.py:77 Key validation failed for 'K37': Invalid key: K37
WARNING  root:keymap_model.py:77 Key validation failed for 'K38': Invalid key: K38
WARNING  root:keymap_model.py:77 Key validation failed for 'K39': Invalid key: K39
WARNING  root:keymap_model.py:77 Key validation failed for 'K40': Invalid key: K40
WARNING  root:keymap_model.py:77 Key validation failed for 'K41': Invalid key: K41
WARNING  root:keymap_model.py:77 Key validation failed for 'K42': Invalid key: K42
WARNING  root:keymap_model.py:77 Key validation failed for 'K43': Invalid key: K43
WARNING  root:keymap_model.py:77 Key validation failed for 'K44': Invalid key: K44
WARNING  root:keymap_model.py:77 Key validation failed for 'K45': Invalid key: K45
WARNING  root:keymap_model.py:77 Key validation failed for 'K46': Invalid key: K46
WARNING  root:keymap_model.py:77 Key validation failed for 'K47': Invalid key: K47
WARNING  root:keymap_model.py:77 Key validation failed for 'K48': Invalid key: K48
WARNING  root:keymap_model.py:77 Key validation failed for 'K49': Invalid key: K49
WARNING  root:keymap_model.py:77 Key validation failed for 'lt 1 A': Invalid key: lt 1 A
WARNING  root:keymap_model.py:77 Key validation failed for 'lt 1 A': Invalid key: lt 1 A
WARNING  root:keymap_model.py:77 Key validation failed for 'lt 1 A': Invalid key: lt 1 A
WARNING  root:keymap_model.py:77 Key validation failed for 'lt 1 A': Invalid key: lt 1 A
WARNING  root:keymap_model.py:77 Key validation failed for '}': Invalid key: }
WARNING  root:keymap_model.py:77 Key validation failed for 'layer_1 {': Invalid key: layer_1 {
WARNING  root:keymap_model.py:77 Key validation failed for 'lt 2 A': Invalid key: lt 2 A
WARNING  root:keymap_model.py:77 Key validation failed for 'lt 2 A': Invalid key: lt 2 A
WARNING  root:keymap_model.py:77 Key validation failed for 'lt 2 A': Invalid key: lt 2 A
WARNING  root:keymap_model.py:77 Key validation failed for 'lt 2 A': Invalid key: lt 2 A
WARNING  root:keymap_model.py:77 Key validation failed for 'tog 3': Invalid key: tog 3
WARNING  root:keymap_model.py:77 Key validation failed for 'tog 3': Invalid key: tog 3
WARNING  root:keymap_model.py:77 Key validation failed for 'tog 3': Invalid key: tog 3
WARNING  root:keymap_model.py:77 Key validation failed for 'K20': Invalid key: K20
WARNING  root:keymap_model.py:77 Key validation failed for 'K21': Invalid key: K21
WARNING  root:keymap_model.py:77 Key validation failed for 'K22': Invalid key: K22
WARNING  root:keymap_model.py:77 Key validation failed for 'K23': Invalid key: K23
WARNING  root:keymap_model.py:77 Key validation failed for 'K24': Invalid key: K24
WARNING  root:keymap_model.py:77 Key validation failed for 'K25': Invalid key: K25
WARNING  root:keymap_model.py:77 Key validation failed for 'K26': Invalid key: K26
WARNING  root:keymap_model.py:77 Key validation failed for 'K27': Invalid key: K27
WARNING  root:keymap_model.py:77 Key validation failed for 'K28': Invalid key: K28
WARNING  root:keymap_model.py:77 Key validation failed for 'K29': Invalid key: K29
WARNING  root:keymap_model.py:77 Key validation failed for 'K30': Invalid key: K30
WARNING  root:keymap_model.py:77 Key validation failed for 'K31': Invalid key: K31
WARNING  root:keymap_model.py:77 Key validation failed for 'K32': Invalid key: K32
WARNING  root:keymap_model.py:77 Key validation failed for 'K33': Invalid key: K33
WARNING  root:keymap_model.py:77 Key validation failed for 'K34': Invalid key: K34
WARNING  root:keymap_model.py:77 Key validation failed for 'K35': Invalid key: K35
WARNING  root:keymap_model.py:77 Key validation failed for 'K36': Invalid key: K36
WARNING  root:keymap_model.py:77 Key validation failed for 'K37': Invalid key: K37
WARNING  root:keymap_model.py:77 Key validation failed for 'K38': Invalid key: K38
WARNING  root:keymap_model.py:77 Key validation failed for 'K39': Invalid key: K39
WARNING  root:keymap_model.py:77 Key validation failed for 'K40': Invalid key: K40
WARNING  root:keymap_model.py:77 Key validation failed for 'K41': Invalid key: K41
WARNING  root:keymap_model.py:77 Key validation failed for 'K42': Invalid key: K42
WARNING  root:keymap_model.py:77 Key validation failed for 'K43': Invalid key: K43
WARNING  root:keymap_model.py:77 Key validation failed for 'K44': Invalid key: K44
WARNING  root:keymap_model.py:77 Key validation failed for 'K45': Invalid key: K45
WARNING  root:keymap_model.py:77 Key validation failed for 'K46': Invalid key: K46
WARNING  root:keymap_model.py:77 Key validation failed for 'K47': Invalid key: K47
WARNING  root:keymap_model.py:77 Key validation failed for 'K48': Invalid key: K48
WARNING  root:keymap_model.py:77 Key validation failed for 'K49': Invalid key: K49
WARNING  root:keymap_model.py:77 Key validation failed for 'lt 2 A': Invalid key: lt 2 A
WARNING  root:keymap_model.py:77 Key validation failed for 'lt 2 A': Invalid key: lt 2 A
WARNING  root:keymap_model.py:77 Key validation failed for 'lt 2 A': Invalid key: lt 2 A
WARNING  root:keymap_model.py:77 Key validation failed for 'lt 2 A': Invalid key: lt 2 A
WARNING  root:keymap_model.py:77 Key validation failed for '}': Invalid key: }
WARNING  root:keymap_model.py:77 Key validation failed for 'layer_2 {': Invalid key: layer_2 {
WARNING  root:keymap_model.py:77 Key validation failed for 'lt 3 A': Invalid key: lt 3 A
WARNING  root:keymap_model.py:77 Key validation failed for 'lt 3 A': Invalid key: lt 3 A
WARNING  root:keymap_model.py:77 Key validation failed for 'lt 3 A': Invalid key: lt 3 A
WARNING  root:keymap_model.py:77 Key validation failed for 'lt 3 A': Invalid key: lt 3 A
WARNING  root:keymap_model.py:77 Key validation failed for 'tog 0': Invalid key: tog 0
WARNING  root:keymap_model.py:77 Key validation failed for 'tog 0': Invalid key: tog 0
WARNING  root:keymap_model.py:77 Key validation failed for 'tog 0': Invalid key: tog 0
WARNING  root:keymap_model.py:77 Key validation failed for 'K20': Invalid key: K20
WARNING  root:keymap_model.py:77 Key validation failed for 'K21': Invalid key: K21
WARNING  root:keymap_model.py:77 Key validation failed for 'K22': Invalid key: K22
WARNING  root:keymap_model.py:77 Key validation failed for 'K23': Invalid key: K23
WARNING  root:keymap_model.py:77 Key validation failed for 'K24': Invalid key: K24
WARNING  root:keymap_model.py:77 Key validation failed for 'K25': Invalid key: K25
WARNING  root:keymap_model.py:77 Key validation failed for 'K26': Invalid key: K26
WARNING  root:keymap_model.py:77 Key validation failed for 'K27': Invalid key: K27
WARNING  root:keymap_model.py:77 Key validation failed for 'K28': Invalid key: K28
WARNING  root:keymap_model.py:77 Key validation failed for 'K29': Invalid key: K29
WARNING  root:keymap_model.py:77 Key validation failed for 'K30': Invalid key: K30
WARNING  root:keymap_model.py:77 Key validation failed for 'K31': Invalid key: K31
WARNING  root:keymap_model.py:77 Key validation failed for 'K32': Invalid key: K32
WARNING  root:keymap_model.py:77 Key validation failed for 'K33': Invalid key: K33
WARNING  root:keymap_model.py:77 Key validation failed for 'K34': Invalid key: K34
WARNING  root:keymap_model.py:77 Key validation failed for 'K35': Invalid key: K35
WARNING  root:keymap_model.py:77 Key validation failed for 'K36': Invalid key: K36
WARNING  root:keymap_model.py:77 Key validation failed for 'K37': Invalid key: K37
WARNING  root:keymap_model.py:77 Key validation failed for 'K38': Invalid key: K38
WARNING  root:keymap_model.py:77 Key validation failed for 'K39': Invalid key: K39
WARNING  root:keymap_model.py:77 Key validation failed for 'K40': Invalid key: K40
WARNING  root:keymap_model.py:77 Key validation failed for 'K41': Invalid key: K41
WARNING  root:keymap_model.py:77 Key validation failed for 'K42': Invalid key: K42
WARNING  root:keymap_model.py:77 Key validation failed for 'K43': Invalid key: K43
WARNING  root:keymap_model.py:77 Key validation failed for 'K44': Invalid key: K44
WARNING  root:keymap_model.py:77 Key validation failed for 'K45': Invalid key: K45
WARNING  root:keymap_model.py:77 Key validation failed for 'K46': Invalid key: K46
WARNING  root:keymap_model.py:77 Key validation failed for 'K47': Invalid key: K47
WARNING  root:keymap_model.py:77 Key validation failed for 'K48': Invalid key: K48
WARNING  root:keymap_model.py:77 Key validation failed for 'K49': Invalid key: K49
WARNING  root:keymap_model.py:77 Key validation failed for 'lt 3 A': Invalid key: lt 3 A
WARNING  root:keymap_model.py:77 Key validation failed for 'lt 3 A': Invalid key: lt 3 A
WARNING  root:keymap_model.py:77 Key validation failed for 'lt 3 A': Invalid key: lt 3 A
WARNING  root:keymap_model.py:77 Key validation failed for 'lt 3 A': Invalid key: lt 3 A
WARNING  root:keymap_model.py:77 Key validation failed for '}': Invalid key: }
WARNING  root:keymap_model.py:77 Key validation failed for 'layer_3 {': Invalid key: layer_3 {
WARNING  root:keymap_model.py:77 Key validation failed for 'lt 4 A': Invalid key: lt 4 A
WARNING  root:keymap_model.py:77 Key validation failed for 'lt 4 A': Invalid key: lt 4 A
WARNING  root:keymap_model.py:77 Key validation failed for 'lt 4 A': Invalid key: lt 4 A
WARNING  root:keymap_model.py:77 Key validation failed for 'lt 4 A': Invalid key: lt 4 A
WARNING  root:keymap_model.py:77 Key validation failed for 'tog 1': Invalid key: tog 1
WARNING  root:keymap_model.py:77 Key validation failed for 'tog 1': Invalid key: tog 1
WARNING  root:keymap_model.py:77 Key validation failed for 'tog 1': Invalid key: tog 1
WARNING  root:keymap_model.py:77 Key validation failed for 'K20': Invalid key: K20
WARNING  root:keymap_model.py:77 Key validation failed for 'K21': Invalid key: K21
WARNING  root:keymap_model.py:77 Key validation failed for 'K22': Invalid key: K22
WARNING  root:keymap_model.py:77 Key validation failed for 'K23': Invalid key: K23
WARNING  root:keymap_model.py:77 Key validation failed for 'K24': Invalid key: K24
WARNING  root:keymap_model.py:77 Key validation failed for 'K25': Invalid key: K25
WARNING  root:keymap_model.py:77 Key validation failed for 'K26': Invalid key: K26
WARNING  root:keymap_model.py:77 Key validation failed for 'K27': Invalid key: K27
WARNING  root:keymap_model.py:77 Key validation failed for 'K28': Invalid key: K28
WARNING  root:keymap_model.py:77 Key validation failed for 'K29': Invalid key: K29
WARNING  root:keymap_model.py:77 Key validation failed for 'K30': Invalid key: K30
WARNING  root:keymap_model.py:77 Key validation failed for 'K31': Invalid key: K31
WARNING  root:keymap_model.py:77 Key validation failed for 'K32': Invalid key: K32
WARNING  root:keymap_model.py:77 Key validation failed for 'K33': Invalid key: K33
WARNING  root:keymap_model.py:77 Key validation failed for 'K34': Invalid key: K34
WARNING  root:keymap_model.py:77 Key validation failed for 'K35': Invalid key: K35
WARNING  root:keymap_model.py:77 Key validation failed for 'K36': Invalid key: K36
WARNING  root:keymap_model.py:77 Key validation failed for 'K37': Invalid key: K37
WARNING  root:keymap_model.py:77 Key validation failed for 'K38': Invalid key: K38
WARNING  root:keymap_model.py:77 Key validation failed for 'K39': Invalid key: K39
WARNING  root:keymap_model.py:77 Key validation failed for 'K40': Invalid key: K40
WARNING  root:keymap_model.py:77 Key validation failed for 'K41': Invalid key: K41
WARNING  root:keymap_model.py:77 Key validation failed for 'K42': Invalid key: K42
WARNING  root:keymap_model.py:77 Key validation failed for 'K43': Invalid key: K43
WARNING  root:keymap_model.py:77 Key validation failed for 'K44': Invalid key: K44
WARNING  root:keymap_model.py:77 Key validation failed for 'K45': Invalid key: K45
WARNING  root:keymap_model.py:77 Key validation failed for 'K46': Invalid key: K46
WARNING  root:keymap_model.py:77 Key validation failed for 'K47': Invalid key: K47
WARNING  root:keymap_model.py:77 Key validation failed for 'K48': Invalid key: K48
WARNING  root:keymap_model.py:77 Key validation failed for 'K49': Invalid key: K49
WARNING  root:keymap_model.py:77 Key validation failed for 'lt 4 A': Invalid key: lt 4 A
WARNING  root:keymap_model.py:77 Key validation failed for 'lt 4 A': Invalid key: lt 4 A
WARNING  root:keymap_model.py:77 Key validation failed for 'lt 4 A': Invalid key: lt 4 A
WARNING  root:keymap_model.py:77 Key validation failed for 'lt 4 A': Invalid key: lt 4 A
WARNING  root:keymap_model.py:77 Key validation failed for '}': Invalid key: }
WARNING  root:keymap_model.py:77 Key validation failed for '}': Invalid key: }
WARNING  root:keymap_model.py:77 Key validation failed for '}': Invalid key: }
ERROR    converter.error_handling.error_manager:error_manager.py:147 ERROR: [converter] - Error during conversion: Failed to parse ZMK file: No layers found in ZMK file
___________________________ test_parse_default_layer ___________________________

    def test_parse_default_layer():
        """Test parsing default layer key mappings."""
        config = KeymapConfig(
            global_settings=GlobalSettings(tap_time=200, hold_time=250),
            layers=[
                Layer(
                    name="default",
                    keys=[
                        [KeyMapping(key="A"), KeyMapping(key="B")],
                        [KeyMapping(key="C"), KeyMapping(key="D")],
                    ],
                )
            ],
        )
        assert len(config.layers) == 1
        assert config.layers[0].name == "default"
        assert len(config.layers[0].keys) == 2
>       assert len(config.layers[0].keys[0]) == 2
E       AssertionError: assert 3 == 2
E        +  where 3 = len([KeyMapping(key='A', sticky=False, hold_tap=None, layer=None, macro=None, sticky_key=None, key_sequence=None, homerow_...ng(key='C', sticky=False, hold_tap=None, layer=None, macro=None, sticky_key=None, key_sequence=None, homerow_mod=None)])

converter/tests/test_basic_remap.py:52: AssertionError
_________________________ test_transform_default_layer _________________________

    def test_transform_default_layer():
        """Test transforming a basic layer to Kanata format."""
        config = KeymapConfig(
            global_settings=GlobalSettings(tap_time=200, hold_time=250),
            layers=[
                Layer(
                    name="default",
                    keys=[
                        [KeyMapping(key="A"), KeyMapping(key="B")],
                        [KeyMapping(key="C"), KeyMapping(key="D")],
                    ],
                )
            ],
        )
    
        transformer = KanataTransformer()
        kanata_config = transformer.transform(config)
    
        expected_lines = [
            ";; ZMK to Kanata Configuration",
            ";; Generated automatically - DO NOT EDIT",
            "",
            ";; Global settings",
            "(defvar tap-time 200)",
            "(defvar hold-time 250)",
            "",
            "(deflayer default",
            "  a  b",
            "  c  d",
            ")",
        ]
    
>       assert kanata_config.splitlines() == expected_lines
E       AssertionError: assert [';; ZMK to K...me 250)', ...] == [';; ZMK to K...me 250)', ...]
E         
E         At index 8 diff: '  a  b  c' != '  a  b'
E         Use -v to get more diff

converter/tests/test_basic_remap.py:112: AssertionError
__________________________ test_parse_malformed_file ___________________________

self = <converter.parser.zmk_parser.ZMKParser object at 0x102d7d360>
file_path_or_content = PosixPath('/private/var/folders/0s/42v7yl697hn0l1cdnx0vrvyr0000gn/T/pytest-of-malpern/pytest-7/test_parse_malformed_file0/malformed.zmk')

    def parse(self, file_path_or_content: Union[Path, str]) -> KeymapConfig:
        """Parse a ZMK keymap file or content string.
    
        Args:
            file_path_or_content: Either a Path object to the keymap file or the content as a string.
    
        Returns:
            A KeymapConfig object containing the parsed keymap.
    
        Raises:
            ParserError: If there are any parsing errors.
        """
        try:
            # Determine if input is a Path or content string
            if isinstance(file_path_or_content, Path):
                # Input is a Path - read the file
                content = file_path_or_content.read_text()
                logger.debug("Parsing ZMK file: %s", file_path_or_content)
            else:
                # Input is a string - use directly
                content = file_path_or_content
                logger.debug("Parsing ZMK content from string")
    
            # Process file line by line
            lines = content.split('\n')
            idx = 0
            while idx < len(lines):
                self.logger.debug(f"[DEBUG] Main loop before line {idx+1}: state={self.state}")
                line = lines[idx].strip()
    
                if not line or line.startswith('//'):
                    self.current_line += 1
                    idx += 1
                    continue
    
                reparsed = False
                while True:
                    result = self._parse_line_with_reparse(line)
                    if result == 'REPARSE':
                        if reparsed:
                            self.logger.error(f"[ERROR] Infinite reparsing detected at line {self.current_line}: {line}")
                            break
                        reparsed = True
                        continue
                    break
                self.current_line += 1
                idx += 1
    
            if not self.layers:
>               raise ValueError("No layers found in ZMK file")
E               ValueError: No layers found in ZMK file

converter/parser/zmk_parser.py:173: ValueError

The above exception was the direct cause of the following exception:

tmp_path = PosixPath('/private/var/folders/0s/42v7yl697hn0l1cdnx0vrvyr0000gn/T/pytest-of-malpern/pytest-7/test_parse_malformed_file0')

    def test_parse_malformed_file(tmp_path):
        """Test parsing a malformed ZMK file raises appropriate errors."""
        from converter.parser.zmk_parser import ZMKParser
    
        # Test missing global settings
        malformed_file = tmp_path / "malformed.zmk"
        malformed_file.write_text("/ { keymap { } };")
        parser = ZMKParser()
        with pytest.raises(ValueError, match="Could not find global settings"):
>           parser.parse(malformed_file)

converter/tests/test_basic_remap.py:184: 
_ _ _ _ _ _ _ _ _ _ _ _ _ _ _ _ _ _ _ _ _ _ _ _ _ _ _ _ _ _ _ _ _ _ _ _ _ _ _ _ 

self = <converter.parser.zmk_parser.ZMKParser object at 0x102d7d360>
file_path_or_content = PosixPath('/private/var/folders/0s/42v7yl697hn0l1cdnx0vrvyr0000gn/T/pytest-of-malpern/pytest-7/test_parse_malformed_file0/malformed.zmk')

    def parse(self, file_path_or_content: Union[Path, str]) -> KeymapConfig:
        """Parse a ZMK keymap file or content string.
    
        Args:
            file_path_or_content: Either a Path object to the keymap file or the content as a string.
    
        Returns:
            A KeymapConfig object containing the parsed keymap.
    
        Raises:
            ParserError: If there are any parsing errors.
        """
        try:
            # Determine if input is a Path or content string
            if isinstance(file_path_or_content, Path):
                # Input is a Path - read the file
                content = file_path_or_content.read_text()
                logger.debug("Parsing ZMK file: %s", file_path_or_content)
            else:
                # Input is a string - use directly
                content = file_path_or_content
                logger.debug("Parsing ZMK content from string")
    
            # Process file line by line
            lines = content.split('\n')
            idx = 0
            while idx < len(lines):
                self.logger.debug(f"[DEBUG] Main loop before line {idx+1}: state={self.state}")
                line = lines[idx].strip()
    
                if not line or line.startswith('//'):
                    self.current_line += 1
                    idx += 1
                    continue
    
                reparsed = False
                while True:
                    result = self._parse_line_with_reparse(line)
                    if result == 'REPARSE':
                        if reparsed:
                            self.logger.error(f"[ERROR] Infinite reparsing detected at line {self.current_line}: {line}")
                            break
                        reparsed = True
                        continue
                    break
                self.current_line += 1
                idx += 1
    
            if not self.layers:
                raise ValueError("No layers found in ZMK file")
    
            return KeymapConfig(
                global_settings=self.global_settings_parser.finish(),
                layers=self.layers
            )
        except ParserError as e:
            raise e
        except Exception as e:
>           raise ParserError(f"Failed to parse ZMK file: {e}") from e
E           converter.parser.parser_error.ParserError: Failed to parse ZMK file: No layers found in ZMK file

converter/parser/zmk_parser.py:182: ParserError
_________________________ test_default_global_settings _________________________

self = <converter.parser.zmk_parser.ZMKParser object at 0x102f56320>
file_path_or_content = PosixPath('/var/folders/0s/42v7yl697hn0l1cdnx0vrvyr0000gn/T/tmp0kqn7c2q.keymap')

    def parse(self, file_path_or_content: Union[Path, str]) -> KeymapConfig:
        """Parse a ZMK keymap file or content string.
    
        Args:
            file_path_or_content: Either a Path object to the keymap file or the content as a string.
    
        Returns:
            A KeymapConfig object containing the parsed keymap.
    
        Raises:
            ParserError: If there are any parsing errors.
        """
        try:
            # Determine if input is a Path or content string
            if isinstance(file_path_or_content, Path):
                # Input is a Path - read the file
                content = file_path_or_content.read_text()
                logger.debug("Parsing ZMK file: %s", file_path_or_content)
            else:
                # Input is a string - use directly
                content = file_path_or_content
                logger.debug("Parsing ZMK content from string")
    
            # Process file line by line
            lines = content.split('\n')
            idx = 0
            while idx < len(lines):
                self.logger.debug(f"[DEBUG] Main loop before line {idx+1}: state={self.state}")
                line = lines[idx].strip()
    
                if not line or line.startswith('//'):
                    self.current_line += 1
                    idx += 1
                    continue
    
                reparsed = False
                while True:
                    result = self._parse_line_with_reparse(line)
                    if result == 'REPARSE':
                        if reparsed:
                            self.logger.error(f"[ERROR] Infinite reparsing detected at line {self.current_line}: {line}")
                            break
                        reparsed = True
                        continue
                    break
                self.current_line += 1
                idx += 1
    
            if not self.layers:
>               raise ValueError("No layers found in ZMK file")
E               ValueError: No layers found in ZMK file

converter/parser/zmk_parser.py:173: ValueError

The above exception was the direct cause of the following exception:

    def test_default_global_settings():
        """Test that default global settings are used when none are specified."""
        with tempfile.NamedTemporaryFile(mode="w", suffix=".keymap") as f:
            f.write(
                """
    / {
        keymap {
            default_layer {
                bindings = <&kp A>;
            };
        };
    };
            """
            )
            f.flush()
    
            parser = ZMKParser()
>           config = parser.parse(Path(f.name))

converter/tests/test_global_settings.py:31: 
_ _ _ _ _ _ _ _ _ _ _ _ _ _ _ _ _ _ _ _ _ _ _ _ _ _ _ _ _ _ _ _ _ _ _ _ _ _ _ _ 

self = <converter.parser.zmk_parser.ZMKParser object at 0x102f56320>
file_path_or_content = PosixPath('/var/folders/0s/42v7yl697hn0l1cdnx0vrvyr0000gn/T/tmp0kqn7c2q.keymap')

    def parse(self, file_path_or_content: Union[Path, str]) -> KeymapConfig:
        """Parse a ZMK keymap file or content string.
    
        Args:
            file_path_or_content: Either a Path object to the keymap file or the content as a string.
    
        Returns:
            A KeymapConfig object containing the parsed keymap.
    
        Raises:
            ParserError: If there are any parsing errors.
        """
        try:
            # Determine if input is a Path or content string
            if isinstance(file_path_or_content, Path):
                # Input is a Path - read the file
                content = file_path_or_content.read_text()
                logger.debug("Parsing ZMK file: %s", file_path_or_content)
            else:
                # Input is a string - use directly
                content = file_path_or_content
                logger.debug("Parsing ZMK content from string")
    
            # Process file line by line
            lines = content.split('\n')
            idx = 0
            while idx < len(lines):
                self.logger.debug(f"[DEBUG] Main loop before line {idx+1}: state={self.state}")
                line = lines[idx].strip()
    
                if not line or line.startswith('//'):
                    self.current_line += 1
                    idx += 1
                    continue
    
                reparsed = False
                while True:
                    result = self._parse_line_with_reparse(line)
                    if result == 'REPARSE':
                        if reparsed:
                            self.logger.error(f"[ERROR] Infinite reparsing detected at line {self.current_line}: {line}")
                            break
                        reparsed = True
                        continue
                    break
                self.current_line += 1
                idx += 1
    
            if not self.layers:
                raise ValueError("No layers found in ZMK file")
    
            return KeymapConfig(
                global_settings=self.global_settings_parser.finish(),
                layers=self.layers
            )
        except ParserError as e:
            raise e
        except Exception as e:
>           raise ParserError(f"Failed to parse ZMK file: {e}") from e
E           converter.parser.parser_error.ParserError: Failed to parse ZMK file: No layers found in ZMK file

converter/parser/zmk_parser.py:182: ParserError
------------------------------ Captured log call -------------------------------
WARNING  root:keymap_model.py:77 Key validation failed for '}': Invalid key: }
WARNING  root:keymap_model.py:77 Key validation failed for '}': Invalid key: }
WARNING  root:keymap_model.py:77 Key validation failed for '}': Invalid key: }
_________________________ test_custom_global_settings __________________________

self = <converter.parser.zmk_parser.ZMKParser object at 0x102d37fd0>
file_path_or_content = PosixPath('/var/folders/0s/42v7yl697hn0l1cdnx0vrvyr0000gn/T/tmp5ytjndc5.keymap')

    def parse(self, file_path_or_content: Union[Path, str]) -> KeymapConfig:
        """Parse a ZMK keymap file or content string.
    
        Args:
            file_path_or_content: Either a Path object to the keymap file or the content as a string.
    
        Returns:
            A KeymapConfig object containing the parsed keymap.
    
        Raises:
            ParserError: If there are any parsing errors.
        """
        try:
            # Determine if input is a Path or content string
            if isinstance(file_path_or_content, Path):
                # Input is a Path - read the file
                content = file_path_or_content.read_text()
                logger.debug("Parsing ZMK file: %s", file_path_or_content)
            else:
                # Input is a string - use directly
                content = file_path_or_content
                logger.debug("Parsing ZMK content from string")
    
            # Process file line by line
            lines = content.split('\n')
            idx = 0
            while idx < len(lines):
                self.logger.debug(f"[DEBUG] Main loop before line {idx+1}: state={self.state}")
                line = lines[idx].strip()
    
                if not line or line.startswith('//'):
                    self.current_line += 1
                    idx += 1
                    continue
    
                reparsed = False
                while True:
                    result = self._parse_line_with_reparse(line)
                    if result == 'REPARSE':
                        if reparsed:
                            self.logger.error(f"[ERROR] Infinite reparsing detected at line {self.current_line}: {line}")
                            break
                        reparsed = True
                        continue
                    break
                self.current_line += 1
                idx += 1
    
            if not self.layers:
>               raise ValueError("No layers found in ZMK file")
E               ValueError: No layers found in ZMK file

converter/parser/zmk_parser.py:173: ValueError

The above exception was the direct cause of the following exception:

    def test_custom_global_settings():
        """Test parsing custom global settings."""
        with tempfile.NamedTemporaryFile(mode="w", suffix=".keymap") as f:
            f.write(
                """
    / {
        tap-time = <300>;
        hold-time = <400>;
        keymap {
            default_layer {
                bindings = <&kp A>;
            };
        };
    };
            """
            )
            f.flush()
    
            parser = ZMKParser()
>           config = parser.parse(Path(f.name))

converter/tests/test_global_settings.py:56: 
_ _ _ _ _ _ _ _ _ _ _ _ _ _ _ _ _ _ _ _ _ _ _ _ _ _ _ _ _ _ _ _ _ _ _ _ _ _ _ _ 

self = <converter.parser.zmk_parser.ZMKParser object at 0x102d37fd0>
file_path_or_content = PosixPath('/var/folders/0s/42v7yl697hn0l1cdnx0vrvyr0000gn/T/tmp5ytjndc5.keymap')

    def parse(self, file_path_or_content: Union[Path, str]) -> KeymapConfig:
        """Parse a ZMK keymap file or content string.
    
        Args:
            file_path_or_content: Either a Path object to the keymap file or the content as a string.
    
        Returns:
            A KeymapConfig object containing the parsed keymap.
    
        Raises:
            ParserError: If there are any parsing errors.
        """
        try:
            # Determine if input is a Path or content string
            if isinstance(file_path_or_content, Path):
                # Input is a Path - read the file
                content = file_path_or_content.read_text()
                logger.debug("Parsing ZMK file: %s", file_path_or_content)
            else:
                # Input is a string - use directly
                content = file_path_or_content
                logger.debug("Parsing ZMK content from string")
    
            # Process file line by line
            lines = content.split('\n')
            idx = 0
            while idx < len(lines):
                self.logger.debug(f"[DEBUG] Main loop before line {idx+1}: state={self.state}")
                line = lines[idx].strip()
    
                if not line or line.startswith('//'):
                    self.current_line += 1
                    idx += 1
                    continue
    
                reparsed = False
                while True:
                    result = self._parse_line_with_reparse(line)
                    if result == 'REPARSE':
                        if reparsed:
                            self.logger.error(f"[ERROR] Infinite reparsing detected at line {self.current_line}: {line}")
                            break
                        reparsed = True
                        continue
                    break
                self.current_line += 1
                idx += 1
    
            if not self.layers:
                raise ValueError("No layers found in ZMK file")
    
            return KeymapConfig(
                global_settings=self.global_settings_parser.finish(),
                layers=self.layers
            )
        except ParserError as e:
            raise e
        except Exception as e:
>           raise ParserError(f"Failed to parse ZMK file: {e}") from e
E           converter.parser.parser_error.ParserError: Failed to parse ZMK file: No layers found in ZMK file

converter/parser/zmk_parser.py:182: ParserError
------------------------------ Captured log call -------------------------------
WARNING  root:keymap_model.py:77 Key validation failed for '}': Invalid key: }
WARNING  root:keymap_model.py:77 Key validation failed for '}': Invalid key: }
WARNING  root:keymap_model.py:77 Key validation failed for '}': Invalid key: }
_________________________ test_partial_global_settings _________________________

self = <converter.parser.zmk_parser.ZMKParser object at 0x102d672e0>
file_path_or_content = PosixPath('/var/folders/0s/42v7yl697hn0l1cdnx0vrvyr0000gn/T/tmp5j3dtafl.keymap')

    def parse(self, file_path_or_content: Union[Path, str]) -> KeymapConfig:
        """Parse a ZMK keymap file or content string.
    
        Args:
            file_path_or_content: Either a Path object to the keymap file or the content as a string.
    
        Returns:
            A KeymapConfig object containing the parsed keymap.
    
        Raises:
            ParserError: If there are any parsing errors.
        """
        try:
            # Determine if input is a Path or content string
            if isinstance(file_path_or_content, Path):
                # Input is a Path - read the file
                content = file_path_or_content.read_text()
                logger.debug("Parsing ZMK file: %s", file_path_or_content)
            else:
                # Input is a string - use directly
                content = file_path_or_content
                logger.debug("Parsing ZMK content from string")
    
            # Process file line by line
            lines = content.split('\n')
            idx = 0
            while idx < len(lines):
                self.logger.debug(f"[DEBUG] Main loop before line {idx+1}: state={self.state}")
                line = lines[idx].strip()
    
                if not line or line.startswith('//'):
                    self.current_line += 1
                    idx += 1
                    continue
    
                reparsed = False
                while True:
                    result = self._parse_line_with_reparse(line)
                    if result == 'REPARSE':
                        if reparsed:
                            self.logger.error(f"[ERROR] Infinite reparsing detected at line {self.current_line}: {line}")
                            break
                        reparsed = True
                        continue
                    break
                self.current_line += 1
                idx += 1
    
            if not self.layers:
>               raise ValueError("No layers found in ZMK file")
E               ValueError: No layers found in ZMK file

converter/parser/zmk_parser.py:173: ValueError

The above exception was the direct cause of the following exception:

    def test_partial_global_settings():
        """Test parsing when only some global settings are specified."""
        with tempfile.NamedTemporaryFile(mode="w", suffix=".keymap") as f:
            f.write(
                """
    / {
        tap-time = <300>;
        keymap {
            default_layer {
                bindings = <&kp A>;
            };
        };
    };
            """
            )
            f.flush()
    
            parser = ZMKParser()
>           config = parser.parse(Path(f.name))

converter/tests/test_global_settings.py:80: 
_ _ _ _ _ _ _ _ _ _ _ _ _ _ _ _ _ _ _ _ _ _ _ _ _ _ _ _ _ _ _ _ _ _ _ _ _ _ _ _ 

self = <converter.parser.zmk_parser.ZMKParser object at 0x102d672e0>
file_path_or_content = PosixPath('/var/folders/0s/42v7yl697hn0l1cdnx0vrvyr0000gn/T/tmp5j3dtafl.keymap')

    def parse(self, file_path_or_content: Union[Path, str]) -> KeymapConfig:
        """Parse a ZMK keymap file or content string.
    
        Args:
            file_path_or_content: Either a Path object to the keymap file or the content as a string.
    
        Returns:
            A KeymapConfig object containing the parsed keymap.
    
        Raises:
            ParserError: If there are any parsing errors.
        """
        try:
            # Determine if input is a Path or content string
            if isinstance(file_path_or_content, Path):
                # Input is a Path - read the file
                content = file_path_or_content.read_text()
                logger.debug("Parsing ZMK file: %s", file_path_or_content)
            else:
                # Input is a string - use directly
                content = file_path_or_content
                logger.debug("Parsing ZMK content from string")
    
            # Process file line by line
            lines = content.split('\n')
            idx = 0
            while idx < len(lines):
                self.logger.debug(f"[DEBUG] Main loop before line {idx+1}: state={self.state}")
                line = lines[idx].strip()
    
                if not line or line.startswith('//'):
                    self.current_line += 1
                    idx += 1
                    continue
    
                reparsed = False
                while True:
                    result = self._parse_line_with_reparse(line)
                    if result == 'REPARSE':
                        if reparsed:
                            self.logger.error(f"[ERROR] Infinite reparsing detected at line {self.current_line}: {line}")
                            break
                        reparsed = True
                        continue
                    break
                self.current_line += 1
                idx += 1
    
            if not self.layers:
                raise ValueError("No layers found in ZMK file")
    
            return KeymapConfig(
                global_settings=self.global_settings_parser.finish(),
                layers=self.layers
            )
        except ParserError as e:
            raise e
        except Exception as e:
>           raise ParserError(f"Failed to parse ZMK file: {e}") from e
E           converter.parser.parser_error.ParserError: Failed to parse ZMK file: No layers found in ZMK file

converter/parser/zmk_parser.py:182: ParserError
------------------------------ Captured log call -------------------------------
WARNING  root:keymap_model.py:77 Key validation failed for '}': Invalid key: }
WARNING  root:keymap_model.py:77 Key validation failed for '}': Invalid key: }
WARNING  root:keymap_model.py:77 Key validation failed for '}': Invalid key: }
_________________________ test_invalid_global_settings _________________________

    def test_invalid_global_settings():
        """Test handling of invalid global settings."""
        with tempfile.NamedTemporaryFile(mode="w", suffix=".keymap") as f:
            f.write(
                """
    / {
        tap-time = <invalid>;
        keymap {
            default_layer {
                bindings = <&kp A>;
            };
        };
    };
            """
            )
            f.flush()
    
            parser = ZMKParser()
            with pytest.raises(ParserError) as exc_info:
                parser.parse(Path(f.name))
    
>           assert "Invalid tap-time setting" in str(exc_info.value)
E           AssertionError: assert 'Invalid tap-time setting' in 'Failed to parse ZMK file: No layers found in ZMK file'
E            +  where 'Failed to parse ZMK file: No layers found in ZMK file' = str(ParserError('Failed to parse ZMK file: No layers found in ZMK file'))
E            +    where ParserError('Failed to parse ZMK file: No layers found in ZMK file') = <ExceptionInfo ParserError('Failed to parse ZMK file: No layers found in ZMK file') tblen=2>.value

converter/tests/test_global_settings.py:107: AssertionError
------------------------------ Captured log call -------------------------------
WARNING  root:keymap_model.py:77 Key validation failed for '}': Invalid key: }
WARNING  root:keymap_model.py:77 Key validation failed for '}': Invalid key: }
WARNING  root:keymap_model.py:77 Key validation failed for '}': Invalid key: }
________________________ test_malformed_global_settings ________________________

    def test_malformed_global_settings():
        """Test handling of malformed global settings."""
        with tempfile.NamedTemporaryFile(mode="w", suffix=".keymap") as f:
            f.write(
                """
    / {
        tap-time = 200;  # Missing angle brackets
        keymap {
            default_layer {
                bindings = <&kp A>;
            };
        };
    };
            """
            )
            f.flush()
    
            parser = ZMKParser()
            with pytest.raises(ParserError) as exc_info:
                parser.parse(Path(f.name))
    
>           assert "Invalid tap-time setting" in str(exc_info.value)
E           AssertionError: assert 'Invalid tap-time setting' in 'Failed to parse ZMK file: No layers found in ZMK file'
E            +  where 'Failed to parse ZMK file: No layers found in ZMK file' = str(ParserError('Failed to parse ZMK file: No layers found in ZMK file'))
E            +    where ParserError('Failed to parse ZMK file: No layers found in ZMK file') = <ExceptionInfo ParserError('Failed to parse ZMK file: No layers found in ZMK file') tblen=2>.value

converter/tests/test_global_settings.py:131: AssertionError
------------------------------ Captured log call -------------------------------
WARNING  root:keymap_model.py:77 Key validation failed for '}': Invalid key: }
WARNING  root:keymap_model.py:77 Key validation failed for '}': Invalid key: }
WARNING  root:keymap_model.py:77 Key validation failed for '}': Invalid key: }
____________________________ test_basic_conversion _____________________________

self = <converter.parser.zmk_parser.ZMKParser object at 0x102d7c730>
file_path_or_content = PosixPath('/Volumes/Flash Gordon Storage/Dropbox/code/nicktokatana/converter/samples/sample.zmk')

    def parse(self, file_path_or_content: Union[Path, str]) -> KeymapConfig:
        """Parse a ZMK keymap file or content string.
    
        Args:
            file_path_or_content: Either a Path object to the keymap file or the content as a string.
    
        Returns:
            A KeymapConfig object containing the parsed keymap.
    
        Raises:
            ParserError: If there are any parsing errors.
        """
        try:
            # Determine if input is a Path or content string
            if isinstance(file_path_or_content, Path):
                # Input is a Path - read the file
                content = file_path_or_content.read_text()
                logger.debug("Parsing ZMK file: %s", file_path_or_content)
            else:
                # Input is a string - use directly
                content = file_path_or_content
                logger.debug("Parsing ZMK content from string")
    
            # Process file line by line
            lines = content.split('\n')
            idx = 0
            while idx < len(lines):
                self.logger.debug(f"[DEBUG] Main loop before line {idx+1}: state={self.state}")
                line = lines[idx].strip()
    
                if not line or line.startswith('//'):
                    self.current_line += 1
                    idx += 1
                    continue
    
                reparsed = False
                while True:
                    result = self._parse_line_with_reparse(line)
                    if result == 'REPARSE':
                        if reparsed:
                            self.logger.error(f"[ERROR] Infinite reparsing detected at line {self.current_line}: {line}")
                            break
                        reparsed = True
                        continue
                    break
                self.current_line += 1
                idx += 1
    
            if not self.layers:
>               raise ValueError("No layers found in ZMK file")
E               ValueError: No layers found in ZMK file

converter/parser/zmk_parser.py:173: ValueError

The above exception was the direct cause of the following exception:

    def test_basic_conversion():
        """Test end-to-end conversion of a basic ZMK file to Kanata format."""
        # Get the path to the samples directory
        samples_dir = Path(__file__).parent.parent / "samples"
        input_file = samples_dir / "sample.zmk"
    
        # Parse the ZMK file
        parser = ZMKParser()
>       config = parser.parse(input_file)

converter/tests/test_integration.py:22: 
_ _ _ _ _ _ _ _ _ _ _ _ _ _ _ _ _ _ _ _ _ _ _ _ _ _ _ _ _ _ _ _ _ _ _ _ _ _ _ _ 

self = <converter.parser.zmk_parser.ZMKParser object at 0x102d7c730>
file_path_or_content = PosixPath('/Volumes/Flash Gordon Storage/Dropbox/code/nicktokatana/converter/samples/sample.zmk')

    def parse(self, file_path_or_content: Union[Path, str]) -> KeymapConfig:
        """Parse a ZMK keymap file or content string.
    
        Args:
            file_path_or_content: Either a Path object to the keymap file or the content as a string.
    
        Returns:
            A KeymapConfig object containing the parsed keymap.
    
        Raises:
            ParserError: If there are any parsing errors.
        """
        try:
            # Determine if input is a Path or content string
            if isinstance(file_path_or_content, Path):
                # Input is a Path - read the file
                content = file_path_or_content.read_text()
                logger.debug("Parsing ZMK file: %s", file_path_or_content)
            else:
                # Input is a string - use directly
                content = file_path_or_content
                logger.debug("Parsing ZMK content from string")
    
            # Process file line by line
            lines = content.split('\n')
            idx = 0
            while idx < len(lines):
                self.logger.debug(f"[DEBUG] Main loop before line {idx+1}: state={self.state}")
                line = lines[idx].strip()
    
                if not line or line.startswith('//'):
                    self.current_line += 1
                    idx += 1
                    continue
    
                reparsed = False
                while True:
                    result = self._parse_line_with_reparse(line)
                    if result == 'REPARSE':
                        if reparsed:
                            self.logger.error(f"[ERROR] Infinite reparsing detected at line {self.current_line}: {line}")
                            break
                        reparsed = True
                        continue
                    break
                self.current_line += 1
                idx += 1
    
            if not self.layers:
                raise ValueError("No layers found in ZMK file")
    
            return KeymapConfig(
                global_settings=self.global_settings_parser.finish(),
                layers=self.layers
            )
        except ParserError as e:
            raise e
        except Exception as e:
>           raise ParserError(f"Failed to parse ZMK file: {e}") from e
E           converter.parser.parser_error.ParserError: Failed to parse ZMK file: No layers found in ZMK file

converter/parser/zmk_parser.py:182: ParserError
------------------------------ Captured log call -------------------------------
WARNING  root:keymap_model.py:77 Key validation failed for '}': Invalid key: }
WARNING  root:keymap_model.py:77 Key validation failed for '}': Invalid key: }
WARNING  root:keymap_model.py:77 Key validation failed for '}': Invalid key: }
__________________________ test_key_sequence_creation __________________________

    def test_key_sequence_creation():
        """Test creating a valid key sequence behavior."""
>       sequence = KeySequenceBehavior(wait_ms=40, tap_ms=40, bindings=["A", "B", "C"])
E       TypeError: KeySequenceBehavior.__init__() got an unexpected keyword argument 'wait_ms'

converter/tests/test_key_sequence.py:14: TypeError
_________________________ test_key_sequence_validation _________________________

    def test_key_sequence_validation():
        """Test validation of key sequence behavior attributes."""
        # Test negative wait_ms
        with pytest.raises(ValueError, match="wait_ms must be non-negative"):
>           KeySequenceBehavior(wait_ms=-1, tap_ms=40, bindings=["A"])
E           TypeError: KeySequenceBehavior.__init__() got an unexpected keyword argument 'wait_ms'

converter/tests/test_key_sequence.py:24: TypeError
______________________ test_key_sequence_binding_creation ______________________

    def test_key_sequence_binding_creation():
        """Test creating a key sequence binding."""
>       behavior = KeySequenceBehavior(wait_ms=40, tap_ms=40, bindings=["A", "B", "C"])
E       TypeError: KeySequenceBehavior.__init__() got an unexpected keyword argument 'wait_ms'

converter/tests/test_key_sequence.py:37: TypeError
_____________________ test_key_sequence_binding_to_kanata ______________________

    def test_key_sequence_binding_to_kanata():
        """Test converting key sequence binding to Kanata format."""
        binding = KeySequenceBinding(keys=["LSHIFT", "A", "B"])
>       assert binding.to_kanata() == "(chord lsft a b)"
E       AssertionError: assert '(multi lshift a b)' == '(chord lsft a b)'
E         
E         - (chord lsft a b)
E         + (multi lshift a b)

converter/tests/test_key_sequence.py:47: AssertionError
______________________ test_key_sequence_binding_from_zmk ______________________

    def test_key_sequence_binding_from_zmk():
        """Test creating key sequence binding from ZMK format."""
>       binding = KeySequenceBinding.from_zmk("&key_sequence LSHIFT A B")
E       AttributeError: type object 'KeySequenceBinding' has no attribute 'from_zmk'

converter/tests/test_key_sequence.py:52: AttributeError
_______________________ test_parse_key_sequence_behavior _______________________

    def test_parse_key_sequence_behavior():
        """Test parsing key sequence behavior configuration."""
        config = {"wait-ms": "50", "tap-ms": "30", "bindings": "<&kp A, &kp B, &kp C>"}
>       behavior = parse_key_sequence_behavior(config)

converter/tests/test_key_sequence.py:68: 
_ _ _ _ _ _ _ _ _ _ _ _ _ _ _ _ _ _ _ _ _ _ _ _ _ _ _ _ _ _ _ _ _ _ _ _ _ _ _ _ 

config = {'bindings': '<&kp A, &kp B, &kp C>', 'tap-ms': '30', 'wait-ms': '50'}

    def parse_key_sequence_behavior(config: dict) -> KeySequenceBehavior:
        """Parse ZMK key sequence behavior configuration."""
        wait_ms = int(config.get("wait-ms", 30))
        tap_ms = int(config.get("tap-ms", 30))
    
        # Parse bindings if present
        bindings = []
        if "bindings" in config:
            bindings_str = config["bindings"].strip("<>").strip()
            # Split by comma and clean up each binding
            bindings = [b.strip().replace("&", "").strip() for b in bindings_str.split(",")]
    
>       return KeySequenceBehavior(wait_ms=wait_ms, tap_ms=tap_ms, bindings=bindings)
E       TypeError: KeySequenceBehavior.__init__() got an unexpected keyword argument 'wait_ms'

converter/behaviors/key_sequence.py:53: TypeError
__________________ test_parse_key_sequence_behavior_defaults ___________________

    def test_parse_key_sequence_behavior_defaults():
        """Test parsing key sequence behavior with default values."""
        config = {"bindings": "<&kp A>"}
>       behavior = parse_key_sequence_behavior(config)

converter/tests/test_key_sequence.py:77: 
_ _ _ _ _ _ _ _ _ _ _ _ _ _ _ _ _ _ _ _ _ _ _ _ _ _ _ _ _ _ _ _ _ _ _ _ _ _ _ _ 

config = {'bindings': '<&kp A>'}

    def parse_key_sequence_behavior(config: dict) -> KeySequenceBehavior:
        """Parse ZMK key sequence behavior configuration."""
        wait_ms = int(config.get("wait-ms", 30))
        tap_ms = int(config.get("tap-ms", 30))
    
        # Parse bindings if present
        bindings = []
        if "bindings" in config:
            bindings_str = config["bindings"].strip("<>").strip()
            # Split by comma and clean up each binding
            bindings = [b.strip().replace("&", "").strip() for b in bindings_str.split(",")]
    
>       return KeySequenceBehavior(wait_ms=wait_ms, tap_ms=tap_ms, bindings=bindings)
E       TypeError: KeySequenceBehavior.__init__() got an unexpected keyword argument 'wait_ms'

converter/behaviors/key_sequence.py:53: TypeError
________________ TestLayerIntegration.test_parse_and_transform _________________

self = <converter.tests.test_layer_integration.TestLayerIntegration testMethod=test_parse_and_transform>

    def setUp(self):
        """Set up test fixtures."""
        self.parser = LayerParser()
>       self.transformer = LayerTransformer()

converter/tests/test_layer_integration.py:15: 
_ _ _ _ _ _ _ _ _ _ _ _ _ _ _ _ _ _ _ _ _ _ _ _ _ _ _ _ _ _ _ _ _ _ _ _ _ _ _ _ 

self = <converter.layer_transformer.LayerTransformer object at 0x102f55900>
is_mac = False

    def __init__(self, is_mac: bool = False):
        """Initialize the transformer.
    
        Args:
            is_mac: Whether to use Mac-specific modifiers
        """
        self.hold_tap_transformer = HoldTapTransformer()
        self.macro_transformer = MacroTransformer()
        self.sticky_key_transformer = StickyKeyTransformer()
        self.key_sequence_transformer = KeySequenceTransformer()
>       self.homerow_mod_transformer = HomeRowModTransformer(is_mac=is_mac)
E       TypeError: HomerowModTransformer.__init__() got an unexpected keyword argument 'is_mac'

converter/layer_transformer.py:50: TypeError
_______________________________ test_empty_layer _______________________________

self = <converter.parser.zmk_parser.ZMKParser object at 0x1025adf90>
file_path_or_content = PosixPath('/var/folders/0s/42v7yl697hn0l1cdnx0vrvyr0000gn/T/tmpo76b45ca.keymap')

    def parse(self, file_path_or_content: Union[Path, str]) -> KeymapConfig:
        """Parse a ZMK keymap file or content string.
    
        Args:
            file_path_or_content: Either a Path object to the keymap file or the content as a string.
    
        Returns:
            A KeymapConfig object containing the parsed keymap.
    
        Raises:
            ParserError: If there are any parsing errors.
        """
        try:
            # Determine if input is a Path or content string
            if isinstance(file_path_or_content, Path):
                # Input is a Path - read the file
                content = file_path_or_content.read_text()
                logger.debug("Parsing ZMK file: %s", file_path_or_content)
            else:
                # Input is a string - use directly
                content = file_path_or_content
                logger.debug("Parsing ZMK content from string")
    
            # Process file line by line
            lines = content.split('\n')
            idx = 0
            while idx < len(lines):
                self.logger.debug(f"[DEBUG] Main loop before line {idx+1}: state={self.state}")
                line = lines[idx].strip()
    
                if not line or line.startswith('//'):
                    self.current_line += 1
                    idx += 1
                    continue
    
                reparsed = False
                while True:
                    result = self._parse_line_with_reparse(line)
                    if result == 'REPARSE':
                        if reparsed:
                            self.logger.error(f"[ERROR] Infinite reparsing detected at line {self.current_line}: {line}")
                            break
                        reparsed = True
                        continue
                    break
                self.current_line += 1
                idx += 1
    
            if not self.layers:
>               raise ValueError("No layers found in ZMK file")
E               ValueError: No layers found in ZMK file

converter/parser/zmk_parser.py:173: ValueError

The above exception was the direct cause of the following exception:

    def test_empty_layer():
        """Test that empty layers are handled correctly."""
        with tempfile.NamedTemporaryFile(mode="w", suffix=".keymap") as f:
            f.write(
                """
    / {
        keymap {
            empty_layer {
                bindings = <>;
            };
        };
    };
            """
            )
            f.flush()
    
            parser = ZMKParser()
>           config = parser.parse(Path(f.name))

converter/tests/test_layer_parsing.py:28: 
_ _ _ _ _ _ _ _ _ _ _ _ _ _ _ _ _ _ _ _ _ _ _ _ _ _ _ _ _ _ _ _ _ _ _ _ _ _ _ _ 

self = <converter.parser.zmk_parser.ZMKParser object at 0x1025adf90>
file_path_or_content = PosixPath('/var/folders/0s/42v7yl697hn0l1cdnx0vrvyr0000gn/T/tmpo76b45ca.keymap')

    def parse(self, file_path_or_content: Union[Path, str]) -> KeymapConfig:
        """Parse a ZMK keymap file or content string.
    
        Args:
            file_path_or_content: Either a Path object to the keymap file or the content as a string.
    
        Returns:
            A KeymapConfig object containing the parsed keymap.
    
        Raises:
            ParserError: If there are any parsing errors.
        """
        try:
            # Determine if input is a Path or content string
            if isinstance(file_path_or_content, Path):
                # Input is a Path - read the file
                content = file_path_or_content.read_text()
                logger.debug("Parsing ZMK file: %s", file_path_or_content)
            else:
                # Input is a string - use directly
                content = file_path_or_content
                logger.debug("Parsing ZMK content from string")
    
            # Process file line by line
            lines = content.split('\n')
            idx = 0
            while idx < len(lines):
                self.logger.debug(f"[DEBUG] Main loop before line {idx+1}: state={self.state}")
                line = lines[idx].strip()
    
                if not line or line.startswith('//'):
                    self.current_line += 1
                    idx += 1
                    continue
    
                reparsed = False
                while True:
                    result = self._parse_line_with_reparse(line)
                    if result == 'REPARSE':
                        if reparsed:
                            self.logger.error(f"[ERROR] Infinite reparsing detected at line {self.current_line}: {line}")
                            break
                        reparsed = True
                        continue
                    break
                self.current_line += 1
                idx += 1
    
            if not self.layers:
                raise ValueError("No layers found in ZMK file")
    
            return KeymapConfig(
                global_settings=self.global_settings_parser.finish(),
                layers=self.layers
            )
        except ParserError as e:
            raise e
        except Exception as e:
>           raise ParserError(f"Failed to parse ZMK file: {e}") from e
E           converter.parser.parser_error.ParserError: Failed to parse ZMK file: No layers found in ZMK file

converter/parser/zmk_parser.py:182: ParserError
------------------------------ Captured log call -------------------------------
WARNING  root:keymap_model.py:77 Key validation failed for '}': Invalid key: }
WARNING  root:keymap_model.py:77 Key validation failed for '}': Invalid key: }
WARNING  root:keymap_model.py:77 Key validation failed for '}': Invalid key: }
_____________________________ test_multiple_layers _____________________________

    def test_multiple_layers():
        """Test parsing multiple layers."""
        with tempfile.NamedTemporaryFile(mode="w", suffix=".keymap") as f:
            f.write(
                """
    / {
        keymap {
            first_layer {
                bindings = <&kp A>;
            };
            second_layer {
                bindings = <&kp B>;
            };
        };
    };
            """
            )
            f.flush()
    
            parser = ZMKParser()
            config = parser.parse(Path(f.name))
>           assert len(config.layers) == 2
E           AssertionError: assert 1 == 2
E            +  where 1 = len([Layer(name='first', bindings=[KeyMapping(key='A', sticky=False, hold_tap=None, layer=None, macro=None, sticky_key=Non...(key='}', sticky=False, hold_tap=None, layer=None, macro=None, sticky_key=None, key_sequence=None, homerow_mod=None)])])
E            +    where [Layer(name='first', bindings=[KeyMapping(key='A', sticky=False, hold_tap=None, layer=None, macro=None, sticky_key=Non...(key='}', sticky=False, hold_tap=None, layer=None, macro=None, sticky_key=None, key_sequence=None, homerow_mod=None)])] = KeymapConfig(global_settings=GlobalSettings(tap_time=200, hold_time=250), layers=[Layer(name='first', bindings=[KeyMap...key='}', sticky=False, hold_tap=None, layer=None, macro=None, sticky_key=None, key_sequence=None, homerow_mod=None)])]).layers

converter/tests/test_layer_parsing.py:55: AssertionError
------------------------------ Captured log call -------------------------------
WARNING  root:keymap_model.py:77 Key validation failed for '}': Invalid key: }
WARNING  root:keymap_model.py:77 Key validation failed for '}': Invalid key: }
WARNING  root:keymap_model.py:77 Key validation failed for '}': Invalid key: }
WARNING  root:keymap_model.py:77 Key validation failed for '}': Invalid key: }
___________________________ test_multiline_bindings ____________________________

self = <converter.parser.zmk_parser.ZMKParser object at 0x102eb4580>
file_path_or_content = PosixPath('/var/folders/0s/42v7yl697hn0l1cdnx0vrvyr0000gn/T/tmpl5lgnxkf.keymap')

    def parse(self, file_path_or_content: Union[Path, str]) -> KeymapConfig:
        """Parse a ZMK keymap file or content string.
    
        Args:
            file_path_or_content: Either a Path object to the keymap file or the content as a string.
    
        Returns:
            A KeymapConfig object containing the parsed keymap.
    
        Raises:
            ParserError: If there are any parsing errors.
        """
        try:
            # Determine if input is a Path or content string
            if isinstance(file_path_or_content, Path):
                # Input is a Path - read the file
                content = file_path_or_content.read_text()
                logger.debug("Parsing ZMK file: %s", file_path_or_content)
            else:
                # Input is a string - use directly
                content = file_path_or_content
                logger.debug("Parsing ZMK content from string")
    
            # Process file line by line
            lines = content.split('\n')
            idx = 0
            while idx < len(lines):
                self.logger.debug(f"[DEBUG] Main loop before line {idx+1}: state={self.state}")
                line = lines[idx].strip()
    
                if not line or line.startswith('//'):
                    self.current_line += 1
                    idx += 1
                    continue
    
                reparsed = False
                while True:
                    result = self._parse_line_with_reparse(line)
                    if result == 'REPARSE':
                        if reparsed:
                            self.logger.error(f"[ERROR] Infinite reparsing detected at line {self.current_line}: {line}")
                            break
                        reparsed = True
                        continue
                    break
                self.current_line += 1
                idx += 1
    
            if not self.layers:
>               raise ValueError("No layers found in ZMK file")
E               ValueError: No layers found in ZMK file

converter/parser/zmk_parser.py:173: ValueError

The above exception was the direct cause of the following exception:

    def test_multiline_bindings():
        """Test parsing bindings that span multiple lines."""
        with tempfile.NamedTemporaryFile(mode="w", suffix=".keymap") as f:
            f.write(
                """
    / {
        keymap {
            test_layer {
                bindings = <
                    &kp A
                    &kp B
                    &kp C
                >;
            };
        };
    };
            """
            )
            f.flush()
    
            parser = ZMKParser()
>           config = parser.parse(Path(f.name))

converter/tests/test_layer_parsing.py:83: 
_ _ _ _ _ _ _ _ _ _ _ _ _ _ _ _ _ _ _ _ _ _ _ _ _ _ _ _ _ _ _ _ _ _ _ _ _ _ _ _ 

self = <converter.parser.zmk_parser.ZMKParser object at 0x102eb4580>
file_path_or_content = PosixPath('/var/folders/0s/42v7yl697hn0l1cdnx0vrvyr0000gn/T/tmpl5lgnxkf.keymap')

    def parse(self, file_path_or_content: Union[Path, str]) -> KeymapConfig:
        """Parse a ZMK keymap file or content string.
    
        Args:
            file_path_or_content: Either a Path object to the keymap file or the content as a string.
    
        Returns:
            A KeymapConfig object containing the parsed keymap.
    
        Raises:
            ParserError: If there are any parsing errors.
        """
        try:
            # Determine if input is a Path or content string
            if isinstance(file_path_or_content, Path):
                # Input is a Path - read the file
                content = file_path_or_content.read_text()
                logger.debug("Parsing ZMK file: %s", file_path_or_content)
            else:
                # Input is a string - use directly
                content = file_path_or_content
                logger.debug("Parsing ZMK content from string")
    
            # Process file line by line
            lines = content.split('\n')
            idx = 0
            while idx < len(lines):
                self.logger.debug(f"[DEBUG] Main loop before line {idx+1}: state={self.state}")
                line = lines[idx].strip()
    
                if not line or line.startswith('//'):
                    self.current_line += 1
                    idx += 1
                    continue
    
                reparsed = False
                while True:
                    result = self._parse_line_with_reparse(line)
                    if result == 'REPARSE':
                        if reparsed:
                            self.logger.error(f"[ERROR] Infinite reparsing detected at line {self.current_line}: {line}")
                            break
                        reparsed = True
                        continue
                    break
                self.current_line += 1
                idx += 1
    
            if not self.layers:
                raise ValueError("No layers found in ZMK file")
    
            return KeymapConfig(
                global_settings=self.global_settings_parser.finish(),
                layers=self.layers
            )
        except ParserError as e:
            raise e
        except Exception as e:
>           raise ParserError(f"Failed to parse ZMK file: {e}") from e
E           converter.parser.parser_error.ParserError: Failed to parse ZMK file: No layers found in ZMK file

converter/parser/zmk_parser.py:182: ParserError
------------------------------ Captured log call -------------------------------
WARNING  root:keymap_model.py:77 Key validation failed for '}': Invalid key: }
WARNING  root:keymap_model.py:77 Key validation failed for '}': Invalid key: }
WARNING  root:keymap_model.py:77 Key validation failed for '}': Invalid key: }
______________________________ test_nested_layers ______________________________

    def test_nested_layers():
        """Test that nested layers are rejected."""
        with tempfile.NamedTemporaryFile(mode="w", suffix=".keymap") as f:
            f.write(
                """
    / {
        keymap {
            outer_layer {
                bindings = <&kp A>;
                inner_layer {
                    bindings = <&kp B>;
                };
            };
        };
    };
            """
            )
            f.flush()
    
            parser = ZMKParser()
>           with pytest.raises(ParserError):
E           Failed: DID NOT RAISE <class 'converter.parser.parser_error.ParserError'>

converter/tests/test_layer_parsing.py:150: Failed
------------------------------ Captured log call -------------------------------
WARNING  root:keymap_model.py:77 Key validation failed for '}': Invalid key: }
WARNING  root:keymap_model.py:77 Key validation failed for '}': Invalid key: }
WARNING  root:keymap_model.py:77 Key validation failed for '}': Invalid key: }
WARNING  root:keymap_model.py:77 Key validation failed for '}': Invalid key: }
____________________________ test_transform_binding ____________________________

    def test_transform_binding():
        """Test transformation of individual ZMK bindings."""
>       transformer = LayerTransformer()

converter/tests/test_layer_transformer.py:10: 
_ _ _ _ _ _ _ _ _ _ _ _ _ _ _ _ _ _ _ _ _ _ _ _ _ _ _ _ _ _ _ _ _ _ _ _ _ _ _ _ 

self = <converter.layer_transformer.LayerTransformer object at 0x102f3cfa0>
is_mac = False

    def __init__(self, is_mac: bool = False):
        """Initialize the transformer.
    
        Args:
            is_mac: Whether to use Mac-specific modifiers
        """
        self.hold_tap_transformer = HoldTapTransformer()
        self.macro_transformer = MacroTransformer()
        self.sticky_key_transformer = StickyKeyTransformer()
        self.key_sequence_transformer = KeySequenceTransformer()
>       self.homerow_mod_transformer = HomeRowModTransformer(is_mac=is_mac)
E       TypeError: HomerowModTransformer.__init__() got an unexpected keyword argument 'is_mac'

converter/layer_transformer.py:50: TypeError
__________________________ test_parse_binding_matrix ___________________________

    def test_parse_binding_matrix():
        """Test parsing of ZMK bindings matrix."""
>       transformer = LayerTransformer()

converter/tests/test_layer_transformer.py:73: 
_ _ _ _ _ _ _ _ _ _ _ _ _ _ _ _ _ _ _ _ _ _ _ _ _ _ _ _ _ _ _ _ _ _ _ _ _ _ _ _ 

self = <converter.layer_transformer.LayerTransformer object at 0x102df8130>
is_mac = False

    def __init__(self, is_mac: bool = False):
        """Initialize the transformer.
    
        Args:
            is_mac: Whether to use Mac-specific modifiers
        """
        self.hold_tap_transformer = HoldTapTransformer()
        self.macro_transformer = MacroTransformer()
        self.sticky_key_transformer = StickyKeyTransformer()
        self.key_sequence_transformer = KeySequenceTransformer()
>       self.homerow_mod_transformer = HomeRowModTransformer(is_mac=is_mac)
E       TypeError: HomerowModTransformer.__init__() got an unexpected keyword argument 'is_mac'

converter/layer_transformer.py:50: TypeError
_____________________________ test_transform_layer _____________________________

    def test_transform_layer():
        """Test transforming a layer to Kanata format."""
        layer = Layer(
            name="default",
            bindings=[
                KeyMapping(key="A"),
                KeyMapping(key="B"),
                KeyMapping(key="C"),
            ],
        )
    
>       transformer = LayerTransformer()

converter/tests/test_layer_transformer.py:100: 
_ _ _ _ _ _ _ _ _ _ _ _ _ _ _ _ _ _ _ _ _ _ _ _ _ _ _ _ _ _ _ _ _ _ _ _ _ _ _ _ 

self = <converter.layer_transformer.LayerTransformer object at 0x1025e6bf0>
is_mac = False

    def __init__(self, is_mac: bool = False):
        """Initialize the transformer.
    
        Args:
            is_mac: Whether to use Mac-specific modifiers
        """
        self.hold_tap_transformer = HoldTapTransformer()
        self.macro_transformer = MacroTransformer()
        self.sticky_key_transformer = StickyKeyTransformer()
        self.key_sequence_transformer = KeySequenceTransformer()
>       self.homerow_mod_transformer = HomeRowModTransformer(is_mac=is_mac)
E       TypeError: HomerowModTransformer.__init__() got an unexpected keyword argument 'is_mac'

converter/layer_transformer.py:50: TypeError
____________________________ test_transform_layers _____________________________

    def test_transform_layers():
        """Test transforming multiple layers to Kanata format."""
        layers = [
            Layer(
                name="default",
                bindings=[
                    KeyMapping(key="A"),
                    KeyMapping(key="B"),
                ],
            ),
            Layer(
                name="num",
                bindings=[
                    KeyMapping(key="1"),
                    KeyMapping(key="2"),
                ],
            ),
        ]
    
>       transformer = LayerTransformer()

converter/tests/test_layer_transformer.py:126: 
_ _ _ _ _ _ _ _ _ _ _ _ _ _ _ _ _ _ _ _ _ _ _ _ _ _ _ _ _ _ _ _ _ _ _ _ _ _ _ _ 

self = <converter.layer_transformer.LayerTransformer object at 0x102df98a0>
is_mac = False

    def __init__(self, is_mac: bool = False):
        """Initialize the transformer.
    
        Args:
            is_mac: Whether to use Mac-specific modifiers
        """
        self.hold_tap_transformer = HoldTapTransformer()
        self.macro_transformer = MacroTransformer()
        self.sticky_key_transformer = StickyKeyTransformer()
        self.key_sequence_transformer = KeySequenceTransformer()
>       self.homerow_mod_transformer = HomeRowModTransformer(is_mac=is_mac)
E       TypeError: HomerowModTransformer.__init__() got an unexpected keyword argument 'is_mac'

converter/layer_transformer.py:50: TypeError
_________________________ test_transform_key_sequence __________________________

    def test_transform_key_sequence():
        """Test transforming key sequence bindings."""
>       transformer = LayerTransformer()

converter/tests/test_layer_transformer.py:137: 
_ _ _ _ _ _ _ _ _ _ _ _ _ _ _ _ _ _ _ _ _ _ _ _ _ _ _ _ _ _ _ _ _ _ _ _ _ _ _ _ 

self = <converter.layer_transformer.LayerTransformer object at 0x102eb5150>
is_mac = False

    def __init__(self, is_mac: bool = False):
        """Initialize the transformer.
    
        Args:
            is_mac: Whether to use Mac-specific modifiers
        """
        self.hold_tap_transformer = HoldTapTransformer()
        self.macro_transformer = MacroTransformer()
        self.sticky_key_transformer = StickyKeyTransformer()
        self.key_sequence_transformer = KeySequenceTransformer()
>       self.homerow_mod_transformer = HomeRowModTransformer(is_mac=is_mac)
E       TypeError: HomerowModTransformer.__init__() got an unexpected keyword argument 'is_mac'

converter/layer_transformer.py:50: TypeError
_____________ TestMacroBehavior.test_macro_behavior_custom_values ______________

self = <converter.tests.test_macro.TestMacroBehavior testMethod=test_macro_behavior_custom_values>

    def test_macro_behavior_custom_values(self):
        """Test that MacroBehavior accepts custom values."""
>       behavior = MacroBehavior(
            name="custom_macro", wait_ms=20, tap_ms=40, binding_cells=1
        )
E       TypeError: MacroBehavior.__init__() got an unexpected keyword argument 'wait_ms'

converter/tests/test_macro.py:23: TypeError
________________ TestMacroBehavior.test_macro_behavior_defaults ________________

self = <converter.tests.test_macro.TestMacroBehavior testMethod=test_macro_behavior_defaults>

    def test_macro_behavior_defaults(self):
        """Test that MacroBehavior has correct default values."""
>       behavior = MacroBehavior(name="test_macro")
E       TypeError: MacroBehavior.__init__() missing 1 required positional argument: 'keys'

converter/tests/test_macro.py:14: TypeError
_________________ TestMacroBinding.test_macro_binding_creation _________________

self = <converter.tests.test_macro.TestMacroBinding testMethod=test_macro_binding_creation>

    def setUp(self):
        """Set up test fixtures."""
>       self.behavior = MacroBehavior(name="test_macro")
E       TypeError: MacroBehavior.__init__() missing 1 required positional argument: 'keys'

converter/tests/test_macro.py:37: TypeError
_________________ TestMacroBinding.test_macro_binding_from_zmk _________________

self = <converter.tests.test_macro.TestMacroBinding testMethod=test_macro_binding_from_zmk>

    def setUp(self):
        """Set up test fixtures."""
>       self.behavior = MacroBehavior(name="test_macro")
E       TypeError: MacroBehavior.__init__() missing 1 required positional argument: 'keys'

converter/tests/test_macro.py:37: TypeError
________ TestMacroBinding.test_macro_binding_from_zmk_unknown_behavior _________

self = <converter.tests.test_macro.TestMacroBinding testMethod=test_macro_binding_from_zmk_unknown_behavior>

    def setUp(self):
        """Set up test fixtures."""
>       self.behavior = MacroBehavior(name="test_macro")
E       TypeError: MacroBehavior.__init__() missing 1 required positional argument: 'keys'

converter/tests/test_macro.py:37: TypeError
___________ TestMacroBinding.test_macro_binding_from_zmk_with_param ____________

self = <converter.tests.test_macro.TestMacroBinding testMethod=test_macro_binding_from_zmk_with_param>

    def setUp(self):
        """Set up test fixtures."""
>       self.behavior = MacroBehavior(name="test_macro")
E       TypeError: MacroBehavior.__init__() missing 1 required positional argument: 'keys'

converter/tests/test_macro.py:37: TypeError
________________ TestMacroBinding.test_macro_binding_to_kanata _________________

self = <converter.tests.test_macro.TestMacroBinding testMethod=test_macro_binding_to_kanata>

    def setUp(self):
        """Set up test fixtures."""
>       self.behavior = MacroBehavior(name="test_macro")
E       TypeError: MacroBehavior.__init__() missing 1 required positional argument: 'keys'

converter/tests/test_macro.py:37: TypeError
_____________ TestMacroParser.test_extract_behaviors_after_control _____________

self = <converter.tests.test_macro.TestMacroParser testMethod=test_extract_behaviors_after_control>

    def test_extract_behaviors_after_control(self):
        """Test extracting behaviors after a control command."""
>       behaviors = self.parser._extract_behaviors_after_control(
            "&macro_tap &kp A &kp B", "&macro_tap"
        )
E       AttributeError: 'MacroParser' object has no attribute '_extract_behaviors_after_control'

converter/tests/test_macro.py:147: AttributeError
_____________________ TestMacroParser.test_parse_behavior ______________________

self = <converter.tests.test_macro.TestMacroParser testMethod=test_parse_behavior>

    def test_parse_behavior(self):
        """Test parsing a macro behavior configuration."""
        config = {"compatible": "zmk,behavior-macro", "wait-ms": "20", "tap-ms": "40"}
>       behavior = self.parser.parse_behavior("test_macro", config)
E       AttributeError: 'MacroParser' object has no attribute 'parse_behavior'

converter/tests/test_macro.py:99: AttributeError
________________ TestMacroParser.test_parse_behavior_not_macro _________________

self = <converter.tests.test_macro.TestMacroParser testMethod=test_parse_behavior_not_macro>

    def test_parse_behavior_not_macro(self):
        """Test parsing a non-macro behavior."""
        config = {"compatible": "zmk,behavior-other"}
>       behavior = self.parser.parse_behavior("not_macro", config)
E       AttributeError: 'MacroParser' object has no attribute 'parse_behavior'

converter/tests/test_macro.py:128: AttributeError
________________ TestMacroParser.test_parse_behavior_one_param _________________

self = <converter.tests.test_macro.TestMacroParser testMethod=test_parse_behavior_one_param>

    def test_parse_behavior_one_param(self):
        """Test parsing a one-param macro behavior."""
        config = {
            "compatible": "zmk,behavior-macro-one-param",
            "wait-ms": "20",
            "tap-ms": "40",
        }
>       behavior = self.parser.parse_behavior("param_macro", config)
E       AttributeError: 'MacroParser' object has no attribute 'parse_behavior'

converter/tests/test_macro.py:112: AttributeError
________________ TestMacroParser.test_parse_behavior_two_param _________________

self = <converter.tests.test_macro.TestMacroParser testMethod=test_parse_behavior_two_param>

    def test_parse_behavior_two_param(self):
        """Test parsing a two-param macro behavior."""
        config = {
            "compatible": "zmk,behavior-macro-two-param",
            "wait-ms": "20",
            "tap-ms": "40",
        }
>       behavior = self.parser.parse_behavior("two_param_macro", config)
E       AttributeError: 'MacroParser' object has no attribute 'parse_behavior'

converter/tests/test_macro.py:122: AttributeError
______________________ TestMacroParser.test_parse_binding ______________________

self = <converter.tests.test_macro.TestMacroParser testMethod=test_parse_binding>

    def test_parse_binding(self):
        """Test parsing a macro binding string."""
>       behavior = MacroBehavior(name="test_macro")
E       TypeError: MacroBehavior.__init__() missing 1 required positional argument: 'keys'

converter/tests/test_macro.py:155: TypeError
_________________ TestMacroParser.test_parse_binding_not_macro _________________

self = <converter.tests.test_macro.TestMacroParser testMethod=test_parse_binding_not_macro>

    def test_parse_binding_not_macro(self):
        """Test parsing a non-macro binding string."""
>       binding = self.parser.parse_binding("&kp A")
E       AttributeError: 'MacroParser' object has no attribute 'parse_binding'. Did you mean: 'parse_setting'?

converter/tests/test_macro.py:163: AttributeError
_____________________ TestMacroParser.test_parse_bindings ______________________

self = <converter.tests.test_macro.TestMacroParser testMethod=test_parse_bindings>

    def test_parse_bindings(self):
        """Test parsing macro bindings."""
>       behavior = MacroBehavior(name="test_macro")
E       TypeError: MacroBehavior.__init__() missing 1 required positional argument: 'keys'

converter/tests/test_macro.py:133: TypeError
__________________ TestMacroIntegration.test_macro_conversion __________________

self = <converter.parser.zmk_parser.ZMKParser object at 0x103313940>
file_path_or_content = '/var/folders/0s/42v7yl697hn0l1cdnx0vrvyr0000gn/T/tmpb279lgqj'

    def parse(self, file_path_or_content: Union[Path, str]) -> KeymapConfig:
        """Parse a ZMK keymap file or content string.
    
        Args:
            file_path_or_content: Either a Path object to the keymap file or the content as a string.
    
        Returns:
            A KeymapConfig object containing the parsed keymap.
    
        Raises:
            ParserError: If there are any parsing errors.
        """
        try:
            # Determine if input is a Path or content string
            if isinstance(file_path_or_content, Path):
                # Input is a Path - read the file
                content = file_path_or_content.read_text()
                logger.debug("Parsing ZMK file: %s", file_path_or_content)
            else:
                # Input is a string - use directly
                content = file_path_or_content
                logger.debug("Parsing ZMK content from string")
    
            # Process file line by line
            lines = content.split('\n')
            idx = 0
            while idx < len(lines):
                self.logger.debug(f"[DEBUG] Main loop before line {idx+1}: state={self.state}")
                line = lines[idx].strip()
    
                if not line or line.startswith('//'):
                    self.current_line += 1
                    idx += 1
                    continue
    
                reparsed = False
                while True:
                    result = self._parse_line_with_reparse(line)
                    if result == 'REPARSE':
                        if reparsed:
                            self.logger.error(f"[ERROR] Infinite reparsing detected at line {self.current_line}: {line}")
                            break
                        reparsed = True
                        continue
                    break
                self.current_line += 1
                idx += 1
    
            if not self.layers:
>               raise ValueError("No layers found in ZMK file")
E               ValueError: No layers found in ZMK file

converter/parser/zmk_parser.py:173: ValueError

The above exception was the direct cause of the following exception:

zmk_content = '/var/folders/0s/42v7yl697hn0l1cdnx0vrvyr0000gn/T/tmpb279lgqj'
output_path = None, error_manager = None, is_mac = False

    def convert_zmk_to_kanata(
        zmk_content: str,
        output_path: Optional[str] = None,
        error_manager: Optional[ErrorManager] = None,
        is_mac: bool = False,
    ) -> Tuple[str, Dict[str, Any]]:
        """Convert ZMK keymap to Kanata format.
    
        Args:
            zmk_content: Content of the ZMK keymap file
            output_path: Optional path to write the Kanata config to
            error_manager: Optional error manager for reporting issues
            is_mac: Whether to use Mac-specific modifiers
    
        Returns:
            Tuple of (Kanata config string, metadata dict)
    
        Raises:
            Exception: If there's an error during conversion
        """
        # Set up error manager
        if error_manager:
            set_error_manager(error_manager)
        else:
            set_error_manager(ErrorManager())
    
        error_mgr = get_error_manager()
    
        try:
            # Parse ZMK keymap
            parser = ZMKParser()
>           keymap_config = parser.parse(
                zmk_content
            )  # Now directly passes the content string

converter/zmk_to_kanata.py:48: 
_ _ _ _ _ _ _ _ _ _ _ _ _ _ _ _ _ _ _ _ _ _ _ _ _ _ _ _ _ _ _ _ _ _ _ _ _ _ _ _ 

self = <converter.parser.zmk_parser.ZMKParser object at 0x103313940>
file_path_or_content = '/var/folders/0s/42v7yl697hn0l1cdnx0vrvyr0000gn/T/tmpb279lgqj'

    def parse(self, file_path_or_content: Union[Path, str]) -> KeymapConfig:
        """Parse a ZMK keymap file or content string.
    
        Args:
            file_path_or_content: Either a Path object to the keymap file or the content as a string.
    
        Returns:
            A KeymapConfig object containing the parsed keymap.
    
        Raises:
            ParserError: If there are any parsing errors.
        """
        try:
            # Determine if input is a Path or content string
            if isinstance(file_path_or_content, Path):
                # Input is a Path - read the file
                content = file_path_or_content.read_text()
                logger.debug("Parsing ZMK file: %s", file_path_or_content)
            else:
                # Input is a string - use directly
                content = file_path_or_content
                logger.debug("Parsing ZMK content from string")
    
            # Process file line by line
            lines = content.split('\n')
            idx = 0
            while idx < len(lines):
                self.logger.debug(f"[DEBUG] Main loop before line {idx+1}: state={self.state}")
                line = lines[idx].strip()
    
                if not line or line.startswith('//'):
                    self.current_line += 1
                    idx += 1
                    continue
    
                reparsed = False
                while True:
                    result = self._parse_line_with_reparse(line)
                    if result == 'REPARSE':
                        if reparsed:
                            self.logger.error(f"[ERROR] Infinite reparsing detected at line {self.current_line}: {line}")
                            break
                        reparsed = True
                        continue
                    break
                self.current_line += 1
                idx += 1
    
            if not self.layers:
                raise ValueError("No layers found in ZMK file")
    
            return KeymapConfig(
                global_settings=self.global_settings_parser.finish(),
                layers=self.layers
            )
        except ParserError as e:
            raise e
        except Exception as e:
>           raise ParserError(f"Failed to parse ZMK file: {e}") from e
E           converter.parser.parser_error.ParserError: Failed to parse ZMK file: No layers found in ZMK file

converter/parser/zmk_parser.py:182: ParserError

During handling of the above exception, another exception occurred:

self = <converter.tests.test_macro_integration.TestMacroIntegration testMethod=test_macro_conversion>

        def test_macro_conversion(self):
            """Test converting a ZMK file with macros to Kanata format."""
            # Create a temporary ZMK file with a macro definition
            zmk_content = """
    / {
        macros {
            test_macro: test_macro {
                compatible = "zmk,behavior-macro";
                #binding-cells = <0>;
                wait-ms = <50>;
                tap-ms = <40>;
                bindings
                    = <&macro_tap &kp A>
                    , <&macro_wait_time 100>
                    , <&macro_tap &kp B>
                    , <&macro_press &kp LSHIFT>
                    , <&kp C>
                    , <&macro_release &kp LSHIFT>
                    ;
            };
        };
    
        keymap {
            compatible = "zmk,keymap";
            default_layer {
                bindings = <
                    &test_macro &kp B
                >;
            };
        };
    };
    """
            with tempfile.NamedTemporaryFile(mode="w", delete=False) as temp_file:
                temp_file.write(zmk_content)
                temp_file_path = temp_file.name
    
            try:
                # Convert the ZMK file to Kanata format
>               kanata_content = convert_zmk_to_kanata(temp_file_path)

converter/tests/test_macro_integration.py:51: 
_ _ _ _ _ _ _ _ _ _ _ _ _ _ _ _ _ _ _ _ _ _ _ _ _ _ _ _ _ _ _ _ _ _ _ _ _ _ _ _ 
converter/zmk_to_kanata.py:72: in convert_zmk_to_kanata
    error_mgr.add_error(
_ _ _ _ _ _ _ _ _ _ _ _ _ _ _ _ _ _ _ _ _ _ _ _ _ _ _ _ _ _ _ _ _ _ _ _ _ _ _ _ 

self = <converter.error_handling.error_manager.ErrorManager object at 0x1033137f0>
message = 'Error during conversion: Failed to parse ZMK file: No layers found in ZMK file'
source = 'converter', severity = <ErrorSeverity.ERROR: 3>, line_number = None
column = None, context = None
exception = ParserError('Failed to parse ZMK file: No layers found in ZMK file')
raise_immediately = True

    def add_error(
        self,
        message: str,
        source: str,
        severity: ErrorSeverity,
        line_number: Optional[int] = None,
        column: Optional[int] = None,
        context: Optional[Dict[str, Any]] = None,
        exception: Optional[Exception] = None,
        raise_immediately: bool = False,
    ) -> None:
        """Add an error to the error manager.
    
        Args:
            message: The error message
            source: The source of the error (e.g., module name)
            severity: The severity of the error
            line_number: Optional line number where the error occurred
            column: Optional column where the error occurred
            context: Optional context dictionary with additional information
            exception: Optional exception object that caused the error
            raise_immediately: Whether to raise the error immediately
    
        Raises:
            Exception: If severity >= raise_threshold and raise_immediately
                is True
        """
        # Get traceback if exception is provided
        traceback_info = None
        if exception and self.verbose:
            traceback_info = "".join(
                traceback.format_exception(
                    type(exception), exception, exception.__traceback__
                )
            )
    
        # Create error object
        error = ConversionError(
            message=message,
            source=source,
            severity=severity,
            line_number=line_number,
            column=column,
            context=context,
            traceback_info=traceback_info,
        )
    
        # Add to the list of errors
        self.errors.append(error)
    
        # Log the error based on severity
        self._log_error(error)
    
        # Raise immediately if requested and severity is high enough
        if raise_immediately and severity.value >= self.raise_threshold.value:
>           raise Exception(str(error))
E           Exception: ERROR: [converter] - Error during conversion: Failed to parse ZMK file: No layers found in ZMK file

converter/error_handling/error_manager.py:130: Exception
------------------------------ Captured log call -------------------------------
ERROR    converter.error_handling.error_manager:error_manager.py:147 ERROR: [converter] - Error during conversion: Failed to parse ZMK file: No layers found in ZMK file
______________________________ test_complex_macro ______________________________

    def test_complex_macro():
        """Test parsing a macro with multiple bindings."""
        parser = MacroParser()
    
        parser.process_line("/ {")
        parser.process_line("    macros {")
        parser.process_line("        complex: complex {")
        parser.process_line("            wait-ms = <50>;")
        parser.process_line("            tap-ms = <60>;")
>       parser.process_line("            bindings = <")

converter/tests/test_macro_parser.py:55: 
_ _ _ _ _ _ _ _ _ _ _ _ _ _ _ _ _ _ _ _ _ _ _ _ _ _ _ _ _ _ _ _ _ _ _ _ _ _ _ _ 
converter/parser/macro_parser_v2.py:86: in process_line
    self._handle_setting(stripped_line)
_ _ _ _ _ _ _ _ _ _ _ _ _ _ _ _ _ _ _ _ _ _ _ _ _ _ _ _ _ _ _ _ _ _ _ _ _ _ _ _ 

self = <converter.parser.macro_parser_v2.MacroParser object at 0x102614e80>
line = 'bindings = <'

    def _handle_setting(self, line: str) -> None:
        """Handle a setting line."""
        if not line.endswith(";") and not line.endswith("{"):
>           raise ParserError("Invalid setting format")
E           converter.parser.parser_error.ParserError: Invalid setting format

converter/parser/macro_parser_v2.py:95: ParserError
_________________________ test_invalid_macro_settings __________________________

    def test_invalid_macro_settings():
        """Test handling of invalid macro settings."""
        parser = MacroParser()
    
        parser.process_line("/ {")
        parser.process_line("    macros {")
        parser.process_line("        test: test {")
    
        # Test invalid wait-ms format
        with pytest.raises(ParserError) as exc_info:
            parser.process_line("            wait-ms = 30;")
>       assert "Invalid setting format" in str(exc_info.value)
E       AssertionError: assert 'Invalid setting format' in 'Invalid wait-ms value'
E        +  where 'Invalid wait-ms value' = str(ParserError('Invalid wait-ms value'))
E        +    where ParserError('Invalid wait-ms value') = <ExceptionInfo ParserError('Invalid wait-ms value') tblen=3>.value

converter/tests/test_macro_parser.py:98: AssertionError
______________________________ test_nested_macros ______________________________

    def test_nested_macros():
        """Test that nested macro blocks are not allowed."""
        parser = MacroParser()
    
        parser.process_line("/ {")
        parser.process_line("    macros {")
    
>       with pytest.raises(ParserError) as exc_info:
E       Failed: DID NOT RAISE <class 'converter.parser.parser_error.ParserError'>

converter/tests/test_macro_parser.py:118: Failed
___________________________ test_parameterized_macro ___________________________

    def test_parameterized_macro():
        """Test parsing a parameterized macro."""
        parser = MacroParser()
    
        parser.process_line("/ {")
        parser.process_line("    macros {")
        parser.process_line("        param_macro: param_macro {")
>       parser.process_line("            compatible = ")

converter/tests/test_macro_parser.py:130: 
_ _ _ _ _ _ _ _ _ _ _ _ _ _ _ _ _ _ _ _ _ _ _ _ _ _ _ _ _ _ _ _ _ _ _ _ _ _ _ _ 
converter/parser/macro_parser_v2.py:86: in process_line
    self._handle_setting(stripped_line)
_ _ _ _ _ _ _ _ _ _ _ _ _ _ _ _ _ _ _ _ _ _ _ _ _ _ _ _ _ _ _ _ _ _ _ _ _ _ _ _ 

self = <converter.parser.macro_parser_v2.MacroParser object at 0x102d3b190>
line = 'compatible ='

    def _handle_setting(self, line: str) -> None:
        """Handle a setting line."""
        if not line.endswith(";") and not line.endswith("{"):
>           raise ParserError("Invalid setting format")
E           converter.parser.parser_error.ParserError: Invalid setting format

converter/parser/macro_parser_v2.py:95: ParserError
_________________________ test_layer_pattern_matching __________________________

    def test_layer_pattern_matching():
        """Test that layer patterns are correctly matched."""
        parser = ZMKParser()
        sample_text = """
        / {
            keymap {
                compatible = "zmk,keymap";
                default_layer {
                    bindings = <
                        &kp A &kp B
                        &kp C &kp D
                    >;
                };
            };
        };
        """
        print("\nSample text:")
        print(sample_text)
>       print("\nBindings pattern:", parser.bindings_pattern.pattern)
E       AttributeError: 'ZMKParser' object has no attribute 'bindings_pattern'. Did you mean: 'binding_parser'?

converter/tests/test_parser_debug.py:27: AttributeError
----------------------------- Captured stdout call -----------------------------

Sample text:

    / {
        keymap {
            compatible = "zmk,keymap";
            default_layer {
                bindings = <
                    &kp A &kp B
                    &kp C &kp D
                >;
            };
        };
    };
    
______________________________ test_row_splitting ______________________________

    def test_row_splitting():
        """Test that row splitting preserves binding structure."""
        parser = ZMKParser()
        binding_text = """
            &kp A &kp B
            &kp C &mo 1
        """
>       keys = parser._parse_bindings(binding_text)
E       AttributeError: 'ZMKParser' object has no attribute '_parse_bindings'. Did you mean: '_parse_binding_line'?

converter/tests/test_parser_debug.py:80: AttributeError
_________________________ test_global_pattern_matching _________________________

    def test_global_pattern_matching():
        """Test that global settings are correctly matched."""
        parser = ZMKParser()
        sample_text = """
        / {
            global {
                tap-time = <200>;
                hold-time = <300>;
            };
        };
        """
>       match = parser.global_pattern.search(sample_text)
E       AttributeError: 'ZMKParser' object has no attribute 'global_pattern'

converter/tests/test_parser_debug.py:111: AttributeError
________________ TestUnicodeIntegration.test_unicode_conversion ________________

self = <converter.parser.zmk_parser.ZMKParser object at 0x102dc69b0>
file_path_or_content = '/var/folders/0s/42v7yl697hn0l1cdnx0vrvyr0000gn/T/tmpx6jg9336'

    def parse(self, file_path_or_content: Union[Path, str]) -> KeymapConfig:
        """Parse a ZMK keymap file or content string.
    
        Args:
            file_path_or_content: Either a Path object to the keymap file or the content as a string.
    
        Returns:
            A KeymapConfig object containing the parsed keymap.
    
        Raises:
            ParserError: If there are any parsing errors.
        """
        try:
            # Determine if input is a Path or content string
            if isinstance(file_path_or_content, Path):
                # Input is a Path - read the file
                content = file_path_or_content.read_text()
                logger.debug("Parsing ZMK file: %s", file_path_or_content)
            else:
                # Input is a string - use directly
                content = file_path_or_content
                logger.debug("Parsing ZMK content from string")
    
            # Process file line by line
            lines = content.split('\n')
            idx = 0
            while idx < len(lines):
                self.logger.debug(f"[DEBUG] Main loop before line {idx+1}: state={self.state}")
                line = lines[idx].strip()
    
                if not line or line.startswith('//'):
                    self.current_line += 1
                    idx += 1
                    continue
    
                reparsed = False
                while True:
                    result = self._parse_line_with_reparse(line)
                    if result == 'REPARSE':
                        if reparsed:
                            self.logger.error(f"[ERROR] Infinite reparsing detected at line {self.current_line}: {line}")
                            break
                        reparsed = True
                        continue
                    break
                self.current_line += 1
                idx += 1
    
            if not self.layers:
>               raise ValueError("No layers found in ZMK file")
E               ValueError: No layers found in ZMK file

converter/parser/zmk_parser.py:173: ValueError

The above exception was the direct cause of the following exception:

zmk_content = '/var/folders/0s/42v7yl697hn0l1cdnx0vrvyr0000gn/T/tmpx6jg9336'
output_path = None, error_manager = None, is_mac = False

    def convert_zmk_to_kanata(
        zmk_content: str,
        output_path: Optional[str] = None,
        error_manager: Optional[ErrorManager] = None,
        is_mac: bool = False,
    ) -> Tuple[str, Dict[str, Any]]:
        """Convert ZMK keymap to Kanata format.
    
        Args:
            zmk_content: Content of the ZMK keymap file
            output_path: Optional path to write the Kanata config to
            error_manager: Optional error manager for reporting issues
            is_mac: Whether to use Mac-specific modifiers
    
        Returns:
            Tuple of (Kanata config string, metadata dict)
    
        Raises:
            Exception: If there's an error during conversion
        """
        # Set up error manager
        if error_manager:
            set_error_manager(error_manager)
        else:
            set_error_manager(ErrorManager())
    
        error_mgr = get_error_manager()
    
        try:
            # Parse ZMK keymap
            parser = ZMKParser()
>           keymap_config = parser.parse(
                zmk_content
            )  # Now directly passes the content string

converter/zmk_to_kanata.py:48: 
_ _ _ _ _ _ _ _ _ _ _ _ _ _ _ _ _ _ _ _ _ _ _ _ _ _ _ _ _ _ _ _ _ _ _ _ _ _ _ _ 

self = <converter.parser.zmk_parser.ZMKParser object at 0x102dc69b0>
file_path_or_content = '/var/folders/0s/42v7yl697hn0l1cdnx0vrvyr0000gn/T/tmpx6jg9336'

    def parse(self, file_path_or_content: Union[Path, str]) -> KeymapConfig:
        """Parse a ZMK keymap file or content string.
    
        Args:
            file_path_or_content: Either a Path object to the keymap file or the content as a string.
    
        Returns:
            A KeymapConfig object containing the parsed keymap.
    
        Raises:
            ParserError: If there are any parsing errors.
        """
        try:
            # Determine if input is a Path or content string
            if isinstance(file_path_or_content, Path):
                # Input is a Path - read the file
                content = file_path_or_content.read_text()
                logger.debug("Parsing ZMK file: %s", file_path_or_content)
            else:
                # Input is a string - use directly
                content = file_path_or_content
                logger.debug("Parsing ZMK content from string")
    
            # Process file line by line
            lines = content.split('\n')
            idx = 0
            while idx < len(lines):
                self.logger.debug(f"[DEBUG] Main loop before line {idx+1}: state={self.state}")
                line = lines[idx].strip()
    
                if not line or line.startswith('//'):
                    self.current_line += 1
                    idx += 1
                    continue
    
                reparsed = False
                while True:
                    result = self._parse_line_with_reparse(line)
                    if result == 'REPARSE':
                        if reparsed:
                            self.logger.error(f"[ERROR] Infinite reparsing detected at line {self.current_line}: {line}")
                            break
                        reparsed = True
                        continue
                    break
                self.current_line += 1
                idx += 1
    
            if not self.layers:
                raise ValueError("No layers found in ZMK file")
    
            return KeymapConfig(
                global_settings=self.global_settings_parser.finish(),
                layers=self.layers
            )
        except ParserError as e:
            raise e
        except Exception as e:
>           raise ParserError(f"Failed to parse ZMK file: {e}") from e
E           converter.parser.parser_error.ParserError: Failed to parse ZMK file: No layers found in ZMK file

converter/parser/zmk_parser.py:182: ParserError

During handling of the above exception, another exception occurred:

self = <converter.tests.test_unicode_integration.TestUnicodeIntegration testMethod=test_unicode_conversion>

        def test_unicode_conversion(self):
            """Test converting a ZMK file with Unicode to Kanata format."""
            # Create a temporary ZMK file with Unicode definitions
            zmk_content = """
    / {
        macros {
            // Define a macro for the pi symbol
            ZMK_UNICODE_SINGLE(pi, N0, N3, C, N0)
    
            // Define a macro for the n with tilde
            ZMK_UNICODE_PAIR(n_tilde, N0, N0, F, N1, N0, N0, D, N1)
        };
    
        keymap {
            compatible = "zmk,keymap";
            default_layer {
                bindings = <
                    &pi &n_tilde &kp A
                >;
            };
        };
    };
    """
            with tempfile.NamedTemporaryFile(mode="w", delete=False) as temp_file:
                temp_file.write(zmk_content)
                temp_file_path = temp_file.name
    
            try:
                # Convert the ZMK file to Kanata format
>               kanata_content = convert_zmk_to_kanata(temp_file_path)

converter/tests/test_unicode_integration.py:42: 
_ _ _ _ _ _ _ _ _ _ _ _ _ _ _ _ _ _ _ _ _ _ _ _ _ _ _ _ _ _ _ _ _ _ _ _ _ _ _ _ 
converter/zmk_to_kanata.py:72: in convert_zmk_to_kanata
    error_mgr.add_error(
_ _ _ _ _ _ _ _ _ _ _ _ _ _ _ _ _ _ _ _ _ _ _ _ _ _ _ _ _ _ _ _ _ _ _ _ _ _ _ _ 

self = <converter.error_handling.error_manager.ErrorManager object at 0x102dc4550>
message = 'Error during conversion: Failed to parse ZMK file: No layers found in ZMK file'
source = 'converter', severity = <ErrorSeverity.ERROR: 3>, line_number = None
column = None, context = None
exception = ParserError('Failed to parse ZMK file: No layers found in ZMK file')
raise_immediately = True

    def add_error(
        self,
        message: str,
        source: str,
        severity: ErrorSeverity,
        line_number: Optional[int] = None,
        column: Optional[int] = None,
        context: Optional[Dict[str, Any]] = None,
        exception: Optional[Exception] = None,
        raise_immediately: bool = False,
    ) -> None:
        """Add an error to the error manager.
    
        Args:
            message: The error message
            source: The source of the error (e.g., module name)
            severity: The severity of the error
            line_number: Optional line number where the error occurred
            column: Optional column where the error occurred
            context: Optional context dictionary with additional information
            exception: Optional exception object that caused the error
            raise_immediately: Whether to raise the error immediately
    
        Raises:
            Exception: If severity >= raise_threshold and raise_immediately
                is True
        """
        # Get traceback if exception is provided
        traceback_info = None
        if exception and self.verbose:
            traceback_info = "".join(
                traceback.format_exception(
                    type(exception), exception, exception.__traceback__
                )
            )
    
        # Create error object
        error = ConversionError(
            message=message,
            source=source,
            severity=severity,
            line_number=line_number,
            column=column,
            context=context,
            traceback_info=traceback_info,
        )
    
        # Add to the list of errors
        self.errors.append(error)
    
        # Log the error based on severity
        self._log_error(error)
    
        # Raise immediately if requested and severity is high enough
        if raise_immediately and severity.value >= self.raise_threshold.value:
>           raise Exception(str(error))
E           Exception: ERROR: [converter] - Error during conversion: Failed to parse ZMK file: No layers found in ZMK file

converter/error_handling/error_manager.py:130: Exception
------------------------------ Captured log call -------------------------------
ERROR    converter.error_handling.error_manager:error_manager.py:147 ERROR: [converter] - Error during conversion: Failed to parse ZMK file: No layers found in ZMK file
_______________ TestBenVallackConfig.test_parse_custom_behaviors _______________

self = <converter.tests.unit.parser.test_ben_vallack_config.TestBenVallackConfig object at 0x102682650>
parser = <converter.parser.zmk_parser.ZMKParser object at 0x102eb5f00>
ben_vallack_config = '/ {\n    global {\n        tap-time = <200>;\n        hold-time = <250>;\n    };\n\n    behaviors {\n        hm: home...                 &to 0 &trans\n                                &trans &trans\n            >;\n        };\n    };\n};\n'

    def test_parse_custom_behaviors(self, parser, ben_vallack_config):
        """Test parsing custom behavior definitions."""
        try:
            # This would normally fail, but we're using pytest.xfail to mark expected failures
            parser.parse(ben_vallack_config)
    
            # Check that custom behaviors were parsed correctly
>           assert "hm" in parser.behaviors
E           AttributeError: 'ZMKParser' object has no attribute 'behaviors'

converter/tests/unit/parser/test_ben_vallack_config.py:36: AttributeError
------------------------------ Captured log call -------------------------------
WARNING  root:keymap_model.py:77 Key validation failed for '}': Invalid key: }
WARNING  root:keymap_model.py:77 Key validation failed for 'ATSN': Invalid key: ATSN
WARNING  root:keymap_model.py:77 Key validation failed for 'LS(N3)': Invalid key: LS(N3)
WARNING  root:keymap_model.py:77 Key validation failed for 'LS(COMMA)': Invalid key: LS(COMMA)
WARNING  root:keymap_model.py:77 Key validation failed for 'LS(DOT)': Invalid key: LS(DOT)
WARNING  root:keymap_model.py:77 Key validation failed for 'LA(RBKT)': Invalid key: LA(RBKT)
WARNING  root:keymap_model.py:77 Key validation failed for 'LA(LS(RBKT))': Invalid key: LA(LS(RBKT))
WARNING  root:keymap_model.py:77 Key validation failed for 'LBRC': Invalid key: LBRC
WARNING  root:keymap_model.py:77 Key validation failed for 'RBRC': Invalid key: RBRC
WARNING  root:keymap_model.py:77 Key validation failed for 'LA(LBKT)': Invalid key: LA(LBKT)
WARNING  root:keymap_model.py:77 Key validation failed for 'LA(LS(LBKT))': Invalid key: LA(LS(LBKT))
WARNING  root:keymap_model.py:77 Key validation failed for 'LPRN': Invalid key: LPRN
WARNING  root:keymap_model.py:77 Key validation failed for 'RPRN': Invalid key: RPRN
WARNING  root:keymap_model.py:77 Key validation failed for '}': Invalid key: }
WARNING  root:keymap_model.py:77 Key validation failed for 'SLASH': Invalid key: SLASH
WARNING  root:keymap_model.py:77 Key validation failed for '}': Invalid key: }
WARNING  root:keymap_model.py:77 Key validation failed for '}': Invalid key: }
WARNING  root:keymap_model.py:77 Key validation failed for '}': Invalid key: }
_________________ TestBenVallackConfig.test_parse_full_config __________________

self = <converter.tests.unit.parser.test_ben_vallack_config.TestBenVallackConfig object at 0x102682ec0>
parser = <converter.parser.zmk_parser.ZMKParser object at 0x102f8fbb0>
ben_vallack_config = '/ {\n    global {\n        tap-time = <200>;\n        hold-time = <250>;\n    };\n\n    behaviors {\n        hm: home...                 &to 0 &trans\n                                &trans &trans\n            >;\n        };\n    };\n};\n'

    def test_parse_full_config(self, parser, ben_vallack_config):
        """Test parsing the full Ben Vallack configuration."""
        try:
            result = parser.parse(ben_vallack_config)
    
            # Check that we have the expected number of layers
>           assert len(parser.layers) == 3
E           AssertionError: assert 2 == 3
E            +  where 2 = len([Layer(name='default', bindings=[KeyMapping(key='TAB', sticky=False, hold_tap=None, layer=None, macro=None, sticky_key...(key='}', sticky=False, hold_tap=None, layer=None, macro=None, sticky_key=None, key_sequence=None, homerow_mod=None)])])
E            +    where [Layer(name='default', bindings=[KeyMapping(key='TAB', sticky=False, hold_tap=None, layer=None, macro=None, sticky_key...(key='}', sticky=False, hold_tap=None, layer=None, macro=None, sticky_key=None, key_sequence=None, homerow_mod=None)])] = <converter.parser.zmk_parser.ZMKParser object at 0x102f8fbb0>.layers

converter/tests/unit/parser/test_ben_vallack_config.py:195: AssertionError
------------------------------ Captured log call -------------------------------
WARNING  root:keymap_model.py:77 Key validation failed for '}': Invalid key: }
WARNING  root:keymap_model.py:77 Key validation failed for 'ATSN': Invalid key: ATSN
WARNING  root:keymap_model.py:77 Key validation failed for 'LS(N3)': Invalid key: LS(N3)
WARNING  root:keymap_model.py:77 Key validation failed for 'LS(COMMA)': Invalid key: LS(COMMA)
WARNING  root:keymap_model.py:77 Key validation failed for 'LS(DOT)': Invalid key: LS(DOT)
WARNING  root:keymap_model.py:77 Key validation failed for 'LA(RBKT)': Invalid key: LA(RBKT)
WARNING  root:keymap_model.py:77 Key validation failed for 'LA(LS(RBKT))': Invalid key: LA(LS(RBKT))
WARNING  root:keymap_model.py:77 Key validation failed for 'LBRC': Invalid key: LBRC
WARNING  root:keymap_model.py:77 Key validation failed for 'RBRC': Invalid key: RBRC
WARNING  root:keymap_model.py:77 Key validation failed for 'LA(LBKT)': Invalid key: LA(LBKT)
WARNING  root:keymap_model.py:77 Key validation failed for 'LA(LS(LBKT))': Invalid key: LA(LS(LBKT))
WARNING  root:keymap_model.py:77 Key validation failed for 'LPRN': Invalid key: LPRN
WARNING  root:keymap_model.py:77 Key validation failed for 'RPRN': Invalid key: RPRN
WARNING  root:keymap_model.py:77 Key validation failed for '}': Invalid key: }
WARNING  root:keymap_model.py:77 Key validation failed for 'SLASH': Invalid key: SLASH
WARNING  root:keymap_model.py:77 Key validation failed for '}': Invalid key: }
WARNING  root:keymap_model.py:77 Key validation failed for '}': Invalid key: }
WARNING  root:keymap_model.py:77 Key validation failed for '}': Invalid key: }
____________________________ test_simple_key_press _____________________________

parser = <converter.parser.binding_parser.BindingParser object at 0x102cbc6a0>

    def test_simple_key_press(parser):
        """Test parsing simple key press bindings."""
        test_cases = [
            ("&kp A", "A"),
            ("&kp B", "B"),
            ("&kp SPACE", "SPACE"),
            ("&kp LSHIFT", "LSHIFT"),
            ("&kp N1", "N1"),
        ]
        for binding, expected in test_cases:
>           result = parser.parse(binding)

converter/tests/unit/parser/test_binding_parser.py:23: 
_ _ _ _ _ _ _ _ _ _ _ _ _ _ _ _ _ _ _ _ _ _ _ _ _ _ _ _ _ _ _ _ _ _ _ _ _ _ _ _ 
converter/parser/binding_parser.py:86: in parse
    km = self._parse_nested_binding(binding, line_number)
converter/parser/binding_parser.py:125: in _parse_nested_binding
    self._report_error(
converter/parser/binding_parser.py:349: in _report_error
    self.error_manager.add_error(
_ _ _ _ _ _ _ _ _ _ _ _ _ _ _ _ _ _ _ _ _ _ _ _ _ _ _ _ _ _ _ _ _ _ _ _ _ _ _ _ 

self = <converter.error_handling.error_manager.ErrorManager object at 0x102dc4550>
message = 'Invalid nested binding format', source = 'binding_parser'
severity = <ErrorSeverity.ERROR: 3>, line_number = None, column = None
context = {'binding': '&kp A'}, exception = None, raise_immediately = True

    def add_error(
        self,
        message: str,
        source: str,
        severity: ErrorSeverity,
        line_number: Optional[int] = None,
        column: Optional[int] = None,
        context: Optional[Dict[str, Any]] = None,
        exception: Optional[Exception] = None,
        raise_immediately: bool = False,
    ) -> None:
        """Add an error to the error manager.
    
        Args:
            message: The error message
            source: The source of the error (e.g., module name)
            severity: The severity of the error
            line_number: Optional line number where the error occurred
            column: Optional column where the error occurred
            context: Optional context dictionary with additional information
            exception: Optional exception object that caused the error
            raise_immediately: Whether to raise the error immediately
    
        Raises:
            Exception: If severity >= raise_threshold and raise_immediately
                is True
        """
        # Get traceback if exception is provided
        traceback_info = None
        if exception and self.verbose:
            traceback_info = "".join(
                traceback.format_exception(
                    type(exception), exception, exception.__traceback__
                )
            )
    
        # Create error object
        error = ConversionError(
            message=message,
            source=source,
            severity=severity,
            line_number=line_number,
            column=column,
            context=context,
            traceback_info=traceback_info,
        )
    
        # Add to the list of errors
        self.errors.append(error)
    
        # Log the error based on severity
        self._log_error(error)
    
        # Raise immediately if requested and severity is high enough
        if raise_immediately and severity.value >= self.raise_threshold.value:
>           raise Exception(str(error))
E           Exception: ERROR: [binding_parser] - Invalid nested binding format

converter/error_handling/error_manager.py:130: Exception
------------------------------ Captured log call -------------------------------
ERROR    converter.error_handling.error_manager:error_manager.py:147 ERROR: [binding_parser] - Invalid nested binding format
________________________________ test_layer_tap ________________________________

parser = <converter.parser.binding_parser.BindingParser object at 0x102dcd0c0>

    def test_layer_tap(parser):
        """Test parsing layer tap bindings."""
        test_cases = [
            ("&lt 1 A", "lt(1,A)"),
            ("&lt 2 B", "lt(2,B)"),
            ("&lt 3 SPACE", "lt(3,SPACE)"),
        ]
        for binding, expected in test_cases:
>           result = parser.parse(binding)

converter/tests/unit/parser/test_binding_parser.py:36: 
_ _ _ _ _ _ _ _ _ _ _ _ _ _ _ _ _ _ _ _ _ _ _ _ _ _ _ _ _ _ _ _ _ _ _ _ _ _ _ _ 
converter/parser/binding_parser.py:86: in parse
    km = self._parse_nested_binding(binding, line_number)
converter/parser/binding_parser.py:125: in _parse_nested_binding
    self._report_error(
converter/parser/binding_parser.py:349: in _report_error
    self.error_manager.add_error(
_ _ _ _ _ _ _ _ _ _ _ _ _ _ _ _ _ _ _ _ _ _ _ _ _ _ _ _ _ _ _ _ _ _ _ _ _ _ _ _ 

self = <converter.error_handling.error_manager.ErrorManager object at 0x102dc4550>
message = 'Invalid nested binding format', source = 'binding_parser'
severity = <ErrorSeverity.ERROR: 3>, line_number = None, column = None
context = {'binding': '&lt 1 A'}, exception = None, raise_immediately = True

    def add_error(
        self,
        message: str,
        source: str,
        severity: ErrorSeverity,
        line_number: Optional[int] = None,
        column: Optional[int] = None,
        context: Optional[Dict[str, Any]] = None,
        exception: Optional[Exception] = None,
        raise_immediately: bool = False,
    ) -> None:
        """Add an error to the error manager.
    
        Args:
            message: The error message
            source: The source of the error (e.g., module name)
            severity: The severity of the error
            line_number: Optional line number where the error occurred
            column: Optional column where the error occurred
            context: Optional context dictionary with additional information
            exception: Optional exception object that caused the error
            raise_immediately: Whether to raise the error immediately
    
        Raises:
            Exception: If severity >= raise_threshold and raise_immediately
                is True
        """
        # Get traceback if exception is provided
        traceback_info = None
        if exception and self.verbose:
            traceback_info = "".join(
                traceback.format_exception(
                    type(exception), exception, exception.__traceback__
                )
            )
    
        # Create error object
        error = ConversionError(
            message=message,
            source=source,
            severity=severity,
            line_number=line_number,
            column=column,
            context=context,
            traceback_info=traceback_info,
        )
    
        # Add to the list of errors
        self.errors.append(error)
    
        # Log the error based on severity
        self._log_error(error)
    
        # Raise immediately if requested and severity is high enough
        if raise_immediately and severity.value >= self.raise_threshold.value:
>           raise Exception(str(error))
E           Exception: ERROR: [binding_parser] - Invalid nested binding format

converter/error_handling/error_manager.py:130: Exception
------------------------------ Captured log call -------------------------------
ERROR    converter.error_handling.error_manager:error_manager.py:147 ERROR: [binding_parser] - Invalid nested binding format
_________________________________ test_mod_tap _________________________________

parser = <converter.parser.binding_parser.BindingParser object at 0x102f56f80>

    def test_mod_tap(parser):
        """Test parsing mod tap bindings."""
        test_cases = [
            ("&mt LSHIFT A", "mt(LSHIFT,A)"),
            ("&mt LCTRL B", "mt(LCTRL,B)"),
            ("&mt LALT SPACE", "mt(LALT,SPACE)"),
        ]
        for binding, expected in test_cases:
>           result = parser.parse(binding)

converter/tests/unit/parser/test_binding_parser.py:49: 
_ _ _ _ _ _ _ _ _ _ _ _ _ _ _ _ _ _ _ _ _ _ _ _ _ _ _ _ _ _ _ _ _ _ _ _ _ _ _ _ 
converter/parser/binding_parser.py:86: in parse
    km = self._parse_nested_binding(binding, line_number)
converter/parser/binding_parser.py:125: in _parse_nested_binding
    self._report_error(
converter/parser/binding_parser.py:349: in _report_error
    self.error_manager.add_error(
_ _ _ _ _ _ _ _ _ _ _ _ _ _ _ _ _ _ _ _ _ _ _ _ _ _ _ _ _ _ _ _ _ _ _ _ _ _ _ _ 

self = <converter.error_handling.error_manager.ErrorManager object at 0x102dc4550>
message = 'Invalid nested binding format', source = 'binding_parser'
severity = <ErrorSeverity.ERROR: 3>, line_number = None, column = None
context = {'binding': '&mt LSHIFT A'}, exception = None
raise_immediately = True

    def add_error(
        self,
        message: str,
        source: str,
        severity: ErrorSeverity,
        line_number: Optional[int] = None,
        column: Optional[int] = None,
        context: Optional[Dict[str, Any]] = None,
        exception: Optional[Exception] = None,
        raise_immediately: bool = False,
    ) -> None:
        """Add an error to the error manager.
    
        Args:
            message: The error message
            source: The source of the error (e.g., module name)
            severity: The severity of the error
            line_number: Optional line number where the error occurred
            column: Optional column where the error occurred
            context: Optional context dictionary with additional information
            exception: Optional exception object that caused the error
            raise_immediately: Whether to raise the error immediately
    
        Raises:
            Exception: If severity >= raise_threshold and raise_immediately
                is True
        """
        # Get traceback if exception is provided
        traceback_info = None
        if exception and self.verbose:
            traceback_info = "".join(
                traceback.format_exception(
                    type(exception), exception, exception.__traceback__
                )
            )
    
        # Create error object
        error = ConversionError(
            message=message,
            source=source,
            severity=severity,
            line_number=line_number,
            column=column,
            context=context,
            traceback_info=traceback_info,
        )
    
        # Add to the list of errors
        self.errors.append(error)
    
        # Log the error based on severity
        self._log_error(error)
    
        # Raise immediately if requested and severity is high enough
        if raise_immediately and severity.value >= self.raise_threshold.value:
>           raise Exception(str(error))
E           Exception: ERROR: [binding_parser] - Invalid nested binding format

converter/error_handling/error_manager.py:130: Exception
------------------------------ Captured log call -------------------------------
ERROR    converter.error_handling.error_manager:error_manager.py:147 ERROR: [binding_parser] - Invalid nested binding format
_____________________________ test_layer_behaviors _____________________________

parser = <converter.parser.binding_parser.BindingParser object at 0x102d39540>

    def test_layer_behaviors(parser):
        """Test parsing layer behavior bindings."""
        test_cases = [("&mo 1", "mo(1)"), ("&to 2", "to(2)"), ("&tog 3", "tog(3)")]
        for binding, expected in test_cases:
>           result = parser.parse(binding)

converter/tests/unit/parser/test_binding_parser.py:58: 
_ _ _ _ _ _ _ _ _ _ _ _ _ _ _ _ _ _ _ _ _ _ _ _ _ _ _ _ _ _ _ _ _ _ _ _ _ _ _ _ 
converter/parser/binding_parser.py:86: in parse
    km = self._parse_nested_binding(binding, line_number)
converter/parser/binding_parser.py:125: in _parse_nested_binding
    self._report_error(
converter/parser/binding_parser.py:349: in _report_error
    self.error_manager.add_error(
_ _ _ _ _ _ _ _ _ _ _ _ _ _ _ _ _ _ _ _ _ _ _ _ _ _ _ _ _ _ _ _ _ _ _ _ _ _ _ _ 

self = <converter.error_handling.error_manager.ErrorManager object at 0x102dc4550>
message = 'Invalid nested binding format', source = 'binding_parser'
severity = <ErrorSeverity.ERROR: 3>, line_number = None, column = None
context = {'binding': '&mo 1'}, exception = None, raise_immediately = True

    def add_error(
        self,
        message: str,
        source: str,
        severity: ErrorSeverity,
        line_number: Optional[int] = None,
        column: Optional[int] = None,
        context: Optional[Dict[str, Any]] = None,
        exception: Optional[Exception] = None,
        raise_immediately: bool = False,
    ) -> None:
        """Add an error to the error manager.
    
        Args:
            message: The error message
            source: The source of the error (e.g., module name)
            severity: The severity of the error
            line_number: Optional line number where the error occurred
            column: Optional column where the error occurred
            context: Optional context dictionary with additional information
            exception: Optional exception object that caused the error
            raise_immediately: Whether to raise the error immediately
    
        Raises:
            Exception: If severity >= raise_threshold and raise_immediately
                is True
        """
        # Get traceback if exception is provided
        traceback_info = None
        if exception and self.verbose:
            traceback_info = "".join(
                traceback.format_exception(
                    type(exception), exception, exception.__traceback__
                )
            )
    
        # Create error object
        error = ConversionError(
            message=message,
            source=source,
            severity=severity,
            line_number=line_number,
            column=column,
            context=context,
            traceback_info=traceback_info,
        )
    
        # Add to the list of errors
        self.errors.append(error)
    
        # Log the error based on severity
        self._log_error(error)
    
        # Raise immediately if requested and severity is high enough
        if raise_immediately and severity.value >= self.raise_threshold.value:
>           raise Exception(str(error))
E           Exception: ERROR: [binding_parser] - Invalid nested binding format

converter/error_handling/error_manager.py:130: Exception
------------------------------ Captured log call -------------------------------
ERROR    converter.error_handling.error_manager:error_manager.py:147 ERROR: [binding_parser] - Invalid nested binding format
_______________________________ test_transparent _______________________________

parser = <converter.parser.binding_parser.BindingParser object at 0x102dc4c40>

    def test_transparent(parser):
        """Test parsing transparent binding."""
>       result = parser.parse("&trans")

converter/tests/unit/parser/test_binding_parser.py:65: 
_ _ _ _ _ _ _ _ _ _ _ _ _ _ _ _ _ _ _ _ _ _ _ _ _ _ _ _ _ _ _ _ _ _ _ _ _ _ _ _ 
converter/parser/binding_parser.py:86: in parse
    km = self._parse_nested_binding(binding, line_number)
converter/parser/binding_parser.py:125: in _parse_nested_binding
    self._report_error(
converter/parser/binding_parser.py:349: in _report_error
    self.error_manager.add_error(
_ _ _ _ _ _ _ _ _ _ _ _ _ _ _ _ _ _ _ _ _ _ _ _ _ _ _ _ _ _ _ _ _ _ _ _ _ _ _ _ 

self = <converter.error_handling.error_manager.ErrorManager object at 0x102dc4550>
message = 'Invalid nested binding format', source = 'binding_parser'
severity = <ErrorSeverity.ERROR: 3>, line_number = None, column = None
context = {'binding': '&trans'}, exception = None, raise_immediately = True

    def add_error(
        self,
        message: str,
        source: str,
        severity: ErrorSeverity,
        line_number: Optional[int] = None,
        column: Optional[int] = None,
        context: Optional[Dict[str, Any]] = None,
        exception: Optional[Exception] = None,
        raise_immediately: bool = False,
    ) -> None:
        """Add an error to the error manager.
    
        Args:
            message: The error message
            source: The source of the error (e.g., module name)
            severity: The severity of the error
            line_number: Optional line number where the error occurred
            column: Optional column where the error occurred
            context: Optional context dictionary with additional information
            exception: Optional exception object that caused the error
            raise_immediately: Whether to raise the error immediately
    
        Raises:
            Exception: If severity >= raise_threshold and raise_immediately
                is True
        """
        # Get traceback if exception is provided
        traceback_info = None
        if exception and self.verbose:
            traceback_info = "".join(
                traceback.format_exception(
                    type(exception), exception, exception.__traceback__
                )
            )
    
        # Create error object
        error = ConversionError(
            message=message,
            source=source,
            severity=severity,
            line_number=line_number,
            column=column,
            context=context,
            traceback_info=traceback_info,
        )
    
        # Add to the list of errors
        self.errors.append(error)
    
        # Log the error based on severity
        self._log_error(error)
    
        # Raise immediately if requested and severity is high enough
        if raise_immediately and severity.value >= self.raise_threshold.value:
>           raise Exception(str(error))
E           Exception: ERROR: [binding_parser] - Invalid nested binding format

converter/error_handling/error_manager.py:130: Exception
------------------------------ Captured log call -------------------------------
ERROR    converter.error_handling.error_manager:error_manager.py:147 ERROR: [binding_parser] - Invalid nested binding format
_____________________________ test_nested_bindings _____________________________

parser = <converter.parser.binding_parser.BindingParser object at 0x102d80430>

    def test_nested_bindings(parser):
        """Test parsing nested bindings."""
        test_cases = [
            ("&lt 1 (&kp A)", "lt(1,A)"),
            ("&mt LSHIFT (&kp B)", "mt(LSHIFT,B)"),
            ("&lt 2 (&mt LCTRL C)", "lt(2,mt(LCTRL,C))"),
        ]
        for binding, expected in test_cases:
>           result = parser.parse(binding)

converter/tests/unit/parser/test_binding_parser.py:78: 
_ _ _ _ _ _ _ _ _ _ _ _ _ _ _ _ _ _ _ _ _ _ _ _ _ _ _ _ _ _ _ _ _ _ _ _ _ _ _ _ 
converter/parser/binding_parser.py:86: in parse
    km = self._parse_nested_binding(binding, line_number)
converter/parser/binding_parser.py:125: in _parse_nested_binding
    self._report_error(
converter/parser/binding_parser.py:349: in _report_error
    self.error_manager.add_error(
_ _ _ _ _ _ _ _ _ _ _ _ _ _ _ _ _ _ _ _ _ _ _ _ _ _ _ _ _ _ _ _ _ _ _ _ _ _ _ _ 

self = <converter.error_handling.error_manager.ErrorManager object at 0x102dc4550>
message = 'Invalid nested binding format', source = 'binding_parser'
severity = <ErrorSeverity.ERROR: 3>, line_number = None, column = None
context = {'binding': '&lt 1 (&kp A)'}, exception = None
raise_immediately = True

    def add_error(
        self,
        message: str,
        source: str,
        severity: ErrorSeverity,
        line_number: Optional[int] = None,
        column: Optional[int] = None,
        context: Optional[Dict[str, Any]] = None,
        exception: Optional[Exception] = None,
        raise_immediately: bool = False,
    ) -> None:
        """Add an error to the error manager.
    
        Args:
            message: The error message
            source: The source of the error (e.g., module name)
            severity: The severity of the error
            line_number: Optional line number where the error occurred
            column: Optional column where the error occurred
            context: Optional context dictionary with additional information
            exception: Optional exception object that caused the error
            raise_immediately: Whether to raise the error immediately
    
        Raises:
            Exception: If severity >= raise_threshold and raise_immediately
                is True
        """
        # Get traceback if exception is provided
        traceback_info = None
        if exception and self.verbose:
            traceback_info = "".join(
                traceback.format_exception(
                    type(exception), exception, exception.__traceback__
                )
            )
    
        # Create error object
        error = ConversionError(
            message=message,
            source=source,
            severity=severity,
            line_number=line_number,
            column=column,
            context=context,
            traceback_info=traceback_info,
        )
    
        # Add to the list of errors
        self.errors.append(error)
    
        # Log the error based on severity
        self._log_error(error)
    
        # Raise immediately if requested and severity is high enough
        if raise_immediately and severity.value >= self.raise_threshold.value:
>           raise Exception(str(error))
E           Exception: ERROR: [binding_parser] - Invalid nested binding format

converter/error_handling/error_manager.py:130: Exception
------------------------------ Captured log call -------------------------------
ERROR    converter.error_handling.error_manager:error_manager.py:147 ERROR: [binding_parser] - Invalid nested binding format
____________________________ test_invalid_bindings _____________________________

parser = <converter.parser.binding_parser.BindingParser object at 0x102d7fc40>

    def test_invalid_bindings(parser):
        """Test handling of invalid bindings."""
        test_cases = [
            "",  # Empty binding
            "kp A",  # Missing &
            "&invalid A",  # Invalid behavior
            "&kp",  # Missing param
            "&lt 1",  # Missing second param
            "&mt",  # Missing both params
            "&trans A",  # Extra param for trans
        ]
        for binding in test_cases:
            with pytest.raises(BindingParseError) as exc_info:
>               parser.parse(binding)

converter/tests/unit/parser/test_binding_parser.py:96: 
_ _ _ _ _ _ _ _ _ _ _ _ _ _ _ _ _ _ _ _ _ _ _ _ _ _ _ _ _ _ _ _ _ _ _ _ _ _ _ _ 
converter/parser/binding_parser.py:91: in parse
    km = self._parse_simple_binding(binding, line_number)
converter/parser/binding_parser.py:223: in _parse_simple_binding
    self._report_error(
converter/parser/binding_parser.py:349: in _report_error
    self.error_manager.add_error(
_ _ _ _ _ _ _ _ _ _ _ _ _ _ _ _ _ _ _ _ _ _ _ _ _ _ _ _ _ _ _ _ _ _ _ _ _ _ _ _ 

self = <converter.error_handling.error_manager.ErrorManager object at 0x102dc4550>
message = 'Empty binding parts', source = 'binding_parser'
severity = <ErrorSeverity.ERROR: 3>, line_number = None, column = None
context = {'binding': ''}, exception = None, raise_immediately = True

    def add_error(
        self,
        message: str,
        source: str,
        severity: ErrorSeverity,
        line_number: Optional[int] = None,
        column: Optional[int] = None,
        context: Optional[Dict[str, Any]] = None,
        exception: Optional[Exception] = None,
        raise_immediately: bool = False,
    ) -> None:
        """Add an error to the error manager.
    
        Args:
            message: The error message
            source: The source of the error (e.g., module name)
            severity: The severity of the error
            line_number: Optional line number where the error occurred
            column: Optional column where the error occurred
            context: Optional context dictionary with additional information
            exception: Optional exception object that caused the error
            raise_immediately: Whether to raise the error immediately
    
        Raises:
            Exception: If severity >= raise_threshold and raise_immediately
                is True
        """
        # Get traceback if exception is provided
        traceback_info = None
        if exception and self.verbose:
            traceback_info = "".join(
                traceback.format_exception(
                    type(exception), exception, exception.__traceback__
                )
            )
    
        # Create error object
        error = ConversionError(
            message=message,
            source=source,
            severity=severity,
            line_number=line_number,
            column=column,
            context=context,
            traceback_info=traceback_info,
        )
    
        # Add to the list of errors
        self.errors.append(error)
    
        # Log the error based on severity
        self._log_error(error)
    
        # Raise immediately if requested and severity is high enough
        if raise_immediately and severity.value >= self.raise_threshold.value:
>           raise Exception(str(error))
E           Exception: ERROR: [binding_parser] - Empty binding parts

converter/error_handling/error_manager.py:130: Exception
------------------------------ Captured log call -------------------------------
ERROR    converter.error_handling.error_manager:error_manager.py:147 ERROR: [binding_parser] - Empty binding parts
_________________________ test_invalid_nested_bindings _________________________

parser = <converter.parser.binding_parser.BindingParser object at 0x1033247c0>

    def test_invalid_nested_bindings(parser):
        """Test handling of invalid nested bindings."""
        test_cases = [
            "&lt 1 (kp A)",  # Missing & in inner binding
            "&lt 1 (&invalid A)",  # Invalid inner behavior
            "&lt 1 (&lt 2 (&kp A))",  # Too deep nesting
            "&lt 1 ()",  # Empty inner binding
            "&lt 1 (&kp)",  # Invalid inner binding
            "&lt (&kp A) 1",  # Invalid nesting format
        ]
        for binding in test_cases:
            with pytest.raises(BindingParseError) as exc_info:
>               parser.parse(binding)

converter/tests/unit/parser/test_binding_parser.py:112: 
_ _ _ _ _ _ _ _ _ _ _ _ _ _ _ _ _ _ _ _ _ _ _ _ _ _ _ _ _ _ _ _ _ _ _ _ _ _ _ _ 
converter/parser/binding_parser.py:86: in parse
    km = self._parse_nested_binding(binding, line_number)
converter/parser/binding_parser.py:125: in _parse_nested_binding
    self._report_error(
converter/parser/binding_parser.py:349: in _report_error
    self.error_manager.add_error(
_ _ _ _ _ _ _ _ _ _ _ _ _ _ _ _ _ _ _ _ _ _ _ _ _ _ _ _ _ _ _ _ _ _ _ _ _ _ _ _ 

self = <converter.error_handling.error_manager.ErrorManager object at 0x102dc4550>
message = 'Invalid nested binding format', source = 'binding_parser'
severity = <ErrorSeverity.ERROR: 3>, line_number = None, column = None
context = {'binding': '&lt 1 (kp A)'}, exception = None
raise_immediately = True

    def add_error(
        self,
        message: str,
        source: str,
        severity: ErrorSeverity,
        line_number: Optional[int] = None,
        column: Optional[int] = None,
        context: Optional[Dict[str, Any]] = None,
        exception: Optional[Exception] = None,
        raise_immediately: bool = False,
    ) -> None:
        """Add an error to the error manager.
    
        Args:
            message: The error message
            source: The source of the error (e.g., module name)
            severity: The severity of the error
            line_number: Optional line number where the error occurred
            column: Optional column where the error occurred
            context: Optional context dictionary with additional information
            exception: Optional exception object that caused the error
            raise_immediately: Whether to raise the error immediately
    
        Raises:
            Exception: If severity >= raise_threshold and raise_immediately
                is True
        """
        # Get traceback if exception is provided
        traceback_info = None
        if exception and self.verbose:
            traceback_info = "".join(
                traceback.format_exception(
                    type(exception), exception, exception.__traceback__
                )
            )
    
        # Create error object
        error = ConversionError(
            message=message,
            source=source,
            severity=severity,
            line_number=line_number,
            column=column,
            context=context,
            traceback_info=traceback_info,
        )
    
        # Add to the list of errors
        self.errors.append(error)
    
        # Log the error based on severity
        self._log_error(error)
    
        # Raise immediately if requested and severity is high enough
        if raise_immediately and severity.value >= self.raise_threshold.value:
>           raise Exception(str(error))
E           Exception: ERROR: [binding_parser] - Invalid nested binding format

converter/error_handling/error_manager.py:130: Exception
------------------------------ Captured log call -------------------------------
ERROR    converter.error_handling.error_manager:error_manager.py:147 ERROR: [binding_parser] - Invalid nested binding format
___________________________ test_invalid_parameters ____________________________

parser = <converter.parser.binding_parser.BindingParser object at 0x102d0f820>

    def test_invalid_parameters(parser):
        """Test handling of invalid parameters."""
        test_cases = [
            ("&kp INVALID", "Invalid key"),
            ("&lt INVALID A", "Invalid layer number"),
            ("&lt 1 INVALID", "Invalid key"),
            ("&mt INVALID A", "Invalid modifier"),
            ("&mt LSHIFT INVALID", "Invalid key"),
        ]
        for binding, expected_error in test_cases:
            with pytest.raises(BindingParseError) as exc_info:
>               parser.parse(binding)

converter/tests/unit/parser/test_binding_parser.py:127: 
_ _ _ _ _ _ _ _ _ _ _ _ _ _ _ _ _ _ _ _ _ _ _ _ _ _ _ _ _ _ _ _ _ _ _ _ _ _ _ _ 
converter/parser/binding_parser.py:86: in parse
    km = self._parse_nested_binding(binding, line_number)
converter/parser/binding_parser.py:125: in _parse_nested_binding
    self._report_error(
converter/parser/binding_parser.py:349: in _report_error
    self.error_manager.add_error(
_ _ _ _ _ _ _ _ _ _ _ _ _ _ _ _ _ _ _ _ _ _ _ _ _ _ _ _ _ _ _ _ _ _ _ _ _ _ _ _ 

self = <converter.error_handling.error_manager.ErrorManager object at 0x102dc4550>
message = 'Invalid nested binding format', source = 'binding_parser'
severity = <ErrorSeverity.ERROR: 3>, line_number = None, column = None
context = {'binding': '&kp INVALID'}, exception = None, raise_immediately = True

    def add_error(
        self,
        message: str,
        source: str,
        severity: ErrorSeverity,
        line_number: Optional[int] = None,
        column: Optional[int] = None,
        context: Optional[Dict[str, Any]] = None,
        exception: Optional[Exception] = None,
        raise_immediately: bool = False,
    ) -> None:
        """Add an error to the error manager.
    
        Args:
            message: The error message
            source: The source of the error (e.g., module name)
            severity: The severity of the error
            line_number: Optional line number where the error occurred
            column: Optional column where the error occurred
            context: Optional context dictionary with additional information
            exception: Optional exception object that caused the error
            raise_immediately: Whether to raise the error immediately
    
        Raises:
            Exception: If severity >= raise_threshold and raise_immediately
                is True
        """
        # Get traceback if exception is provided
        traceback_info = None
        if exception and self.verbose:
            traceback_info = "".join(
                traceback.format_exception(
                    type(exception), exception, exception.__traceback__
                )
            )
    
        # Create error object
        error = ConversionError(
            message=message,
            source=source,
            severity=severity,
            line_number=line_number,
            column=column,
            context=context,
            traceback_info=traceback_info,
        )
    
        # Add to the list of errors
        self.errors.append(error)
    
        # Log the error based on severity
        self._log_error(error)
    
        # Raise immediately if requested and severity is high enough
        if raise_immediately and severity.value >= self.raise_threshold.value:
>           raise Exception(str(error))
E           Exception: ERROR: [binding_parser] - Invalid nested binding format

converter/error_handling/error_manager.py:130: Exception
------------------------------ Captured log call -------------------------------
ERROR    converter.error_handling.error_manager:error_manager.py:147 ERROR: [binding_parser] - Invalid nested binding format
___________________________ test_whitespace_handling ___________________________

parser = <converter.parser.binding_parser.BindingParser object at 0x102dcfb50>

    def test_whitespace_handling(parser):
        """Test handling of different whitespace formats."""
        test_cases = [
            ("&kp    A", "A"),  # Multiple spaces
            ("&kp\tB", "B"),  # Tab
            ("&lt    1    A", "lt(1,A)"),  # Multiple spaces in lt
            ("&mt\tLSHIFT\tB", "mt(LSHIFT,B)"),  # Tabs in mt
            ("  &kp C  ", "C"),  # Leading/trailing spaces
            ("&lt 1   (&kp A)", "lt(1,A)"),  # Spaces in nested binding
        ]
        for binding, expected in test_cases:
>           result = parser.parse(binding)

converter/tests/unit/parser/test_binding_parser.py:142: 
_ _ _ _ _ _ _ _ _ _ _ _ _ _ _ _ _ _ _ _ _ _ _ _ _ _ _ _ _ _ _ _ _ _ _ _ _ _ _ _ 
converter/parser/binding_parser.py:86: in parse
    km = self._parse_nested_binding(binding, line_number)
converter/parser/binding_parser.py:125: in _parse_nested_binding
    self._report_error(
converter/parser/binding_parser.py:349: in _report_error
    self.error_manager.add_error(
_ _ _ _ _ _ _ _ _ _ _ _ _ _ _ _ _ _ _ _ _ _ _ _ _ _ _ _ _ _ _ _ _ _ _ _ _ _ _ _ 

self = <converter.error_handling.error_manager.ErrorManager object at 0x102dc4550>
message = 'Invalid nested binding format', source = 'binding_parser'
severity = <ErrorSeverity.ERROR: 3>, line_number = None, column = None
context = {'binding': '&kp    A'}, exception = None, raise_immediately = True

    def add_error(
        self,
        message: str,
        source: str,
        severity: ErrorSeverity,
        line_number: Optional[int] = None,
        column: Optional[int] = None,
        context: Optional[Dict[str, Any]] = None,
        exception: Optional[Exception] = None,
        raise_immediately: bool = False,
    ) -> None:
        """Add an error to the error manager.
    
        Args:
            message: The error message
            source: The source of the error (e.g., module name)
            severity: The severity of the error
            line_number: Optional line number where the error occurred
            column: Optional column where the error occurred
            context: Optional context dictionary with additional information
            exception: Optional exception object that caused the error
            raise_immediately: Whether to raise the error immediately
    
        Raises:
            Exception: If severity >= raise_threshold and raise_immediately
                is True
        """
        # Get traceback if exception is provided
        traceback_info = None
        if exception and self.verbose:
            traceback_info = "".join(
                traceback.format_exception(
                    type(exception), exception, exception.__traceback__
                )
            )
    
        # Create error object
        error = ConversionError(
            message=message,
            source=source,
            severity=severity,
            line_number=line_number,
            column=column,
            context=context,
            traceback_info=traceback_info,
        )
    
        # Add to the list of errors
        self.errors.append(error)
    
        # Log the error based on severity
        self._log_error(error)
    
        # Raise immediately if requested and severity is high enough
        if raise_immediately and severity.value >= self.raise_threshold.value:
>           raise Exception(str(error))
E           Exception: ERROR: [binding_parser] - Invalid nested binding format

converter/error_handling/error_manager.py:130: Exception
------------------------------ Captured log call -------------------------------
ERROR    converter.error_handling.error_manager:error_manager.py:147 ERROR: [binding_parser] - Invalid nested binding format
________________________ test_parse_binding_value_error ________________________

    def test_parse_binding_value_error():
        """Test handling of invalid bindings."""
        mock_parser_class = Mock()
        mock_parser = Mock()
        mock_parser_class.return_value = mock_parser
        mock_parser.parse_binding.side_effect = ValueError("Invalid binding")
    
        with patch("converter.error_recovery.ErrorRecoveryManager") as mock_manager:
            mock_manager.return_value.handle_invalid_binding.return_value = None
            wrapper = ParserErrorRecoveryWrapper(mock_parser_class)
            result = wrapper.parse_binding("invalid", 1)
    
>           assert result is None
E           AssertionError: assert KeyMapping(key='unknown', sticky=False, hold_tap=None, layer=None, macro=None, sticky_key=None, key_sequence=None, homerow_mod=None) is None

converter/tests/unit/parser/test_error_recovery_wrapper.py:66: AssertionError
------------------------------ Captured log call -------------------------------
WARNING  converter.parser.error_recovery_wrapper:error_recovery_wrapper.py:70 Line 1: Invalid binding: Invalid binding
WARNING  converter.error_recovery:error_recovery.py:161 Line 1: Invalid binding 'invalid' converted to unknown
WARNING  root:keymap_model.py:77 Key validation failed for 'unknown': Invalid key: unknown
_________________________ test_parse_layer_value_error _________________________

    def test_parse_layer_value_error():
        """Test handling of invalid layers."""
        mock_parser_class = Mock()
        mock_parser = Mock()
        mock_parser_class.return_value = mock_parser
        mock_parser.parse_layer.side_effect = ValueError("Invalid layer")
    
        with patch("converter.error_recovery.ErrorRecoveryManager") as mock_manager:
            mock_manager.return_value.handle_invalid_layer.return_value = None
            wrapper = ParserErrorRecoveryWrapper(mock_parser_class)
            result = wrapper.parse_layer("content", "test", 1)
    
>           assert result is None
E           AssertionError: assert Layer(name='test', bindings=[]) is None

converter/tests/unit/parser/test_error_recovery_wrapper.py:99: AssertionError
------------------------------ Captured log call -------------------------------
WARNING  converter.parser.error_recovery_wrapper:error_recovery_wrapper.py:105 Line 1: Invalid layer test: Invalid layer
ERROR    converter.error_recovery:error_recovery.py:77 Line 1: Invalid layer 'test' - created empty layer
______________________________ test_error_summary ______________________________

    def test_error_summary():
        """Test getting error summary."""
        mock_parser_class = Mock()
        mock_parser = Mock()
        mock_parser_class.return_value = mock_parser
    
        with patch("converter.error_recovery.ErrorRecoveryManager") as mock_manager:
            mock_manager.return_value.get_error_summary.return_value = {"errors": []}
            wrapper = ParserErrorRecoveryWrapper(mock_parser_class)
            result = wrapper.get_error_summary()
    
>           assert result == {"errors": []}
E           AssertionError: assert {'error_types...al_errors': 0} == {'errors': []}
E             
E             Omitting 1 identical items, use -vv to show
E             Left contains 2 more items:
E             {'error_types': {}, 'total_errors': 0}
E             Use -v to get more diff

converter/tests/unit/parser/test_error_recovery_wrapper.py:116: AssertionError
_______________________________ test_has_errors ________________________________

    def test_has_errors():
        """Test checking for errors."""
        mock_parser_class = Mock()
        mock_parser = Mock()
        mock_parser_class.return_value = mock_parser
    
        with patch("converter.error_recovery.ErrorRecoveryManager") as mock_manager:
            mock_manager.return_value.has_errors.return_value = False
            wrapper = ParserErrorRecoveryWrapper(mock_parser_class)
            result = wrapper.has_errors()
    
            assert result is False
>           mock_manager.return_value.has_errors.assert_called_once()

converter/tests/unit/parser/test_error_recovery_wrapper.py:132: 
_ _ _ _ _ _ _ _ _ _ _ _ _ _ _ _ _ _ _ _ _ _ _ _ _ _ _ _ _ _ _ _ _ _ _ _ _ _ _ _ 

self = <MagicMock name='ErrorRecoveryManager().has_errors' id='4343002976'>

    def assert_called_once(self):
        """assert that the mock was called only once.
        """
        if not self.call_count == 1:
            msg = ("Expected '%s' to have been called once. Called %s times.%s"
                   % (self._mock_name or 'mock',
                      self.call_count,
                      self._calls_repr()))
>           raise AssertionError(msg)
E           AssertionError: Expected 'has_errors' to have been called once. Called 0 times.

/Users/malpern/.pyenv/versions/3.10.16/lib/python3.10/unittest/mock.py:908: AssertionError
___________________________ test_parse_single_layer ____________________________

basic_layer_parser = <converter.parser.layer_parser.LayerParser object at 0x102e4dfc0>

    def test_parse_single_layer(basic_layer_parser: LayerParser):
        """Test parsing a single layer definition."""
        layer_def_line = "default_layer {"
        bindings_line1 = "  bindings = <&kp A &kp B &kp C"
        bindings_line2 = "              &kp D &kp E &kp F>;"
        end_layer_line = "};"
    
        layer_name = basic_layer_parser.start_layer(layer_def_line)
        assert layer_name == "default"
    
        # Simulate adding lines
        basic_layer_parser.add_bindings_line(bindings_line1)
        basic_layer_parser.add_bindings_line(bindings_line2)
        # basic_layer_parser.add_bindings_line(end_layer_line) # Not needed
    
        layer = basic_layer_parser.finish_layer()
    
        assert layer.name == "default"
>       assert len(layer.bindings) == 6
E       AssertionError: assert 3 == 6
E        +  where 3 = len([KeyMapping(key='D', sticky=False, hold_tap=None, layer=None, macro=None, sticky_key=None, key_sequence=None, homerow_...g(key='F>', sticky=False, hold_tap=None, layer=None, macro=None, sticky_key=None, key_sequence=None, homerow_mod=None)])
E        +    where [KeyMapping(key='D', sticky=False, hold_tap=None, layer=None, macro=None, sticky_key=None, key_sequence=None, homerow_...g(key='F>', sticky=False, hold_tap=None, layer=None, macro=None, sticky_key=None, key_sequence=None, homerow_mod=None)] = Layer(name='default', bindings=[KeyMapping(key='D', sticky=False, hold_tap=None, layer=None, macro=None, sticky_key=No...(key='F>', sticky=False, hold_tap=None, layer=None, macro=None, sticky_key=None, key_sequence=None, homerow_mod=None)]).bindings

converter/tests/unit/parser/test_layer_parser.py:32: AssertionError
------------------------------ Captured log call -------------------------------
WARNING  root:keymap_model.py:77 Key validation failed for 'F>': Invalid key: F>
_________________________ test_invalid_binding_syntax __________________________

basic_layer_parser = <converter.parser.layer_parser.LayerParser object at 0x102f55240>

    def test_invalid_binding_syntax(basic_layer_parser: LayerParser):
        """Test handling of invalid binding syntax within a layer."""
        layer_def_line = "invalid_layer {"
        bindings_start = "  bindings = <"
        invalid_binding_line = "    &kp A &invalid B"
        end_bindings = ">;"
        end_layer = "};"
    
        basic_layer_parser.start_layer(layer_def_line)
        basic_layer_parser.add_bindings_line(bindings_start)
    
        # Expect add_bindings_line or parse_bindings_line to raise ValueError
>       with pytest.raises(ValueError, match="Invalid binding"):
E       Failed: DID NOT RAISE <class 'ValueError'>

converter/tests/unit/parser/test_layer_parser.py:99: Failed
------------------------------ Captured log call -------------------------------
WARNING  root:keymap_model.py:77 Key validation failed for 'invalid B': Invalid key: invalid B
_____________ TestZMKParserNew.test_parse_minimal_behaviors_block ______________

self = <converter.tests.unit.parser.test_zmk_parser_new.TestZMKParserNew object at 0x1027bfd00>

    def test_parse_minimal_behaviors_block(self):
        """Test parsing a minimal behaviors block."""
        source = """
        / {
            behaviors {
                hm: homerow_mods {
                    compatible = "zmk,behavior-hold-tap";
                    tapping-term-ms = <200>;
                };
            };
        };
        """
        parser = ZMKParserNew()
>       document = parser.parse(source)

converter/tests/unit/parser/test_zmk_parser_new.py:40: 
_ _ _ _ _ _ _ _ _ _ _ _ _ _ _ _ _ _ _ _ _ _ _ _ _ _ _ _ _ _ _ _ _ _ _ _ _ _ _ _ 
converter/parser/zmk_parser_new.py:87: in parse
    document = self._parse_document()
converter/parser/zmk_parser_new.py:163: in _parse_document
    document.behaviors = self._parse_behaviors_block()
converter/parser/zmk_parser_new.py:279: in _parse_behaviors_block
    elif token.type == TokenType.SUBTRACT:
_ _ _ _ _ _ _ _ _ _ _ _ _ _ _ _ _ _ _ _ _ _ _ _ _ _ _ _ _ _ _ _ _ _ _ _ _ _ _ _ 

cls = <enum 'TokenType'>, name = 'SUBTRACT'

    def __getattr__(cls, name):
        """
        Return the enum member matching `name`
    
        We use __getattr__ instead of descriptors or inserting into the enum
        class' __dict__ in order to support `name` and `value` being both
        properties for enum members (which live in the class' __dict__) and
        enum members themselves.
        """
        if _is_dunder(name):
            raise AttributeError(name)
        try:
            return cls._member_map_[name]
        except KeyError:
>           raise AttributeError(name) from None
E           AttributeError: SUBTRACT

/Users/malpern/.pyenv/versions/3.10.16/lib/python3.10/enum.py:437: AttributeError
------------------------------ Captured log call -------------------------------
ERROR    converter.parser.zmk_parser_new:zmk_parser_new.py:104 Unexpected error during parsing: AttributeError: SUBTRACT
_______________ TestZMKParserNew.test_parse_full_behaviors_block _______________

self = <converter.tests.unit.parser.test_zmk_parser_new.TestZMKParserNew object at 0x1027bfe80>

    def test_parse_full_behaviors_block(self):
        """Test parsing a full behaviors block."""
        source = """
        / {
            behaviors {
                hm: homerow_mods {
                    compatible = "zmk,behavior-hold-tap";
                    label = "HOMEROW_MODS";
                    #binding-cells = <2>;
                    tapping-term-ms = <200>;
                    quick_tap_ms = <0>;
                    flavor = "tap-preferred";
                    bindings = <&kp>, <&kp>;
                };
            };
        };
        """
        parser = ZMKParserNew()
>       document = parser.parse(source)

converter/tests/unit/parser/test_zmk_parser_new.py:75: 
_ _ _ _ _ _ _ _ _ _ _ _ _ _ _ _ _ _ _ _ _ _ _ _ _ _ _ _ _ _ _ _ _ _ _ _ _ _ _ _ 
converter/parser/zmk_parser_new.py:87: in parse
    document = self._parse_document()
converter/parser/zmk_parser_new.py:163: in _parse_document
    document.behaviors = self._parse_behaviors_block()
converter/parser/zmk_parser_new.py:279: in _parse_behaviors_block
    elif token.type == TokenType.SUBTRACT:
_ _ _ _ _ _ _ _ _ _ _ _ _ _ _ _ _ _ _ _ _ _ _ _ _ _ _ _ _ _ _ _ _ _ _ _ _ _ _ _ 

cls = <enum 'TokenType'>, name = 'SUBTRACT'

    def __getattr__(cls, name):
        """
        Return the enum member matching `name`
    
        We use __getattr__ instead of descriptors or inserting into the enum
        class' __dict__ in order to support `name` and `value` being both
        properties for enum members (which live in the class' __dict__) and
        enum members themselves.
        """
        if _is_dunder(name):
            raise AttributeError(name)
        try:
            return cls._member_map_[name]
        except KeyError:
>           raise AttributeError(name) from None
E           AttributeError: SUBTRACT

/Users/malpern/.pyenv/versions/3.10.16/lib/python3.10/enum.py:437: AttributeError
------------------------------ Captured log call -------------------------------
ERROR    converter.parser.zmk_parser_new:zmk_parser_new.py:104 Unexpected error during parsing: AttributeError: SUBTRACT
___________________ TestZMKParserNew.test_parse_macros_block ___________________

self = <converter.tests.unit.parser.test_zmk_parser_new.TestZMKParserNew object at 0x1027f4280>

    def test_parse_macros_block(self):
        """Test parsing a macros block."""
        source = """
        / {
            macros {
                zed_em_kay: macro {
                    label = "ZM_MACRO";
                    compatible = "zmk,behavior-macro";
                    #binding-cells = <0>;
                    bindings = <&kp Z &kp M &kp K>;
                };
    
                shift_macro: macro {
                    bindings = <&macro_press &kp LSHFT>, <&kp H &kp E &kp Y>, <&macro_release &kp LSHFT>;
                };
            };
        };
        """
        parser = ZMKParserNew()
        document = parser.parse(source)
    
        assert document is not None
        assert document.macros is not None
        assert len(document.macros.macros) == 2
        assert "zed_em_kay" in document.macros.macros
        assert "shift_macro" in document.macros.macros
    
        macro = document.macros.macros["zed_em_kay"]
        assert macro.name == "zed_em_kay"
        assert len(macro.steps) == 3
        assert macro.steps[0].action == "kp"
        assert macro.steps[0].param == "Z"
    
        macro = document.macros.macros["shift_macro"]
        assert macro.name == "shift_macro"
>       assert len(macro.steps) == 5  # macro_press, H, E, Y, macro_release
E       assert 2 == 5
E        +  where 2 = len([ZMKMacroStep(node_type=<NodeType.MACRO_STEP: 9>, location=None), ZMKMacroStep(node_type=<NodeType.MACRO_STEP: 9>, location=None)])
E        +    where [ZMKMacroStep(node_type=<NodeType.MACRO_STEP: 9>, location=None), ZMKMacroStep(node_type=<NodeType.MACRO_STEP: 9>, location=None)] = ZMKMacroDefinition(node_type=<NodeType.MACRO_DEF: 8>, location=None).steps

converter/tests/unit/parser/test_zmk_parser_new.py:246: AssertionError
------------------------------ Captured log call -------------------------------
WARNING  converter.parser.zmk_parser_new:zmk_parser_new.py:1370 Skipping unexpected token (UNKNOWN) in macro definition, expected IDENTIFIER, KW_BINDINGS, KW_LABEL, KW_COMPATIBLE at line 7, column 20
ERROR    converter.parser.zmk_parser_new:zmk_parser_new.py:815 Error parsing macro parameter 'bindings': Expected SEMICOLON, got COMMA at line 12, column 55
_____________________ TestZMKParserNew.test_error_recovery _____________________

self = <converter.tests.unit.parser.test_zmk_parser_new.TestZMKParserNew object at 0x1027f4580>

    def test_error_recovery(self):
        """Test parser error recovery."""
        source = """
        / {
            behaviors {
                invalid_behavior: {  // Missing behavior type
                    compatible = "zmk,behavior-hold-tap";
                };
    
                valid_behavior: hold_tap {
                    compatible = "zmk,behavior-hold-tap";
                    tapping-term-ms = <200>;
                };
            };
    
            keymap {
                compatible = "zmk,keymap";
    
                default_layer {
                    bindings = <
                        &kp A &kp B
                    >;
                };
            };
        };
        """
        parser = ZMKParserNew()
        document = parser.parse(source)
    
        # Despite errors, we should still get a parsed document
        assert document is not None
        assert document.behaviors is not None
>       assert document.keymap is not None
E       assert None is not None
E        +  where None = ZMKDocument(node_type=<NodeType.ROOT: 1>, location=None).keymap

converter/tests/unit/parser/test_zmk_parser_new.py:329: AssertionError
------------------------------ Captured log call -------------------------------
ERROR    converter.parser.zmk_parser_new:zmk_parser_new.py:353 Error parsing behavior definition: Missing behavior type before opening brace at line 4, column 34
WARNING  converter.parser.zmk_parser_new:zmk_parser_new.py:1370 Skipping unknown block: valid_behavior at line 8, column 17
WARNING  converter.parser.zmk_parser_new:zmk_parser_new.py:1370 Skipping unknown block: tapping-term-ms at line 10, column 21
_______________________ test_nested_hold_tap_with_layer ________________________

    def test_nested_hold_tap_with_layer():
        """Test hold-tap behavior with layer switching."""
        # Hold: layer switch, Tap: key press
        binding = KeyMapping(
            key="A", hold_tap=HoldTap(behavior_name="ht", hold_key="mo 1", tap_key="A")
        )
>       assert binding.to_kanata() == "@ht_mo_1_A"
E       AssertionError: assert '@ht_mo 1_A' == '@ht_mo_1_A'
E         
E         - @ht_mo_1_A
E         ?       ^
E         + @ht_mo 1_A
E         ?       ^

converter/tests/unit/test_complex_bindings.py:16: AssertionError
__________________________ test_hold_tap_with_sticky ___________________________

    def test_hold_tap_with_sticky():
        """Test hold-tap behavior with sticky keys."""
        # Hold: sticky shift, Tap: key press
        binding = KeyMapping(
            key="B",
            hold_tap=HoldTap(behavior_name="ht", hold_key="LSHIFT", tap_key="B"),
            sticky=True,
        )
>       assert binding.to_kanata() == "@ht_sticky-lsft_b"
E       AssertionError: assert '@ht_LSHIFT_B' == '@ht_sticky-lsft_b'
E         
E         - @ht_sticky-lsft_b
E         + @ht_LSHIFT_B

converter/tests/unit/test_complex_bindings.py:27: AssertionError
__________________________ test_multi_layer_sequence ___________________________

    def test_multi_layer_sequence():
        """Test sequence of layer changes."""
        layer = Layer(
            "test_layer",
            bindings=[
                KeyMapping(key="mo 1"),  # Momentary layer 1
                KeyMapping(key="to 2"),  # Switch to layer 2
                KeyMapping(key="mo 3"),  # Momentary layer 3
            ],
        )
        expected = (
            "(deflayer test_layer\n"
            "  (layer-while-held 1) (layer-switch 2) (layer-while-held 3)\n"
            ")"
        )
>       assert layer.to_kanata() == expected
E       AssertionError: assert '(deflayer te...le-held 3)\n)' == '(deflayer te...le-held 3)\n)'
E         
E         Skipping 41 identical leading characters in diff, use -v to show
E         - 1) (layer-switch 2) (layer-while-held 3)
E         ?           --- ^^
E         + 1) (layer-toggle 2) (layer-while-held 3)
E         ?            ^^^^^
E           )

converter/tests/unit/test_complex_bindings.py:45: AssertionError
_________________________ test_complex_modifier_chain __________________________

    def test_complex_modifier_chain():
        """Test chained modifier keys."""
        bindings = [
            KeyMapping(key="LSHIFT", sticky=True),  # Sticky shift
            KeyMapping(key="LCTRL"),  # Regular control
            KeyMapping(key="A"),  # Regular key
        ]
        layer = Layer("test_layer", bindings=bindings)
        expected = "(deflayer test_layer\n" "  sticky-lsft lctl a\n" ")"
>       assert layer.to_kanata() == expected
E       AssertionError: assert '(deflayer te...ft lctrl a\n)' == '(deflayer te...sft lctl a\n)'
E         
E           (deflayer test_layer
E         -   sticky-lsft lctl a
E         +   sticky-lsft lctrl a
E         ?                  +
E           )

converter/tests/unit/test_complex_bindings.py:57: AssertionError
___________________________ test_mixed_case_handling ___________________________

    def test_mixed_case_handling():
        """Test handling of mixed case keys."""
        bindings = [
            KeyMapping(key="LSHIFT"),  # All caps
            KeyMapping(key="Ctrl"),  # Mixed case
            KeyMapping(key="a"),  # Lower case
        ]
        layer = Layer("test_layer", bindings=bindings)
        expected = "(deflayer test_layer\n" "  lsft lctl a\n" ")"
>       assert layer.to_kanata() == expected
E       AssertionError: assert '(deflayer te...ift ctrl a\n)' == '(deflayer te...sft lctl a\n)'
E         
E           (deflayer test_layer
E         -   lsft lctl a
E         ?        -
E         +   lshift ctrl a
E         ?     ++     +
E           )

converter/tests/unit/test_complex_bindings.py:69: AssertionError
------------------------------ Captured log call -------------------------------
WARNING  root:keymap_model.py:77 Key validation failed for 'Ctrl': Invalid key: Ctrl
WARNING  root:keymap_model.py:77 Key validation failed for 'a': Invalid key: a
________________________ test_special_key_combinations _________________________

    def test_special_key_combinations():
        """Test combinations with special keys."""
        bindings = [
            KeyMapping(key="NONE"),  # No-op
            KeyMapping(key="TRANS"),  # Transparent
            KeyMapping(key="A"),  # Regular key
        ]
        layer = Layer("test_layer", bindings=bindings)
        expected = "(deflayer test_layer\n" "  none _ a\n" ")"
>       assert layer.to_kanata() == expected
E       AssertionError: assert '(deflayer te...ne trans a\n)' == '(deflayer te...  none _ a\n)'
E         
E           (deflayer test_layer
E         -   none _ a
E         ?        ^
E         +   none trans a
E         ?        ^^^^^
E           )

converter/tests/unit/test_complex_bindings.py:81: AssertionError
__________________________ test_complex_macro_binding __________________________

    def test_complex_macro_binding():
        """Test complex macro with timing and modifiers."""
>       macro = MacroBinding(
            name="complex_macro",
            sequence=[
                ("LSHIFT", "press"),
                ("wait", 50),
                ("A", "tap"),
                ("wait", 50),
                ("LSHIFT", "release"),
            ],
        )
E       TypeError: MacroBinding.__init__() got an unexpected keyword argument 'name'

converter/tests/unit/test_complex_bindings.py:86: TypeError
_________________________ test_layer_with_empty_slots __________________________

    def test_layer_with_empty_slots():
        """Test layer with empty slots."""
        bindings = [
            KeyMapping(key="A"),
            KeyMapping(key="NONE"),  # Empty slot
            KeyMapping(key="B"),
            KeyMapping(key="TRANS"),  # Transparent slot
            KeyMapping(key="C"),
        ]
        layer = Layer("test_layer", bindings=bindings)
        expected = "(deflayer test_layer\n" "  a none b _ c\n" ")"
>       assert layer.to_kanata() == expected
E       AssertionError: assert '(deflayer te... b trans c\n)' == '(deflayer te...none b _ c\n)'
E         
E           (deflayer test_layer
E         -   a none b _ c
E         ?            ^
E         +   a none b trans c
E         ?            ^^^^^
E           )

converter/tests/unit/test_complex_bindings.py:111: AssertionError
_________________________ test_handle_invalid_binding __________________________

    def test_handle_invalid_binding():
        """Test handling of invalid bindings."""
        manager = ErrorRecoveryManager()
        result = manager.handle_invalid_binding("invalid", 1)
    
        assert isinstance(result, KeyMapping)
        assert result.key == "unknown"
    
        errors = manager.get_error_summary()
        assert errors["total_errors"] == 1
        assert errors["error_types"] == {"invalid_binding": 1}
        assert errors["errors"][0]["type"] == "invalid_binding"
>       assert errors["errors"][0]["line"] == "invalid"
E       KeyError: 'line'

converter/tests/unit/test_error_recovery.py:19: KeyError
------------------------------ Captured log call -------------------------------
WARNING  converter.error_recovery:error_recovery.py:161 Line 1: Invalid binding 'invalid' converted to unknown
WARNING  root:keymap_model.py:77 Key validation failed for 'unknown': Invalid key: unknown
__________________________ test_handle_invalid_layer ___________________________

    def test_handle_invalid_layer():
        """Test handling of invalid layers."""
        manager = ErrorRecoveryManager()
        result = manager.handle_invalid_layer("content", "test", 1)
    
        assert isinstance(result, Layer)
        assert result.name == "test"
        assert result.bindings == []
    
        errors = manager.get_error_summary()
        assert errors["total_errors"] == 1
        assert errors["error_types"] == {"invalid_layer": 1}
        assert errors["errors"][0]["type"] == "invalid_layer"
>       assert errors["errors"][0]["content"] == "content"
E       KeyError: 'content'

converter/tests/unit/test_error_recovery.py:36: KeyError
------------------------------ Captured log call -------------------------------
ERROR    converter.error_recovery:error_recovery.py:77 Line 1: Invalid layer 'test' - created empty layer
______________________ test_basic_holdtap_transformation _______________________

    def test_basic_holdtap_transformation():
        """Test transformation of a basic hold-tap binding."""
        transformer = HoldTapTransformer()
>       binding = HoldTapBinding(
            behavior_name="lh_hm",
            hold_key="LGUI",
            tap_key="A",
            hold_trigger_key_positions=None,
            hold_trigger_on_release=False,
            retro_tap=False
        )
E       TypeError: HoldTapBinding.__init__() got an unexpected keyword argument 'hold_trigger_key_positions'

converter/tests/unit/test_holdtap_transformer.py:19: TypeError
__________________________ test_holdtap_with_release ___________________________

    def test_holdtap_with_release():
        """Test hold-tap binding with hold-trigger-on-release."""
        transformer = HoldTapTransformer()
>       binding = HoldTapBinding(
            behavior_name="rh_hm",
            hold_key="RSHIFT",
            tap_key="J",
            hold_trigger_key_positions=None,
            hold_trigger_on_release=True,
            retro_tap=False
        )
E       TypeError: HoldTapBinding.__init__() got an unexpected keyword argument 'hold_trigger_key_positions'

converter/tests/unit/test_holdtap_transformer.py:35: TypeError
_______________________ test_holdtap_with_key_positions ________________________

    def test_holdtap_with_key_positions():
        """Test hold-tap binding with hold-trigger-key-positions."""
        transformer = HoldTapTransformer()
>       binding = HoldTapBinding(
            behavior_name="lh_hm",
            hold_key="LCTRL",
            tap_key="D",
            hold_trigger_key_positions=(1, 2, 3),
            hold_trigger_on_release=False,
            retro_tap=False
        )
E       TypeError: HoldTapBinding.__init__() got an unexpected keyword argument 'hold_trigger_key_positions'

converter/tests/unit/test_holdtap_transformer.py:51: TypeError
_________________________ test_holdtap_with_retro_tap __________________________

    def test_holdtap_with_retro_tap():
        """Test transformation of a hold-tap binding with retro-tap."""
        transformer = HoldTapTransformer()
>       binding = HoldTapBinding(
            behavior_name="rh_hm",
            hold_key="RALT",
            tap_key="L",
            hold_trigger_key_positions=None,
            hold_trigger_on_release=False,
            retro_tap=True
        )
E       TypeError: HoldTapBinding.__init__() got an unexpected keyword argument 'hold_trigger_key_positions'

converter/tests/unit/test_holdtap_transformer.py:67: TypeError
_______________________ test_full_keymap_transformation ________________________

    def test_full_keymap_transformation():
        """Test transformation of a complete keymap with hold-tap bindings."""
        config = KeymapConfig(
            global_settings=GlobalSettings(tap_time=200, hold_time=250),
            layers=[
                Layer(
                    name="default",
                    keys=[
                        [
                            KeyMapping(key="Q"),
                            KeyMapping(key="W"),
                            KeyMapping(
                                key="E",
>                               hold_tap=HoldTapBinding(
                                    behavior_name="lh_hm",
                                    hold_key="LALT",
                                    tap_key="E",
                                    hold_trigger_key_positions=None,
                                    hold_trigger_on_release=False,
                                    retro_tap=False
                                )
                            )
                        ],
                        [
                            KeyMapping(
                                key="A",
                                hold_tap=HoldTapBinding(
                                    behavior_name="lh_hm",
                                    hold_key="LGUI",
                                    tap_key="A",
                                    hold_trigger_key_positions=None,
                                    hold_trigger_on_release=True,
                                    retro_tap=False
                                )
                            ),
                            KeyMapping(
                                key="S",
                                hold_tap=HoldTapBinding(
                                    behavior_name="lh_hm",
                                    hold_key="LCTRL",
                                    tap_key="S",
                                    hold_trigger_key_positions=(1, 2),
                                    hold_trigger_on_release=False,
                                    retro_tap=False
                                )
                            ),
                            KeyMapping(key="D")
                        ]
                    ]
                )
            ]
        )
E       TypeError: HoldTapBinding.__init__() got an unexpected keyword argument 'hold_trigger_key_positions'

converter/tests/unit/test_holdtap_transformer.py:93: TypeError
______________________ test_empty_holdtap_transformations ______________________

transformer = <converter.transformer.holdtap_transformer.HoldTapTransformer object at 0x1034ff490>

    def test_empty_holdtap_transformations(transformer):
        """Test hold-tap transformations with empty values."""
        # Test with empty keys - assuming default behavior name 'ht'
        # Note: KeyMapping validates non-empty keys, so this test might be invalid
        # if validation is re-enabled. Temporarily testing transformer logic.
>       with pytest.raises(ValueError): # Expecting validation to fail if re-enabled
E       Failed: DID NOT RAISE <class 'ValueError'>

converter/tests/unit/test_holdtap_transformer_edge_cases.py:22: Failed
------------------------------ Captured log call -------------------------------
WARNING  root:keymap_model.py:77 Key validation failed for '': Empty key
________________________ test_invalid_timing_parameters ________________________

transformer = <converter.transformer.holdtap_transformer.HoldTapTransformer object at 0x102d7f070>

    def test_invalid_timing_parameters(transformer):
        """Test hold-tap transformations with invalid timing parameters."""
        # Note: HoldTapBinding doesn't currently use timeout/timing in init
        # Assuming 'ht' behavior name
        behavior = HoldTapBinding(
            behavior_name="ht",
            hold_key="A", # Extracted from KeyMapping(key="A")
            tap_key="B" # Extracted from KeyMapping(key="B")
            # timeout=-100 # Invalid argument removed
        )
        result = transformer.transform_binding(behavior)
>       assert "(tap-hold 200 200 b a)" == result # Default timing
E       AssertionError: assert '(tap-hold 200 200 b a)' == '(tap-hold 200 b a)'
E         
E         - (tap-hold 200 b a)
E         + (tap-hold 200 200 b a)
E         ?               ++++

converter/tests/unit/test_holdtap_transformer_edge_cases.py:51: AssertionError
________________________ test_special_character_holdtap ________________________

transformer = <converter.transformer.holdtap_transformer.HoldTapTransformer object at 0x1034fcc70>

    def test_special_character_holdtap(transformer):
        """Test hold-tap with special characters."""
        # Note: KeyMapping validation prevents these keys if re-enabled.
        # Assuming 'ht' behavior name
        behavior = HoldTapBinding(
            behavior_name="ht",
            hold_key="é", # Extracted from KeyMapping(key="é")
            tap_key="ñ" # Extracted from KeyMapping(key="ñ")
        )
        result = transformer.transform_binding(behavior)
        # Kanata representation of unicode might vary or be unsupported
>       assert "(tap-hold 200 200 ñ é)" == result # Assuming literal use
E       AssertionError: assert '(tap-hold 200 200 ñ é)' == '(tap-hold 200 ñ é)'
E         
E         - (tap-hold 200 ñ é)
E         + (tap-hold 200 200 ñ é)
E         ?               ++++

converter/tests/unit/test_holdtap_transformer_edge_cases.py:85: AssertionError
_______________________ test_mixed_case_transformations ________________________

transformer = <converter.transformer.holdtap_transformer.HoldTapTransformer object at 0x102d3a800>

    def test_mixed_case_transformations(transformer):
        """Test hold-tap with mixed case inputs."""
        # Note: KeyMapping validation prevents 'a' if re-enabled.
        # Assuming 'ht' behavior name
        behavior = HoldTapBinding(
            behavior_name="ht",
            hold_key="a", # Extracted from KeyMapping(key="a")
            tap_key="B" # Extracted from KeyMapping(key="B")
        )
        result = transformer.transform_binding(behavior)
>       assert "(tap-hold 200 200 b a)" == result
E       AssertionError: assert '(tap-hold 200 200 b a)' == '(tap-hold 200 b a)'
E         
E         - (tap-hold 200 b a)
E         + (tap-hold 200 200 b a)
E         ?               ++++

converter/tests/unit/test_holdtap_transformer_edge_cases.py:108: AssertionError
________________________ test_nested_holdtap_behaviors _________________________

transformer = <converter.transformer.holdtap_transformer.HoldTapTransformer object at 0x103481a80>

    def test_nested_holdtap_behaviors(transformer):
        """Test nested hold-tap behaviors (should be invalid)."""
        # This tests how the transformer handles invalid nested structures.
        # HoldTapBinding expects strings, nesting behavior objects is not directly supported.
    
        # Test nested in hold position
        nested = HoldTapBinding(behavior_name="mt", hold_key="LSHIFT", tap_key="B")
        # Attempting to nest - pass the tap_key string from nested behavior
        behavior_hold_nested = HoldTapBinding(
            behavior_name="ht",
            hold_key=nested.tap_key, # Using string "B"
            tap_key="A"
        )
        result_hold = transformer.transform_binding(behavior_hold_nested)
        # Expect transformation of the strings provided
>       assert "(tap-hold 200 200 a b)" == result_hold
E       AssertionError: assert '(tap-hold 200 200 a b)' == '(tap-hold 200 a b)'
E         
E         - (tap-hold 200 a b)
E         + (tap-hold 200 200 a b)
E         ?               ++++

converter/tests/unit/test_holdtap_transformer_edge_cases.py:143: AssertionError
_________________________ test_boundary_timing_values __________________________

transformer = <converter.transformer.holdtap_transformer.HoldTapTransformer object at 0x102d0f5e0>

    def test_boundary_timing_values(transformer):
        """Test boundary values for timing parameters."""
        # Note: HoldTapBinding init doesn't take timing, it's hardcoded in to_kanata
        # Assuming 'ht' behavior name
        behavior = HoldTapBinding(
            behavior_name="ht",
            hold_key="A",
            tap_key="B"
            # timeout=1 # Invalid argument removed
        )
        result = transformer.transform_binding(behavior)
>       assert "(tap-hold 200 200 b a)" == result # Default timing
E       AssertionError: assert '(tap-hold 200 200 b a)' == '(tap-hold 200 b a)'
E         
E         - (tap-hold 200 b a)
E         + (tap-hold 200 200 b a)
E         ?               ++++

converter/tests/unit/test_holdtap_transformer_edge_cases.py:166: AssertionError
________________ TestTapHoldKeymap.test_parse_hold_tap_binding _________________

self = <converter.tests.unit.test_taphold_keymap.TestTapHoldKeymap testMethod=test_parse_hold_tap_binding>

    def test_parse_hold_tap_binding(self):
        """Test parsing a hold-tap binding."""
        zmk_content = """
        / {
            keymap {
                compatible = "zmk,keymap";
                default_layer {
                    bindings = <
                        &mt LSHIFT A &ht LCTRL B
                    >;
                };
            };
        };
        """
>       layers = self.parser.parse_zmk_file(zmk_content)

converter/tests/unit/test_taphold_keymap.py:31: 
_ _ _ _ _ _ _ _ _ _ _ _ _ _ _ _ _ _ _ _ _ _ _ _ _ _ _ _ _ _ _ _ _ _ _ _ _ _ _ _ 
converter/layer_parser.py:202: in parse_zmk_file
    binding = self.parse_binding(binding_str)
_ _ _ _ _ _ _ _ _ _ _ _ _ _ _ _ _ _ _ _ _ _ _ _ _ _ _ _ _ _ _ _ _ _ _ _ _ _ _ _ 

self = <converter.layer_parser.LayerParser object at 0x103313340>
binding_str = '&mt LSHIFT A'

    def parse_binding(self, binding_str: str) -> Binding:
        """Parse a binding string into a Binding object."""
        # Try parsing as a sticky key binding
        if is_sticky_key_binding(binding_str):
            binding = self.sticky_key_parser.parse_binding(binding_str)
            if binding:
                return binding
    
        # Try parsing as a key sequence binding
        if is_key_sequence_binding(binding_str):
            binding = self.key_sequence_parser.parse_binding(binding_str)
            if binding:
                return binding
    
        # Try parsing as a macro binding
        if is_macro_binding(binding_str):
>           binding = self.macro_parser.parse_binding(binding_str)
E           AttributeError: 'MacroParser' object has no attribute 'parse_binding'. Did you mean: 'parse_setting'?

converter/layer_parser.py:99: AttributeError
____________________ test_empty_sticky_key_transformations _____________________

transformer = <converter.transformer.sticky_key_transformer.StickyKeyTransformer object at 0x102df8a30>

    def test_empty_sticky_key_transformations(transformer):
        """Test sticky key transformations with empty values."""
        # Test with empty key
        behavior = StickyKeyBehavior(key=KeyMapping(key=""))
        # Implementation behavior for empty string is currently observed to return:
>       assert transformer.transform_binding(behavior) == "(sticky-key _)"

converter/tests/unit/transformer/test_sticky_key_transformer_edge_cases.py:20: 
_ _ _ _ _ _ _ _ _ _ _ _ _ _ _ _ _ _ _ _ _ _ _ _ _ _ _ _ _ _ _ _ _ _ _ _ _ _ _ _ 

self = <converter.transformer.sticky_key_transformer.StickyKeyTransformer object at 0x102df8a30>
binding = StickyKeyBehavior(key=KeyMapping(key='', sticky=False, hold_tap=None, layer=None, macro=None, sticky_key=None, key_sequence=None, homerow_mod=None), release_after_ms=1000)

    def transform_binding(self, binding) -> str:
        """
        Transform a sticky-key binding to Kanata format.
    
        Args:
            binding: The sticky-key binding to transform.
    
        Returns:
            The Kanata sticky-key expression.
        """
        # Validate binding
        if not hasattr(binding, "key") or not binding.key:
            msg = "Invalid sticky-key binding: missing key"
            self.logger.error(msg)
            get_error_manager().add_error(
                message=msg,
                source="sticky_key_transformer",
                severity=ErrorSeverity.ERROR,
            )
            return "(sticky-key <invalid>)"
    
        # Transform key to lowercase
>       key = binding.key.lower()
E       AttributeError: 'KeyMapping' object has no attribute 'lower'. Did you mean: 'layer'?

converter/transformer/sticky_key_transformer.py:46: AttributeError
------------------------------ Captured log call -------------------------------
WARNING  root:keymap_model.py:77 Key validation failed for '': Empty key
________________________ test_invalid_timing_parameters ________________________

transformer = <converter.transformer.sticky_key_transformer.StickyKeyTransformer object at 0x102f72710>

    def test_invalid_timing_parameters(transformer):
        """Test sticky key transformations with invalid timing parameters."""
        # Current implementation does not validate timing parameters with exceptions
        # Test negative release_after_ms (should use default)
        behavior = StickyKeyBehavior(key="LSHIFT", release_after_ms=-100)
        result = transformer.transform_binding(behavior)
>       assert "(sticky-key lsft)" == result
E       AssertionError: assert '(sticky-key lsft)' == '(sticky-key lshift)'
E         
E         - (sticky-key lshift)
E         ?               --
E         + (sticky-key lsft)

converter/tests/unit/transformer/test_sticky_key_transformer_edge_cases.py:39: AssertionError
______________________ test_special_character_sticky_keys ______________________

transformer = <converter.transformer.sticky_key_transformer.StickyKeyTransformer object at 0x102d05000>

    def test_special_character_sticky_keys(transformer):
        """Test sticky key transformations with special characters."""
        # Test Unicode characters
        behavior = StickyKeyBehavior(key=KeyMapping(key="é"))
>       result = transformer.transform_binding(behavior)

converter/tests/unit/transformer/test_sticky_key_transformer_edge_cases.py:57: 
_ _ _ _ _ _ _ _ _ _ _ _ _ _ _ _ _ _ _ _ _ _ _ _ _ _ _ _ _ _ _ _ _ _ _ _ _ _ _ _ 

self = <converter.transformer.sticky_key_transformer.StickyKeyTransformer object at 0x102d05000>
binding = StickyKeyBehavior(key=KeyMapping(key='é', sticky=False, hold_tap=None, layer=None, macro=None, sticky_key=None, key_sequence=None, homerow_mod=None), release_after_ms=1000)

    def transform_binding(self, binding) -> str:
        """
        Transform a sticky-key binding to Kanata format.
    
        Args:
            binding: The sticky-key binding to transform.
    
        Returns:
            The Kanata sticky-key expression.
        """
        # Validate binding
        if not hasattr(binding, "key") or not binding.key:
            msg = "Invalid sticky-key binding: missing key"
            self.logger.error(msg)
            get_error_manager().add_error(
                message=msg,
                source="sticky_key_transformer",
                severity=ErrorSeverity.ERROR,
            )
            return "(sticky-key <invalid>)"
    
        # Transform key to lowercase
>       key = binding.key.lower()
E       AttributeError: 'KeyMapping' object has no attribute 'lower'. Did you mean: 'layer'?

converter/transformer/sticky_key_transformer.py:46: AttributeError
------------------------------ Captured log call -------------------------------
WARNING  root:keymap_model.py:77 Key validation failed for 'é': Invalid key: é
_______________________ test_mixed_case_transformations ________________________

transformer = <converter.transformer.sticky_key_transformer.StickyKeyTransformer object at 0x102f73580>

    def test_mixed_case_transformations(transformer):
        """Test sticky key transformations with mixed case inputs."""
        # Test mixed case letters
        behavior = StickyKeyBehavior(key=KeyMapping(key="a"))
>       assert transformer.transform_binding(behavior) == "(sticky-key a)"

converter/tests/unit/transformer/test_sticky_key_transformer_edge_cases.py:78: 
_ _ _ _ _ _ _ _ _ _ _ _ _ _ _ _ _ _ _ _ _ _ _ _ _ _ _ _ _ _ _ _ _ _ _ _ _ _ _ _ 

self = <converter.transformer.sticky_key_transformer.StickyKeyTransformer object at 0x102f73580>
binding = StickyKeyBehavior(key=KeyMapping(key='a', sticky=False, hold_tap=None, layer=None, macro=None, sticky_key=None, key_sequence=None, homerow_mod=None), release_after_ms=1000)

    def transform_binding(self, binding) -> str:
        """
        Transform a sticky-key binding to Kanata format.
    
        Args:
            binding: The sticky-key binding to transform.
    
        Returns:
            The Kanata sticky-key expression.
        """
        # Validate binding
        if not hasattr(binding, "key") or not binding.key:
            msg = "Invalid sticky-key binding: missing key"
            self.logger.error(msg)
            get_error_manager().add_error(
                message=msg,
                source="sticky_key_transformer",
                severity=ErrorSeverity.ERROR,
            )
            return "(sticky-key <invalid>)"
    
        # Transform key to lowercase
>       key = binding.key.lower()
E       AttributeError: 'KeyMapping' object has no attribute 'lower'. Did you mean: 'layer'?

converter/transformer/sticky_key_transformer.py:46: AttributeError
------------------------------ Captured log call -------------------------------
WARNING  root:keymap_model.py:77 Key validation failed for 'a': Invalid key: a
_________________________ test_boundary_timing_values __________________________

transformer = <converter.transformer.sticky_key_transformer.StickyKeyTransformer object at 0x102dc4700>

    def test_boundary_timing_values(transformer):
        """Test boundary values for timing parameters."""
        # Test minimum reasonable release_after_ms (e.g., 1)
        behavior = StickyKeyBehavior(key="LSHIFT", release_after_ms=1)
        result = transformer.transform_binding(behavior)
        # Assuming 1ms is valid but doesn't change Kanata output
>       assert "(sticky-key lsft)" == result
E       AssertionError: assert '(sticky-key lsft)' == '(sticky-key lshift)'
E         
E         - (sticky-key lshift)
E         ?               --
E         + (sticky-key lsft)

converter/tests/unit/transformer/test_sticky_key_transformer_edge_cases.py:104: AssertionError
_________________________ test_nested_sticky_behaviors _________________________

transformer = <converter.transformer.sticky_key_transformer.StickyKeyTransformer object at 0x102f73730>

    def test_nested_sticky_behaviors(transformer):
        """Test nested sticky key behaviors (should be invalid)."""
        # Test nested sticky key
        nested = StickyKeyBehavior(key=KeyMapping(key="A"))
        behavior = StickyKeyBehavior(key=nested)
>       result = transformer.transform_binding(behavior)

converter/tests/unit/transformer/test_sticky_key_transformer_edge_cases.py:118: 
_ _ _ _ _ _ _ _ _ _ _ _ _ _ _ _ _ _ _ _ _ _ _ _ _ _ _ _ _ _ _ _ _ _ _ _ _ _ _ _ 

self = <converter.transformer.sticky_key_transformer.StickyKeyTransformer object at 0x102f73730>
binding = StickyKeyBehavior(key=StickyKeyBehavior(key=KeyMapping(key='A', sticky=False, hold_tap=None, layer=None, macro=None, sticky_key=None, key_sequence=None, homerow_mod=None), release_after_ms=1000), release_after_ms=1000)

    def transform_binding(self, binding) -> str:
        """
        Transform a sticky-key binding to Kanata format.
    
        Args:
            binding: The sticky-key binding to transform.
    
        Returns:
            The Kanata sticky-key expression.
        """
        # Validate binding
        if not hasattr(binding, "key") or not binding.key:
            msg = "Invalid sticky-key binding: missing key"
            self.logger.error(msg)
            get_error_manager().add_error(
                message=msg,
                source="sticky_key_transformer",
                severity=ErrorSeverity.ERROR,
            )
            return "(sticky-key <invalid>)"
    
        # Transform key to lowercase
>       key = binding.key.lower()
E       AttributeError: 'StickyKeyBehavior' object has no attribute 'lower'

converter/transformer/sticky_key_transformer.py:46: AttributeError
________________________ test_invalid_key_combinations _________________________

transformer = <converter.transformer.sticky_key_transformer.StickyKeyTransformer object at 0x102d80640>

    def test_invalid_key_combinations(transformer):
        """Test invalid key combinations for sticky keys."""
        # Test with invalid modifier names
        behavior = StickyKeyBehavior(key=KeyMapping(key="INVALID_MOD"))
>       result = transformer.transform_binding(behavior)

converter/tests/unit/transformer/test_sticky_key_transformer_edge_cases.py:131: 
_ _ _ _ _ _ _ _ _ _ _ _ _ _ _ _ _ _ _ _ _ _ _ _ _ _ _ _ _ _ _ _ _ _ _ _ _ _ _ _ 

self = <converter.transformer.sticky_key_transformer.StickyKeyTransformer object at 0x102d80640>
binding = StickyKeyBehavior(key=KeyMapping(key='INVALID_MOD', sticky=False, hold_tap=None, layer=None, macro=None, sticky_key=None, key_sequence=None, homerow_mod=None), release_after_ms=1000)

    def transform_binding(self, binding) -> str:
        """
        Transform a sticky-key binding to Kanata format.
    
        Args:
            binding: The sticky-key binding to transform.
    
        Returns:
            The Kanata sticky-key expression.
        """
        # Validate binding
        if not hasattr(binding, "key") or not binding.key:
            msg = "Invalid sticky-key binding: missing key"
            self.logger.error(msg)
            get_error_manager().add_error(
                message=msg,
                source="sticky_key_transformer",
                severity=ErrorSeverity.ERROR,
            )
            return "(sticky-key <invalid>)"
    
        # Transform key to lowercase
>       key = binding.key.lower()
E       AttributeError: 'KeyMapping' object has no attribute 'lower'. Did you mean: 'layer'?

converter/transformer/sticky_key_transformer.py:46: AttributeError
------------------------------ Captured log call -------------------------------
WARNING  root:keymap_model.py:77 Key validation failed for 'INVALID_MOD': Invalid key: INVALID_MOD
=========================== short test summary info ============================
FAILED converter/tests/e2e_tests/test_advanced_features.py::test_multi_layer_with_hold_tap
FAILED converter/tests/e2e_tests/test_advanced_features.py::test_multi_layer_with_custom_behaviors
FAILED converter/tests/e2e_tests/test_ben_vallack_config.py::test_ben_vallack_config_conversion
FAILED converter/tests/e2e_tests/test_cli.py::test_basic_file_conversion - Sy...
FAILED converter/tests/e2e_tests/test_cli.py::test_missing_input_file - Syste...
FAILED converter/tests/e2e_tests/test_cli.py::test_invalid_input_format - Sys...
FAILED converter/tests/e2e_tests/test_cli.py::test_invalid_output_path - Syst...
FAILED converter/tests/e2e_tests/test_file_operations.py::test_basic_file_conversion
FAILED converter/tests/e2e_tests/test_file_operations.py::test_output_file_format
FAILED converter/tests/e2e_tests/test_homerow_mods.py::test_homerow_mods_conversion
FAILED converter/tests/e2e_tests/test_homerow_mods.py::test_homerow_mods_mac_conversion
FAILED converter/tests/e2e_tests/test_input_formats.py::test_single_layer_keymap
FAILED converter/tests/e2e_tests/test_input_formats.py::test_multiple_layer_keymap
FAILED converter/tests/e2e_tests/test_input_formats.py::test_empty_layer_keymap
FAILED converter/tests/e2e_tests/test_input_formats.py::test_comments_and_whitespace
FAILED converter/tests/e2e_tests/test_macro.py::test_basic_macro_conversion
FAILED converter/tests/e2e_tests/test_macro.py::test_complex_macro_conversion
FAILED converter/tests/e2e_tests/test_macro.py::test_parameterized_macro_conversion
FAILED converter/tests/e2e_tests/test_output_validation.py::test_output_file_permissions
FAILED converter/tests/e2e_tests/test_output_validation.py::test_output_file_encoding
FAILED converter/tests/e2e_tests/test_output_validation.py::test_output_file_format
FAILED converter/tests/e2e_tests/test_output_validation.py::test_kanata_s_expression_conformity
FAILED converter/tests/e2e_tests/test_real_world_configs.py::test_qwerty_standard_layout
FAILED converter/tests/e2e_tests/test_real_world_configs.py::test_colemak_layout
FAILED converter/tests/e2e_tests/test_real_world_configs.py::test_split_keyboard_layout
FAILED converter/tests/e2e_tests/test_real_world_configs.py::test_ergonomic_layout_with_homerow_mods
FAILED converter/tests/e2e_tests/test_real_world_configs.py::test_ben_vallack_cradio_layout
FAILED converter/tests/e2e_tests/test_real_world_configs.py::test_dvorak_layout
FAILED converter/tests/e2e_tests/test_real_world_configs.py::test_ergonomic_kyria_layout
FAILED converter/tests/e2e_tests/test_sticky_keys.py::test_sticky_key_basic
FAILED converter/tests/e2e_tests/test_sticky_keys.py::test_sticky_key_advanced
FAILED converter/tests/e2e_tests/test_sticky_keys.py::test_sticky_key_errors
FAILED converter/tests/integration/end_to_end/test_end_to_end.py::test_basic_conversion_pipeline
FAILED converter/tests/integration/end_to_end/test_end_to_end.py::test_complex_binding_conversion
FAILED converter/tests/integration/end_to_end/test_end_to_end.py::test_macro_conversion
FAILED converter/tests/integration/end_to_end/test_end_to_end.py::test_error_recovery
FAILED converter/tests/integration/end_to_end/test_end_to_end.py::test_multiple_layer_conversion
FAILED converter/tests/integration/end_to_end/test_end_to_end.py::test_global_settings
FAILED converter/tests/integration/end_to_end/test_real_world_examples.py::test_corne_keymap_conversion
FAILED converter/tests/integration/end_to_end/test_real_world_examples.py::test_ferris_sweep_keymap
FAILED converter/tests/integration/test_binding_parser_integration.py::test_basic_binding_integration
FAILED converter/tests/integration/test_binding_parser_integration.py::test_complex_binding_integration
FAILED converter/tests/integration/test_binding_parser_integration.py::test_nested_binding_integration
FAILED converter/tests/integration/test_binding_parser_integration.py::test_error_recovery_integration
FAILED converter/tests/integration/test_binding_parser_integration.py::test_multiline_binding_integration
FAILED converter/tests/integration/test_binding_parser_integration.py::test_inline_binding_integration
FAILED converter/tests/integration/test_binding_parser_integration.py::test_multiple_layers_integration
FAILED converter/tests/integration/test_error_recovery_integration.py::test_invalid_binding_recovery
FAILED converter/tests/integration/test_error_recovery_integration.py::test_invalid_layer_recovery
FAILED converter/tests/integration/test_error_recovery_integration.py::test_multiple_error_recovery
FAILED converter/tests/integration/test_error_recovery_integration.py::test_nested_behavior_recovery
FAILED converter/tests/integration/test_error_recovery_integration.py::test_error_recovery_with_comments
FAILED converter/tests/integration/test_error_recovery_integration.py::test_error_recovery_preserves_valid_content
FAILED converter/tests/integration/test_key_validation.py::test_key_validation_invalid
FAILED converter/tests/integration/test_key_validation.py::test_key_validation_with_hold_tap
FAILED converter/tests/integration/test_key_validation.py::test_key_validation_with_sticky
FAILED converter/tests/integration/test_zmk_to_kanata_conversion.py::test_holdtap_conversion
FAILED converter/tests/integration/test_zmk_to_kanata_conversion.py::test_macro_conversion
FAILED converter/tests/integration/test_zmk_to_kanata_conversion.py::test_sticky_key_conversion
FAILED converter/tests/integration/test_zmk_to_kanata_conversion_edge_cases.py::test_invalid_macro_conversion
FAILED converter/tests/integration/test_zmk_to_kanata_conversion_edge_cases.py::test_mixed_timing_parameters
FAILED converter/tests/integration/test_zmk_to_kanata_error_handling.py::test_missing_required_fields
FAILED converter/tests/integration/test_zmk_to_kanata_error_handling.py::test_invalid_macro_definition_recovery
FAILED converter/tests/integration/test_zmk_to_kanata_error_handling.py::test_binding_validation_errors
FAILED converter/tests/integration/test_zmk_to_kanata_error_handling.py::test_error_context_information
FAILED converter/tests/performance/test_performance.py::test_parser_performance_small
FAILED converter/tests/performance/test_performance.py::test_parser_performance_large
FAILED converter/tests/performance/test_performance.py::test_transformer_performance
FAILED converter/tests/performance/test_performance.py::test_end_to_end_performance
FAILED converter/tests/test_basic_remap.py::test_parse_default_layer - Assert...
FAILED converter/tests/test_basic_remap.py::test_transform_default_layer - As...
FAILED converter/tests/test_basic_remap.py::test_parse_malformed_file - conve...
FAILED converter/tests/test_global_settings.py::test_default_global_settings
FAILED converter/tests/test_global_settings.py::test_custom_global_settings
FAILED converter/tests/test_global_settings.py::test_partial_global_settings
FAILED converter/tests/test_global_settings.py::test_invalid_global_settings
FAILED converter/tests/test_global_settings.py::test_malformed_global_settings
FAILED converter/tests/test_integration.py::test_basic_conversion - converter...
FAILED converter/tests/test_key_sequence.py::test_key_sequence_creation - Typ...
FAILED converter/tests/test_key_sequence.py::test_key_sequence_validation - T...
FAILED converter/tests/test_key_sequence.py::test_key_sequence_binding_creation
FAILED converter/tests/test_key_sequence.py::test_key_sequence_binding_to_kanata
FAILED converter/tests/test_key_sequence.py::test_key_sequence_binding_from_zmk
FAILED converter/tests/test_key_sequence.py::test_parse_key_sequence_behavior
FAILED converter/tests/test_key_sequence.py::test_parse_key_sequence_behavior_defaults
FAILED converter/tests/test_layer_integration.py::TestLayerIntegration::test_parse_and_transform
FAILED converter/tests/test_layer_parsing.py::test_empty_layer - converter.pa...
FAILED converter/tests/test_layer_parsing.py::test_multiple_layers - Assertio...
FAILED converter/tests/test_layer_parsing.py::test_multiline_bindings - conve...
FAILED converter/tests/test_layer_parsing.py::test_nested_layers - Failed: DI...
FAILED converter/tests/test_layer_transformer.py::test_transform_binding - Ty...
FAILED converter/tests/test_layer_transformer.py::test_parse_binding_matrix
FAILED converter/tests/test_layer_transformer.py::test_transform_layer - Type...
FAILED converter/tests/test_layer_transformer.py::test_transform_layers - Typ...
FAILED converter/tests/test_layer_transformer.py::test_transform_key_sequence
FAILED converter/tests/test_macro.py::TestMacroBehavior::test_macro_behavior_custom_values
FAILED converter/tests/test_macro.py::TestMacroBehavior::test_macro_behavior_defaults
FAILED converter/tests/test_macro.py::TestMacroBinding::test_macro_binding_creation
FAILED converter/tests/test_macro.py::TestMacroBinding::test_macro_binding_from_zmk
FAILED converter/tests/test_macro.py::TestMacroBinding::test_macro_binding_from_zmk_unknown_behavior
FAILED converter/tests/test_macro.py::TestMacroBinding::test_macro_binding_from_zmk_with_param
FAILED converter/tests/test_macro.py::TestMacroBinding::test_macro_binding_to_kanata
FAILED converter/tests/test_macro.py::TestMacroParser::test_extract_behaviors_after_control
FAILED converter/tests/test_macro.py::TestMacroParser::test_parse_behavior - ...
FAILED converter/tests/test_macro.py::TestMacroParser::test_parse_behavior_not_macro
FAILED converter/tests/test_macro.py::TestMacroParser::test_parse_behavior_one_param
FAILED converter/tests/test_macro.py::TestMacroParser::test_parse_behavior_two_param
FAILED converter/tests/test_macro.py::TestMacroParser::test_parse_binding - T...
FAILED converter/tests/test_macro.py::TestMacroParser::test_parse_binding_not_macro
FAILED converter/tests/test_macro.py::TestMacroParser::test_parse_bindings - ...
FAILED converter/tests/test_macro_integration.py::TestMacroIntegration::test_macro_conversion
FAILED converter/tests/test_macro_parser.py::test_complex_macro - converter.p...
FAILED converter/tests/test_macro_parser.py::test_invalid_macro_settings - As...
FAILED converter/tests/test_macro_parser.py::test_nested_macros - Failed: DID...
FAILED converter/tests/test_macro_parser.py::test_parameterized_macro - conve...
FAILED converter/tests/test_parser_debug.py::test_layer_pattern_matching - At...
FAILED converter/tests/test_parser_debug.py::test_row_splitting - AttributeEr...
FAILED converter/tests/test_parser_debug.py::test_global_pattern_matching - A...
FAILED converter/tests/test_unicode_integration.py::TestUnicodeIntegration::test_unicode_conversion
FAILED converter/tests/unit/parser/test_ben_vallack_config.py::TestBenVallackConfig::test_parse_custom_behaviors
FAILED converter/tests/unit/parser/test_ben_vallack_config.py::TestBenVallackConfig::test_parse_full_config
FAILED converter/tests/unit/parser/test_binding_parser.py::test_simple_key_press
FAILED converter/tests/unit/parser/test_binding_parser.py::test_layer_tap - E...
FAILED converter/tests/unit/parser/test_binding_parser.py::test_mod_tap - Exc...
FAILED converter/tests/unit/parser/test_binding_parser.py::test_layer_behaviors
FAILED converter/tests/unit/parser/test_binding_parser.py::test_transparent
FAILED converter/tests/unit/parser/test_binding_parser.py::test_nested_bindings
FAILED converter/tests/unit/parser/test_binding_parser.py::test_invalid_bindings
FAILED converter/tests/unit/parser/test_binding_parser.py::test_invalid_nested_bindings
FAILED converter/tests/unit/parser/test_binding_parser.py::test_invalid_parameters
FAILED converter/tests/unit/parser/test_binding_parser.py::test_whitespace_handling
FAILED converter/tests/unit/parser/test_error_recovery_wrapper.py::test_parse_binding_value_error
FAILED converter/tests/unit/parser/test_error_recovery_wrapper.py::test_parse_layer_value_error
FAILED converter/tests/unit/parser/test_error_recovery_wrapper.py::test_error_summary
FAILED converter/tests/unit/parser/test_error_recovery_wrapper.py::test_has_errors
FAILED converter/tests/unit/parser/test_layer_parser.py::test_parse_single_layer
FAILED converter/tests/unit/parser/test_layer_parser.py::test_invalid_binding_syntax
FAILED converter/tests/unit/parser/test_zmk_parser_new.py::TestZMKParserNew::test_parse_minimal_behaviors_block
FAILED converter/tests/unit/parser/test_zmk_parser_new.py::TestZMKParserNew::test_parse_full_behaviors_block
FAILED converter/tests/unit/parser/test_zmk_parser_new.py::TestZMKParserNew::test_parse_macros_block
FAILED converter/tests/unit/parser/test_zmk_parser_new.py::TestZMKParserNew::test_error_recovery
FAILED converter/tests/unit/test_complex_bindings.py::test_nested_hold_tap_with_layer
FAILED converter/tests/unit/test_complex_bindings.py::test_hold_tap_with_sticky
FAILED converter/tests/unit/test_complex_bindings.py::test_multi_layer_sequence
FAILED converter/tests/unit/test_complex_bindings.py::test_complex_modifier_chain
FAILED converter/tests/unit/test_complex_bindings.py::test_mixed_case_handling
FAILED converter/tests/unit/test_complex_bindings.py::test_special_key_combinations
FAILED converter/tests/unit/test_complex_bindings.py::test_complex_macro_binding
FAILED converter/tests/unit/test_complex_bindings.py::test_layer_with_empty_slots
FAILED converter/tests/unit/test_error_recovery.py::test_handle_invalid_binding
FAILED converter/tests/unit/test_error_recovery.py::test_handle_invalid_layer
FAILED converter/tests/unit/test_holdtap_transformer.py::test_basic_holdtap_transformation
FAILED converter/tests/unit/test_holdtap_transformer.py::test_holdtap_with_release
FAILED converter/tests/unit/test_holdtap_transformer.py::test_holdtap_with_key_positions
FAILED converter/tests/unit/test_holdtap_transformer.py::test_holdtap_with_retro_tap
FAILED converter/tests/unit/test_holdtap_transformer.py::test_full_keymap_transformation
FAILED converter/tests/unit/test_holdtap_transformer_edge_cases.py::test_empty_holdtap_transformations
FAILED converter/tests/unit/test_holdtap_transformer_edge_cases.py::test_invalid_timing_parameters
FAILED converter/tests/unit/test_holdtap_transformer_edge_cases.py::test_special_character_holdtap
FAILED converter/tests/unit/test_holdtap_transformer_edge_cases.py::test_mixed_case_transformations
FAILED converter/tests/unit/test_holdtap_transformer_edge_cases.py::test_nested_holdtap_behaviors
FAILED converter/tests/unit/test_holdtap_transformer_edge_cases.py::test_boundary_timing_values
FAILED converter/tests/unit/test_taphold_keymap.py::TestTapHoldKeymap::test_parse_hold_tap_binding
FAILED converter/tests/unit/transformer/test_sticky_key_transformer_edge_cases.py::test_empty_sticky_key_transformations
FAILED converter/tests/unit/transformer/test_sticky_key_transformer_edge_cases.py::test_invalid_timing_parameters
FAILED converter/tests/unit/transformer/test_sticky_key_transformer_edge_cases.py::test_special_character_sticky_keys
FAILED converter/tests/unit/transformer/test_sticky_key_transformer_edge_cases.py::test_mixed_case_transformations
FAILED converter/tests/unit/transformer/test_sticky_key_transformer_edge_cases.py::test_boundary_timing_values
FAILED converter/tests/unit/transformer/test_sticky_key_transformer_edge_cases.py::test_nested_sticky_behaviors
FAILED converter/tests/unit/transformer/test_sticky_key_transformer_edge_cases.py::test_invalid_key_combinations
ERROR converter/tests/integration/test_zmk_to_kanata_conversion.py::test_basic_layer_conversion
ERROR converter/tests/integration/test_zmk_to_kanata_conversion.py::test_complex_layer_conversion
ERROR converter/tests/integration/test_zmk_to_kanata_conversion.py::test_mixed_behavior_conversion
ERROR converter/tests/integration/test_zmk_to_kanata_conversion_edge_cases.py::test_empty_layer_conversion
ERROR converter/tests/integration/test_zmk_to_kanata_conversion_edge_cases.py::test_nested_behavior_conversion
ERROR converter/tests/integration/test_zmk_to_kanata_conversion_edge_cases.py::test_invalid_layer_references
ERROR converter/tests/integration/test_zmk_to_kanata_conversion_edge_cases.py::test_special_character_conversion
ERROR converter/tests/integration/test_zmk_to_kanata_conversion_edge_cases.py::test_malformed_input_recovery
ERROR converter/tests/integration/test_zmk_to_kanata_error_handling.py::test_syntax_error_recovery
ERROR converter/tests/integration/test_zmk_to_kanata_error_handling.py::test_layer_validation_errors
ERROR converter/tests/integration/test_zmk_to_kanata_error_handling.py::test_partial_recovery
ERROR converter/tests/integration/test_zmk_to_kanata_error_handling.py::test_error_recovery_strategies
ERROR converter/tests/unit/transformer/test_layer_transformer.py::test_basic_key_transformations
ERROR converter/tests/unit/transformer/test_layer_transformer.py::test_special_key_transformations
ERROR converter/tests/unit/transformer/test_layer_transformer.py::test_layer_control_transformations
ERROR converter/tests/unit/transformer/test_layer_transformer.py::test_key_sequence_transformations
ERROR converter/tests/unit/transformer/test_layer_transformer.py::test_layer_transformations
ERROR converter/tests/unit/transformer/test_layer_transformer.py::test_binding_matrix_transformations
ERROR converter/tests/unit/transformer/test_layer_transformer_edge_cases.py::test_empty_layer_transformation
ERROR converter/tests/unit/transformer/test_layer_transformer_edge_cases.py::test_layer_with_empty_bindings
ERROR converter/tests/unit/transformer/test_layer_transformer_edge_cases.py::test_complex_key_sequences
ERROR converter/tests/unit/transformer/test_layer_transformer_edge_cases.py::test_invalid_key_mappings
ERROR converter/tests/unit/transformer/test_layer_transformer_edge_cases.py::test_layer_name_edge_cases
ERROR converter/tests/unit/transformer/test_layer_transformer_edge_cases.py::test_nested_matrix_transformations
ERROR converter/tests/unit/transformer/test_layer_transformer_edge_cases.py::test_special_character_transformations
170 failed, 135 passed, 16 skipped, 2 xfailed, 25 errors in 1.51s
